02-23 02:12:09.809  3048  5263 I CDM_DevicePresenceProcessor: Enable hint mode for device device profile: android.app.role.SYSTEM_AUTOMOTIVE_PROJECTION
02-23 02:12:09.809 19618 19618 I GH.CmpnDvcCtrlImpl: onDeviceDisappeared: AA-Wireless (3)
02-23 02:12:09.809 19618 19618 I CAR.TOKEN: Successfully connected pyj@b490304 using class pye@166943171/class pyh@80417138 (cx attempt 1)
02-23 02:12:09.810 19618 19618 I CAR.TOKEN: Token caller not specified, so skipping telemetry logging. Process: com.google.android.projection.gearhead:car
02-23 02:12:09.810 19618 19618 I GH.WIRELESS.CDM: CDM confirmed device disappeared
02-23 02:12:09.810 19618 19618 I GH.BtConnectionTracker: profile service disconnected. profile = 1
02-23 02:12:09.810 19618 19618 I GH.BtConnectionTracker: profile service disconnected. profile = 2
02-23 02:12:09.811 21855 21896 I GH.ConnLoggerV2: Session 7bdbf25b-9c23-458c-9bb7-27434b9831e6, event 1764, detail OptionalInt.empty, WIRELESS_CDM_DISAPPEARED, at 384618874 
02-23 02:12:11.073 21855 21896 I GH.ConnLoggerV2: Session 7bdbf25b-9c23-458c-9bb7-27434b9831e6, event 1765, detail OptionalInt.empty, WIRELESS_WIFI_STATE_DISABLED, at 384620136 
02-23 02:12:12.103 12010 12010 D GH.MdPlayerCardStateLD: timedOutAfterPlaybackStateChange: true
02-23 02:12:12.105 12010 12010 D GH.MdPlayerCardStateLD: timedOutAfterPlaybackStateChange: true
02-23 02:12:12.106 12010 12010 D GH.MdPlayerCardStateLD: timedOutAfterPlaybackStateChange: true
02-23 02:12:12.106 12010 12010 D GH.MdPlayerCardStateLD: timedOutAfterPlaybackStateChange: true
02-23 02:12:12.108 12010 12010 D GH.MdPlayerCardStateLD: timedOutAfterPlaybackStateChange: true
02-23 02:12:12.110 12010 12010 D GH.MdPlayerCardStateLD: timedOutAfterPlaybackStateChange: true
02-23 02:12:12.111 12010 12010 D GH.MdPlayerCardStateLD: timedOutAfterPlaybackStateChange: true
02-23 02:12:12.119 12010 12010 D GH.MdPlayerCardStateLD: timedOutAfterPlaybackStateChange: true
02-23 02:12:12.121 12010 12010 D GH.MdPlayerCardStateLD: timedOutAfterPlaybackStateChange: true
02-23 02:12:12.123 12010 12010 D GH.MdPlayerCardStateLD: timedOutAfterPlaybackStateChange: true
02-23 02:12:12.125 12010 12010 D GH.MdPlayerCardStateLD: timedOutAfterPlaybackStateChange: true
02-23 02:12:12.126 12010 12010 D GH.MdPlayerCardStateLD: timedOutAfterPlaybackStateChange: true
02-23 02:12:12.127 12010 12010 D GH.MdPlayerCardStateLD: timedOutAfterPlaybackStateChange: true
02-23 02:12:12.129 12010 12010 D GH.MdPlayerCardStateLD: timedOutAfterPlaybackStateChange: true
02-23 02:12:12.135 12010 12010 D GH.MdPlayerCardStateLD: timedOutAfterPlaybackStateChange: true
02-23 02:12:12.147 12010 12010 D GH.MdPlayerCardStateLD: timedOutAfterPlaybackStateChange: true
02-23 02:12:12.149 12010 12010 D GH.MdPlayerCardStateLD: timedOutAfterPlaybackStateChange: true
02-23 02:12:12.149 12010 12010 D GH.MdPlayerCardStateLD: timedOutAfterPlaybackStateChange: true
02-23 02:12:12.150 12010 12010 D GH.MdPlayerCardStateLD: timedOutAfterPlaybackStateChange: true
02-23 02:12:12.344 21855 21896 I GH.ConnLoggerV2: connectivity state updated: false
02-23 02:12:14.790 19618 19618 I CAR.SERVICE.LITE: Detected charge only
02-23 02:12:14.795 21855 21896 I GH.ConnLoggerV2: Session 7bdbf25b-9c23-458c-9bb7-27434b9831e6, event 1766, detail OptionalInt.empty, USB_ISSUE_CHARGE_ONLY_DETECTED, at 384623854 
02-23 02:12:14.799 19618 19618 I CAR.TOKEN: Disconnecting pof@fb2e7d (cx attempt: 1).
02-23 02:12:14.800 19618 19618 I GH.GhCarClientCtor: Disconnecting GearheadCarClientConnector.
02-23 02:12:14.800 19618 19618 I GH.GhCarClientCtor: Unbinding service connection.
02-23 02:12:14.801 19618 19618 I CAR.TOKEN: Disconnected pyk@ee8be0f using class pye@166943171/class pyh@80417138 (cx attempt 1)
02-23 02:12:14.802 19618 19618 I CAR.SERVICE.USBMON.LITE: Stopped USB monitor
02-23 02:12:14.803 21855 21896 I GH.ConnLoggerV2: Session 7bdbf25b-9c23-458c-9bb7-27434b9831e6, event 1767, detail OptionalInt.empty, USB_MONITOR_STOPPED, at 384623866 
02-23 02:12:14.813 19618 19618 I GH.CarCmpDvcSvc: onUnbind()
02-23 02:12:14.814 19618 19618 I GH.CarCmpDvcSvc: onDestroy()
02-23 02:12:17.258 21855 21896 I GH.ConnLoggerV2: Stopped session 7bdbf25b-9c23-458c-9bb7-27434b9831e6
02-23 02:12:17.258 21855 21896 I GH.ConnLoggerV2: Session 7bdbf25b-9c23-458c-9bb7-27434b9831e6, event 1768, detail OptionalInt.empty, SESSION_STOPPED, at 384626322 
02-23 02:12:28.596 21855 21855 I GH.WifiBluetoothRcvr: Connection action: android.bluetooth.device.action.ACL_CONNECTED, device XX:XX:XX:XX:5A:FF
02-23 02:12:28.596 21855 21855 I GH.WifiBluetoothRcvr: Wireless projection is available on this phone.
02-23 02:12:28.598 21855 31363 I CAR.BTCapsStore: Checking device with address DC:A6:32:E7:5A:FF
02-23 02:12:28.598 21855 31363 I CAR.BTCapsStore: This device previously has known UUID.
02-23 02:12:28.598 21855 31363 I GH.WifiBluetoothRcvr: Bluetooth device XX:XX:XX:XX:5A:FF is previously known to have Android Auto UUID
02-23 02:12:28.598 21855 31363 I CAR.BTCapsStore: AAW status (SUPPORTED).
02-23 02:12:28.598 21855 21896 I GH.ConnLoggerV2: Resumed session 7bdbf25b-9c23-458c-9bb7-27434b9831e6
02-23 02:12:28.598 21855 21896 I GH.ConnLoggerV2: Session 7bdbf25b-9c23-458c-9bb7-27434b9831e6, event 1769, detail OptionalInt.empty, SESSION_RESUMED, at 384637662 
02-23 02:12:28.598 21855 21896 I GH.ConnLoggerV2: Session 7bdbf25b-9c23-458c-9bb7-27434b9831e6, event 1770, detail OptionalInt[2240], WIRELESS_SDP_MANAGER_PREVIOULSY_KNOWN_UUID, at 384637662 
02-23 02:12:28.598 21855 31363 I GH.WifiBluetoothRcvr: Connected: OpenAutoProdigy
02-23 02:12:28.599 21855 24034 I GH.CarSvcDataStorage: Using DB version: 13
02-23 02:12:28.599 21855 31363 I GH.WifiBluetoothRcvr: Bluetooth XX:XX:XX:XX:5A:FF device battery level -1
02-23 02:12:28.599 21855 31363 I GH.WirelessClient: Connecting to wireless setup shared service: XX:XX:XX:XX:5A:FF
02-23 02:12:28.601 19618 19618 I CAR.BT_RCVR.LITE: Do not start CarStartupService
02-23 02:12:28.602 21855 24034 I CAR.BTCapsStore: Checking device with address DC:A6:32:E7:5A:FF
02-23 02:12:28.602 21855 24034 I CAR.BTCapsStore: This device previously has known UUID.
02-23 02:12:28.603 21855 24034 I CAR.BTCapsStore: AAW status (SUPPORTED).
02-23 02:12:28.603 21855 21896 I GH.ConnLoggerV2: Session 7bdbf25b-9c23-458c-9bb7-27434b9831e6, event 1771, detail OptionalInt[226396790], WIRELESS_SETUP_START, at 384637663 
02-23 02:12:28.603 21855 21896 I GH.ConnLoggerV2: Session 7bdbf25b-9c23-458c-9bb7-27434b9831e6, event 1772, detail OptionalInt[226396790], WIRELESS_SETUP_SHARED_ACTION_ACL_CONNECTED, at 384637663 
02-23 02:12:28.603 21855 21896 I GH.ConnLoggerV2: Session 7bdbf25b-9c23-458c-9bb7-27434b9831e6, event 1773, detail OptionalInt.empty, ANDROID_AUTO_BLUETOOTH_CONNECTED, at 384637667 
02-23 02:12:28.603 21855 21896 I GH.ConnLoggerV2: Session 7bdbf25b-9c23-458c-9bb7-27434b9831e6, event 1774, detail OptionalInt.empty, ANDROID_AUTO_WIRELESS_CAPABLE_BLUETOOTH_CONNECTED, at 384637667 
02-23 02:12:28.610 19618 19618 I GH.WirelessShared: WirelessSetupSharedService starting up: android.bluetooth.device.action.ACL_CONNECTED, startId: 1
02-23 02:12:28.611 21855 22270 I GH.ConnBroadcast: Internet connected
02-23 02:12:28.611 19618 19618 I CAR.TOKEN: Connecting pof@24a70a0 using class pye@23365662/class pyh@63104089 (cx attempt 1)
02-23 02:12:28.613 21855 21896 I GH.ConnLoggerV2: Session 7bdbf25b-9c23-458c-9bb7-27434b9831e6, event 1775, detail OptionalInt.empty, WIRELESS_SETUP_SHARED_SERVICE_CREATED, at 384637668 
02-23 02:12:28.613 21855 21896 I GH.StartupMeasure: logEvent GEARHEAD_WIRELESS_WARM_STARTUP_STARTED=PT106H50M37.668S
02-23 02:12:28.615 19618 19618 I GH.WirelessShared: Creating foreground notification, already active: false
02-23 02:12:28.615 19618 19618 I GH.WirelessShared: Combined foreground service type: 24
02-23 02:12:28.616 19618 19618 I GH.WirelessShared: started foreground service
02-23 02:12:28.618 19618 19618 I GH.WIRELESS.CDM: Dispatching appear request to CDM
02-23 02:12:28.618 19618 32025 I GH.BtConnectionTracker: acl connection added. device = XX:XX:XX:XX:E4:48
02-23 02:12:28.618 19618 32025 I GH.BtConnectionTracker: acl connection added. device = XX:XX:XX:XX:5A:FF
02-23 02:12:28.618 19618 32032 I GH.GhCarClientCtor: Bound to startup service, got Car Service: ipb@aa187de
02-23 02:12:28.618  3048  7704 I CDM_AssociationStore: Updating new association=[Association{mId=3, mUserId=0, mPackageName='com.google.android.projection.gearhead', mDeviceMacAddress=null, mDisplayName='AA-Wireless', mDeviceProfile='android.app.role.SYSTEM_AUTOMOTIVE_PROJECTION', mSelfManaged=true, mAssociatedDevice=null, mNotifyOnDeviceNearby=false, mRevoked=false, mPending=false, mTimeApprovedMs=Wed Apr 23 15:53:26 CDT 2025, mLastTimeConnectedMs=Mon Feb 23 02:12:28 CST 2026, mSystemDataSyncFlags=0, mDeviceId='null}]...
02-23 02:12:28.620 21855 21896 I GH.ConnLoggerV2: Session 7bdbf25b-9c23-458c-9bb7-27434b9831e6, event 1776, detail OptionalInt.empty, WIRELESS_SETUP_BLUETOOTH_TRACKER_STARTED, at 384637672 
02-23 02:12:28.620  3048  7704 I CDM_DevicePresenceProcessor: Enable hint mode for device device profile: android.app.role.SYSTEM_AUTOMOTIVE_PROJECTION
02-23 02:12:28.621 19618 19618 I GH.BtConnectionTracker: profile service connected. profile = 1
02-23 02:12:28.621 19618 19618 I GH.BtConnectionTracker: profile service connected. profile = 2
02-23 02:12:28.621 19618 19618 I CAR.TOKEN: Successfully connected pyj@fc28d93 using class pye@23365662/class pyh@63104089 (cx attempt 1)
02-23 02:12:28.622 19618 19618 W CAR.TOKEN: Not allowing logging client connection event
02-23 02:12:28.622 19618 19618 I GH.CarCmpDvcSvc: onCreate()
02-23 02:12:28.622 19618 19618 I GH.CarCmpDvcSvc: onBind()
02-23 02:12:28.623 19618 19618 I GH.CarClientManager: CarClientToken connected.
02-23 02:12:28.623 19618 19618 I GH.CarClientManager: Transition from UNINITIALIZED to CLIENT_CONNECTED.
02-23 02:12:28.624 19618 19618 I GH.CmpnDvcCtrlImpl: onDeviceAppeared: AA-Wireless (3)
02-23 02:12:28.624 19618 19618 I GH.WIRELESS.CDM: CDM confirmed wireless device appeared. ID = 3
02-23 02:12:28.626 21855 21896 I GH.ConnLoggerV2: Session 7bdbf25b-9c23-458c-9bb7-27434b9831e6, event 1777, detail OptionalInt.empty, WIRELESS_SETUP_SHARED_SERVICE_STARTED, at 384637673 
02-23 02:12:28.627 21855 21896 I GH.ConnLoggerV2: Session 7bdbf25b-9c23-458c-9bb7-27434b9831e6, event 1778, detail OptionalInt.empty, WIRELESS_SETUP_BLUETOOTH_TRACKER_STARTED_WITH_NO_DEVICES, at 384637675 
02-23 02:12:28.629 21855 21896 I GH.ConnLoggerV2: Session 7bdbf25b-9c23-458c-9bb7-27434b9831e6, event 1779, detail OptionalInt.empty, WIRELESS_CDM_REQUESTED, at 384637682 
02-23 02:12:28.631 21855 21896 I GH.ConnLoggerV2: Session 7bdbf25b-9c23-458c-9bb7-27434b9831e6, event 1780, detail OptionalInt[226396790], WIRELESS_SETUP_HU_TRACKER_READY, at 384637685 
02-23 02:12:28.632 21855 21896 I GH.ConnLoggerV2: Session 7bdbf25b-9c23-458c-9bb7-27434b9831e6, event 1781, detail OptionalInt.empty, WIRELESS_CDM_APPROVED, at 384637688 
02-23 02:12:28.634 21855 21896 I GH.ConnLoggerV2: Session 7bdbf25b-9c23-458c-9bb7-27434b9831e6, event 1782, detail OptionalInt[226396790], WIRELESS_SETUP_CDM_READY, at 384637689 
02-23 02:12:28.635 21855 21896 I GH.ConnLoggerV2: Session 7bdbf25b-9c23-458c-9bb7-27434b9831e6, event 1783, detail OptionalInt[226396790], WIRELESS_SETUP_CDM_AND_HU_TRACKER_READY, at 384637689 
02-23 02:12:28.698 21855 21855 I GH.WifiBluetoothRcvr: Connection action: android.bluetooth.a2dp.profile.action.CONNECTION_STATE_CHANGED, device XX:XX:XX:XX:5A:FF
02-23 02:12:28.698 21855 21855 I GH.WifiBluetoothRcvr: Wireless projection is available on this phone.
02-23 02:12:28.699 21855 21855 I GH.WifiBluetoothRcvr: Processing connection state change for XX:XX:XX:XX:5A:FF. Action android.bluetooth.a2dp.profile.action.CONNECTION_STATE_CHANGED has state 1
02-23 02:12:28.700 21855 31363 I CAR.BTCapsStore: Checking device with address DC:A6:32:E7:5A:FF
02-23 02:12:28.700 21855 31363 I CAR.BTCapsStore: This device previously has known UUID.
02-23 02:12:28.700 21855 31363 I GH.WifiBluetoothRcvr: Bluetooth device XX:XX:XX:XX:5A:FF is previously known to have Android Auto UUID
02-23 02:12:28.700 21855 31363 I CAR.BTCapsStore: AAW status (SUPPORTED).
02-23 02:12:28.700 21855 21896 I GH.ConnLoggerV2: Session 7bdbf25b-9c23-458c-9bb7-27434b9831e6, event 1784, detail OptionalInt[2240], WIRELESS_SDP_MANAGER_PREVIOULSY_KNOWN_UUID, at 384637765 
02-23 02:12:28.701 21855 31363 I GH.WifiBluetoothRcvr: Connected: OpenAutoProdigy
02-23 02:12:28.701 21855 21896 I GH.ConnLoggerV2: Session 7bdbf25b-9c23-458c-9bb7-27434b9831e6, event 1785, detail OptionalInt[1400676430], WIRELESS_SETUP_START, at 384637766 
02-23 02:12:28.701 21855 21896 I GH.ConnLoggerV2: Session 7bdbf25b-9c23-458c-9bb7-27434b9831e6, event 1786, detail OptionalInt[1400676430], WIRELESS_SETUP_SHARED_A2DP_CONNECTING, at 384637766 
02-23 02:12:28.702 21855 31363 I GH.WifiBluetoothRcvr: Bluetooth XX:XX:XX:XX:5A:FF device battery level -1
02-23 02:12:28.702 21855 31363 I GH.WirelessClient: Connecting to wireless setup shared service: XX:XX:XX:XX:5A:FF
02-23 02:12:28.706 19618 19618 I GH.WirelessShared: WirelessSetupSharedService starting up: android.bluetooth.a2dp.profile.action.CONNECTION_STATE_CHANGED, startId: 2
02-23 02:12:28.706 19618 19618 I GH.WirelessShared: Creating foreground notification, already active: true
02-23 02:12:28.706 19618 19618 I GH.WirelessShared: Combined foreground service type: 24
02-23 02:12:28.707 19618 19618 I GH.WirelessShared: started foreground service
02-23 02:12:28.713 19618 32025 I GH.BtConnectionTracker: profile connection added. device = XX:XX:XX:XX:5A:FF
02-23 02:12:28.713 21855 21896 I GH.ConnLoggerV2: Session 7bdbf25b-9c23-458c-9bb7-27434b9831e6, event 1787, detail OptionalInt.empty, WIRELESS_SETUP_SHARED_SERVICE_STARTED, at 384637769 
02-23 02:12:28.717 19618 19618 I GH.WPP.TCP: Initializing WPP TCP manager...
02-23 02:12:28.717 21855 21896 I GH.ConnLoggerV2: Session 7bdbf25b-9c23-458c-9bb7-27434b9831e6, event 1788, detail OptionalInt[1400676430], WIRELESS_SETUP_CDM_READY, at 384637773 
02-23 02:12:28.720 19618 19618 I GH.WIRELESS.SETUP: Received startWirelessSetup for XX:XX:XX:XX:5A:FF. Current state: IDLE
02-23 02:12:28.720 19618 19618 I GH.CarSvcDataStorage: Using DB version: 13
02-23 02:12:28.720 21855 21896 I GH.ConnLoggerV2: Session 7bdbf25b-9c23-458c-9bb7-27434b9831e6, event 1789, detail OptionalInt[1400676430], WIRELESS_SETUP_HU_TRACKER_READY, at 384637773 
02-23 02:12:28.721 19618 19618 I GH.WIRELESS.SETUP: getCarInfoInternal for BT device: Optional[com.google.android.gms.carsetup.CarInfoInternal[dbId=4,manufacturer=OpenAuto Project,model=Universal,headUnitProtocolVersion=1.7,modelYear=2026,vehicleId=e29d78b9cfad803b,bluetoothAllowed=true,hideProjectedClock=false,driverPosition=0,headUnitMake=OpenAuto Project,headUnitModel=Raspberry Pi 4,headUnitSoftwareBuild=b6a5995,headUnitSoftwareVersion=0.3.0,canPlayNativeMediaDuringVr=false,hidePhoneSignal=false,hideBatteryLevel=false,bluetoothaddress=DC:A6:32:E7:5A:FF,wifiSsid=null,wifiBssid=null,wifiSecurityMode=-1,sslSubjectName=null,wifiVersionMajor=0,wifiVersionMinor=0,wifiFrequencyMHz=0,known=true,projectionAllowed=true,sslSerialNumber=-1,wifiProjectionProtocolOnTcp=false,wifiProjectionProtocolIpAddress=,wifiProjectionProtocolTcpPort=-1,hashedVehicleId=[REDACTED]]]
02-23 02:12:28.721 21855 21896 I GH.ConnLoggerV2: Session 7bdbf25b-9c23-458c-9bb7-27434b9831e6, event 1790, detail OptionalInt[1400676430], WIRELESS_SETUP_CDM_AND_HU_TRACKER_READY, at 384637775 
02-23 02:12:28.722 19618 19618 I GH.CarSvcDataStorage: Using DB version: 13
02-23 02:12:28.723 19618 19618 I GH.WIRELESS.SETUP: No WPP on TCP configuration found in storage for the head unit, will not start WPP on TCP.
02-23 02:12:28.724 21855 21896 I GH.ConnLoggerV2: Session 7bdbf25b-9c23-458c-9bb7-27434b9831e6, event 1791, detail OptionalInt[1400676430], WIRELESS_SETUP_HU_PRESENCE_EVALUATED, at 384637778 
02-23 02:12:28.724 19618 19618 I GH.WIRELESS.SETUP: Starting manager of type: RFCOMM
02-23 02:12:28.724 19618 19618 I GH.WIRELESS.SETUP: State changed to CONNECTING_RFCOMM
02-23 02:12:28.725 19618 19618 I GH.WirelessShared: Creating foreground notification, already active: true
02-23 02:12:28.725 19618 19618 I GH.WirelessShared: Combined foreground service type: 24
02-23 02:12:28.725 19618 32028 I GH.WPP.RFCOMM: Connecting the socket
02-23 02:12:28.725 19618 32028 I GH.WIRELESS.BT: Creating rfcomm socket for device: DC:A6:32:E7:5A:FF and uuid: 4de17a00-52cb-11e6-bdf4-0800200c9a66
02-23 02:12:28.725 19618 19618 I GH.WirelessShared: started foreground service
02-23 02:12:28.726 21855 21896 I GH.ConnLoggerV2: Session 7bdbf25b-9c23-458c-9bb7-27434b9831e6, event 1792, detail OptionalInt[226396790], WIRELESS_SETUP_HU_PRESENCE_EVALUATED, at 384637778 
02-23 02:12:28.726 19618 19618 I GH.WirelessShared: Ready to stop service if required? bindCount=0 isWirelessSetupManagerActive=true
02-23 02:12:28.727 19618 19618 I GH.WIRELESS.SETUP: Received startWirelessSetup for XX:XX:XX:XX:5A:FF. Current state: CONNECTING_RFCOMM
02-23 02:12:28.727 19618 19618 I GH.CarSvcDataStorage: Using DB version: 13
02-23 02:12:28.727 19618 19618 I GH.WIRELESS.SETUP: getCarInfoInternal for BT device: Optional[com.google.android.gms.carsetup.CarInfoInternal[dbId=4,manufacturer=OpenAuto Project,model=Universal,headUnitProtocolVersion=1.7,modelYear=2026,vehicleId=e29d78b9cfad803b,bluetoothAllowed=true,hideProjectedClock=false,driverPosition=0,headUnitMake=OpenAuto Project,headUnitModel=Raspberry Pi 4,headUnitSoftwareBuild=b6a5995,headUnitSoftwareVersion=0.3.0,canPlayNativeMediaDuringVr=false,hidePhoneSignal=false,hideBatteryLevel=false,bluetoothaddress=DC:A6:32:E7:5A:FF,wifiSsid=null,wifiBssid=null,wifiSecurityMode=-1,sslSubjectName=null,wifiVersionMajor=0,wifiVersionMinor=0,wifiFrequencyMHz=0,known=true,projectionAllowed=true,sslSerialNumber=-1,wifiProjectionProtocolOnTcp=false,wifiProjectionProtocolIpAddress=,wifiProjectionProtocolTcpPort=-1,hashedVehicleId=[REDACTED]]]
02-23 02:12:28.727 19618 19618 W GH.WIRELESS.SETUP: Wireless setup already started using HU presence checker, request ignored.
02-23 02:12:28.728 19618 19618 I GH.WirelessShared: Creating foreground notification, already active: true
02-23 02:12:28.728 19618 19618 I GH.WirelessShared: Combined foreground service type: 24
02-23 02:12:28.728 21855 21896 I GH.ConnLoggerV2: Session 7bdbf25b-9c23-458c-9bb7-27434b9831e6, event 1793, detail OptionalInt.empty, WIRELESS_SETUP_METADATA_DEVICE_TYPE_CARKIT, at 384637782 
02-23 02:12:28.728 19618 19618 I GH.WirelessShared: started foreground service
02-23 02:12:28.730 19618 19618 I CAR.TOKEN: Connecting pof@76cae56 using class pye@247157700/class pyh@48799447 (cx attempt 1)
02-23 02:12:28.730 19618 19618 I GH.WirelessShared: Ready to stop service if required? bindCount=0 isWirelessSetupManagerActive=true
02-23 02:12:28.730 21855 21896 I GH.ConnLoggerV2: Session 7bdbf25b-9c23-458c-9bb7-27434b9831e6, event 1794, detail OptionalInt.empty, WIRELESS_SETUP_SHARED_SERVICE_START_SETUP, at 384637782 
02-23 02:12:28.730 19618 32050 I GH.GhCarClientCtor: Bound to startup service, got Car Service: ipb@aa187de
02-23 02:12:28.730 19618 19618 I CAR.TOKEN: Successfully connected pyj@83b322e using class pye@247157700/class pyh@48799447 (cx attempt 1)
02-23 02:12:28.731 19618 19618 I CAR.TOKEN: Token caller not specified, so skipping telemetry logging. Process: com.google.android.projection.gearhead:car
02-23 02:12:28.732 21855 21896 I GH.ConnLoggerV2: Session 7bdbf25b-9c23-458c-9bb7-27434b9831e6, event 1795, detail OptionalInt.empty, WIRELESS_WIFI_CREDENTIALS_CACHE_NOT_FOUND, at 384637787 
02-23 02:12:28.733 21855 21896 I GH.ConnLoggerV2: Session 7bdbf25b-9c23-458c-9bb7-27434b9831e6, event 1796, detail OptionalInt.empty, WIRELESS_WIFI_PROJECTION_PROTOCOL_RFCOMM_CONNECTION_ATTEMPT_STARTING, at 384637788 
02-23 02:12:28.733 21855 21896 I GH.StartupMeasure: logEvent GEARHEAD_WIRELESS_CONTROL_CHANNEL_CONNECT_ATTEMPT_RFCOMM=PT106H50M37.788S
02-23 02:12:28.734 21855 21896 I GH.ConnLoggerV2: Session 7bdbf25b-9c23-458c-9bb7-27434b9831e6, event 1797, detail OptionalInt[1400676430], WIRELESS_SETUP_STARTED_OR_RESUMED, at 384637789 
02-23 02:12:28.735 21855 21896 I GH.ConnLoggerV2: Session 7bdbf25b-9c23-458c-9bb7-27434b9831e6, event 1798, detail OptionalInt.empty, WIRELESS_RFCOMM_CONNECTION_RUNNABLE_DEQUEUED, at 384637789 
02-23 02:12:28.740 21855 21896 I GH.ConnLoggerV2: Session 7bdbf25b-9c23-458c-9bb7-27434b9831e6, event 1799, detail OptionalInt[1400676430], WIRELESS_SETUP_STARTED, at 384637789 
02-23 02:12:28.742 21855 21896 I GH.ConnLoggerV2: Session 7bdbf25b-9c23-458c-9bb7-27434b9831e6, event 1800, detail OptionalInt.empty, WIRELESS_CONNECTING_RFCOMM, at 384637790 
02-23 02:12:28.744 21855 21896 I GH.ConnLoggerV2: Session 7bdbf25b-9c23-458c-9bb7-27434b9831e6, event 1801, detail OptionalInt.empty, WIRELESS_SETUP_SHARED_SERVICE_START_SETUP, at 384637790 
02-23 02:12:28.746 21855 21896 I GH.ConnLoggerV2: Session 7bdbf25b-9c23-458c-9bb7-27434b9831e6, from STARTING, to BT_SETUP, reason RFCOMM_CONNECTING at time 384637810.
02-23 02:12:28.748 21855 21896 I GH.ConnLoggerV2: Session 7bdbf25b-9c23-458c-9bb7-27434b9831e6, event 1802, detail OptionalInt[226396790], WIRELESS_SETUP_CANCELLED, at 384637792 
02-23 02:12:28.748 21855 21896 I GH.ConnLoggerV2: Session 7bdbf25b-9c23-458c-9bb7-27434b9831e6, event 1803, detail OptionalInt[226396790], WIRELESS_SETUP_CANCELLED_ALREADY_STARTED, at 384637792 
02-23 02:12:28.750 21855 21896 I GH.ConnLoggerV2: Session 7bdbf25b-9c23-458c-9bb7-27434b9831e6, event 1804, detail OptionalInt.empty, WIRELESS_WIFI_STATE_ENABLED, at 384637794 
02-23 02:12:28.758 21855 21855 I GH.WifiBluetoothRcvr: Connection action: android.bluetooth.a2dp.profile.action.CONNECTION_STATE_CHANGED, device XX:XX:XX:XX:5A:FF
02-23 02:12:28.759 21855 21855 I GH.WifiBluetoothRcvr: Wireless projection is available on this phone.
02-23 02:12:28.759 21855 21855 I GH.WifiBluetoothRcvr: Processing connection state change for XX:XX:XX:XX:5A:FF. Action android.bluetooth.a2dp.profile.action.CONNECTION_STATE_CHANGED has state 2
02-23 02:12:28.760 21855 32020 I CAR.BTCapsStore: Checking device with address DC:A6:32:E7:5A:FF
02-23 02:12:28.760 21855 32020 I CAR.BTCapsStore: This device previously has known UUID.
02-23 02:12:28.760 21855 32020 I GH.WifiBluetoothRcvr: Bluetooth device XX:XX:XX:XX:5A:FF is previously known to have Android Auto UUID
02-23 02:12:28.760 21855 32020 I CAR.BTCapsStore: AAW status (SUPPORTED).
02-23 02:12:28.760 21855 32020 I GH.WifiBluetoothRcvr: Connected: OpenAutoProdigy
02-23 02:12:28.760 21855 21896 I GH.ConnLoggerV2: Session 7bdbf25b-9c23-458c-9bb7-27434b9831e6, event 1805, detail OptionalInt[2240], WIRELESS_SDP_MANAGER_PREVIOULSY_KNOWN_UUID, at 384637824 
02-23 02:12:28.760 21855 21896 I GH.ConnLoggerV2: Session 7bdbf25b-9c23-458c-9bb7-27434b9831e6, event 1806, detail OptionalInt[2085703157], WIRELESS_SETUP_START, at 384637825 
02-23 02:12:28.760 21855 21896 I GH.ConnLoggerV2: Session 7bdbf25b-9c23-458c-9bb7-27434b9831e6, event 1807, detail OptionalInt[2085703157], WIRELESS_SETUP_SHARED_A2DP_CONNECTED, at 384637825 
02-23 02:12:28.761 21855 32020 I GH.WifiBluetoothRcvr: Bluetooth XX:XX:XX:XX:5A:FF device battery level -1
02-23 02:12:28.761 21855 32020 I GH.WirelessClient: Connecting to wireless setup shared service: XX:XX:XX:XX:5A:FF
02-23 02:12:28.764 21855 21896 I GH.ConnLoggerV2: Session 7bdbf25b-9c23-458c-9bb7-27434b9831e6, event 1808, detail OptionalInt.empty, ANDROID_AUTO_BLUETOOTH_A2DP_CONNECTED, at 384637828 
02-23 02:12:28.767 19618 19618 I GH.WirelessShared: WirelessSetupSharedService starting up: android.bluetooth.a2dp.profile.action.CONNECTION_STATE_CHANGED, startId: 3
02-23 02:12:28.767 19618 19618 I GH.WirelessShared: Creating foreground notification, already active: true
02-23 02:12:28.768 19618 19618 I GH.WirelessShared: Combined foreground service type: 24
02-23 02:12:28.768 19618 19618 I GH.WirelessShared: started foreground service
02-23 02:12:28.771 19618 19618 I CAR.BT_RCVR.LITE: Do not start CarStartupService
02-23 02:12:28.774 21855 21896 I GH.ConnLoggerV2: Session 7bdbf25b-9c23-458c-9bb7-27434b9831e6, event 1809, detail OptionalInt.empty, WIRELESS_SETUP_SHARED_SERVICE_STARTED, at 384637828 
02-23 02:12:28.776 19618 19618 I GH.WIRELESS.SETUP: Received startWirelessSetup for XX:XX:XX:XX:5A:FF. Current state: CONNECTING_RFCOMM
02-23 02:12:28.776 19618 19618 I GH.CarSvcDataStorage: Using DB version: 13
02-23 02:12:28.777 19618 19618 I GH.WIRELESS.SETUP: getCarInfoInternal for BT device: Optional[com.google.android.gms.carsetup.CarInfoInternal[dbId=4,manufacturer=OpenAuto Project,model=Universal,headUnitProtocolVersion=1.7,modelYear=2026,vehicleId=e29d78b9cfad803b,bluetoothAllowed=true,hideProjectedClock=false,driverPosition=0,headUnitMake=OpenAuto Project,headUnitModel=Raspberry Pi 4,headUnitSoftwareBuild=b6a5995,headUnitSoftwareVersion=0.3.0,canPlayNativeMediaDuringVr=false,hidePhoneSignal=false,hideBatteryLevel=false,bluetoothaddress=DC:A6:32:E7:5A:FF,wifiSsid=null,wifiBssid=null,wifiSecurityMode=-1,sslSubjectName=null,wifiVersionMajor=0,wifiVersionMinor=0,wifiFrequencyMHz=0,known=true,projectionAllowed=true,sslSerialNumber=-1,wifiProjectionProtocolOnTcp=false,wifiProjectionProtocolIpAddress=,wifiProjectionProtocolTcpPort=-1,hashedVehicleId=[REDACTED]]]
02-23 02:12:28.777 19618 19618 W GH.WIRELESS.SETUP: Wireless setup already started using HU presence checker, request ignored.
02-23 02:12:28.781 21855 21896 I GH.ConnLoggerV2: Session 7bdbf25b-9c23-458c-9bb7-27434b9831e6, event 1810, detail OptionalInt[2085703157], WIRELESS_SETUP_CDM_READY, at 384637837 
02-23 02:12:28.781 19618 19618 I GH.WirelessShared: Creating foreground notification, already active: true
02-23 02:12:28.781 19618 19618 I GH.WirelessShared: Combined foreground service type: 24
02-23 02:12:28.781 19618 19618 I GH.WirelessShared: started foreground service
02-23 02:12:28.783 19618 19618 I GH.WirelessShared: Ready to stop service if required? bindCount=0 isWirelessSetupManagerActive=true
02-23 02:12:28.787 21855 21896 I GH.ConnLoggerV2: Session 7bdbf25b-9c23-458c-9bb7-27434b9831e6, event 1811, detail OptionalInt[2085703157], WIRELESS_SETUP_HU_TRACKER_READY, at 384637838 
02-23 02:12:28.793 21855 21896 I GH.ConnLoggerV2: Session 7bdbf25b-9c23-458c-9bb7-27434b9831e6, event 1812, detail OptionalInt[2085703157], WIRELESS_SETUP_CDM_AND_HU_TRACKER_READY, at 384637838 
02-23 02:12:28.798 21855 21896 I GH.ConnLoggerV2: Session 7bdbf25b-9c23-458c-9bb7-27434b9831e6, event 1813, detail OptionalInt[2085703157], WIRELESS_SETUP_HU_PRESENCE_EVALUATED, at 384637838 
02-23 02:12:28.801 21855 21896 I GH.ConnLoggerV2: Session 7bdbf25b-9c23-458c-9bb7-27434b9831e6, event 1814, detail OptionalInt.empty, WIRELESS_SETUP_SHARED_SERVICE_START_SETUP, at 384637840 
02-23 02:12:28.803 21855 21896 I GH.ConnLoggerV2: Session 7bdbf25b-9c23-458c-9bb7-27434b9831e6, event 1815, detail OptionalInt[2085703157], WIRELESS_SETUP_CANCELLED, at 384637842 
02-23 02:12:28.804 21855 21896 I GH.ConnLoggerV2: Session 7bdbf25b-9c23-458c-9bb7-27434b9831e6, event 1816, detail OptionalInt[2085703157], WIRELESS_SETUP_CANCELLED_ALREADY_STARTED, at 384637844 
02-23 02:12:28.817 19618 19618 I GH.WPP.CONN: Creating the transport in order to start listening
02-23 02:12:28.817 19618 19618 I GH.WPP.RFCOMM: Creating the IO stream
02-23 02:12:28.817 19618 19618 I GH.WPP.RFCOMM: IO stream will sleep for 10 ms instead of flushing after each write.  SDK: 36
02-23 02:12:28.817 19618 19618 I GH.WPP.RFCOMM: Creating the transport
02-23 02:12:28.818 19618 19618 I GH.WIRELESS.SETUP: State changed to CONNECTED_RFCOMM
02-23 02:12:28.818 19618 32066 I GH.WPP.TRANSPORT: Transport starting
02-23 02:12:28.818 21855 21896 I GH.ConnLoggerV2: Session 7bdbf25b-9c23-458c-9bb7-27434b9831e6, event 1817, detail OptionalInt.empty, WIRELESS_WIFI_PROJECTION_PROTOCOL_RFCOMM_SOCKET_CONNECTED, at 384637881 
02-23 02:12:28.818 19618 19618 I GH.WIRELESS.SETUP: Scheduling WPP first message timeout trigger to execute in 12000 milliseconds, attempt: 0
02-23 02:12:28.821 21855 21896 I GH.ConnLoggerV2: Session 7bdbf25b-9c23-458c-9bb7-27434b9831e6, event 1818, detail OptionalInt.empty, WIRELESS_CONNECTED_RFCOMM, at 384637883 
02-23 02:12:28.827 19618 19618 I GH.WIRELESS.SETUP: Received WifiStartRequest, reason=n/a
02-23 02:12:28.827 19618 19618 I GH.WIRELESS.SETUP: Start request received, setting user intention.
02-23 02:12:28.827 19618 19618 W GH.WIRELESS.SETUP: Trying to proceed with WifiStartRequest before we received WifiVersionRequest
02-23 02:12:28.828 21855 21896 I GH.ConnLoggerV2: Session 7bdbf25b-9c23-458c-9bb7-27434b9831e6, event 1819, detail OptionalInt.empty, WIRELESS_WIFI_PROJECTION_PROTOCOL_RFCOMM_START_REQUEST_RECEIVED, at 384637892 
02-23 02:12:28.828 21855 21896 I GH.StartupMeasure: logEvent GEARHEAD_WIRELESS_START_REQUEST_RECEIVED_RFCOMM=PT106H50M37.892S
02-23 02:12:28.828 19618 19618 I GH.WIRELESS.SETUP: State changed to WIFI_PROJECTION_START_REQUESTED
02-23 02:12:28.829 19618 32042 I GH.WifiPreflight: Sending Close Broadcast
02-23 02:12:28.829 19618 19618 I GH.WIRELESS.SETUP: Send WifiStartResponse, protocol=RFCOMM, status=STATUS_SUCCESS
02-23 02:12:28.831 21855 21896 I GH.ConnLoggerV2: Session 7bdbf25b-9c23-458c-9bb7-27434b9831e6, event 1820, detail OptionalInt.empty, WIRELESS_WIFI_VERSION_NOT_REQUESTED, at 384637892 
02-23 02:12:28.832 21855 21896 I GH.ConnLoggerV2: Session 7bdbf25b-9c23-458c-9bb7-27434b9831e6, event 1821, detail OptionalInt.empty, WIRELESS_WIFI_PROJECTION_REQUESTED_BY_HU_WITHOUT_REASON, at 384637893 
02-23 02:12:28.833 21855 21896 I GH.ConnLoggerV2: Session 7bdbf25b-9c23-458c-9bb7-27434b9831e6, event 1822, detail OptionalInt.empty, WIRELESS_WIFI_PROJECTION_PROTOCOL_RFCOMM_INFO_REQUEST_SENT, at 384637893 
02-23 02:12:28.834 21855 21896 I GH.ConnLoggerV2: Session 7bdbf25b-9c23-458c-9bb7-27434b9831e6, event 1823, detail OptionalInt.empty, WIRELESS_WIFI_PROJECTION_PROTOCOL_RFCOMM_START_RESPONSE_SENT, at 384637893 
02-23 02:12:28.835 21855 21896 I GH.ConnLoggerV2: Session 7bdbf25b-9c23-458c-9bb7-27434b9831e6, event 1824, detail OptionalInt.empty, WIRELESS_WIFI_PROJECTION_REQUESTED, at 384637894 
02-23 02:12:28.836 21855 21896 I GH.ConnLoggerV2: Session 7bdbf25b-9c23-458c-9bb7-27434b9831e6, from BT_SETUP, to WIFI_SETUP, reason WIFI_START_REQUEST_RECEIVED at time 384637901.
02-23 02:12:28.843 21855 21896 I GH.ConnLoggerV2: Session 7bdbf25b-9c23-458c-9bb7-27434b9831e6, event 1825, detail OptionalInt.empty, WIRELESS_WIFI_PROJECTION_PROTOCOL_RFCOMM_INFO_RESPONSE_RECEIVED, at 384637907 
02-23 02:12:28.843 19618 19618 I GH.WIRELESS.SETUP: Info response received. Received credentials=WifiConfiguration(ssid=OpenAutoProdigy, bssid=DC:A6:32:E7:5A:FE, securityMode=WPA2_PERSONAL, mostRecentlyUsedFrequenciesMhz=[]), cached credentials=Optional.empty, networkState=DISCONNECTED
02-23 02:12:28.843 21855 21896 I GH.ConnLoggerV2: Session 7bdbf25b-9c23-458c-9bb7-27434b9831e6, event 1826, detail OptionalInt.empty, WIRELESS_RFCOMM_INFO_RESPONSE_RECEIVED, at 384637907 
02-23 02:12:28.843 19618 19618 I GH.WirelessNetRequest: MD supports WPA3-Personal SAE security mode.
02-23 02:12:28.844 19618 19618 I GH.WirelessNetRequest: Add callback key=nck@3fd35f4 value=WSEM.Callback@7f8811d
02-23 02:12:28.844 19618 19618 I GH.WIRELESS.SETUP: State changed to CONNECTING_WIFI
02-23 02:12:28.844 19618 19618 I GH.WirelessNetRequest: HU is using WPA2 security mode.
02-23 02:12:28.846 21855 21896 I GH.ConnLoggerV2: Session 7bdbf25b-9c23-458c-9bb7-27434b9831e6, event 1827, detail OptionalInt.empty, WIRELESS_WIFI_MD_WPA3_SECURITY_SUPPORTED, at 384637908 
02-23 02:12:28.848 21855 21896 I GH.ConnLoggerV2: Session 7bdbf25b-9c23-458c-9bb7-27434b9831e6, event 1828, detail OptionalInt.empty, WIRELESS_WIFI_USING_WPA2_SECURITY, at 384637909 
02-23 02:12:28.850 21855 21896 I GH.ConnLoggerV2: Session 7bdbf25b-9c23-458c-9bb7-27434b9831e6, event 1829, detail OptionalInt.empty, WIRELESS_CONNECTING_WIFI, at 384637910 
02-23 02:12:28.853 21855 21896 I GH.ConnLoggerV2: Session 7bdbf25b-9c23-458c-9bb7-27434b9831e6, event 1830, detail OptionalInt[7000], WIRELESS_CONNECTING_WIFI_WITH_TIMEOUT, at 384637911 
02-23 02:12:29.120 21855 22270 I GH.ConnBroadcast: Internet disconnected
02-23 02:12:31.774 21855 21896 I GH.ConnLoggerV2: connectivity state updated: true
02-23 02:12:32.929 21855 21896 I GH.ConnLoggerV2: Session 7bdbf25b-9c23-458c-9bb7-27434b9831e6, event 1831, detail OptionalInt.empty, WIRELESS_WIFI_ON_LINK_PROPERTIES_CHANGED_CALLBACK_INVOKED, at 384641989 
02-23 02:12:32.947 19618 19618 I GH.WIRELESS.SETUP: State changed to CONNECTED_WIFI
02-23 02:12:32.947 19618 19618 I GH.WIRELESS.SETUP: Send WifiConnectStatus, status=STATUS_SUCCESS, errorMessage=Optional.empty
02-23 02:12:32.948 19618 19618 I GH.WIRELESS.SETUP: State changed to PROJECTION_INITIATED
02-23 02:12:32.948 19618 19618 I GH.WIRELESS.SETUP: Processing projection network
02-23 02:12:32.948 19618 19618 W GH.WIRELESS.SETUP: Not persisting Wi-Fi configuration.
02-23 02:12:32.948 19618 19618 W GH.WIRELESS.SETUP: Wi-Fi frequency is not persisted: config is removed.
02-23 02:12:32.948 19618 19618 I GH.WIRELESS.SETUP: Handing off to begin TCP connection
02-23 02:12:32.949 19618 32042 I GH.WirelessNotify: Hiding wifi disabled issue from WirelessSetupNotificationManager after WiFi connected.
02-23 02:12:32.949 19618 19618 I GH.CarSvcDataStorage: Using DB version: 13
02-23 02:12:32.950 21855 21896 I GH.ConnLoggerV2: Session 7bdbf25b-9c23-458c-9bb7-27434b9831e6, event 1832, detail OptionalInt.empty, WIRELESS_WIFI_PROJECTION_PROTOCOL_RFCOMM_CONNECT_STATUS_SENT, at 384642012 
02-23 02:12:32.952 19618 19618 I GH.WIRELESS.SETUP: Requesting GAL socket, callback=0
02-23 02:12:32.953 19618 32042 I CAR.STARTUP: Checking handoff interest for component com.google.android.projection.gearhead/com.google.android.apps.auto.carservice.service.impl.GearheadCarStartupService
02-23 02:12:32.954 19618 19618 I CAR.STARTUP: Service available
02-23 02:12:32.954 19618 32042 I CAR.STARTUP: Successfully bound to component com.google.android.projection.gearhead/com.google.android.apps.auto.carservice.service.impl.GearheadCarStartupService
02-23 02:12:32.954 19618 32042 I GH.CAR  : isInterestedInHandoff - initialized
02-23 02:12:32.954 19618 32042 I GH.CAR  : Interested in handoff 5373691101625497749: true
02-23 02:12:32.954 19618 32042 I CAR.STARTUP: onStartupServiceAvailable - IStartup interest is true for ComponentInfo{com.google.android.projection.gearhead/com.google.android.apps.auto.carservice.service.impl.GearheadCarStartupService}
02-23 02:12:32.954 19618 32042 I GH.WirelessStartup: Interested in handoff com.google.android.projection.gearhead/com.google.android.apps.auto.carservice.service.impl.GearheadCarStartupService true
02-23 02:12:32.954 19618 32042 I GH.WirelessStartup: Interested in handoff - start handoff
02-23 02:12:32.954 19618 32042 I CAR.STARTUP: Handing off session 5373691101625497749 (2)
02-23 02:12:32.954 19618 32042 I GH.CAR  : Handoff session 5373691101625497749 (connection type: 2)
02-23 02:12:32.954 19618 32042 I GH.CAR  : Projection runs in proxy. Update iCar to the proxy.
02-23 02:12:32.955 19618 32042 I GH.CAR  : Handling wifi handoff 10.0.0.1:5288 (SSID: <unknown ssid>, BSSID: 02:00:00:00:00:00, MAC: 02:00:00:00:00:00, IP: /10.0.0.26, Security type: 2, Supplicant state: COMPLETED, Wi-Fi standard: 11ac, RSSI: -49, Link speed: 52Mbps, Tx Link speed: 52Mbps, Max Supported Tx Link speed: 96Mbps, Rx Link speed: 52Mbps, Max Supported Rx Link speed: 96Mbps, Frequency: 5180MHz, Net ID: -1, Metered hint: false, score: 0, isUsable: true, CarrierMerged: false, SubscriptionId: -1, IsPrimary: -1, Trusted: true, Restricted: false, Ephemeral: true, OEM paid: false, OEM private: false, OSU AP: false, FQDN: <none>, Provider friendly name: <none>, Requesting package name: <none><none>MLO Information: , Is TID-To-Link negotiation supported by the AP: false, AP MLD Address: <none>, AP MLO Link Id: <none>, AP MLO Affiliated links: <none>, Vendor Data: <none>)
02-23 02:12:32.955 21855 21896 I GH.ConnLoggerV2: Session 7bdbf25b-9c23-458c-9bb7-27434b9831e6, event 1833, detail OptionalInt.empty, WIRELESS_CONNECTED_WIFI, at 384642013 
02-23 02:12:32.956 19618 32194 I CAR.SETUP.WIFI: Creating socket, attempt 0
02-23 02:12:32.956 19618 32194 I CAR.SETUP.WIFI: Creating socket.
02-23 02:12:32.957 21855 21896 I GH.ConnLoggerV2: Session 7bdbf25b-9c23-458c-9bb7-27434b9831e6, event 1834, detail OptionalInt.empty, WIRELESS_WIFI_PROJECTION_INITIATED, at 384642014 
02-23 02:12:32.958 21855 21896 I GH.ConnLoggerV2: Session 7bdbf25b-9c23-458c-9bb7-27434b9831e6, from WIFI_SETUP, to LAUNCHING_PROJECTION, reason PROJECTION_INITIATED at time 384642023.
02-23 02:12:32.960 21855 21896 I GH.ConnLoggerV2: Session 7bdbf25b-9c23-458c-9bb7-27434b9831e6, event 1835, detail OptionalInt[-49], WIRELESS_WIFI_STARTUP_MANAGER_DIRECT_HANDOFF_STARTED, at 384642017 
02-23 02:12:32.962 21855 21896 I GH.ConnLoggerV2: Session 7bdbf25b-9c23-458c-9bb7-27434b9831e6, event 1836, detail OptionalInt[5180], WIRELESS_WIFI_CHANNEL_FREQUENCY_USED, at 384642018 
02-23 02:12:32.963 19618 32194 I CAR.SETUP.WIFI: Socket connected to 10.0.0.1:5288
02-23 02:12:32.964 21855 21896 I GH.ConnLoggerV2: Session 7bdbf25b-9c23-458c-9bb7-27434b9831e6, event 1837, detail OptionalInt.empty, WIRELESS_WIFI_STARTUP_MANAGER_ON_INTERESTED_IN_HANDOFF, at 384642018 
02-23 02:12:32.964 19618 32194 I GH.CAR  : Wifi socket connect event: status = 1, socket retry count = 0, network retry count = 0, error code = 0, connection time = 8 ms
02-23 02:12:32.964 19618 19618 I GH.CAR  : Starting wifi connection: Socket[address=/10.0.0.1,port=5288,localPort=56166]
02-23 02:12:32.965 19618 19740 I GH.CarConnSessMgr: Starting car connection for session 5373691101625497749 of type 2
02-23 02:12:32.966 21855 21896 I GH.ConnLoggerV2: Session 7bdbf25b-9c23-458c-9bb7-27434b9831e6, event 1838, detail OptionalInt.empty, CONNECTION_HANDOFF_TO_GEARHEAD_STARTED, at 384642019 
02-23 02:12:32.967  3048  4764 I CDM_AssociationStore: Updating new association=[Association{mId=4, mUserId=0, mPackageName='com.google.android.projection.gearhead', mDeviceMacAddress=null, mDisplayName='Android Auto', mDeviceProfile='android.app.role.SYSTEM_AUTOMOTIVE_PROJECTION', mSelfManaged=true, mAssociatedDevice=null, mNotifyOnDeviceNearby=false, mRevoked=false, mPending=false, mTimeApprovedMs=Wed Apr 23 15:53:34 CDT 2025, mLastTimeConnectedMs=Mon Feb 23 02:12:32 CST 2026, mSystemDataSyncFlags=0, mDeviceId='null}]...
02-23 02:12:32.967 21855 21896 I GH.ConnLoggerV2: Session 7bdbf25b-9c23-458c-9bb7-27434b9831e6, event 1839, detail OptionalInt.empty, WIRELESS_WIFI_CAR_WIFI_SETUP_INITIALIZED, at 384642020 
02-23 02:12:32.969 21855 21896 I GH.ConnLoggerV2: Session 7bdbf25b-9c23-458c-9bb7-27434b9831e6, event 1840, detail OptionalInt.empty, WIRELESS_WIFI_SOCKET_CONNECTING, at 384642021 
02-23 02:12:32.970  3048  4764 I CDM_DevicePresenceProcessor: Enable hint mode for device device profile: android.app.role.SYSTEM_AUTOMOTIVE_PROJECTION
02-23 02:12:32.971 19618 19618 I GH.CmpnDvcCtrlImpl: onDeviceAppeared: Android Auto (4)
02-23 02:12:32.971 21855 21896 I GH.ConnLoggerV2: Session 7bdbf25b-9c23-458c-9bb7-27434b9831e6, event 1841, detail OptionalInt.empty, WIRELESS_WIFI_SOCKET_CONNECTED, at 384642028 
02-23 02:12:32.971 19618 19740 I GH.CarConnSession: canCarServiceLiteHandleMigration true; isMigrationFlagEnabled true
02-23 02:12:32.973 21855 21896 I GH.ConnLoggerV2: Session 7bdbf25b-9c23-458c-9bb7-27434b9831e6, event 1842, detail OptionalInt.empty, CAR_CONNECTION_CDM_REQUESTED, at 384642029 
02-23 02:12:32.975 19618 19740 I CAR.GAL.SECURITY.LITE: Successfully initialized SSL context for protocol: TLSv1.2 using provider: GmsCore_OpenSSL
02-23 02:12:32.975 19618 19740 I CAR.GAL.GAL.LITE: Creating per-channel priority writer thread.
02-23 02:12:32.977 19618 19740 I CAR.GAL.GAL.LITE: Creating PerChannelQueue for channel 0
02-23 02:12:32.977 19618 19740 I GH.CAR.ProxyEP.LITE: Proxy created for channel 0
02-23 02:12:32.978 19618 19618 I CAR.STARTUP: Handoff status true
02-23 02:12:32.978 19618 32042 I GH.WirelessStartup: handoff initiated: true
02-23 02:12:32.979 12010 12010 D GH.GhLifetimeService: registerProjectionLifetimeCallback(callback:qjc@360ba0f)
02-23 02:12:32.979 21855 21896 I GH.ConnLoggerV2: Session 7bdbf25b-9c23-458c-9bb7-27434b9831e6, event 1843, detail OptionalInt.empty, CAR_CONNECTION_CDM_APPROVED, at 384642035 
02-23 02:12:32.982 21855 21896 I GH.ConnLoggerV2: Session 7bdbf25b-9c23-458c-9bb7-27434b9831e6, event 1844, detail OptionalInt.empty, FRAMER_STARTED, at 384642042 
02-23 02:12:32.984 21855 21896 I GH.ConnLoggerV2: Session 7bdbf25b-9c23-458c-9bb7-27434b9831e6, event 1845, detail OptionalInt.empty, CONNECTION_HANDOFF_COMPLETE, at 384642043 
02-23 02:12:32.986 21855 21896 I GH.ConnLoggerV2: Session 7bdbf25b-9c23-458c-9bb7-27434b9831e6, event 1846, detail OptionalInt.empty, WIRELESS_WIFI_CAR_WIFI_SETUP_TORN_DOWN, at 384642043 
02-23 02:12:33.136 19618 32198 I CAR.GAL.GAL.LITE: Car requests protocol version ian[majorVersion=1, minorVersion=7]
02-23 02:12:33.136 21855 21896 I GH.ConnLoggerV2: Session 7bdbf25b-9c23-458c-9bb7-27434b9831e6, event 1847, detail OptionalInt.empty, VERSION_NEGOTIATION_STARTED, at 384642200 
02-23 02:12:33.137 19618 32198 I CAR.GAL.GAL.LITE: Requested protocol version ian[majorVersion=1, minorVersion=7], negotiated protocol version ian[majorVersion=1, minorVersion=7] (STATUS_SUCCESS)
02-23 02:12:33.139 21855 21896 I GH.ConnLoggerV2: Session 7bdbf25b-9c23-458c-9bb7-27434b9831e6, event 1848, detail OptionalInt.empty, VERSION_NEGOTIATION_SUCCESS_WIFI, at 384642201 
02-23 02:12:33.141 21855 21896 I GH.ConnLoggerV2: Session 7bdbf25b-9c23-458c-9bb7-27434b9831e6, event 1849, detail OptionalInt.empty, VERSION_NEGOTIATION_SUCCESS, at 384642202 
02-23 02:12:33.147 19618 32198 W CAR.GAL.SECURITY.LITE: Phone will wait for car to send more SSL handshake data
02-23 02:12:33.147 19618 32198 I CAR.GAL.SECURITY.LITE: Final result: java.nio.HeapByteBuffer[pos=0 lim=2348 cap=2348]
02-23 02:12:33.166 19618 32198 I CAR.GAL.SECURITY.LITE: Peer certificate subject name: OU=01,O=JVC Kenwood,L=Hachioji,ST=Tokyo,C=JP
02-23 02:12:33.166 19618 32198 I CAR.GAL.SECURITY.LITE: Peer certificate serial number: 27 (0x1b)
02-23 02:12:33.166 19618 32198 I CAR.GAL.SECURITY.LITE: Valid Times:
02-23 02:12:33.166 19618 32198 I CAR.GAL.SECURITY.LITE:     notBefore= Thu Jul 03 19:00:00 CDT 2014
02-23 02:12:33.166 19618 32198 I CAR.GAL.SECURITY.LITE:     notAfter= Sat Apr 29 09:28:38 CDT 2045
02-23 02:12:33.173 21855 21896 I GH.ConnLoggerV2: Session 7bdbf25b-9c23-458c-9bb7-27434b9831e6, event 1850, detail OptionalInt.empty, SSL_NEGOTIATION_SUCCESS_WIFI, at 384642236 
02-23 02:12:33.176 21855 21896 I GH.ConnLoggerV2: Session 7bdbf25b-9c23-458c-9bb7-27434b9831e6, event 1851, detail OptionalInt.empty, SSL_SUCCESS, at 384642236 
02-23 02:12:33.177 21855 21896 I GH.ConnLoggerV2: Session 7bdbf25b-9c23-458c-9bb7-27434b9831e6, event 1852, detail OptionalInt.empty, SDP_REQUEST_SENT, at 384642238 
02-23 02:12:33.188 21855 21896 I GH.ConnLoggerV2: Session 7bdbf25b-9c23-458c-9bb7-27434b9831e6, event 1853, detail OptionalInt.empty, SDP_RESPONSE_RECEIVED_WIFI, at 384642250 
02-23 02:12:33.190 19618 19618 I GH.CarSvcDataStorage: Using DB version: 13
02-23 02:12:33.193 19618 19618 I CAR.FRX.CHECKS: shouldSkipLegacyFrxForCakewalk false, frx not required, exiting early
02-23 02:12:33.193 19618 19618 I GH.CarConnSession: Putting shouldSkipLegacyFrxForCakewalk=false into metadata bundle
02-23 02:12:33.194 19618 19618 I CAR.FRX.CHECKS: Deciding where to run FRX (GMS vs. GH):
02-23 02:12:33.194 19618 19618 I CAR.FRX.CHECKS: isFrxRequired=false
02-23 02:12:33.194 19618 19618 I CAR.FRX.CHECKS: shouldRunLegacyFrx=true
02-23 02:12:33.194 19618 19618 I CAR.FRX.CHECKS: isOsCompatible=true
02-23 02:12:33.194 19618 19618 I CAR.FRX.CHECKS: areApplicationsFullyUpdated=true
02-23 02:12:33.194 19618 19618 I GH.CarConnSession: Hand off FRX
02-23 02:12:33.194 19618 19618 I CAR.STARTUP: Handoff service discovery complete 9
02-23 02:12:33.195 21855 21896 I GH.ConnLoggerV2: Session 7bdbf25b-9c23-458c-9bb7-27434b9831e6, event 1854, detail OptionalInt.empty, SDP_RESPONSE_RECEIVED, at 384642252 
02-23 02:12:33.195 19618 32042 I GH.WIRELESS.SETUP: Received GAL socket result, callback=0, result=INSTANCE
02-23 02:12:33.196 19618 32042 I GH.WirelessStartup: Socket completed. Success: true. SocketResult needed additional handling: true
02-23 02:12:33.196 19618 32042 I GH.WirelessStartup: Handoff complete. Interested component: com.google.android.projection.gearhead/com.google.android.apps.auto.carservice.service.impl.GearheadCarStartupService. Success: true.
02-23 02:12:33.196 19618 32042 I GH.WirelessStartup: Handoff success with 9 services
02-23 02:12:33.196 19618 32042 I GH.WirelessStartup: Starting transfer for handoff.
02-23 02:12:33.201 19618 19618 I GH.CarConnSession: Transfer for handoff with userAuthorized (true)
02-23 02:12:33.201 21855 21896 I GH.ConnLoggerV2: Session 7bdbf25b-9c23-458c-9bb7-27434b9831e6, event 1855, detail OptionalInt.empty, GEARHEAD_PROJECTION_ENABLED, at 384642258 
02-23 02:12:33.201 21855 21896 I GH.StartupMeasure: logEvent GEARHEAD_PROJECTION_ENABLED=PT106H50M42.258S
02-23 02:12:33.201 21855 21896 I GH.StartupMeasure: logEvent GEARHEAD_PROJECTION_ENABLED=PT106H50M42.258S
02-23 02:12:33.206 19618 19618 I CAR.SERVICE: Car connection state changed: DISCONNECTED->CONNECTING
02-23 02:12:33.207 19618 19618 I CAR.POOL_VIDEO: Initializing managed buffer pools with direct buffers
02-23 02:12:33.207 19618 19618 I CAR.AUTH: Package com.google.android.projection.gearhead for uid 10253: isGoogleSigned = [INVALID: format=%b, type=xto, value=true], isPackageAllowed = [INVALID: format=%b, type=xto, value=false]
02-23 02:12:33.207 19618 19618 E CAR.AUTH: Call from UID 10253 is not allowed.
02-23 02:12:33.208 21855 21896 I GH.ConnLoggerV2: Session 7bdbf25b-9c23-458c-9bb7-27434b9831e6, event 1856, detail OptionalInt[-49], WIRELESS_WIFI_STARTUP_MANAGER_ON_HANDOFF_COMPLETE, at 384642259 
02-23 02:12:33.209 19618 19618 I CAR.SERVICE.LITE: Overriding delegate with new Lite CarServiceBinder, sessionId: 5373691101625497749, connectionType: 2
02-23 02:12:33.209 19618 19618 I CAR.SERVICE.LITE: Updating receiver callback and sessionId for connectionType: 2
02-23 02:12:33.211 21855 21896 I GH.ConnLoggerV2: Session 7bdbf25b-9c23-458c-9bb7-27434b9831e6, event 1857, detail OptionalInt.empty, WIRELESS_GAL_SOCKET_CONNECTED, at 384642259 
02-23 02:12:33.212 21855 21896 I GH.ConnLoggerV2: Session 7bdbf25b-9c23-458c-9bb7-27434b9831e6, event 1858, detail OptionalInt.empty, AUTHORIZATION_STARTED, at 384642260 
02-23 02:12:33.213 19618 32206 I GH.CAR  : Resume session 5373691101625497749
02-23 02:12:33.214 19618 19618 I CAR.STARTUP: Resume complete with status true
02-23 02:12:33.214 19618 32042 I GH.WirelessStartup: Car setup no longer needed
02-23 02:12:33.214 19618 32042 I GH.WirelessStartup: Connection handoff complete
02-23 02:12:33.215 19618 19618 I CAR.GAL.SECURITY.LITE: Successfully initialized SSL context for protocol: TLSv1.2 using provider: GmsCore_OpenSSL
02-23 02:12:33.216 19618 19618 I CAR.GAL.GAL.LITE: Adding service (Service id=2 type=SensorSourceService {sensors=[type=10,type=13,type=1,type=2,type=19,type=20,] locationCharacterization=0 fuelType=[] evConnectorType=[]} )
02-23 02:12:33.216 19618 19618 I CAR.GAL.GAL.LITE: Adding service (Service id=8 type=BluetoothService { carAddress=DC:A6:32:E7:5A:FF supportedPairingMethods=[4,]})
02-23 02:12:33.216 19618 19618 I CAR.GAL.GAL.LITE: onChannelOpened: 0
02-23 02:12:33.218 19618 19618 I CAR.SERVICE.LITE: started foreground service
02-23 02:12:33.218 19618 19618 I CAR.SERVICE.LITE: Car connection state changed: DISCONNECTED->CONNECTING
02-23 02:12:33.219 19618 19618 I CAR.SERVICE.USBMON.LITE: Starting USB monitor
02-23 02:12:33.220 21855 21896 I GH.ConnLoggerV2: Session 7bdbf25b-9c23-458c-9bb7-27434b9831e6, event 1859, detail OptionalInt.empty, WIRELESS_WIFI_STARTUP_MANAGER_ON_CAR_SERVICE_STARTED, at 384642278 
02-23 02:12:33.220 19618 19618 I CAR.TOKEN: Connecting pof@27aa69 using class pye@152446351/class pyh@218479854 (cx attempt 1)
02-23 02:12:33.221 19618 19618 I CAR.SERVICE.USBMON.LITE: Port status changed for UsbPort{id=port0, supportedModes=dual, audio_acc, supportedContaminantProtectionModes=0, supportsEnableContaminantPresenceProtection=false, supportsEnableContaminantPresenceDetection=false, supportsComplianceWarnings=false: UsbPortStatus{connected=true, currentDataRole=2, currentPowerRole=2, supportedRoleCombinations=272, currentMode=1}
02-23 02:12:33.222 19618 19618 I CAR.SERVICE.USBMON.LITE: Usb status changed to: UsbState{configured=true, connected=true, dataUnlocked=true, functionAccessory=false, functionAdb=true, functionAudioSource=false, functionMtp=true, functionPtp=false}
02-23 02:12:33.223 19618 32207 W CAR.VALIDATOR: Package DENIED; Uses for TEMPLATE not defined [com.google.android.googlequicksearchbox]
02-23 02:12:33.223 19618 19618 I CAR.BT.LITE: Registered key missing receiver
02-23 02:12:33.223 21855 21896 I GH.ConnLoggerV2: Session 7bdbf25b-9c23-458c-9bb7-27434b9831e6, event 1860, detail OptionalInt.empty, USB_MONITOR_STARTED, at 384642285 
02-23 02:12:33.223 19618 19618 I CAR.BT.LITE: handleTransition: Entering into state STATE_WAITING_FOR_ENDPOINT_READY BluetoothFsmStateType=BT_FSM_STATE_WAITING_FOR_ENDPOINT_READY, previous event EVENT_SERVICE_INITIALIZED, BluetoothFsmEventType=BT_FSM_EVENT_SERVICE_INITIALIZED
02-23 02:12:33.223 19618 19618 W CAR.BT.SVC.LITE: disabling A2dp route while in projection
02-23 02:12:33.223 19618 19618 I CAR.BT.SVC.LITE: Routing media audio via device type 0
02-23 02:12:33.224 19618 19618 I CAR.BT.SVC.LITE: setting device metadata for DC:A6:32:E7:5A:FF
02-23 02:12:33.226 19618 19618 I CAR.LITE.LITE: Start required services in lite 2
02-23 02:12:33.226 19618 32206 I CAR.CONMAN.LITE: Connection start services in conman
