02-23 02:12:33.434 12010 22046 D GH.MultiCarCxnListener: onCarConnected() on binder thread. instance: pyn@8162743, listener: pxx@caaa4f2
02-23 02:12:33.434 12010 12022 D GH.MultiCarCxnListener: onCarConnected() on binder thread. instance: pyn@ec2e7b7, listener: pxx@f510eb6
02-23 02:12:33.434  8910  8910 D CAR.CLIENT: localCarConnectionListener received onCarConnected()
02-23 02:12:33.434 12010 12010 D CAR.CLIENT: localCarConnectionListener received onCarConnected()
02-23 02:12:33.434  8910  8910 D CAR.CLIENT: localCarConnectionListener received onCarConnected()
02-23 02:12:33.434  8910  8910 D CAR.CLIENT: localCarConnectionListener received onCarConnected()
02-23 02:12:33.434  8910  8910 D CAR.CLIENT: localCarConnectionListener received onCarConnected()
02-23 02:12:33.434 12010 12010 D CAR.CLIENT: localCarConnectionListener received onCarConnected()
02-23 02:12:33.434  8910  8910 D CAR.CLIENT: localCarConnectionListener received onCarConnected()
02-23 02:12:33.434 12010 12022 D GH.MultiCarCxnListener: onCarConnected() on binder thread. instance: pyn@1e9182a, listener: pxx@ec388e5
02-23 02:12:33.434  8910  8910 D CAR.CLIENT: localCarConnectionListener received onCarConnected()
02-23 02:12:33.434  8910  8910 D CAR.CLIENT: localCarConnectionListener received onCarConnected()
02-23 02:12:33.434  8910  8910 D CAR.CLIENT: localCarConnectionListener received onCarConnected()
02-23 02:12:33.434 12010 12010 D CAR.PROJECTION.CAHI: null.onConnected()
02-23 02:12:33.434  8910  8910 D CAR.CLIENT: localCarConnectionListener received onCarConnected()
02-23 02:12:33.434  8910 20804 D GH.MultiCarCxnListener: onCarConnected() on binder thread. instance: pyn@b3d76e, listener: pxx@cbc4c6b
02-23 02:12:33.434 12010 27844 D GH.MultiCarCxnListener: onCarConnected() on binder thread. instance: pyn@667e2be, listener: qho@60e8760
02-23 02:12:33.434 12010 12411 D GH.MultiCarCxnListener: onCarConnected() on binder thread. instance: pyn@36bee9, listener: qho@b2a2839
02-23 02:12:33.434 12010 21600 D GH.MultiCarCxnListener: onCarConnected() on binder thread. instance: pyn@9ffad35, listener: pxx@3a3a36c
02-23 02:12:33.434 12010 27844 D GH.MultiCarCxnListener: onCarConnected() on binder thread. instance: pyn@667e2be, listener: pxx@e20a831
02-23 02:12:33.434 12010 12411 D GH.MultiCarCxnListener: onCarConnected() on binder thread. instance: pyn@36bee9, listener: pxx@a6adfdf
02-23 02:12:33.434 12010 22046 D GH.MultiCarCxnListener: onCarConnected() on binder thread. instance: pyn@39443b8, listener: pxx@9f2b72d
02-23 02:12:33.434  8910  8910 D CAR.CLIENT: localCarConnectionListener received onCarConnected()
02-23 02:12:33.434 12010 12022 D GH.MultiCarCxnListener: onCarConnected() on binder thread. instance: pyn@b131591, listener: pxx@f696403
02-23 02:12:33.434 12010  8916 D GH.MultiCarCxnListener: onCarConnected() on binder thread. instance: pyn@9649dbe, listener: pxx@454c79
02-23 02:12:33.434  8910 20805 D GH.MultiCarCxnListener: onCarConnected() on binder thread. instance: pyn@cab9ee9, listener: pxx@95c753f
02-23 02:12:33.434  8910  8923 D GH.MultiCarCxnListener: onCarConnected() on binder thread. instance: pyn@2f4f2de, listener: pxx@87b4219
02-23 02:12:33.434  8910  8922 D GH.MultiCarCxnListener: onCarConnected() on binder thread. instance: pyn@95b7fa6, listener: pxx@eb46501
02-23 02:12:33.434  8910  5321 D GH.MultiCarCxnListener: onCarConnected() on binder thread. instance: pyn@bd8bb2c, listener: pxx@796e2df
02-23 02:12:33.434  8910 28247 D GH.MultiCarCxnListener: onCarConnected() on binder thread. instance: pyn@b6e3b70, listener: pxx@3dc2129
02-23 02:12:33.434 12010 13246 D GH.MultiCarCxnListener: onCarConnected() on binder thread. instance: pyn@96b00a0, listener: pxx@470898
02-23 02:12:33.434  8910  8910 D CAR.CLIENT: localCarConnectionListener received onCarConnected()
02-23 02:12:33.434 12010 12010 D CAR.CLIENT: localCarConnectionListener received onCarConnected()
02-23 02:12:33.434  8910  8910 D CAR.CLIENT: localCarConnectionListener received onCarConnected()
02-23 02:12:33.434 12010 12010 D CAR.CLIENT: localCarConnectionListener received onCarConnected()
02-23 02:12:33.434  8910  8910 D CAR.CLIENT: localCarConnectionListener received onCarConnected()
02-23 02:12:33.434 12010 12010 D CAR.CLIENT: localCarConnectionListener received onCarConnected()
02-23 02:12:33.434  8910  8910 D CAR.CLIENT: localCarConnectionListener received onCarConnected()
02-23 02:12:33.434 12010 12010 D CAR.CLIENT: localCarConnectionListener received onCarConnected()
02-23 02:12:33.434  8910  8910 D CAR.CLIENT: localCarConnectionListener received onCarConnected()
02-23 02:12:33.434 12010 12010 D CAR.PROJECTION.CAHI: null.onConnected()
02-23 02:12:33.434 12010 13147 D GH.MultiCarCxnListener: onCarConnected() on binder thread. instance: pyn@c9374f4, listener: qho@b54c6c7
02-23 02:12:33.434 12010 12010 D CAR.CLIENT: localCarConnectionListener received onCarConnected()
02-23 02:12:33.434 12010 12021 D GH.MultiCarCxnListener: onCarConnected() on binder thread. instance: pyn@114ce93, listener: pxx@57a92f5
02-23 02:12:33.435 12010 13254 D GH.MultiCarCxnListener: onCarConnected() on binder thread. instance: pyn@88e6ab1, listener: pxx@469a376
02-23 02:12:33.435 12010 13147 D GH.MultiCarCxnListener: onCarConnected() on binder thread. instance: pyn@c9374f4, listener: pxx@4d0863
02-23 02:12:33.435 12010 12010 D CAR.CLIENT: localCarConnectionListener received onCarConnected()
02-23 02:12:33.435 12010 12010 D CAR.CLIENT: localCarConnectionListener received onCarConnected()
02-23 02:12:33.435  8910 27399 D GH.MultiCarCxnListener: onCarConnected() on binder thread. instance: pyn@ef08f7, listener: pxx@47fecf6
02-23 02:12:33.435 12010 12010 D CAR.CLIENT: localCarConnectionListener received onCarConnected()
02-23 02:12:33.435 12010 12010 D CAR.CLIENT: localCarConnectionListener received onCarConnected()
02-23 02:12:33.435 12010 12010 D CAR.CLIENT: localCarConnectionListener received onCarConnected()
02-23 02:12:33.435 12010 12010 D CAR.CLIENT: localCarConnectionListener received onCarConnected()
02-23 02:12:33.435 12010 12010 D CAR.CLIENT: localCarConnectionListener received onCarConnected()
02-23 02:12:33.435 12010 12010 D CAR.PROJECTION.CAHI: null.onConnected()
02-23 02:12:33.435  8910  8910 D CAR.CLIENT: localCarConnectionListener received onCarConnected()
02-23 02:12:33.435 12010 12010 D CAR.CLIENT: localCarConnectionListener received onCarConnected()
02-23 02:12:33.435 12010 12010 D CAR.CLIENT: localCarConnectionListener received onCarConnected()
02-23 02:12:33.435 12010 12010 D CAR.CLIENT: localCarConnectionListener received onCarConnected()
02-23 02:12:33.435 12010 12010 D CAR.PROJECTION.CAHI: null.onConnected()
02-23 02:12:33.435 12010 12010 D CAR.CLIENT: localCarConnectionListener received onCarConnected()
02-23 02:12:33.435 12010 12010 D CAR.PROJECTION.CAHI: null.onConnected()
02-23 02:12:33.435 12010 12010 D CAR.CLIENT: localCarConnectionListener received onCarConnected()
02-23 02:12:33.435 12010 12010 D CAR.PROJECTION.CAHI: null.onConnected()
02-23 02:12:33.435 12010 12010 D CAR.CLIENT: localCarConnectionListener received onCarConnected()
02-23 02:12:33.435 12010 12010 D CAR.CLIENT: localCarConnectionListener received onCarConnected()
02-23 02:12:33.435 12010 12010 D CAR.CLIENT: localCarConnectionListener received onCarConnected()
02-23 02:12:33.435 12010 12010 D CAR.PROJECTION.CAHI: null.onConnected()
02-23 02:12:33.435 12010 12010 D CAR.CLIENT: localCarConnectionListener received onCarConnected()
02-23 02:12:33.435 12010 12010 D CAR.CLIENT: localCarConnectionListener received onCarConnected()
02-23 02:12:33.435 12010 12010 D CAR.CLIENT: localCarConnectionListener received onCarConnected()
02-23 02:12:33.435 12010 12010 D CAR.CLIENT: localCarConnectionListener received onCarConnected()
02-23 02:12:33.435 12010 12010 D CAR.CLIENT: localCarConnectionListener received onCarConnected()
02-23 02:12:33.435 12010 12010 D CAR.CLIENT: localCarConnectionListener received onCarConnected()
02-23 02:12:33.435 12010 12010 D CAR.CLIENT: localCarConnectionListener received onCarConnected()
02-23 02:12:33.435 12010 12010 D CAR.PROJECTION.CAHI: null.onConnected()
02-23 02:12:33.435 12010 12010 D CAR.CLIENT: localCarConnectionListener received onCarConnected()
02-23 02:12:33.435 12010 12010 D CAR.PROJECTION.CAHI: null.onConnected()
02-23 02:12:33.435 12010 12010 D CAR.PROJECTION.CAHI: null.onConnected()
02-23 02:12:33.435 12010 12010 D CAR.CLIENT: localCarConnectionListener received onCarConnected()
02-23 02:12:33.435 12010 12010 D CAR.CLIENT: localCarConnectionListener received onCarConnected()
02-23 02:12:33.435 12010 12010 D CAR.CLIENT: localCarConnectionListener received onCarConnected()
02-23 02:12:33.435 12010 12010 D CAR.PROJECTION.CAHI: null.onConnected()
02-23 02:12:33.435 12010 12010 D CAR.CLIENT: localCarConnectionListener received onCarConnected()
02-23 02:12:33.435 12010 12010 D CAR.CLIENT: localCarConnectionListener received onCarConnected()
02-23 02:12:33.435 12010 12010 D CAR.CLIENT: localCarConnectionListener received onCarConnected()
02-23 02:12:33.435 12010 12010 D CAR.CLIENT: localCarConnectionListener received onCarConnected()
02-23 02:12:33.435 12010 12010 D CAR.CLIENT: localCarConnectionListener received onCarConnected()
02-23 02:12:33.435 12010 12010 D CAR.CLIENT: localCarConnectionListener received onCarConnected()
02-23 02:12:33.435 12010 12010 D CAR.CLIENT: localCarConnectionListener received onCarConnected()
02-23 02:12:33.435 12010 12010 D CAR.CLIENT: localCarConnectionListener received onCarConnected()
02-23 02:12:33.435 12010 12010 D CAR.CLIENT: localCarConnectionListener received onCarConnected()
02-23 02:12:33.435 12010 12010 D CAR.CLIENT: localCarConnectionListener received onCarConnected()
02-23 02:12:33.435 12010 12010 D CAR.CLIENT: localCarConnectionListener received onCarConnected()
02-23 02:12:33.435 12010 12010 D CAR.CLIENT: localCarConnectionListener received onCarConnected()
02-23 02:12:33.435 12010 12010 D CAR.CLIENT: localCarConnectionListener received onCarConnected()
02-23 02:12:33.435 12010 12010 D CAR.CLIENT: localCarConnectionListener received onCarConnected()
02-23 02:12:33.435 12010 12010 D CAR.CLIENT: localCarConnectionListener received onCarConnected()
02-23 02:12:33.435 12010 12010 D CAR.CLIENT: localCarConnectionListener received onCarConnected()
02-23 02:12:33.435 12010 12010 D CAR.CLIENT: localCarConnectionListener received onCarConnected()
02-23 02:12:33.435 12010 12010 D CAR.CLIENT: localCarConnectionListener received onCarConnected()
02-23 02:12:33.435 12010 12010 D CAR.CLIENT: localCarConnectionListener received onCarConnected()
02-23 02:12:33.435 12010 12010 D CAR.CLIENT: localCarConnectionListener received onCarConnected()
02-23 02:12:33.435 12010 12010 D CAR.CLIENT: localCarConnectionListener received onCarConnected()
02-23 02:12:33.435 12010 12010 D CAR.PROJECTION.CAHI: null.onConnected()
02-23 02:12:33.435 12010 12010 D CAR.PROJECTION.CAHI: null.onConnected()
02-23 02:12:33.435 12010 12010 D CAR.CLIENT: localCarConnectionListener received onCarConnected()
02-23 02:12:33.435 12010 12010 D CAR.CLIENT: localCarConnectionListener received onCarConnected()
02-23 02:12:33.435 12010 12010 D CAR.CLIENT: localCarConnectionListener received onCarConnected()
02-23 02:12:33.435 12010 12010 D CAR.CLIENT: localCarConnectionListener received onCarConnected()
02-23 02:12:33.435 12010 12010 D CAR.CLIENT: localCarConnectionListener received onCarConnected()
02-23 02:12:33.435 12010 12010 D CAR.CLIENT: localCarConnectionListener received onCarConnected()
02-23 02:12:33.435 12010 12010 D CAR.CLIENT: localCarConnectionListener received onCarConnected()
02-23 02:12:33.435 12010 12010 D CAR.PROJECTION.CAHI: null.onConnected()
02-23 02:12:33.435 12010 12010 D CAR.CLIENT: localCarConnectionListener received onCarConnected()
02-23 02:12:33.435 12010 12010 D CAR.CLIENT: localCarConnectionListener received onCarConnected()
02-23 02:12:33.435 12010 12010 D GH.DisplayLayout: Display CarDisplayId{displayId=0} received update complete, setting state to ACTIVE
02-23 02:12:33.435 12010 12010 D CAR.CLIENT: localCarConnectionListener received onCarConnected()
02-23 02:12:33.435  8910  8925 D GH.MultiCarCxnListener: onCarConnected() on binder thread. instance: pyn@b3d7f1f, listener: pxx@5367227
02-23 02:12:33.435 12010 14722 D GH.MultiCarCxnListener: onCarConnected() on binder thread. instance: pyn@d5429c3, listener: pxx@f1b4e36
02-23 02:12:33.435 12010 12423 D GH.MultiCarCxnListener: onCarConnected() on binder thread. instance: pyn@e1c5a3, listener: pxx@1e480be
02-23 02:12:33.435 12010 12703 D GH.MultiCarCxnListener: onCarConnected() on binder thread. instance: pyn@b26093c, listener: pxx@14f5f2f
02-23 02:12:33.436  8910  8910 D CAR.CLIENT: localCarConnectionListener received onCarConnected()
02-23 02:12:33.436 12010 12010 D CAR.CLIENT: localCarConnectionListener received onCarConnected()
02-23 02:12:33.436 12010 12010 D CAR.CLIENT: localCarConnectionListener received onCarConnected()
02-23 02:12:33.436 12010 12010 D CAR.CLIENT: localCarConnectionListener received onCarConnected()
02-23 02:12:33.437 11773 11773 D CAR.PROJECTION.CAHI: null.onConnected()
02-23 02:12:33.437 11773 11773 D CAR.CLIENT: localCarConnectionListener received onCarConnected()
02-23 02:12:33.444 12010 12703 D CAR.CLIENT.PLS: onProjectionReady on binder thread
02-23 02:12:33.444 12010 12010 D CAR.CLIENT.PLS: Projection ready
02-23 02:12:33.444 12010 12010 I GH.GhLifecycleService: onProjectionReady(). Notifying CarClientManager that projection is ready
02-23 02:12:33.444 12010 12010 I GH.CarClientManager: onCarConnectedViaLifecycle
02-23 02:12:33.444 12010 12010 I GH.CarClientManager: Asking LifetimeManager to connect to the car service
02-23 02:12:33.444 12010 12010 I GH.LifetimeManager: connectToCarService
02-23 02:12:33.444 12010 12010 D GH.CarClientManager: registered listener khn@752a6c8
02-23 02:12:33.444 12010 12010 D GH.CarClientManager: start
02-23 02:12:33.445 19618 19618 I CAR.CAM : No matching Projection Clients found for null
02-23 02:12:33.446 21855 21896 I GH.ConnLoggerV2: Session 7bdbf25b-9c23-458c-9bb7-27434b9831e6, event 1881, detail OptionalInt.empty, PREFLIGHT_COMPLETED, at 384642501 
02-23 02:12:33.446 21855 21896 I GH.StartupMeasure: logEvent GEARHEAD_PREFLIGHT_COMPLETED=PT106H50M42.501S
02-23 02:12:33.446 21855 21896 I GH.StartupMeasure: logEvent GEARHEAD_PREFLIGHT_COMPLETED=PT106H50M42.501S
02-23 02:12:33.446 19618 19618 I CAR.CAM : No matching Projection Clients found for null
02-23 02:12:33.446 19618 19618 I CAR.CAM : No matching Projection Clients found for null
02-23 02:12:33.446 19618 19618 I CAR.CAM : No matching Projection Clients found for null
02-23 02:12:33.446 19618 19618 I CAR.CAM : No matching Projection Clients found for null
02-23 02:12:33.446 19618 19618 I CAR.CAM : No matching Projection Clients found for null
02-23 02:12:33.446 19618 19618 I CAR.CAM : No matching Projection Clients found for null
02-23 02:12:33.446 19618 19618 I CAR.CAM : No matching Projection Clients found for null
02-23 02:12:33.446 19618 19618 I CAR.CAM : No matching Projection Clients found for null
02-23 02:12:33.446 19618 19618 I CAR.CAM : No matching Projection Clients found for null
02-23 02:12:33.456 19618 32198 I CAR.GAL.AUDIO.LITE: Got audio focus state from car:AUDIO_FOCUS_STATE_LOSS
02-23 02:12:33.456 19618 32198 I CAR.AUDIO.FOCUS: Received focus change from HU: AUDIO_FOCUS_STATE_LOSS, unsolicited: false
02-23 02:12:33.457 19618 32222 I CAR.AUDIO.FOCUS: Handling CarAudioFocusEvent from HU: packageName=null, audioFocusRequestType=AUDIO_FOCUS_RELEASE, audioFocusStateType=AUDIO_FOCUS_STATE_LOSS, unsolicitedResponse=false, gearheadForcedResponse=false, pendingRequest=NONE
02-23 02:12:33.457 19618 32222 I CAR.AUDIO.FOCUS: changeAndroidFocus: true
02-23 02:12:33.457 19618 32222 I CAR.AUDIO.AFM: Invalidate audio focus stack monitor due to car audio focus change
02-23 02:12:33.457 19618 32222 I CAR.AUDIO.CHANNEL: disabling stream: MEDIA, had focus: true
02-23 02:12:33.457 19618 32222 I CAR.AUDIO.CHANNEL: disabling stream: TTS, had focus: true
02-23 02:12:33.457 19618 32222 I CAR.AUDIO.CHANNEL: handleStreamFocusChange old state media: true tts: true, new state media: false tts: false
02-23 02:12:33.457 19618 32222 I CAR.AUDIO.CHANNEL: Audio stream 1 did not request bottom half
02-23 02:12:33.457 19618 32222 I CAR.AUDIO.CHANNEL: Audio stream 0 did not request bottom half
02-23 02:12:33.466 12010 12010 I CAR.TOKEN: Connecting pof@7a6ce86 using class pye@112537732/class pyh@216069783 (cx attempt 73)
02-23 02:12:33.466 12010 12010 I GH.CarClientManager: CarClientToken is not yet connected, so requesting onCarConnected() be run when it is
02-23 02:12:33.467 19618 19618 I GH.InitialFocusSettings: Found initial focus mode set by user: request_focus
02-23 02:12:33.467 19618 19618 I GH.InitialFocusSettings: Initial focus mode REQUEST_FOCUS.
02-23 02:12:33.467 19618 19618 I CAR.SERVICE: Posting video focus request for primary display.
02-23 02:12:33.467 12010 32382 I GH.GhCarClientCtor: Bound to startup service, got Car Service: pps@696d0f0
02-23 02:12:33.467 12010 22046 D GH.MultiCarCxnListener: onCarConnected() on binder thread. instance: pyn@69f3af, listener: pxx@46d6f8e
02-23 02:12:33.467 12010 13147 D GH.MultiCarCxnListener: onCarConnected() on binder thread. instance: pyn@fbce211, listener: pxx@1cb7238
02-23 02:12:33.467 12010 13246 D GH.MultiCarCxnListener: onCarConnected() on binder thread. instance: pyn@25c646c, listener: pxx@526691f
02-23 02:12:33.467 12010 14725 D GH.MultiCarCxnListener: onCarConnected() on binder thread. instance: pyn@b1a687a, listener: pxx@7f4dca5
02-23 02:12:33.467 12010  8916 D GH.MultiCarCxnListener: onCarConnected() on binder thread. instance: pyn@919dbaf, listener: pxx@3cbf78e
02-23 02:12:33.467 12010 13254 D GH.MultiCarCxnListener: onCarConnected() on binder thread. instance: pyn@a398a26, listener: pxx@720981
02-23 02:12:33.467 12010 12703 D GH.MultiCarCxnListener: onCarConnected() on binder thread. instance: pyn@b33285e, listener: pxx@da2dd99
02-23 02:12:33.467 12010 12010 D CAR.CLIENT: onClientConnected() pye@6b53084, registering localCarConnectionListener pxx@b804669 with multiplex listener pyn@94828ee
02-23 02:12:33.467 12010 12010 D GH.MultiCarCxnListener: Registering listener. instance: pyn@94828ee, listener: pxx@b804669
02-23 02:12:33.467 12010 12010 D CAR.CLIENT: Registering multiplex listener pyn@94828ee with car service
02-23 02:12:33.468 12010 21600 D GH.MultiCarCxnListener: onCarConnected() on binder thread. instance: pyn@775448, listener: pxx@df1feeb
02-23 02:12:33.468 12010 14722 D GH.MultiCarCxnListener: onCarConnected() on binder thread. instance: pyn@48b6efd, listener: pxx@131af54
02-23 02:12:33.468 12010 21600 D GH.MultiCarCxnListener: onCarConnected() on binder thread. instance: pyn@cfd7f36, listener: pxx@24768d1
02-23 02:12:33.468 12010 13254 D GH.MultiCarCxnListener: onCarConnected() on binder thread. instance: pyn@6b56838, listener: pxx@92d2c9b
02-23 02:12:33.468 12010  8916 D GH.MultiCarCxnListener: onCarConnected() on binder thread. instance: pyn@73313b, listener: pxx@5be3bca
02-23 02:12:33.468 12010 14725 D GH.MultiCarCxnListener: onCarConnected() on binder thread. instance: pyn@421585, listener: pxx@b547b8d
02-23 02:12:33.468 12010  8916 D GH.MultiCarCxnListener: onCarConnected() on binder thread. instance: pyn@f7c0ae8, listener: pxx@85d7117
02-23 02:12:33.468 12010 14725 D GH.MultiCarCxnListener: onCarConnected() on binder thread. instance: pyn@88fdfda, listener: pxx@32695ec
02-23 02:12:33.468 12010  8916 D GH.MultiCarCxnListener: onCarConnected() on binder thread. instance: pyn@31c1fa6, listener: pxx@e152611
02-23 02:12:33.468 12010 14725 D GH.MultiCarCxnListener: onCarConnected() on binder thread. instance: pyn@a938501, listener: pxx@70eaa33
02-23 02:12:33.468 12010 21600 D GH.MultiCarCxnListener: onCarConnected() on binder thread. instance: pyn@23aabfc, listener: pxx@a99d4ef
02-23 02:12:33.468 12010 14725 D GH.MultiCarCxnListener: onCarConnected() on binder thread. instance: pyn@fbf02df, listener: pxx@6e409db
02-23 02:12:33.468 12010  8916 D GH.MultiCarCxnListener: onCarConnected() on binder thread. instance: pyn@daad183, listener: pxx@6e4f05
02-23 02:12:33.468 12010 14725 D GH.MultiCarCxnListener: onCarConnected() on binder thread. instance: pyn@532703d, listener: pxx@d94873f
02-23 02:12:33.468 12010 13254 D GH.MultiCarCxnListener: onCarConnected() on binder thread. instance: pyn@3683afc, listener: pxx@f9974f4
02-23 02:12:33.468 12010 14725 D GH.MultiCarCxnListener: onCarConnected() on binder thread. instance: pyn@da9032, listener: pxx@f3978e0
02-23 02:12:33.468 12010 21600 D GH.MultiCarCxnListener: onCarConnected() on binder thread. instance: pyn@87aed94, listener: pxx@b57028b
02-23 02:12:33.468 12010 14725 D GH.MultiCarCxnListener: onCarConnected() on binder thread. instance: pyn@f9d7d7e, listener: pxx@56b4646
02-23 02:12:33.468 12010 13254 D GH.MultiCarCxnListener: onCarConnected() on binder thread. instance: pyn@be34f00, listener: pxx@18df5a
02-23 02:12:33.468 12010 14725 D GH.MultiCarCxnListener: onCarConnected() on binder thread. instance: pyn@eae5b2c, listener: pxx@64e6a28
02-23 02:12:33.468 12010  8916 D GH.MultiCarCxnListener: onCarConnected() on binder thread. instance: pyn@bdad339, listener: pxx@6882ba4
02-23 02:12:33.468 12010 14725 D GH.MultiCarCxnListener: onCarConnected() on binder thread. instance: pyn@60ff38a, listener: pxx@a1f5a6f
02-23 02:12:33.468 12010  8916 D GH.MultiCarCxnListener: onCarConnected() on binder thread. instance: pyn@7baedfb, listener: pxx@7ec1306
02-23 02:12:33.468 12010 13246 D GH.MultiCarCxnListener: onCarConnected() on binder thread. instance: pyn@812ec0b, listener: pxx@c9e217d
02-23 02:12:33.468 11773 17122 D GH.MultiCarCxnListener: onCarConnected() on binder thread. instance: ccnp@80feba2, listener: ccpt@ad65abb
02-23 02:12:33.468 12010 21600 D GH.MultiCarCxnListener: onCarConnected() on binder thread. instance: pyn@a3bfe18, listener: pxx@ccdd694
02-23 02:12:33.468 11773 13849 D GH.MultiCarCxnListener: onCarConnected() on binder thread. instance: ccnp@cafe378, listener: ccpt@e682faa
02-23 02:12:33.468 12010 14725 D GH.MultiCarCxnListener: onCarConnected() on binder thread. instance: pyn@881be56, listener: pxx@5520581
02-23 02:12:33.468 12010 13254 D GH.MultiCarCxnListener: onCarConnected() on binder thread. instance: pyn@186b071, listener: pxx@5d947f6
02-23 02:12:33.468 11773 11773 D CAR.CLIENT: localCarConnectionListener received onCarConnected()
02-23 02:12:33.468 11773 11773 D CAR.CLIENT: localCarConnectionListener received onCarConnected()
02-23 02:12:33.468 12010 21600 D GH.MultiCarCxnListener: onCarConnected() on binder thread. instance: pyn@3e87830, listener: pxx@924fc52
02-23 02:12:33.468 11773 11785 D GH.MultiCarCxnListener: onCarConnected() on binder thread. instance: ccnp@4bbbf24, listener: ccpt@749c697
02-23 02:12:33.468 12010 13246 D GH.MultiCarCxnListener: onCarConnected() on binder thread. instance: pyn@3b9fca9, listener: pxx@cb2edb8
02-23 02:12:33.468 12010 12703 D GH.MultiCarCxnListener: onCarConnected() on binder thread. instance: pyn@b1231b3, listener: pxx@29f9322
02-23 02:12:33.468 12010 14722 D GH.MultiCarCxnListener: onCarConnected() on binder thread. instance: pyn@4e2422e, listener: pxx@a6cba9e
02-23 02:12:33.468 12010 12703 D GH.MultiCarCxnListener: onCarConnected() on binder thread. instance: pyn@21461cf, listener: pxx@7d0106b
02-23 02:12:33.468 11773 11773 D CAR.CLIENT: localCarConnectionListener received onCarConnected()
02-23 02:12:33.468 12010 13246 D GH.MultiCarCxnListener: onCarConnected() on binder thread. instance: pyn@40cba65, listener: pxx@b86a0cc
02-23 02:12:33.468 12010 13246 D GH.MultiCarCxnListener: onCarConnected() on binder thread. instance: pyn@954533a, listener: pxx@888e834
02-23 02:12:33.468 11773 17122 D GH.MultiCarCxnListener: onCarConnected() on binder thread. instance: ccnp@8c692b6, listener: ccpt@e180edb
02-23 02:12:33.468 12010 13246 D GH.MultiCarCxnListener: onCarConnected() on binder thread. instance: pyn@31f4beb, listener: pxx@61b2d39
02-23 02:12:33.468 12010 22046 D GH.MultiCarCxnListener: onCarConnected() on binder thread. instance: pyn@c69f5, listener: pxx@adfa151
02-23 02:12:33.468 12010 13246 D GH.MultiCarCxnListener: onCarConnected() on binder thread. instance: pyn@371d48, listener: pxx@3d3a65c
02-23 02:12:33.468 12010 12423 D GH.MultiCarCxnListener: onCarConnected() on binder thread. instance: pyn@da0ac8f, listener: pxx@99ffee
02-23 02:12:33.468 12010 12021 D GH.MultiCarCxnListener: onCarConnected() on binder thread. instance: pyn@cf60167, listener: pxx@23ec126
02-23 02:12:33.468 12010 13246 D GH.MultiCarCxnListener: onCarConnected() on binder thread. instance: pyn@9a46906, listener: pxx@fe25300
02-23 02:12:33.468 12010 12022 D GH.MultiCarCxnListener: onCarConnected() on binder thread. instance: pyn@c86929c, listener: pxx@e0b20f
02-23 02:12:33.469 12010 12423 D GH.MultiCarCxnListener: onCarConnected() on binder thread. instance: pyn@3a4bbc7, listener: pxx@f58c9d0
02-23 02:12:33.469 12010 12021 D GH.MultiCarCxnListener: onCarConnected() on binder thread. instance: pyn@144c5f4, listener: pxx@f968312
02-23 02:12:33.469 12010 12703 D GH.MultiCarCxnListener: onCarConnected() on binder thread. instance: pyn@d94e75c, listener: pxx@b6a3784
02-23 02:12:33.469 12010 12423 D GH.MultiCarCxnListener: onCarConnected() on binder thread. instance: pyn@d50d11d, listener: pxx@9c312d
02-23 02:12:33.469 12010 12411 D GH.MultiCarCxnListener: onCarConnected() on binder thread. instance: pyn@cf36e1e, listener: pxx@645a259
02-23 02:12:33.469 12010 12423 D GH.MultiCarCxnListener: onCarConnected() on binder thread. instance: pyn@48e0f92, listener: pxx@c6aabfc
02-23 02:12:33.469 12010 12423 D GH.MultiCarCxnListener: onCarConnected() on binder thread. instance: pyn@6274d63, listener: pxx@b0a3335
02-23 02:12:33.468 11773 11785 D GH.MultiCarCxnListener: onCarConnected() on binder thread. instance: ccnp@2058a8d, listener: ccpt@3c50fba
02-23 02:12:33.469 11773 32371 D GH.MultiCarCxnListener: onCarConnected() on binder thread. instance: ccnp@c041bb7, listener: ccpt@187cd3e
02-23 02:12:33.469 11773 14136 D GH.MultiCarCxnListener: onCarConnected() on binder thread. instance: ccnp@5638cdb, listener: ccpt@6830ad3
02-23 02:12:33.469 11773 11786 D GH.MultiCarCxnListener: onCarConnected() on binder thread. instance: ccnp@c1f536d, listener: ccpt@bd7aca0
02-23 02:12:33.469 11773 13849 D GH.MultiCarCxnListener: onCarConnected() on binder thread. instance: ccnp@1d60a7, listener: ccpt@dca09bb
02-23 02:12:33.469 11773 23042 D GH.MultiCarCxnListener: onCarConnected() on binder thread. instance: ccnp@d87a990, listener: ccpt@ff9d33c
02-23 02:12:33.469 11773 32368 D GH.MultiCarCxnListener: onCarConnected() on binder thread. instance: ccnp@4b4bc53, listener: ccpt@cf41115
02-23 02:12:33.469 11773 23038 D GH.MultiCarCxnListener: onCarConnected() on binder thread. instance: ccnp@9dee033, listener: ccpt@6e91260
02-23 02:12:33.469 11773 11784 D GH.MultiCarCxnListener: onCarConnected() on binder thread. instance: ccnp@5029a51, listener: ccpt@f47fb8
02-23 02:12:33.469 11773 11773 D CAR.CLIENT: localCarConnectionListener received onCarConnected()
02-23 02:12:33.469 11773 11773 D CAR.CLIENT: localCarConnectionListener received onCarConnected()
02-23 02:12:33.469 11773 11773 D CAR.CLIENT: localCarConnectionListener received onCarConnected()
02-23 02:12:33.469 11773 11773 D CAR.CLIENT: localCarConnectionListener received onCarConnected()
02-23 02:12:33.469 12010 12423 D GH.MultiCarCxnListener: onCarConnected() on binder thread. instance: pyn@d2e6219, listener: pxx@d52646c
02-23 02:12:33.469 11773 11773 D CAR.CLIENT: localCarConnectionListener received onCarConnected()
02-23 02:12:33.469 11773 11773 D CAR.CLIENT: localCarConnectionListener received onCarConnected()
02-23 02:12:33.469 12010 12703 D GH.MultiCarCxnListener: onCarConnected() on binder thread. instance: pyn@f0edf8c, listener: pxx@d3d90ba
02-23 02:12:33.469 11773 11786 D GH.MultiCarCxnListener: onCarConnected() on binder thread. instance: ccnp@dcd4289, listener: ccpt@15fed9d
02-23 02:12:33.469 11773 13849 D GH.MultiCarCxnListener: onCarConnected() on binder thread. instance: ccnp@3c4caaf, listener: ccpt@a863857
02-23 02:12:33.469 11773 22683 D GH.MultiCarCxnListener: onCarConnected() on binder thread. instance: ccnp@2a12442, listener: ccpt@e48cd59
02-23 02:12:33.469 12010 13246 D GH.MultiCarCxnListener: onCarConnected() on binder thread. instance: pyn@207feea, listener: pxx@dcfed0
02-23 02:12:33.469 11773 32371 D GH.MultiCarCxnListener: onCarConnected() on binder thread. instance: ccnp@6a72ff0, listener: ccpt@2f255ca
02-23 02:12:33.469 12010 12423 D GH.MultiCarCxnListener: onCarConnected() on binder thread. instance: pyn@6f992de, listener: pxx@5a9e0ce
02-23 02:12:33.469 11773 22704 D GH.MultiCarCxnListener: onCarConnected() on binder thread. instance: ccnp@de096c0, listener: ccpt@25d839a
02-23 02:12:33.469 11773 23036 D GH.MultiCarCxnListener: onCarConnected() on binder thread. instance: ccnp@f0edff9, listener: ccpt@f34e24e
02-23 02:12:33.469 11773 17122 D GH.MultiCarCxnListener: onCarConnected() on binder thread. instance: ccnp@c49c197, listener: ccpt@bcbe6f2
02-23 02:12:33.469 11773 11785 D GH.MultiCarCxnListener: onCarConnected() on binder thread. instance: ccnp@265a416, listener: ccpt@c106298
02-23 02:12:33.469 12010 12411 D GH.MultiCarCxnListener: onCarConnected() on binder thread. instance: pyn@8b75cbf, listener: pxx@dd57c47
02-23 02:12:33.469 11773 11773 D CAR.CLIENT: localCarConnectionListener received onCarConnected()
02-23 02:12:33.469 11773 11773 D CAR.CLIENT: localCarConnectionListener received onCarConnected()
02-23 02:12:33.469 11773 11773 D CAR.CLIENT: localCarConnectionListener received onCarConnected()
02-23 02:12:33.469 11773 11773 D CAR.CLIENT: localCarConnectionListener received onCarConnected()
02-23 02:12:33.469 11773 11773 D CAR.CLIENT: localCarConnectionListener received onCarConnected()
02-23 02:12:33.469 11773 11773 D CAR.CLIENT: localCarConnectionListener received onCarConnected()
02-23 02:12:33.469 12010 12411 D GH.MultiCarCxnListener: onCarConnected() on binder thread. instance: pyn@f05db, listener: pxx@3799bc0
02-23 02:12:33.469 12010 12423 D GH.MultiCarCxnListener: onCarConnected() on binder thread. instance: pyn@c3044ce, listener: pxx@789e5c9
02-23 02:12:33.469 12010 12021 D GH.MultiCarCxnListener: onCarConnected() on binder thread. instance: pyn@3ba06d5, listener: pxx@825b569
02-23 02:12:33.469 12010 12021 D GH.MultiCarCxnListener: onCarConnected() on binder thread. instance: pyn@6b805dc, listener: pxx@46eea4f
02-23 02:12:33.469 12010 12021 D GH.MultiCarCxnListener: onCarConnected() on binder thread. instance: pyn@845099, listener: pxx@338e5e0
02-23 02:12:33.469 12010 12423 D GH.MultiCarCxnListener: onCarConnected() on binder thread. instance: pyn@e6e542e, listener: pxx@e8316a9
02-23 02:12:33.469 12010 12021 D GH.MultiCarCxnListener: onCarConnected() on binder thread. instance: pyn@adc721f, listener: pxx@c9a21be
02-23 02:12:33.469 12010 13246 D GH.MultiCarCxnListener: onCarConnected() on binder thread. instance: pyn@9d424d7, listener: pxx@c5a8c56
02-23 02:12:33.470 12010 13246 D GH.MultiCarCxnListener: onCarConnected() on binder thread. instance: pyn@31eee65, listener: pxx@97f6b5c
02-23 02:12:33.470 12010 13246 D GH.MultiCarCxnListener: onCarConnected() on binder thread. instance: pyn@831ba7d, listener: pxx@89bf8d4
02-23 02:12:33.470 12010 12423 D GH.MultiCarCxnListener: onCarConnected() on binder thread. instance: pyn@bd1f26e, listener: pxx@55545e9
02-23 02:12:33.470 12010 13246 D GH.MultiCarCxnListener: onCarConnected() on binder thread. instance: pyn@a1d7c5e, listener: pxx@f320199
02-23 02:12:33.470 11773 17122 D GH.MultiCarCxnListener: onCarConnected() on binder thread. instance: ccnp@62d9f84, listener: ccpt@2cf1e5
02-23 02:12:33.470 11773 22704 D GH.MultiCarCxnListener: onCarConnected() on binder thread. instance: ccnp@2e5cebc, listener: ccpt@e3ef2b4
02-23 02:12:33.470 11773 23036 D GH.MultiCarCxnListener: onCarConnected() on binder thread. instance: ccnp@23e7e45, listener: ccpt@b4dd408
02-23 02:12:33.470 12010 12411 D GH.MultiCarCxnListener: onCarConnected() on binder thread. instance: pyn@da93911, listener: pxx@2e6c538
02-23 02:12:33.470 12010 12703 D GH.MultiCarCxnListener: onCarConnected() on binder thread. instance: pyn@899e474, listener: pxx@5b94447
02-23 02:12:33.470 12010 12022 D GH.MultiCarCxnListener: onCarConnected() on binder thread. instance: pyn@710d083, listener: pxx@e2d2b32
02-23 02:12:33.470 12010 12411 D GH.MultiCarCxnListener: onCarConnected() on binder thread. instance: pyn@27827eb, listener: pxx@5571f3a
02-23 02:12:33.470 12010 12411 D GH.MultiCarCxnListener: onCarConnected() on binder thread. instance: pyn@27827eb, listener: pog@7ddd3e1
02-23 02:12:33.470 11773 23036 D GH.MultiCarCxnListener: onCarConnected() on binder thread. instance: ccnp@81f3954, listener: ccpt@a6ea32
02-23 02:12:33.470 12010 12703 D GH.MultiCarCxnListener: onCarConnected() on binder thread. instance: pyn@275df81, listener: pxx@b5d3f68
02-23 02:12:33.470 11773 23037 D GH.MultiCarCxnListener: onCarConnected() on binder thread. instance: ccnp@3bb30fd, listener: ccpt@cc0f7df
02-23 02:12:33.470 11773 23036 D GH.MultiCarCxnListener: onCarConnected() on binder thread. instance: ccnp@4f21f2, listener: ccpt@ebd2975
02-23 02:12:33.470 11773 22683 D GH.MultiCarCxnListener: onCarConnected() on binder thread. instance: ccnp@d72f99a, listener: ccpt@fd8ae10
02-23 02:12:33.470 12010 12703 D GH.MultiCarCxnListener: onCarConnected() on binder thread. instance: pyn@7ff23d5, listener: pxx@4f2508c
02-23 02:12:33.470 11773 32371 D GH.MultiCarCxnListener: onCarConnected() on binder thread. instance: ccnp@91d62cb, listener: ccpt@7c58b23
02-23 02:12:33.470 11773 13849 D GH.MultiCarCxnListener: onCarConnected() on binder thread. instance: ccnp@99f1aa8, listener: ccpt@c4ef6a9
02-23 02:12:33.470 11773 11773 D CAR.CLIENT: localCarConnectionListener received onCarConnected()
02-23 02:12:33.470 11773 11786 D GH.MultiCarCxnListener: onCarConnected() on binder thread. instance: ccnp@8cdb9c1, listener: ccpt@ac89748
02-23 02:12:33.470 12010 13147 D GH.MultiCarCxnListener: onCarConnected() on binder thread. instance: pyn@5023de7, listener: pxx@a290424
02-23 02:12:33.470 11773 11773 D CAR.CLIENT: localCarConnectionListener received onCarConnected()
02-23 02:12:33.470 11773 11773 D CAR.CLIENT: localCarConnectionListener received onCarConnected()
02-23 02:12:33.470 11773 11773 D CAR.CLIENT: localCarConnectionListener received onCarConnected()
02-23 02:12:33.470 11773 11773 D CAR.CLIENT: localCarConnectionListener received onCarConnected()
02-23 02:12:33.470 11773 11773 D CAR.CLIENT: localCarConnectionListener received onCarConnected()
02-23 02:12:33.470 11773 11773 D CAR.CLIENT: localCarConnectionListener received onCarConnected()
02-23 02:12:33.470 11773 11786 D GH.MultiCarCxnListener: onCarConnected() on binder thread. instance: ccnp@5296b3e, listener: ccpt@7cbec13
02-23 02:12:33.470 11773 11773 D CAR.CLIENT: localCarConnectionListener received onCarConnected()
02-23 02:12:33.470 11773 11773 D CAR.CLIENT: localCarConnectionListener received onCarConnected()
02-23 02:12:33.470 11773 22683 D GH.MultiCarCxnListener: onCarConnected() on binder thread. instance: ccnp@1356043, listener: ccpt@b2e9a42
02-23 02:12:33.470 11773 11773 D CAR.CLIENT: localCarConnectionListener received onCarConnected()
02-23 02:12:33.470 11773 11773 D CAR.CLIENT: localCarConnectionListener received onCarConnected()
02-23 02:12:33.470 11773 11773 D CAR.CLIENT: localCarConnectionListener received onCarConnected()
02-23 02:12:33.470 11773 11773 D CAR.CLIENT: localCarConnectionListener received onCarConnected()
02-23 02:12:33.470 11773 11773 D CAR.CLIENT: localCarConnectionListener received onCarConnected()
02-23 02:12:33.470 11773 13849 D GH.MultiCarCxnListener: onCarConnected() on binder thread. instance: ccnp@143bd9f, listener: ccpt@563e458
02-23 02:12:33.470 12010 13147 D GH.MultiCarCxnListener: onCarConnected() on binder thread. instance: pyn@b8cbf9c, listener: pxx@e9f730f
02-23 02:12:33.470 12010 12423 D GH.MultiCarCxnListener: onCarConnected() on binder thread. instance: pyn@7aba3d5, listener: pxx@d80d08c
02-23 02:12:33.470 11773 11773 D CAR.CLIENT: localCarConnectionListener received onCarConnected()
02-23 02:12:33.470 11773 11773 D CAR.CLIENT: localCarConnectionListener received onCarConnected()
02-23 02:12:33.470 12010 12022 D GH.MultiCarCxnListener: onCarConnected() on binder thread. instance: pyn@281b8b9, listener: pxx@9e85a80
02-23 02:12:33.470 11773 11773 D CAR.CLIENT: localCarConnectionListener received onCarConnected()
02-23 02:12:33.470 11773 11773 D CAR.CLIENT: localCarConnectionListener received onCarConnected()
02-23 02:12:33.470 11773 11773 D CAR.CLIENT: localCarConnectionListener received onCarConnected()
02-23 02:12:33.470 12010 13147 D GH.MultiCarCxnListener: onCarConnected() on binder thread. instance: pyn@6d05bad, listener: pxx@6d8a0c4
02-23 02:12:33.470 12010 12021 D GH.MultiCarCxnListener: onCarConnected() on binder thread. instance: pyn@f10f842, listener: pxx@5c02e8d
02-23 02:12:33.470 11773 13849 D GH.MultiCarCxnListener: onCarConnected() on binder thread. instance: ccnp@e227dd8, listener: ccpt@3ec9e10
02-23 02:12:33.470 11773 11773 D CAR.CLIENT: localCarConnectionListener received onCarConnected()
02-23 02:12:33.470 11773 22683 D GH.MultiCarCxnListener: onCarConnected() on binder thread. instance: ccnp@1ccfd4a, listener: ccpt@30ad918
02-23 02:12:33.470 11773 11773 D CAR.CLIENT: localCarConnectionListener received onCarConnected()
02-23 02:12:33.470 11773 13849 D GH.MultiCarCxnListener: onCarConnected() on binder thread. instance: ccnp@ab094bb, listener: ccpt@e2aa502
02-23 02:12:33.470 11773 11773 D CAR.CLIENT: localCarConnectionListener received onCarConnected()
02-23 02:12:33.470 11773 14136 D GH.MultiCarCxnListener: onCarConnected() on binder thread. instance: ccnp@a771566, listener: ccpt@b8c347e
02-23 02:12:33.470 11773 11773 D CAR.CLIENT: localCarConnectionListener received onCarConnected()
02-23 02:12:33.470 11773 11786 D GH.MultiCarCxnListener: onCarConnected() on binder thread. instance: ccnp@5985eec, listener: ccpt@fa02c00
02-23 02:12:33.470 11773 22683 D GH.MultiCarCxnListener: onCarConnected() on binder thread. instance: ccnp@55482b5, listener: ccpt@9270fc9
02-23 02:12:33.470 11773 14136 D GH.MultiCarCxnListener: onCarConnected() on binder thread. instance: ccnp@e5e7147, listener: ccpt@8058486
02-23 02:12:33.470 11773 11785 D GH.MultiCarCxnListener: onCarConnected() on binder thread. instance: ccnp@9a1428e, listener: ccpt@adfb41
02-23 02:12:33.470 11773 11786 D GH.MultiCarCxnListener: onCarConnected() on binder thread. instance: ccnp@a604fe6, listener: ccpt@6a9901b
02-23 02:12:33.470 12010 12411 D GH.MultiCarCxnListener: onCarConnected() on binder thread. instance: pyn@f74b8ff, listener: pxx@d9db81e
02-23 02:12:33.471 12010 13147 D GH.MultiCarCxnListener: onCarConnected() on binder thread. instance: pyn@6989166, listener: pxx@ad7a5c1
02-23 02:12:33.471 12010 13147 D GH.MultiCarCxnListener: onCarConnected() on binder thread. instance: pyn@94828ee, listener: pxx@b804669
02-23 02:12:33.471 19618 19618 I CAR.CAM : New task CarActivityTask{#99: mRoot=com.google.android.apps.maps/com.google.android.apps.gmm.car.GmmCarProjectionService, activity count=0}
02-23 02:12:33.471 12010 12010 I CAR.TOKEN: Successfully connected pyj@646218f using class pye@112537732/class pyh@216069783 (cx attempt 73)
02-23 02:12:33.471 12010 12010 D CAR.CLIENT: Registering CarConnectionListener jhf@99c310c with multiplex listener pyn@94828ee
02-23 02:12:33.471 12010 12010 D GH.MultiCarCxnListener: Registering listener. instance: pyn@94828ee, listener: jhf@99c310c
02-23 02:12:33.471 12010 12010 D GH.CarClientManager: CarConnectionListener onConnected(). isProjected: true
02-23 02:12:33.471 12010 12010 I GH.CarClientManager: Received onConnected callback, but ignoring since lifecycle will inform us of car connection
02-23 02:12:33.471 11773 11785 D GH.MultiCarCxnListener: onCarConnected() on binder thread. instance: ccnp@cca64cc, listener: ccpt@244aeff
02-23 02:12:33.471 12010 12021 D GH.MultiCarCxnListener: onCarConnected() on binder thread. instance: pyn@4a137fb, listener: pxx@cd9258a
02-23 02:12:33.471 12010 12022 D GH.MultiCarCxnListener: onCarConnected() on binder thread. instance: pyn@cb42e6e, listener: pxx@7aaf1e9
02-23 02:12:33.471 12010 12010 W CAR.TOKEN: Not allowing logging client connection event
02-23 02:12:33.471 12010 12703 D GH.MultiCarCxnListener: onCarConnected() on binder thread. instance: pyn@939c38f, listener: pxx@b1d12ee
02-23 02:12:33.471 11773 22683 D GH.MultiCarCxnListener: onCarConnected() on binder thread. instance: ccnp@a55e0cb, listener: ccpt@266af9a
02-23 02:12:33.471 12010 22046 D GH.MultiCarCxnListener: onCarConnected() on binder thread. instance: pyn@f8062c4, listener: pxx@c6c89d7
02-23 02:12:33.471 12010 14722 D GH.MultiCarCxnListener: onCarConnected() on binder thread. instance: pyn@5e24d60, listener: pxx@9214970
02-23 02:12:33.471 12010 12423 D GH.MultiCarCxnListener: onCarConnected() on binder thread. instance: pyn@ebd94f5, listener: pxx@d522c
02-23 02:12:33.471 12010 13246 D GH.MultiCarCxnListener: onCarConnected() on binder thread. instance: pyn@b41623e, listener: pxx@54052f9
02-23 02:12:33.471 12010 13254 D GH.MultiCarCxnListener: onCarConnected() on binder thread. instance: pyn@fd22ea2, listener: pxx@a44c26d
02-23 02:12:33.471 11773 13849 D GH.MultiCarCxnListener: onCarConnected() on binder thread. instance: ccnp@4179531, listener: ccpt@ef45325
02-23 02:12:33.471 12010  8916 D GH.MultiCarCxnListener: onCarConnected() on binder thread. instance: pyn@b4fd3f8, listener: pxx@8c2ef5b
02-23 02:12:33.471 11773 11773 D CAR.CLIENT: localCarConnectionListener received onCarConnected()
02-23 02:12:33.471 11773 11773 D CAR.CLIENT: localCarConnectionListener received onCarConnected()
02-23 02:12:33.471 11773 14136 D GH.MultiCarCxnListener: onCarConnected() on binder thread. instance: ccnp@7677b32, listener: ccpt@984273d
02-23 02:12:33.472 12010 14725 D GH.MultiCarCxnListener: onCarConnected() on binder thread. instance: pyn@1ab217, listener: pxx@d1a0696
02-23 02:12:33.472 12010 21600 D GH.MultiCarCxnListener: onCarConnected() on binder thread. instance: pyn@459fa3b, listener: pxx@b4e88ca
02-23 02:12:33.472 12010 12010 D CAR.CLIENT: localCarConnectionListener received onCarConnected()
02-23 02:12:33.472 12010 12010 D CAR.CLIENT: localCarConnectionListener received onCarConnected()
02-23 02:12:33.472 12010 12010 D CAR.CLIENT: localCarConnectionListener received onCarConnected()
02-23 02:12:33.472 12010 12010 D CAR.CLIENT: localCarConnectionListener received onCarConnected()
02-23 02:12:33.472 12010 12010 D CAR.CLIENT: localCarConnectionListener received onCarConnected()
02-23 02:12:33.472 12010 12010 D CAR.CLIENT: localCarConnectionListener received onCarConnected()
02-23 02:12:33.472 12010 12010 D CAR.CLIENT: localCarConnectionListener received onCarConnected()
02-23 02:12:33.472 12010 12010 D CAR.CLIENT: localCarConnectionListener received onCarConnected()
02-23 02:12:33.472 12010 12010 D CAR.CLIENT: localCarConnectionListener received onCarConnected()
02-23 02:12:33.472 12010 12010 D CAR.CLIENT: localCarConnectionListener received onCarConnected()
02-23 02:12:33.472 12010 12010 D CAR.CLIENT: localCarConnectionListener received onCarConnected()
02-23 02:12:33.472 11773 11773 D CAR.CLIENT: localCarConnectionListener received onCarConnected()
02-23 02:12:33.472 12010 12010 D CAR.CLIENT: localCarConnectionListener received onCarConnected()
02-23 02:12:33.472 12010 12010 D CAR.CLIENT: localCarConnectionListener received onCarConnected()
02-23 02:12:33.472 12010 12010 D CAR.CLIENT: localCarConnectionListener received onCarConnected()
02-23 02:12:33.472 11773 11773 D CAR.CLIENT: localCarConnectionListener received onCarConnected()
02-23 02:12:33.472 12010 12010 D CAR.CLIENT: localCarConnectionListener received onCarConnected()
02-23 02:12:33.472 11773 11773 D CAR.CLIENT: localCarConnectionListener received onCarConnected()
02-23 02:12:33.472 12010 12010 D CAR.CLIENT: localCarConnectionListener received onCarConnected()
02-23 02:12:33.472 11773 11773 D CAR.CLIENT: localCarConnectionListener received onCarConnected()
02-23 02:12:33.472 12010 12010 D CAR.CLIENT: localCarConnectionListener received onCarConnected()
02-23 02:12:33.472 11773 11773 D CAR.CLIENT: localCarConnectionListener received onCarConnected()
02-23 02:12:33.472 11773 11773 D CAR.CLIENT: localCarConnectionListener received onCarConnected()
02-23 02:12:33.472 12010 12010 D CAR.CLIENT: localCarConnectionListener received onCarConnected()
02-23 02:12:33.472 11773 11773 D CAR.CLIENT: localCarConnectionListener received onCarConnected()
02-23 02:12:33.472 12010 12010 D CAR.CLIENT: localCarConnectionListener received onCarConnected()
02-23 02:12:33.472 12010 12010 D CAR.CLIENT: localCarConnectionListener received onCarConnected()
02-23 02:12:33.472 12010 12010 D CAR.CLIENT: localCarConnectionListener received onCarConnected()
02-23 02:12:33.472 12010 12010 D CAR.CLIENT: localCarConnectionListener received onCarConnected()
02-23 02:12:33.472 12010 12010 D CAR.CLIENT: localCarConnectionListener received onCarConnected()
02-23 02:12:33.472 12010 12010 D CAR.CLIENT: localCarConnectionListener received onCarConnected()
02-23 02:12:33.472 12010 12010 D CAR.CLIENT: localCarConnectionListener received onCarConnected()
02-23 02:12:33.472 12010 12010 D CAR.CLIENT: localCarConnectionListener received onCarConnected()
02-23 02:12:33.472 12010 12010 D CAR.CLIENT: localCarConnectionListener received onCarConnected()
02-23 02:12:33.472 12010 12010 D CAR.CLIENT: localCarConnectionListener received onCarConnected()
02-23 02:12:33.472 12010 12010 D CAR.CLIENT: localCarConnectionListener received onCarConnected()
02-23 02:12:33.472 12010 12010 D CAR.CLIENT: localCarConnectionListener received onCarConnected()
02-23 02:12:33.472 12010 12010 D CAR.CLIENT: localCarConnectionListener received onCarConnected()
02-23 02:12:33.472 12010 12010 D CAR.CLIENT: localCarConnectionListener received onCarConnected()
02-23 02:12:33.472 19618 19618 I CAR.CAM : CarActivityManager enabled for: GmmCarProjectionService, lifetime-aware: true
02-23 02:12:33.472 12010 12010 D CAR.CLIENT: localCarConnectionListener received onCarConnected()
02-23 02:12:33.472 12010 12010 D CAR.CLIENT: localCarConnectionListener received onCarConnected()
02-23 02:12:33.472 12010 12010 D CAR.CLIENT: localCarConnectionListener received onCarConnected()
02-23 02:12:33.472 12010 12010 D CAR.CLIENT: localCarConnectionListener received onCarConnected()
02-23 02:12:33.472 12010 12010 D CAR.CLIENT: localCarConnectionListener received onCarConnected()
02-23 02:12:33.472 12010 12010 D CAR.CLIENT: localCarConnectionListener received onCarConnected()
02-23 02:12:33.472 12010 12010 D CAR.CLIENT: localCarConnectionListener received onCarConnected()
02-23 02:12:33.472 12010 12010 D CAR.CLIENT: localCarConnectionListener received onCarConnected()
02-23 02:12:33.472 12010 12010 D CAR.CLIENT: localCarConnectionListener received onCarConnected()
02-23 02:12:33.472 12010 12010 D CAR.CLIENT: localCarConnectionListener received onCarConnected()
02-23 02:12:33.472 12010 12010 D CAR.CLIENT: localCarConnectionListener received onCarConnected()
02-23 02:12:33.472 12010 12010 D CAR.CLIENT: localCarConnectionListener received onCarConnected()
02-23 02:12:33.472 12010 12010 D CAR.CLIENT: localCarConnectionListener received onCarConnected()
02-23 02:12:33.472 12010 12010 D CAR.CLIENT: localCarConnectionListener received onCarConnected()
02-23 02:12:33.472 12010 12010 D CAR.CLIENT: localCarConnectionListener received onCarConnected()
02-23 02:12:33.472 12010 12010 D CAR.CLIENT: localCarConnectionListener received onCarConnected()
02-23 02:12:33.472 12010 12010 D CAR.CLIENT: localCarConnectionListener received onCarConnected()
02-23 02:12:33.472 12010 12010 D CAR.CLIENT: localCarConnectionListener received onCarConnected()
02-23 02:12:33.472 12010 12010 D CAR.CLIENT: localCarConnectionListener received onCarConnected()
02-23 02:12:33.472 12010 12010 D CAR.CLIENT: localCarConnectionListener received onCarConnected()
02-23 02:12:33.472 12010 12010 D CAR.CLIENT: localCarConnectionListener received onCarConnected()
02-23 02:12:33.472 12010 12010 D CAR.CLIENT: localCarConnectionListener received onCarConnected()
02-23 02:12:33.472 12010 12010 D CAR.CLIENT: localCarConnectionListener received onCarConnected()
02-23 02:12:33.472 12010 12010 D CAR.CLIENT: localCarConnectionListener received onCarConnected()
02-23 02:12:33.472 12010 12010 D CAR.CLIENT: localCarConnectionListener received onCarConnected()
02-23 02:12:33.472 12010 12010 D CAR.CLIENT: localCarConnectionListener received onCarConnected()
02-23 02:12:33.472 12010 12010 D CAR.CLIENT: localCarConnectionListener received onCarConnected()
02-23 02:12:33.472 12010 12010 D CAR.CLIENT: localCarConnectionListener received onCarConnected()
02-23 02:12:33.472 12010 12010 D CAR.CLIENT: localCarConnectionListener received onCarConnected()
02-23 02:12:33.472 12010 12010 D CAR.CLIENT: localCarConnectionListener received onCarConnected()
02-23 02:12:33.472 12010 12010 D CAR.CLIENT: localCarConnectionListener received onCarConnected()
02-23 02:12:33.473 12010 12010 D CAR.CLIENT: localCarConnectionListener received onCarConnected()
02-23 02:12:33.473 12010 12010 D CAR.CLIENT: localCarConnectionListener received onCarConnected()
02-23 02:12:33.473 12010 12010 D CAR.CLIENT: localCarConnectionListener received onCarConnected()
02-23 02:12:33.473 12010 12010 D CAR.CLIENT: localCarConnectionListener received onCarConnected()
02-23 02:12:33.473 12010 12010 D CAR.CLIENT: localCarConnectionListener received onCarConnected()
02-23 02:12:33.473 12010 12010 D CAR.CLIENT: localCarConnectionListener received onCarConnected()
