02-23 02:12:09.080 12010 13233 D GH.MultiCarCxnListener: onCarDisconnected() on binder thread. instance: pyn@e9f5b71, listener: pxx@cf07518
02-23 02:12:09.080 12010 22046 D GH.MultiCarCxnListener: onCarDisconnected() on binder thread. instance: pyn@3f09c7a, listener: pxx@492db1a
02-23 02:12:09.080 12010 14725 D GH.MultiCarCxnListener: onCarDisconnected() on binder thread. instance: pyn@24118ff, listener: qho@b20db2a
02-23 02:12:09.080 12010 14725 D GH.MultiCarCxnListener: onCarDisconnected() on binder thread. instance: pyn@24118ff, listener: pxx@cc13eb8
02-23 02:12:09.080 12010 12022 D GH.MultiCarCxnListener: onCarDisconnected() on binder thread. instance: pyn@813958, listener: pxx@8680146
02-23 02:12:09.080 11773 11773 D CAR.PROJECTION.CAHI: null.onDisconnected()
02-23 02:12:09.080 11773 11773 D CAR.PROJECTION.CAHI: null.finish()
02-23 02:12:09.080 12010 13246 D GH.MultiCarCxnListener: onCarDisconnected() on binder thread. instance: pyn@8803459, listener: qho@e870982
02-23 02:12:09.080 11773 11773 D CAR.PROJECTION.CAHI: Already finishing null, ignoring duplicate finish
02-23 02:12:09.080 11773 11773 D CAR.CLIENT: localCarConnectionListener received onCarDisconnected()
02-23 02:12:09.080 12010 13246 D GH.MultiCarCxnListener: onCarDisconnected() on binder thread. instance: pyn@8803459, listener: pxx@e07a5ea
02-23 02:12:09.080 11773 11773 D CAR.CLIENT: tearDownProjectionSessionState() ccqr@a420bd6
02-23 02:12:09.080 11773 11773 D CAR.CLIENT: tearDownCarManagers() ccqr@a420bd6
02-23 02:12:09.080 19618 19618 I CAR.SYS : Successfully released automotive projection.
02-23 02:12:09.080 12010  8916 D GH.MultiCarCxnListener: onCarDisconnected() on binder thread. instance: pyn@5256177, listener: pxx@5ae5776
02-23 02:12:09.080 12010 12411 D GH.MultiCarCxnListener: onCarDisconnected() on binder thread. instance: pyn@9eccb22, listener: pxx@30fd487
02-23 02:12:09.080 12010 12010 D CAR.CLIENT: tearDownProjectionSessionState() pyt@9f1dead
02-23 02:12:09.080 12010 12010 D CAR.CLIENT: tearDownCarManagers() pyt@9f1dead
02-23 02:12:09.080  8910  8910 D CAR.CLIENT: localCarConnectionListener received onCarDisconnected()
02-23 02:12:09.080  8910  8910 D CAR.CLIENT: tearDownProjectionSessionState() pye@edca9
02-23 02:12:09.080  8910  8910 D CAR.CLIENT: tearDownCarManagers() pye@edca9
02-23 02:12:09.080 12010 12010 D CAR.CLIENT: localCarConnectionListener received onCarDisconnected()
02-23 02:12:09.080  8910  8910 D CAR.CLIENT: localCarConnectionListener received onCarDisconnected()
02-23 02:12:09.080 12010 12010 D CAR.CLIENT: tearDownProjectionSessionState() pye@469d35c
02-23 02:12:09.080  8910  8910 D CAR.CLIENT: tearDownProjectionSessionState() pye@4ff60a0
02-23 02:12:09.080 12010 12010 D CAR.CLIENT: tearDownCarManagers() pye@469d35c
02-23 02:12:09.080  8910  8910 D CAR.CLIENT: tearDownCarManagers() pye@4ff60a0
02-23 02:12:09.080 12010 12010 D CAR.PROJECTION.CAHI: null.onDisconnected()
02-23 02:12:09.080  8910  8910 D CAR.CLIENT: localCarConnectionListener received onCarDisconnected()
02-23 02:12:09.080 12010 12010 D CAR.PROJECTION.CAHI: null.finish()
02-23 02:12:09.080  8910  8910 D CAR.CLIENT: tearDownProjectionSessionState() pye@1da782a
02-23 02:12:09.080  8910  8910 D CAR.CLIENT: tearDownCarManagers() pye@1da782a
02-23 02:12:09.080 12010 12010 D CAR.PROJECTION.CAHI: Already finishing null, ignoring duplicate finish
02-23 02:12:09.080  3048  3088 I CDM_DevicePresenceProcessor: Enable hint mode for device device profile: android.app.role.SYSTEM_AUTOMOTIVE_PROJECTION
02-23 02:12:09.080 12010 12010 D CAR.CLIENT: localCarConnectionListener received onCarDisconnected()
02-23 02:12:09.080  8910  8910 D CAR.CLIENT: localCarConnectionListener received onCarDisconnected()
02-23 02:12:09.080 12010 12010 D CAR.CLIENT: tearDownProjectionSessionState() pyt@4b6a26b
02-23 02:12:09.080  8910  8910 D CAR.CLIENT: tearDownProjectionSessionState() pye@8a8f8ff
02-23 02:12:09.080 12010 12010 D CAR.CLIENT: tearDownCarManagers() pyt@4b6a26b
02-23 02:12:09.080  8910  8910 D CAR.CLIENT: tearDownCarManagers() pye@8a8f8ff
02-23 02:12:09.080 12010 12010 D CAR.CLIENT: localCarConnectionListener received onCarDisconnected()
02-23 02:12:09.080  8910  8910 D CAR.CLIENT.PLS: Projection teardown
02-23 02:12:09.080 12010 12010 D CAR.CLIENT: tearDownProjectionSessionState() pye@297f879
02-23 02:12:09.080 12010 12010 D CAR.CLIENT: tearDownCarManagers() pye@297f879
02-23 02:12:09.081 12010 12010 D CAR.CLIENT: localCarConnectionListener received onCarDisconnected()
02-23 02:12:09.081  8910  8910 D CAR.CLIENT.PLS: Projection unlinkToDeath true
02-23 02:12:09.081 12010 12010 D CAR.CLIENT: tearDownProjectionSessionState() pye@a5157c7
02-23 02:12:09.081 12010 12010 D CAR.CLIENT: tearDownCarManagers() pye@a5157c7
02-23 02:12:09.081 12010 12010 D CAR.CLIENT: localCarConnectionListener received onCarDisconnected()
02-23 02:12:09.081 12010 12010 D CAR.CLIENT: tearDownProjectionSessionState() pye@31041d
02-23 02:12:09.081 12010 12010 D CAR.CLIENT: tearDownCarManagers() pye@31041d
02-23 02:12:09.081 12010 12010 D CAR.CLIENT: localCarConnectionListener received onCarDisconnected()
02-23 02:12:09.081 12010 12010 D CAR.CLIENT: tearDownProjectionSessionState() pye@da198e7
02-23 02:12:09.081 12010 12010 D CAR.CLIENT: tearDownCarManagers() pye@da198e7
02-23 02:12:09.081 12010 12010 D CAR.PROJECTION.CAHI: null.onDisconnected()
02-23 02:12:09.081 12010 12010 D CAR.PROJECTION.CAHI: null.finish()
02-23 02:12:09.081 12010 27844 D GH.MultiCarCxnListener: onCarDisconnected() on binder thread. instance: pyn@e0c1ce6, listener: pxx@ca51dc4
02-23 02:12:09.081 12010 12010 D CAR.PROJECTION.CAHI: Already finishing null, ignoring duplicate finish
02-23 02:12:09.081 12010 12010 D CAR.CLIENT: localCarConnectionListener received onCarDisconnected()
02-23 02:12:09.081 12010 12010 D CAR.CLIENT: tearDownProjectionSessionState() pyt@4a11f3a
02-23 02:12:09.081 12010 12010 D CAR.CLIENT: tearDownCarManagers() pyt@4a11f3a
02-23 02:12:09.081 12010 12010 D CAR.PROJECTION.CAHI: null.onDisconnected()
02-23 02:12:09.081 12010 12010 D CAR.PROJECTION.CAHI: null.finish()
02-23 02:12:09.081 12010 12010 D CAR.PROJECTION.CAHI: Already finishing null, ignoring duplicate finish
02-23 02:12:09.081 12010 12010 D CAR.CLIENT: localCarConnectionListener received onCarDisconnected()
02-23 02:12:09.081 12010 12010 D CAR.CLIENT: tearDownProjectionSessionState() pyt@4161e19
02-23 02:12:09.081 12010 12010 D CAR.CLIENT: tearDownCarManagers() pyt@4161e19
02-23 02:12:09.081 12010 12010 D CAR.CLIENT: localCarConnectionListener received onCarDisconnected()
02-23 02:12:09.081 12010 12010 D CAR.CLIENT: tearDownProjectionSessionState() pye@101a963
02-23 02:12:09.081 12010 12010 D CAR.CLIENT: tearDownCarManagers() pye@101a963
02-23 02:12:09.081 12010 12010 D CAR.CLIENT: localCarConnectionListener received onCarDisconnected()
02-23 02:12:09.081 12010 12010 D CAR.CLIENT: tearDownProjectionSessionState() pye@4b97dcf
02-23 02:12:09.081 12010 12010 D CAR.CLIENT: tearDownCarManagers() pye@4b97dcf
02-23 02:12:09.081 12010 12010 D CAR.CLIENT: localCarConnectionListener received onCarDisconnected()
02-23 02:12:09.081 12010 12010 D CAR.CLIENT: tearDownProjectionSessionState() pye@49d3665
02-23 02:12:09.081 12010 12010 D CAR.CLIENT: tearDownCarManagers() pye@49d3665
02-23 02:12:09.081 12010 12010 D CAR.CLIENT: localCarConnectionListener received onCarDisconnected()
02-23 02:12:09.081 12010 12010 D CAR.CLIENT: tearDownProjectionSessionState() pye@a2ff0b0
02-23 02:12:09.081 12010 12010 D CAR.CLIENT: tearDownCarManagers() pye@a2ff0b0
02-23 02:12:09.081 12010 12010 D CAR.CLIENT: localCarConnectionListener received onCarDisconnected()
02-23 02:12:09.081 12010 12010 D CAR.CLIENT: tearDownProjectionSessionState() pye@9eb6561
02-23 02:12:09.081 12010 12010 D CAR.CLIENT: tearDownCarManagers() pye@9eb6561
02-23 02:12:09.081 12010 12010 D CAR.CLIENT: localCarConnectionListener received onCarDisconnected()
02-23 02:12:09.081 12010 12010 D CAR.CLIENT: tearDownProjectionSessionState() pye@feb7c35
02-23 02:12:09.081 12010 12010 D CAR.CLIENT: tearDownCarManagers() pye@feb7c35
02-23 02:12:09.081 12010 12010 D CAR.CLIENT: localCarConnectionListener received onCarDisconnected()
02-23 02:12:09.081 12010 12010 D CAR.CLIENT: tearDownProjectionSessionState() pye@5798651
02-23 02:12:09.081 12010 12010 D CAR.CLIENT: tearDownCarManagers() pye@5798651
02-23 02:12:09.081 12010 12010 D CAR.CLIENT: localCarConnectionListener received onCarDisconnected()
02-23 02:12:09.081 12010 12021 D GH.MultiCarCxnListener: onCarDisconnected() on binder thread. instance: pyn@a707903, listener: pxx@7deeafe
02-23 02:12:09.081 12010 21600 D GH.MultiCarCxnListener: onCarDisconnected() on binder thread. instance: pyn@8ed2172, listener: pxx@aa239f9
02-23 02:12:09.081 19618 19618 I CAR.CAM : makeBackground for component ComponentInfo{com.google.android.apps.maps/com.google.android.apps.gmm.car.GmmCarProjectionService}
02-23 02:12:09.082 19618 19618 I CAR.CAM : Unbinding from GmmCarProjectionService
02-23 02:12:09.082 12010 12010 D CAR.CLIENT: tearDownProjectionSessionState() pye@5198e19
02-23 02:12:09.082 12010 12010 D CAR.CLIENT: tearDownCarManagers() pye@5198e19
02-23 02:12:09.082 12010 12010 D CAR.CLIENT: localCarConnectionListener received onCarDisconnected()
02-23 02:12:09.082 12010 12010 D CAR.CLIENT: tearDownProjectionSessionState() pye@5a64b3e
02-23 02:12:09.082 12010 12010 D CAR.CLIENT: tearDownCarManagers() pye@5a64b3e
02-23 02:12:09.082 12010 12010 D CAR.CLIENT: localCarConnectionListener received onCarDisconnected()
02-23 02:12:09.082 12010 12010 D CAR.CLIENT: tearDownProjectionSessionState() pye@81f590e
02-23 02:12:09.082 12010 12010 D CAR.CLIENT: tearDownCarManagers() pye@81f590e
02-23 02:12:09.082 12010 12010 D CAR.CLIENT: localCarConnectionListener received onCarDisconnected()
02-23 02:12:09.082 12010 12010 D CAR.CLIENT: tearDownProjectionSessionState() pye@30ea960
02-23 02:12:09.082 12010 12010 D CAR.CLIENT: tearDownCarManagers() pye@30ea960
02-23 02:12:09.082 12010 12010 D CAR.CLIENT: localCarConnectionListener received onCarDisconnected()
02-23 02:12:09.083 12010 12010 D CAR.CLIENT: tearDownProjectionSessionState() pye@1fcaea
02-23 02:12:09.083 12010 12010 D CAR.CLIENT: tearDownCarManagers() pye@1fcaea
02-23 02:12:09.083 12010 12010 D CAR.CLIENT: localCarConnectionListener received onCarDisconnected()
02-23 02:12:09.083 12010 12010 D CAR.CLIENT: tearDownProjectionSessionState() pye@f10dc9b
02-23 02:12:09.083 12010 12010 D CAR.CLIENT: tearDownCarManagers() pye@f10dc9b
02-23 02:12:09.083 12010 12010 D CAR.PROJECTION.CAHI: null.onDisconnected()
02-23 02:12:09.083 12010 12010 D CAR.PROJECTION.CAHI: null.finish()
02-23 02:12:09.083 12010 12010 D CAR.PROJECTION.CAHI: Already finishing null, ignoring duplicate finish
02-23 02:12:09.083 12010 12010 D CAR.CLIENT: localCarConnectionListener received onCarDisconnected()
02-23 02:12:09.083 12010 12010 D CAR.CLIENT: tearDownProjectionSessionState() pyt@3c7882c
02-23 02:12:09.083 12010 12010 D CAR.CLIENT: tearDownCarManagers() pyt@3c7882c
02-23 02:12:09.083 12010 12010 D CAR.CLIENT: localCarConnectionListener received onCarDisconnected()
02-23 02:12:09.083 12010 12010 D CAR.CLIENT: tearDownProjectionSessionState() pye@fc0d1db
02-23 02:12:09.083 12010 12010 D CAR.CLIENT: tearDownCarManagers() pye@fc0d1db
02-23 02:12:09.083 12010 12010 D CAR.CLIENT: localCarConnectionListener received onCarDisconnected()
02-23 02:12:09.083 12010 12010 D CAR.CLIENT: tearDownProjectionSessionState() pye@d2bf2d5
02-23 02:12:09.083 12010 12010 D CAR.CLIENT: tearDownCarManagers() pye@d2bf2d5
02-23 02:12:09.083 12010 12010 D CAR.CLIENT: localCarConnectionListener received onCarDisconnected()
02-23 02:12:09.083 12010 12010 D CAR.CLIENT: tearDownProjectionSessionState() pye@af1f506
02-23 02:12:09.083 12010 12010 D CAR.CLIENT: tearDownCarManagers() pye@af1f506
02-23 02:12:09.083 12010 12010 D CAR.PROJECTION.CAHI: null.onDisconnected()
02-23 02:12:09.083 12010 12010 D CAR.PROJECTION.CAHI: null.finish()
02-23 02:12:09.083 12010 12010 D CAR.PROJECTION.CAHI: Already finishing null, ignoring duplicate finish
02-23 02:12:09.083 12010 12010 D CAR.CLIENT: localCarConnectionListener received onCarDisconnected()
02-23 02:12:09.083 12010 12010 D CAR.CLIENT: tearDownProjectionSessionState() pye@16dffd
02-23 02:12:09.083 12010 12010 D CAR.CLIENT: tearDownCarManagers() pye@16dffd
02-23 02:12:09.083 12010 12010 D CAR.CLIENT: localCarConnectionListener received onCarDisconnected()
02-23 02:12:09.083 12010 12010 D CAR.CLIENT: tearDownProjectionSessionState() pye@17843c2
02-23 02:12:09.083 12010 12010 D CAR.CLIENT: tearDownCarManagers() pye@17843c2
02-23 02:12:09.083 12010 12010 D CAR.CLIENT: localCarConnectionListener received onCarDisconnected()
02-23 02:12:09.083 12010 12010 D CAR.CLIENT: tearDownProjectionSessionState() pye@4e37960
02-23 02:12:09.083 12010 12010 D CAR.CLIENT: tearDownCarManagers() pye@4e37960
02-23 02:12:09.083 12010 12010 D CAR.CLIENT: localCarConnectionListener received onCarDisconnected()
02-23 02:12:09.083 12010 12010 D CAR.CLIENT: tearDownProjectionSessionState() pye@aec9ede
02-23 02:12:09.083 12010 12010 D CAR.CLIENT: tearDownCarManagers() pye@aec9ede
02-23 02:12:09.083 12010 12010 D CAR.CLIENT: localCarConnectionListener received onCarDisconnected()
02-23 02:12:09.083 12010 12010 D CAR.CLIENT: tearDownProjectionSessionState() pye@cdb78bf
02-23 02:12:09.083 12010 12010 D CAR.CLIENT: tearDownCarManagers() pye@cdb78bf
02-23 02:12:09.083 12010 12010 D CAR.CLIENT: localCarConnectionListener received onCarDisconnected()
02-23 02:12:09.083 12010 12010 D CAR.CLIENT: tearDownProjectionSessionState() pye@8a4fb8c
02-23 02:12:09.083 12010 12010 D CAR.CLIENT: tearDownCarManagers() pye@8a4fb8c
02-23 02:12:09.083 12010 12010 D CAR.CLIENT: localCarConnectionListener received onCarDisconnected()
02-23 02:12:09.083 12010 12010 D CAR.CLIENT: tearDownProjectionSessionState() pye@ec891da
02-23 02:12:09.083 12010 12010 D CAR.CLIENT: tearDownCarManagers() pye@ec891da
02-23 02:12:09.083 12010 12010 D CAR.PROJECTION.CAHI: null.onDisconnected()
02-23 02:12:09.083 12010 12010 D CAR.PROJECTION.CAHI: null.finish()
02-23 02:12:09.083 12010 12010 D CAR.PROJECTION.CAHI: Already finishing null, ignoring duplicate finish
02-23 02:12:09.083 12010 12010 D CAR.CLIENT: localCarConnectionListener received onCarDisconnected()
02-23 02:12:09.083 12010 12010 D CAR.CLIENT: tearDownProjectionSessionState() pyt@af6cb8c
02-23 02:12:09.083 12010 12010 D CAR.CLIENT: tearDownCarManagers() pyt@af6cb8c
02-23 02:12:09.083 12010 12010 D CAR.PROJECTION.CAHI: null.onDisconnected()
02-23 02:12:09.083 12010 12010 D CAR.PROJECTION.CAHI: null.finish()
02-23 02:12:09.083 12010 12010 D CAR.PROJECTION.CAHI: Already finishing null, ignoring duplicate finish
02-23 02:12:09.083 12010 12010 D CAR.CLIENT: localCarConnectionListener received onCarDisconnected()
02-23 02:12:09.083 12010 12010 D CAR.CLIENT: tearDownProjectionSessionState() pyt@76182d5
02-23 02:12:09.083 12010 12010 D CAR.CLIENT: tearDownCarManagers() pyt@76182d5
02-23 02:12:09.083 12010 12010 D CAR.CLIENT: localCarConnectionListener received onCarDisconnected()
02-23 02:12:09.083 12010 12010 D CAR.CLIENT: tearDownProjectionSessionState() pye@e0b71fc
02-23 02:12:09.083 12010 12010 D CAR.CLIENT: tearDownCarManagers() pye@e0b71fc
02-23 02:12:09.083 12010 12010 D CAR.PROJECTION.CAHI: null.onDisconnected()
02-23 02:12:09.083 12010 12010 D CAR.PROJECTION.CAHI: null.finish()
02-23 02:12:09.083 12010 12010 D CAR.PROJECTION.CAHI: Already finishing null, ignoring duplicate finish
02-23 02:12:09.083 12010 12010 D CAR.CLIENT: localCarConnectionListener received onCarDisconnected()
02-23 02:12:09.083 12010 12010 D CAR.CLIENT: tearDownProjectionSessionState() pyt@858e1db
02-23 02:12:09.083 12010 12010 D CAR.CLIENT: tearDownCarManagers() pyt@858e1db
02-23 02:12:09.083 12010 12010 D CAR.CLIENT: localCarConnectionListener received onCarDisconnected()
02-23 02:12:09.083 12010 12010 D CAR.CLIENT: tearDownProjectionSessionState() pye@5834ede
02-23 02:12:09.083 12010 12010 D CAR.CLIENT: tearDownCarManagers() pye@5834ede
02-23 02:12:09.083 12010 12010 D CAR.CLIENT: localCarConnectionListener received onCarDisconnected()
02-23 02:12:09.083 12010 12010 D CAR.CLIENT: tearDownProjectionSessionState() pye@d0b1478
02-23 02:12:09.083 12010 12010 D CAR.CLIENT: tearDownCarManagers() pye@d0b1478
02-23 02:12:09.083 12010 12010 D CAR.CLIENT: localCarConnectionListener received onCarDisconnected()
02-23 02:12:09.083 12010 12010 D CAR.CLIENT: tearDownProjectionSessionState() pye@8a468bf
02-23 02:12:09.083 12010 12010 D CAR.CLIENT: tearDownCarManagers() pye@8a468bf
02-23 02:12:09.083 12010 12010 D CAR.CLIENT: localCarConnectionListener received onCarDisconnected()
02-23 02:12:09.083 12010 12010 D CAR.CLIENT: tearDownProjectionSessionState() pye@ba7abb6
02-23 02:12:09.083 12010 12010 D CAR.CLIENT: tearDownCarManagers() pye@ba7abb6
02-23 02:12:09.083 12010 12010 D CAR.CLIENT: localCarConnectionListener received onCarDisconnected()
02-23 02:12:09.083 12010 12010 D CAR.CLIENT: tearDownProjectionSessionState() pye@7ee9e3e
02-23 02:12:09.083 12010 12010 D CAR.CLIENT: tearDownCarManagers() pye@7ee9e3e
02-23 02:12:09.083 12010 12010 D CAR.CLIENT: localCarConnectionListener received onCarDisconnected()
02-23 02:12:09.083 12010 12010 D CAR.CLIENT: tearDownProjectionSessionState() pye@e190024
02-23 02:12:09.083 12010 12010 D CAR.CLIENT: tearDownCarManagers() pye@e190024
02-23 02:12:09.083 12010 12010 D CAR.CLIENT: localCarConnectionListener received onCarDisconnected()
02-23 02:12:09.083 12010 12010 D CAR.CLIENT: tearDownProjectionSessionState() pye@672e540
02-23 02:12:09.083 12010 12010 D CAR.CLIENT: tearDownCarManagers() pye@672e540
02-23 02:12:09.083 12010 12010 D CAR.CLIENT: localCarConnectionListener received onCarDisconnected()
02-23 02:12:09.083 12010 12010 D CAR.CLIENT: tearDownProjectionSessionState() pye@179c0b7
02-23 02:12:09.083 12010 12010 D CAR.CLIENT: tearDownCarManagers() pye@179c0b7
02-23 02:12:09.083 12010 12010 D CAR.CLIENT: localCarConnectionListener received onCarDisconnected()
02-23 02:12:09.083 12010 12010 D CAR.CLIENT: tearDownProjectionSessionState() pye@e88378d
02-23 02:12:09.084 12010 12010 D CAR.CLIENT: tearDownCarManagers() pye@e88378d
02-23 02:12:09.084 12010 12010 D CAR.CLIENT: localCarConnectionListener received onCarDisconnected()
02-23 02:12:09.084 12010 12010 D CAR.CLIENT: tearDownProjectionSessionState() pye@4facd42
02-23 02:12:09.084 12010 12010 D CAR.CLIENT: tearDownCarManagers() pye@4facd42
02-23 02:12:09.084 12010 12010 D CAR.CLIENT: localCarConnectionListener received onCarDisconnected()
02-23 02:12:09.084 12010 12010 D CAR.CLIENT: tearDownProjectionSessionState() pye@fbb6a94
02-23 02:12:09.084 12010 12010 D CAR.CLIENT: tearDownCarManagers() pye@fbb6a94
02-23 02:12:09.084 12010 12010 D CAR.CLIENT: localCarConnectionListener received onCarDisconnected()
02-23 02:12:09.084 12010 12010 D CAR.CLIENT: tearDownProjectionSessionState() pye@f4a185c
02-23 02:12:09.084 12010 12010 D CAR.CLIENT: tearDownCarManagers() pye@f4a185c
02-23 02:12:09.084 12010 12010 D CAR.CLIENT: localCarConnectionListener received onCarDisconnected()
02-23 02:12:09.084 12010 12010 D CAR.CLIENT: tearDownProjectionSessionState() pye@ea4b524
02-23 02:12:09.084 12010 12010 D CAR.CLIENT: tearDownCarManagers() pye@ea4b524
02-23 02:12:09.084 12010 12010 D CAR.CLIENT: localCarConnectionListener received onCarDisconnected()
02-23 02:12:09.084 12010 12010 D CAR.CLIENT: tearDownProjectionSessionState() pye@c5fb153
02-23 02:12:09.084 12010 12010 D CAR.CLIENT: tearDownCarManagers() pye@c5fb153
02-23 02:12:09.084 12010 12010 D CAR.CLIENT: localCarConnectionListener received onCarDisconnected()
02-23 02:12:09.084 12010 12010 D CAR.CLIENT: tearDownProjectionSessionState() pye@c5dd56b
02-23 02:12:09.084 12010 12010 D CAR.CLIENT: tearDownCarManagers() pye@c5dd56b
02-23 02:12:09.084 12010 12010 D CAR.SENSOR: handleCarDisconnection
02-23 02:12:09.084 12010 12010 D CAR.CLIENT: Multi-display client enabled. Get ICarDisplay for: CarDisplayId{displayId=0}
02-23 02:12:09.086 21855 21896 I GH.ConnLoggerV2: Session 7bdbf25b-9c23-458c-9bb7-27434b9831e6, event 1757, detail OptionalInt.empty, WIRELESS_GAL_SOCKET_DISCONNECTED, at 384618136 
02-23 02:12:09.087 12010 12010 D CAR.CLIENT: Multi-display client enabled. Get ICarDisplay for: CarDisplayId{displayId=0}
02-23 02:12:09.087 12010 12010 D GH.MpCarDispUpdateLstnr: Clearing local CarDisplayLayoutUpdateCompleteListener {rfz@4b912ba}
02-23 02:12:09.087 12010 12010 D CAR.CLIENT: localCarConnectionListener received onCarDisconnected()
02-23 02:12:09.087 12010 12010 D CAR.CLIENT: tearDownProjectionSessionState() pye@4b5d7e6
02-23 02:12:09.087 12010 12010 D CAR.CLIENT: tearDownCarManagers() pye@4b5d7e6
02-23 02:12:09.087 12010 12010 D CAR.CLIENT: localCarConnectionListener received onCarDisconnected()
02-23 02:12:09.087 12010 12010 D CAR.CLIENT: tearDownProjectionSessionState() pye@5f7fa90
02-23 02:12:09.087 12010 12010 D CAR.CLIENT: tearDownCarManagers() pye@5f7fa90
02-23 02:12:09.087 12010 12010 D CAR.CLIENT: localCarConnectionListener received onCarDisconnected()
02-23 02:12:09.087 12010 12010 D CAR.CLIENT: tearDownProjectionSessionState() pye@44dbf89
02-23 02:12:09.087 12010 12010 D CAR.CLIENT: tearDownCarManagers() pye@44dbf89
02-23 02:12:09.087 12010 12010 D CAR.CLIENT: localCarConnectionListener received onCarDisconnected()
02-23 02:12:09.087 12010 12010 D CAR.CLIENT: tearDownProjectionSessionState() pye@417441f
02-23 02:12:09.087 12010 12010 D CAR.CLIENT: tearDownCarManagers() pye@417441f
02-23 02:12:09.087 12010 12010 D CAR.CLIENT: localCarConnectionListener received onCarDisconnected()
02-23 02:12:09.087 12010 12010 D CAR.CLIENT: tearDownProjectionSessionState() pye@26c7b8e
02-23 02:12:09.087 12010 12010 D CAR.CLIENT: tearDownCarManagers() pye@26c7b8e
02-23 02:12:09.087 12010 12010 D CAR.CLIENT.PLS: Projection teardown
02-23 02:12:09.087 12010 12010 D CAR.CLIENT.PLS: Projection unlinkToDeath true
02-23 02:12:09.087 12010 12010 I GH.GhLifecycleService: onProjectionTearDown()
02-23 02:12:09.087 12010 12010 I GH.CarClientManager: onCarDisconnectedViaLifecycle
02-23 02:12:09.087 12010 12010 I GH.CarClientManager: CarClientToken is in state CLIENT_CONNECTED_AND_CAR_CONNECTED; running onCarDisconnected()
02-23 02:12:09.087 12010 12010 I GH.CarClientManager: car disconnected. isProjected: true
02-23 02:12:09.087 12010 12010 W GH.CarClientManager: Illegal state transition from CLIENT_CONNECTED_AND_CAR_CONNECTED to CLIENT_CONNECTED_AND_CAR_DISCONNECTED! Allowing anyway.
02-23 02:12:09.087 12010 12010 I GH.CarClientManager: Transition from CLIENT_CONNECTED_AND_CAR_CONNECTED to CLIENT_CONNECTED_AND_CAR_DISCONNECTED.
02-23 02:12:09.087 12010 12010 D GH.CarClientManager: notifyListenersOnCarDisconnected entered
02-23 02:12:09.087 12010 12010 D GH.CarClientManager: calling onCarDisconnected on jhl@9baba55
02-23 02:12:09.087 12010 12010 D GH.CarClientManager: calling onCarDisconnected on ncl@c056c6a
02-23 02:12:09.087 12010 12010 D GH.CarClientManager: calling onCarDisconnected on ndf@34f476f
02-23 02:12:09.087 12010 12010 D GH.CarClientManager: calling onCarDisconnected on iqx@7e6ca36
02-23 02:12:09.087 12010 12010 D GH.CarClientManager: calling onCarDisconnected on jhp@ff5b557
02-23 02:12:09.087 12010 12010 D GH.MdPlayerCardStateLD: cardState: NO_APP
02-23 02:12:09.088 12010 12010 D GH.MediaSugPvdr: Use Assistant media suggestions
02-23 02:12:09.088 12010 12010 D GH.MediaSugPvdr: Use Assistant media suggestions
02-23 02:12:09.088 12010 12010 D GH.MdPlayerCardStateLD: isMediaSuggestionAvailable: false
02-23 02:12:09.089 12010 12010 D GH.MdPlayerCardStateLD: cardState: NO_APP
02-23 02:12:09.089 12010 12010 D GH.MediaSugPvdr: Use Assistant media suggestions
02-23 02:12:09.089 12010 12010 D GH.MediaSugPvdr: Use Assistant media suggestions
02-23 02:12:09.089 12010 12010 D GH.MdPlayerCardStateLD: isMediaSuggestionAvailable: false
02-23 02:12:09.089 12010 12010 D GH.MdPlayerCardStateLD: cardState: NO_APP
02-23 02:12:09.089 12010 12010 D GH.MediaSugPvdr: Use Assistant media suggestions
02-23 02:12:09.089 12010 12010 D GH.MediaSugPvdr: Use Assistant media suggestions
02-23 02:12:09.089 12010 12010 D GH.MdPlayerCardStateLD: isMediaSuggestionAvailable: false
02-23 02:12:09.089 12010 12010 D GH.MdPlayerCardStateLD: cardState: NO_APP
02-23 02:12:09.089 12010 12010 D GH.MediaSugPvdr: Use Assistant media suggestions
02-23 02:12:09.089 12010 12010 D GH.MediaSugPvdr: Use Assistant media suggestions
02-23 02:12:09.089 12010 12010 D GH.MdPlayerCardStateLD: isMediaSuggestionAvailable: false
02-23 02:12:09.089 12010 12010 D GH.MdPlayerCardStateLD: cardState: NO_APP
02-23 02:12:09.089 12010 12010 D GH.MediaSugPvdr: Use Assistant media suggestions
02-23 02:12:09.089 12010 12010 D GH.MediaSugPvdr: Use Assistant media suggestions
02-23 02:12:09.089 12010 12010 D GH.MdPlayerCardStateLD: isMediaSuggestionAvailable: false
02-23 02:12:09.089 12010 12010 D GH.MdPlayerCardStateLD: cardState: NO_APP
02-23 02:12:09.089 12010 12010 D GH.MediaSugPvdr: Use Assistant media suggestions
02-23 02:12:09.089 12010 12010 D GH.MediaSugPvdr: Use Assistant media suggestions
02-23 02:12:09.089 12010 12010 D GH.MdPlayerCardStateLD: isMediaSuggestionAvailable: false
02-23 02:12:09.089 12010 12010 D GH.MdPlayerCardStateLD: cardState: NO_APP
02-23 02:12:09.089 12010 12010 D GH.MediaSugPvdr: Use Assistant media suggestions
02-23 02:12:09.089 12010 12010 D GH.MediaSugPvdr: Use Assistant media suggestions
02-23 02:12:09.089 12010 12010 D GH.MdPlayerCardStateLD: isMediaSuggestionAvailable: false
02-23 02:12:09.089 12010 12010 D GH.MdPlayerCardStateLD: cardState: NO_APP
02-23 02:12:09.089 12010 12010 D GH.MediaSugPvdr: Use Assistant media suggestions
02-23 02:12:09.089 12010 12010 D GH.MediaSugPvdr: Use Assistant media suggestions
02-23 02:12:09.089 12010 12010 D GH.MdPlayerCardStateLD: isMediaSuggestionAvailable: false
02-23 02:12:09.089 12010 12010 D GH.MdPlayerCardStateLD: cardState: NO_APP
02-23 02:12:09.089 12010 12010 D GH.MediaSugPvdr: Use Assistant media suggestions
02-23 02:12:09.089 12010 12010 D GH.MediaSugPvdr: Use Assistant media suggestions
02-23 02:12:09.089 12010 12010 D GH.MdPlayerCardStateLD: isMediaSuggestionAvailable: false
02-23 02:12:09.089 12010 12010 D GH.MdPlayerCardStateLD: cardState: NO_APP
02-23 02:12:09.089 12010 12010 D GH.MediaSugPvdr: Use Assistant media suggestions
02-23 02:12:09.089 12010 12010 D GH.MediaSugPvdr: Use Assistant media suggestions
02-23 02:12:09.089 12010 12010 D GH.MdPlayerCardStateLD: isMediaSuggestionAvailable: false
02-23 02:12:09.089 12010 12010 D GH.MdPlayerCardStateLD: cardState: NO_APP
02-23 02:12:09.089 12010 12010 D GH.MediaSugPvdr: Use Assistant media suggestions
02-23 02:12:09.089 12010 12010 D GH.MediaSugPvdr: Use Assistant media suggestions
02-23 02:12:09.089 12010 12010 D GH.MdPlayerCardStateLD: isMediaSuggestionAvailable: false
02-23 02:12:09.089 12010 12010 D GH.MdPlayerCardStateLD: cardState: NO_APP
02-23 02:12:09.089 12010 12010 D GH.MediaSugPvdr: Use Assistant media suggestions
02-23 02:12:09.089 12010 12010 D GH.MediaSugPvdr: Use Assistant media suggestions
02-23 02:12:09.089 12010 12010 D GH.MdPlayerCardStateLD: isMediaSuggestionAvailable: false
02-23 02:12:09.089 12010 12010 D GH.MdPlayerCardStateLD: cardState: NO_APP
02-23 02:12:09.089 12010 12010 D GH.MediaSugPvdr: Use Assistant media suggestions
02-23 02:12:09.089 12010 12010 D GH.MediaSugPvdr: Use Assistant media suggestions
02-23 02:12:09.089 12010 12010 D GH.MdPlayerCardStateLD: isMediaSuggestionAvailable: false
02-23 02:12:09.089 12010 12010 D GH.MdPlayerCardStateLD: cardState: NO_APP
02-23 02:12:09.090 12010 12010 D GH.MediaSugPvdr: Use Assistant media suggestions
02-23 02:12:09.090 12010 12010 D GH.MediaSugPvdr: Use Assistant media suggestions
02-23 02:12:09.091 19618 19618 I CAR.IME : Resetting input manager
02-23 02:12:09.094 12010 12010 D GH.MdPlayerCardStateLD: isMediaSuggestionAvailable: false
02-23 02:12:09.094 12010 21600 D CAR.CLIENT.PLS: onProjectionEnd on binder thread
02-23 02:12:09.094 12010 12010 D GH.MdPlayerCardStateLD: cardState: NO_APP
02-23 02:12:09.094 12010 12010 D GH.MediaSugPvdr: Use Assistant media suggestions
02-23 02:12:09.094 12010 12010 D GH.MediaSugPvdr: Use Assistant media suggestions
02-23 02:12:09.094 12010 12010 D GH.MdPlayerCardStateLD: isMediaSuggestionAvailable: false
02-23 02:12:09.094 12010 12010 D GH.MdPlayerCardStateLD: cardState: NO_APP
02-23 02:12:09.094 12010 12010 D GH.MediaSugPvdr: Use Assistant media suggestions
02-23 02:12:09.094 12010 12010 D GH.MediaSugPvdr: Use Assistant media suggestions
02-23 02:12:09.094 12010 12010 D GH.MdPlayerCardStateLD: isMediaSuggestionAvailable: false
02-23 02:12:09.094 12010 12010 D GH.MdPlayerCardStateLD: cardState: NO_APP
02-23 02:12:09.094 12010 12010 D GH.MediaSugPvdr: Use Assistant media suggestions
02-23 02:12:09.094 12010 12010 D GH.MediaSugPvdr: Use Assistant media suggestions
02-23 02:12:09.094 12010 12010 D GH.MdPlayerCardStateLD: isMediaSuggestionAvailable: false
02-23 02:12:09.094 12010 12010 D GH.MdPlayerCardStateLD: cardState: NO_APP
02-23 02:12:09.094 12010 12010 D GH.MediaSugPvdr: Use Assistant media suggestions
02-23 02:12:09.094 12010 12010 D GH.MediaSugPvdr: Use Assistant media suggestions
02-23 02:12:09.094 12010 12010 D GH.MdPlayerCardStateLD: isMediaSuggestionAvailable: false
02-23 02:12:09.094 12010 12010 D GH.MdPlayerCardStateLD: cardState: NO_APP
02-23 02:12:09.094 12010 12010 D GH.MediaSugPvdr: Use Assistant media suggestions
02-23 02:12:09.094 12010 12010 D GH.MediaSugPvdr: Use Assistant media suggestions
02-23 02:12:09.094 12010 12010 D GH.MdPlayerCardStateLD: isMediaSuggestionAvailable: false
02-23 02:12:09.101 12010 12010 E GH.MediaLiveDataFns: createIsBrowserSearchableData indicated car token disconnect
02-23 02:12:09.102 12010 12010 D GH.MediaModel: Controller in state DISCONNECTED_OUT_OF_CONNECTION_LIFECYCLE. Not notifying listeners
02-23 02:12:09.103 12010 12010 D GH.MediaModel: Browser in state DISCONNECTED_OUT_OF_CONNECTION_LIFECYCLE. Not notifying listeners
02-23 02:12:09.103 12010 12010 D GH.MdPlayerCardStateLD: isMediaSessionValid: false
02-23 02:12:09.103 12010 12010 D GH.MdPlayerCardStateLD: connectionTimeoutHasElapsed: false
02-23 02:12:09.103 12010 12010 D GH.MdPlayerCardStateLD: timedOutAfterPlaybackStateChange: false
02-23 02:12:09.104 12010 12010 D GH.MdPlayerCardStateLD: isMediaSessionValid: false
02-23 02:12:09.104 12010 12010 D GH.MdPlayerCardStateLD: connectionTimeoutHasElapsed: false
02-23 02:12:09.104 12010 12010 D GH.MdPlayerCardStateLD: timedOutAfterPlaybackStateChange: false
02-23 02:12:09.105 19618 25790 I CAR.GAL.GAL.LITE: Exception received: 
02-23 02:12:09.105 19618 25790 I CAR.GAL.GAL.LITE: java.net.SocketException: Socket closed
02-23 02:12:09.105 19618 25790 I CAR.GAL.GAL.LITE: 	at java.net.SocketOutputStream.socketWrite(SocketOutputStream.java:119)
02-23 02:12:09.105 19618 25790 I CAR.GAL.GAL.LITE: 	at java.net.SocketOutputStream.write(SocketOutputStream.java:156)
02-23 02:12:09.105 19618 25790 I CAR.GAL.GAL.LITE: 	at java.io.BufferedOutputStream.flushBuffer(BufferedOutputStream.java:81)
02-23 02:12:09.105 19618 25790 I CAR.GAL.GAL.LITE: 	at java.io.BufferedOutputStream.flush(BufferedOutputStream.java:142)
02-23 02:12:09.105 19618 25790 I CAR.GAL.GAL.LITE: 	at iac.run(SourceFile:25)
02-23 02:12:09.105 19618 25790 E CAR.GAL.GAL.LITE: WriterThread: exiting due to IO error
02-23 02:12:09.105 12010 12010 D GH.MdPlayerCardStateLD: isMediaSessionValid: false
02-23 02:12:09.105 12010 12010 D GH.MdPlayerCardStateLD: connectionTimeoutHasElapsed: false
02-23 02:12:09.105 12010 12010 D GH.MdPlayerCardStateLD: timedOutAfterPlaybackStateChange: false
02-23 02:12:09.106 12010 12010 D GH.MdPlayerCardStateLD: isMediaSessionValid: false
02-23 02:12:09.106 12010 12010 D GH.MdPlayerCardStateLD: connectionTimeoutHasElapsed: false
02-23 02:12:09.106 12010 12010 D GH.MdPlayerCardStateLD: timedOutAfterPlaybackStateChange: false
02-23 02:12:09.108 12010 12010 D GH.MdPlayerCardStateLD: isMediaSessionValid: false
02-23 02:12:09.108 12010 12010 D GH.MdPlayerCardStateLD: connectionTimeoutHasElapsed: false
02-23 02:12:09.108 12010 12010 D GH.MdPlayerCardStateLD: timedOutAfterPlaybackStateChange: false
02-23 02:12:09.108  8910 27399 D CAR.CLIENT.PLS: onProjectionEnd on binder thread
02-23 02:12:09.108  8910  8910 D CAR.CLIENT.PLS: Projection end
02-23 02:12:09.110 12010 12010 D GH.MdPlayerCardStateLD: isMediaSessionValid: false
02-23 02:12:09.110 12010 12010 D GH.MdPlayerCardStateLD: connectionTimeoutHasElapsed: false
02-23 02:12:09.110 12010 12010 D GH.MdPlayerCardStateLD: timedOutAfterPlaybackStateChange: false
02-23 02:12:09.111 12010 12010 D GH.MdPlayerCardStateLD: isMediaSessionValid: false
02-23 02:12:09.111 12010 12010 D GH.MdPlayerCardStateLD: connectionTimeoutHasElapsed: false
02-23 02:12:09.111 12010 12010 D GH.MdPlayerCardStateLD: timedOutAfterPlaybackStateChange: false
02-23 02:12:09.114 19618 19618 I CAR.AUDIO.FOCUS: Stop audio focus handler
02-23 02:12:09.114 19618 19618 I CAR.AUDIO.CHANNEL: disabling stream: MEDIA, had focus: false
02-23 02:12:09.114 19618 25804 I CAR.AUDIO.AFM: Request android audio focus on exit
02-23 02:12:09.114 19618 19618 I CAR.AUDIO.CHANNEL: disabling stream: TTS, had focus: false
02-23 02:12:09.114 19618 19618 I CAR.AUDIO.CHANNEL: disabling stream: SYSTEM, had focus: true
02-23 02:12:09.116 21855 21896 I GH.ConnLoggerV2: Session 7bdbf25b-9c23-458c-9bb7-27434b9831e6, event 1758, detail OptionalInt.empty, PROJECTION_ENDED_WIFI, at 384618172 
02-23 02:12:09.116 19618 17530 W CAR.CAM : Ignoring unexpected message continuation in GmmCarProjectionService: head null; got FINISH null
02-23 02:12:09.119 12010 12010 D GH.MdPlayerCardStateLD: isMediaSessionValid: false
02-23 02:12:09.119 12010 12010 D GH.MdPlayerCardStateLD: connectionTimeoutHasElapsed: false
02-23 02:12:09.119 12010 12010 D GH.MdPlayerCardStateLD: timedOutAfterPlaybackStateChange: false
02-23 02:12:09.121 12010 12010 D GH.MdPlayerCardStateLD: isMediaSessionValid: false
02-23 02:12:09.121 12010 12010 D GH.MdPlayerCardStateLD: connectionTimeoutHasElapsed: false
02-23 02:12:09.121 12010 12010 D GH.MdPlayerCardStateLD: timedOutAfterPlaybackStateChange: false
02-23 02:12:09.123 12010 12010 D GH.MdPlayerCardStateLD: isMediaSessionValid: false
02-23 02:12:09.123 12010 12010 D GH.MdPlayerCardStateLD: connectionTimeoutHasElapsed: false
02-23 02:12:09.123 12010 12010 D GH.MdPlayerCardStateLD: timedOutAfterPlaybackStateChange: false
02-23 02:12:09.125 12010 12010 D GH.MdPlayerCardStateLD: isMediaSessionValid: false
02-23 02:12:09.125 12010 12010 D GH.MdPlayerCardStateLD: connectionTimeoutHasElapsed: false
02-23 02:12:09.125 12010 12010 D GH.MdPlayerCardStateLD: timedOutAfterPlaybackStateChange: false
02-23 02:12:09.126 12010 12010 D GH.MdPlayerCardStateLD: isMediaSessionValid: false
02-23 02:12:09.126 12010 12010 D GH.MdPlayerCardStateLD: connectionTimeoutHasElapsed: false
02-23 02:12:09.126 12010 12010 D GH.MdPlayerCardStateLD: timedOutAfterPlaybackStateChange: false
02-23 02:12:09.127 12010 12010 D GH.MdPlayerCardStateLD: isMediaSessionValid: false
02-23 02:12:09.127 12010 12010 D GH.MdPlayerCardStateLD: connectionTimeoutHasElapsed: false
02-23 02:12:09.127 12010 12010 D GH.MdPlayerCardStateLD: timedOutAfterPlaybackStateChange: false
02-23 02:12:09.128 12010 12010 D GH.MdPlayerCardStateLD: isMediaSessionValid: false
02-23 02:12:09.129 12010 12010 D GH.MdPlayerCardStateLD: connectionTimeoutHasElapsed: false
02-23 02:12:09.129 12010 12010 D GH.MdPlayerCardStateLD: timedOutAfterPlaybackStateChange: false
02-23 02:12:09.134 12010 12010 D GH.MdPlayerCardStateLD: isMediaSessionValid: false
02-23 02:12:09.134 12010 12010 D GH.MdPlayerCardStateLD: connectionTimeoutHasElapsed: false
02-23 02:12:09.134 12010 12010 D GH.MdPlayerCardStateLD: timedOutAfterPlaybackStateChange: false
02-23 02:12:09.142 12010 12010 D GH.MdPlayerCardStateLD: isMediaSessionValid: false
02-23 02:12:09.142 12010 12010 D GH.MdPlayerCardStateLD: connectionTimeoutHasElapsed: false
02-23 02:12:09.142 12010 12010 D GH.MdPlayerCardStateLD: timedOutAfterPlaybackStateChange: false
02-23 02:12:09.148 12010 12010 D GH.MdPlayerCardStateLD: isMediaSessionValid: false
02-23 02:12:09.149 12010 12010 D GH.MdPlayerCardStateLD: connectionTimeoutHasElapsed: false
02-23 02:12:09.149 12010 12010 D GH.MdPlayerCardStateLD: timedOutAfterPlaybackStateChange: false
02-23 02:12:09.149 12010 12010 D GH.MdPlayerCardStateLD: isMediaSessionValid: false
02-23 02:12:09.149 12010 12010 D GH.MdPlayerCardStateLD: connectionTimeoutHasElapsed: false
02-23 02:12:09.149 12010 12010 D GH.MdPlayerCardStateLD: timedOutAfterPlaybackStateChange: false
02-23 02:12:09.150 12010 12010 D GH.MdPlayerCardStateLD: isMediaSessionValid: false
02-23 02:12:09.150 12010 12010 D GH.MdPlayerCardStateLD: connectionTimeoutHasElapsed: false
02-23 02:12:09.150 12010 12010 D GH.MdPlayerCardStateLD: timedOutAfterPlaybackStateChange: false
02-23 02:12:09.151 12010 12010 D GH.MediaModel: Controller in state DISCONNECTED_OUT_OF_CONNECTION_LIFECYCLE. Not notifying listeners
02-23 02:12:09.151 12010 12010 D GH.MediaModel: Browser in state DISCONNECTED_OUT_OF_CONNECTION_LIFECYCLE. Not notifying listeners
02-23 02:12:09.152 12010 12010 D GH.MediaModel: Controller in state DISCONNECTED_OUT_OF_CONNECTION_LIFECYCLE. Not notifying listeners
02-23 02:12:09.153 12010 12010 D GH.MediaModel: Browser in state DISCONNECTED_OUT_OF_CONNECTION_LIFECYCLE. Not notifying listeners
02-23 02:12:09.154 12010 12010 D GH.MediaModel: Controller in state DISCONNECTED_OUT_OF_CONNECTION_LIFECYCLE. Not notifying listeners
02-23 02:12:09.154 12010 12010 D GH.MediaModel: Browser in state DISCONNECTED_OUT_OF_CONNECTION_LIFECYCLE. Not notifying listeners
02-23 02:12:09.155 12010 12010 D GH.MediaModel: Controller in state DISCONNECTED_OUT_OF_CONNECTION_LIFECYCLE. Not notifying listeners
02-23 02:12:09.155 12010 12010 D GH.MediaModel: Browser in state DISCONNECTED_OUT_OF_CONNECTION_LIFECYCLE. Not notifying listeners
02-23 02:12:09.155 12010 12010 D GH.MediaModel: Controller in state DISCONNECTED_OUT_OF_CONNECTION_LIFECYCLE. Not notifying listeners
02-23 02:12:09.156 12010 12010 D GH.MediaModel: Browser in state DISCONNECTED_OUT_OF_CONNECTION_LIFECYCLE. Not notifying listeners
02-23 02:12:09.156 12010 12010 D GH.MediaModel: Controller in state DISCONNECTED_OUT_OF_CONNECTION_LIFECYCLE. Not notifying listeners
02-23 02:12:09.156 12010 12010 D GH.MediaModel: Browser in state DISCONNECTED_OUT_OF_CONNECTION_LIFECYCLE. Not notifying listeners
02-23 02:12:09.157 12010 12010 D GH.MediaModel: Controller in state DISCONNECTED_OUT_OF_CONNECTION_LIFECYCLE. Not notifying listeners
02-23 02:12:09.157 12010 12010 D GH.MediaModel: Browser in state DISCONNECTED_OUT_OF_CONNECTION_LIFECYCLE. Not notifying listeners
02-23 02:12:09.157 12010 12010 D GH.MediaModel: Controller in state DISCONNECTED_OUT_OF_CONNECTION_LIFECYCLE. Not notifying listeners
02-23 02:12:09.157 12010 12010 D GH.MediaModel: Browser in state DISCONNECTED_OUT_OF_CONNECTION_LIFECYCLE. Not notifying listeners
02-23 02:12:09.158 12010 12010 D GH.MediaModel: Controller in state DISCONNECTED_OUT_OF_CONNECTION_LIFECYCLE. Not notifying listeners
02-23 02:12:09.158 12010 12010 D GH.MediaModel: Browser in state DISCONNECTED_OUT_OF_CONNECTION_LIFECYCLE. Not notifying listeners
02-23 02:12:09.158 12010 12010 D GH.MediaModel: Controller in state DISCONNECTED_OUT_OF_CONNECTION_LIFECYCLE. Not notifying listeners
02-23 02:12:09.158 12010 12010 D GH.MediaModel: Browser in state DISCONNECTED_OUT_OF_CONNECTION_LIFECYCLE. Not notifying listeners
02-23 02:12:09.159 12010 12010 D GH.MediaModel: Controller in state DISCONNECTED_OUT_OF_CONNECTION_LIFECYCLE. Not notifying listeners
02-23 02:12:09.160 12010 12010 D GH.MediaModel: Browser in state DISCONNECTED_OUT_OF_CONNECTION_LIFECYCLE. Not notifying listeners
02-23 02:12:09.160 12010 12010 D GH.MediaSugPvdr: Returning 0 Assistant media suggestions, componentName: ComponentInfo{au.com.shiftyjelly.pocketcasts/au.com.shiftyjelly.pocketcasts.repositories.playback.PlaybackService}
02-23 02:12:09.163 12010 12010 D GH.MediaActiveBrowsConn: unsubscribe componentName=au.com.shiftyjelly.pocketcasts/.repositories.playback.PlaybackService id=__ROOT__
02-23 02:12:09.164 12010 12010 D GH.Assistant.SignalLD: buildMbsComponentName: component=ComponentInfo{au.com.shiftyjelly.pocketcasts/au.com.shiftyjelly.pocketcasts.repositories.playback.PlaybackService}
02-23 02:12:09.164 12010 12010 D GH.Assistant.SignalLD: Car client token is null, returning same component=ComponentInfo{au.com.shiftyjelly.pocketcasts/au.com.shiftyjelly.pocketcasts.repositories.playback.PlaybackService}
02-23 02:12:09.164 12010 12010 D GH.MediaBCConnection: onInactive component=ComponentInfo{au.com.shiftyjelly.pocketcasts/au.com.shiftyjelly.pocketcasts.repositories.playback.PlaybackService}
02-23 02:12:09.175 12010 12010 D GH.MediaBCConnection: disconnectFromBrowser component=ComponentInfo{au.com.shiftyjelly.pocketcasts/au.com.shiftyjelly.pocketcasts.repositories.playback.PlaybackService}
02-23 02:12:09.176 12010 12010 D GH.MediaBCConnection: onActive component=ComponentInfo{au.com.shiftyjelly.pocketcasts/au.com.shiftyjelly.pocketcasts.repositories.playback.PlaybackService}
02-23 02:12:09.176 12010 12010 D GH.MediaBCConnection: connectToBrowser component=ComponentInfo{au.com.shiftyjelly.pocketcasts/au.com.shiftyjelly.pocketcasts.repositories.playback.PlaybackService}
02-23 02:12:09.176 12010 12010 D GH.MediaSugPvdr: Returning 0 Assistant media suggestions, componentName: null
02-23 02:12:09.176 12010 12010 D GH.MediaSugPvdr: Returning 0 Assistant media suggestions, componentName: null
02-23 02:12:09.177 12010 12010 D GH.MediaSugPvdr: Returning 0 Assistant media suggestions, componentName: null
02-23 02:12:09.177 12010 12010 D GH.MediaSugPvdr: Returning 0 Assistant media suggestions, componentName: null
02-23 02:12:09.177 12010 12010 D GH.MediaSugPvdr: Returning 0 Assistant media suggestions, componentName: null
02-23 02:12:09.177 12010 12010 D GH.MediaSugPvdr: Returning 0 Assistant media suggestions, componentName: null
02-23 02:12:09.177 12010 12010 D GH.MediaSugPvdr: Returning 0 Assistant media suggestions, componentName: null
02-23 02:12:09.177 12010 12010 D GH.MediaSugPvdr: Returning 0 Assistant media suggestions, componentName: null
02-23 02:12:09.177 12010 12010 D GH.MediaSugPvdr: Returning 0 Assistant media suggestions, componentName: null
02-23 02:12:09.177 12010 12010 D GH.MediaSugPvdr: Returning 0 Assistant media suggestions, componentName: null
02-23 02:12:09.177 12010 12010 D GH.MediaSugPvdr: Returning 0 Assistant media suggestions, componentName: null
02-23 02:12:09.177 12010 12010 D GH.MediaSugPvdr: Returning 0 Assistant media suggestions, componentName: null
02-23 02:12:09.177 12010 12010 D GH.MediaSugPvdr: Returning 0 Assistant media suggestions, componentName: null
02-23 02:12:09.177 12010 12010 D GH.MediaSugPvdr: Returning 0 Assistant media suggestions, componentName: null
02-23 02:12:09.177 12010 12010 D GH.MediaSugPvdr: Returning 0 Assistant media suggestions, componentName: null
02-23 02:12:09.177 12010 12010 D GH.MediaSugPvdr: Returning 0 Assistant media suggestions, componentName: null
02-23 02:12:09.177 12010 12010 D GH.MediaSugPvdr: Returning 0 Assistant media suggestions, componentName: null
02-23 02:12:09.177 12010 12010 D GH.MediaSugPvdr: Returning 0 Assistant media suggestions, componentName: null
02-23 02:12:09.177 12010 12010 D GH.MediaSugPvdr: Returning 0 Assistant media suggestions, componentName: null
02-23 02:12:09.180 12010 12010 D GH.MediaBCConnection: onInactive component=ComponentInfo{au.com.shiftyjelly.pocketcasts/au.com.shiftyjelly.pocketcasts.repositories.playback.PlaybackService}
02-23 02:12:09.180 12010 12010 D GH.MediaBCConnection: disconnectFromBrowser component=ComponentInfo{au.com.shiftyjelly.pocketcasts/au.com.shiftyjelly.pocketcasts.repositories.playback.PlaybackService}
02-23 02:12:09.180 12010 12010 D GH.CarClientManager: calling onCarDisconnected on iqx@c3f2c0f
02-23 02:12:09.180 12010 12010 D GH.CarClientManager: calling onCarDisconnected on iqx@e1ffc1b
02-23 02:12:09.180 12010 12010 D GH.CarClientManager: calling onCarDisconnected on iqx@482b1fb
02-23 02:12:09.180 12010 12010 D GH.CarClientManager: calling onCarDisconnected on iqx@251b966
02-23 02:12:09.180 12010 12010 D GH.CarClientManager: calling onCarDisconnected on iqx@3189231
02-23 02:12:09.180 12010 12010 D GH.CarClientManager: calling onCarDisconnected on iqx@4ba10a0
02-23 02:12:09.180 12010 12010 D GH.CarClientManager: calling onCarDisconnected on iqx@9f26717
02-23 02:12:09.180 12010 12010 D GH.CarClientManager: calling onCarDisconnected on iqx@c271479
02-23 02:12:09.180 12010 12010 D GH.CarClientManager: calling onCarDisconnected on iqx@c00f0de
02-23 02:12:09.180 12010 12010 D GH.CarClientManager: calling onCarDisconnected on iqx@37dbd1e
02-23 02:12:09.180 12010 12010 D GH.CarClientManager: calling onCarDisconnected on iqx@3921311
02-23 02:12:09.180 12010 12010 D GH.CarClientManager: calling onCarDisconnected on iqx@2ea264e
02-23 02:12:09.180 12010 12010 D GH.CarClientManager: calling onCarDisconnected on iqx@cbd27c0
02-23 02:12:09.180 12010 12010 D GH.CarClientManager: calling onCarDisconnected on iqx@62b48a8
02-23 02:12:09.180 12010 12010 D GH.CarClientManager: calling onCarDisconnected on iqx@d4734a7
02-23 02:12:09.180 12010 12010 D GH.CarClientManager: calling onCarDisconnected on iqx@96e5723
02-23 02:12:09.180 12010 12010 D GH.CarClientManager: calling onCarDisconnected on iqx@79f5a49
02-23 02:12:09.180 12010 12010 D GH.CarClientManager: calling onCarDisconnected on iqx@6126100
02-23 02:12:09.180 12010 12010 D GH.CarClientManager: calling onCarDisconnected on iqx@8391a51
02-23 02:12:09.180 12010 12010 D GH.CarClientManager: calling onCarDisconnected on khn@752a6c8
02-23 02:12:09.180 12010 12010 I GH.LifetimeManager: Disconnected from Android Auto car
02-23 02:12:09.180 12010 12010 D GH.GHLifetimeManager: onCarConnectedUpdate, isPhysicalCarConnected: false, isPhysicalCarConnectedStateChanged: true
02-23 02:12:09.180 12010 12010 I GH.LifetimeManager: stop(transitionToProjected=false, disconnectFromCarService=true)
02-23 02:12:09.180 12010 12010 D GH.Assistant.Suggestion: cancelAllNotifications(): notificationIdMap={}
02-23 02:12:09.276 12010 12010 D GH.LifetimeManager: Stopping lifetime services
02-23 02:12:09.276 12010 12010 D GH.LifetimeManager: Stopping lzv@3c10188
02-23 02:12:09.276 12010 12010 D GH.LifetimeManager: Stopping mnd@f1d079c
02-23 02:12:09.276 12010 12010 D GH.LifetimeManager: Stopping mdi@6bc3c04
02-23 02:12:09.276 12010 12010 D GH.LifetimeManager: Stopping mlz@82c9dca
02-23 02:12:09.276 12010 12010 D GH.LifetimeManager: Stopping lns@b11eb6c
02-23 02:12:09.276 12010 12010 D GH.LifetimeManager: Stopping lcv@12966c3
02-23 02:12:09.276 12010 12010 D GH.LifetimeManager: Stopping mty@f5d337d
02-23 02:12:09.276 12010 12010 D GH.LifetimeManager: Stopping com.google.android.apps.auto.components.firstdrive.HelloFromAutoManager@5e5ff27
02-23 02:12:09.276 12010 12010 W GH.StreamItemManager: Listener was not registered: kyl@33e0135
02-23 02:12:09.276 12010 12010 I GH.Hello: Stopped.
02-23 02:12:09.276 12010 12010 D GH.LifetimeManager: Stopping lce@ececf28
02-23 02:12:09.276 12010 12010 D GH.LifetimeManager: Stopping ndh@1f74e10
02-23 02:12:09.276 12010 12010 D GH.ThermalMitigation: Unregistering thermal status listener
02-23 02:12:09.276 12010 12010 D GH.LifetimeManager: Stopping mrf@14222d3
02-23 02:12:09.277 12010 12010 D GH.HunPresenterBase: update viewTearingDown=false view=null model=HeadsUpViewModel[notificationKey=EMPTY_MODEL isUserDismissible=falselargeIcon=null smallIcon=null contentIcon=null titleText= descText= contentIntent=null action1=null action2=null action3=null dismissAction=mqm@c0abe6b templateType=SIMPLE backgroundColor=null themeId=2132149933 TC=TC[context=UNKNOWN_CONTEXT, pkg=null] isWorkData=false itemCount=0focusTarget=NONE]
02-23 02:12:09.277 12010 12010 D GH.HunPresenter: recycleHost, nothing currently showing
02-23 02:12:09.277 12010 12010 D GH.LifetimeManager: Stopping nix@5901a37
02-23 02:12:09.277 12010 12010 D GH.LifetimeManager: Stopping mdj@e09fe5e
02-23 02:12:09.277 12010 12010 D GH.UserInterruptMgr: stop
02-23 02:12:09.277 12010 12010 D GH.LifetimeManager: Stopping vty@8d74b99
02-23 02:12:09.277 12010 12010 D GH.LifetimeManager: Stopping lac@b5eece0
02-23 02:12:09.277 12010 12010 D GH.LifetimeManager: Stopping kzm@a3cbae3
02-23 02:12:09.277 12010 12010 D GH.LifetimeManager: Stopping mxq@e06c312
02-23 02:12:09.277 12010 12010 D GH.LifetimeManager: Stopping lop@f4ad42d
02-23 02:12:09.277 12010 12010 D GH.ActivityTracker: Logging stop for car region CarRegionId{regionId=2131428812 carDisplayId=CarDisplayId{displayId=0}} current app ProjectionApp(appKey=AppKey(componentName=ComponentInfo{com.google.android.apps.maps/com.google.android.apps.gmm.car.GmmCarProjectionService}, profileType=PERSONAL), appCategory=NAVIGATION, isParkedOnly=false, isImmersiveApp=false, isNativeApp=false)
02-23 02:12:09.277 12010 12010 D GH.PrxyActStartLstnr: Unregistering local CarActivityStartListener lop@f4ad42d
02-23 02:12:09.277 12010 12010 D CAR.CLIENT: Multi-display client enabled. UnregisterCarActivityLifecycleEventListener
02-23 02:12:09.277 12010 12010 D GH.PrxyActLfecycleLstnr: Unregistering local CarActivityLifecycleEventListener rfz@30e6d74
02-23 02:12:09.278 12010 12010 D GH.LifetimeManager: Stopping ity@f19a457
02-23 02:12:09.278 12010 12010 D GH.LifetimeManager: Stopping lah@5059d6
02-23 02:12:09.278 12010 12010 D GH.GhNavFocusManager: Stopping NavigationFocusManager
02-23 02:12:09.278 12010 12010 I GH.GhNavFocusManager: setFocus previous=RELEASED current=RELEASED
02-23 02:12:09.278 12010 12010 D GH.LifetimeManager: Stopping mpw@b84db26
02-23 02:12:09.278 12010 12010 D CAR.CLIENT: UnregisterCarActivityLifecycleEventProcessor
