02-23 02:12:33.226 19618 32206 I CAR.XFER.LITE: CAR_SERVICE_LITE Start executor and read messages
02-23 02:12:33.227 19618 32206 I GH.CAR  : Start required services with types 5373691101625497749
02-23 02:12:33.227 19618 19740 I GH.CarConnSessMgr: Start required services
02-23 02:12:33.228 19618 19618 I GH.CarConnSession: Start required services in background 5373691101625497749, session is active true
02-23 02:12:33.228 21855 21896 I GH.ConnLoggerV2: Session 7bdbf25b-9c23-458c-9bb7-27434b9831e6, event 1861, detail OptionalInt.empty, USB_PORT_CONNECTED, at 384642286 
02-23 02:12:33.228 19618 19618 I CAR.AUDIO: force single channel capturing:false
02-23 02:12:33.228 19618 19618 I CAR.AUDIO: Select audio config: 0 for channel: MEDIA
02-23 02:12:33.228 19618 19618 I CAR.AUDIO.CHANNEL: enabling stream: SYSTEM, had focus: false
02-23 02:12:33.229 19618 32218 I GH.GhCarClientCtor: Bound to startup service, got Car Service: ipb@aa187de
02-23 02:12:33.229 19618 32222 I CAR.AUDIO.AFM: Requesting initial Android audio focus
02-23 02:12:33.230 19618 32220 I CAR.AUDIO.CHANNEL: waitForStreamToStop: MEDIA, wait for ack: true
02-23 02:12:33.230 19618 32220 I CAR.AUDIO.CHANNEL: waitForStreamToStop: TTS, wait for ack: true
02-23 02:12:33.230 19618 32222 I CAR.AUDIO.FOCUS: Sending AUDIO_FOCUS_RELEASE to HU for app null due to Android focus change: LOSS
02-23 02:12:33.230 19618 32222 I CAR.AUDIO.FOCUS: Send focus request to HU: AUDIO_FOCUS_RELEASE, attempt#: 1
02-23 02:12:33.230 19618 32222 I CAR.GAL.AUDIO.LITE: sent audio focus request: AUDIO_FOCUS_RELEASE
02-23 02:12:33.230 19618 19618 I CAR.AUDIO: Select audio config: 0 for channel: TTS
02-23 02:12:33.231 19618 19618 I CAR.AUDIO.CHANNEL: enabling stream: SYSTEM, had focus: true
02-23 02:12:33.231 19618 19618 W CAR.AUDIO: Unsupported stream type: 1
02-23 02:12:33.231 19618 19618 W CAR.AUDIO: Failed to find 48kHz guidance config, fallback to 16KHz
02-23 02:12:33.231 19618 19618 I CAR.AUDIO: Select audio config: 0 for channel: SYSTEM
02-23 02:12:33.231 19618 19618 W CAR.AUDIO.Policy: Unsupported stream type: 1
02-23 02:12:33.231 19618 19618 I CAR.AUDIO.CHANNEL: enabling stream: SYSTEM, had focus: true
02-23 02:12:33.231 19618 19618 I GH.CAR.VIDEO: The videoCodecType to be used is: 3
02-23 02:12:33.231 19618 19618 W CAR.INPUT: No touchpad found. Using default threshold.
02-23 02:12:33.231 19618 19618 W CAR.INPUT: No touchpad found. Using default threshold.
02-23 02:12:33.231 19618 19618 I CAR.INPUT: Discovered input for display 0 with service 1: CarUiInfo (hasRotaryController: false, touchscreenType: 1, hasSearchButton: true, hasTouchpadForUiNavigation: false, hasDpad: false, isTouchpadUiAbsolute: false, touchpadMoveThresholdPx: 48, touchpadMultimoveThresholdPx: 64)
02-23 02:12:33.231 19618 32207 W CAR.VALIDATOR: Package DENIED; Uses for MEDIA not defined [com.android.bluetooth]
02-23 02:12:33.231 19618 19618 I CAR.SENSOR: setDisplaySourceService Setting DisplaySourceService for DefaultSensorListener
02-23 02:12:33.231 19618 19618 I CAR.XFER.LITE: CAR_SERVICE_PROXY Start executor and read messages
02-23 02:12:33.232 19618 19618 I GH.CarConnSession: Create proxy end points for 8 with service type: 9
02-23 02:12:33.232 19618 19618 I GH.CarConnSession: Start services 5373691101625497749
02-23 02:12:33.232 19618 19618 I GH.CarConnSession: Start services in proxy -([3, 4, 5, 6, 1, 2, 14, 7])
02-23 02:12:33.232 19618 19618 I GH.CarConnSession: Start services in lite -([8])
02-23 02:12:33.232 19618 19618 I GH.SelectSvcStarter: Ok to start service 3
02-23 02:12:33.232 19618 19618 I GH.SelectSvcStarter: Ok to start service 4
02-23 02:12:33.232 19618 19618 I GH.SelectSvcStarter: Ok to start service 5
02-23 02:12:33.232 19618 19618 I GH.SelectSvcStarter: Ok to start service 6
02-23 02:12:33.232 19618 19618 I GH.SelectSvcStarter: Ok to start service 1
02-23 02:12:33.232 19618 19618 I GH.SelectSvcStarter: Ok to start service 2
02-23 02:12:33.232 19618 19618 I GH.SelectSvcStarter: Ok to start service 8
02-23 02:12:33.232 19618 19618 I GH.SelectSvcStarter: Ok to start service 14
02-23 02:12:33.232 19618 19618 I GH.SelectSvcStarter: Ok to start service 7
02-23 02:12:33.232 19618 32234 I GH.MTMCByteCounter: MTMC byte counting started.
02-23 02:12:33.232 19618 19618 I GH.CAR.ProxyEP.LITE: Proxy created for channel 3
02-23 02:12:33.232 19618 19618 I CAR.GAL.GAL.LITE: Creating PerChannelQueue for channel 3
02-23 02:12:33.233 19618 19618 I GH.CAR.ProxyEP.LITE: Proxy created for channel 4
02-23 02:12:33.233 19618 19618 I CAR.GAL.GAL.LITE: Creating AudioPerChannelQueue for channel 4
02-23 02:12:33.233 19618 19618 I GH.CAR.ProxyEP.LITE: Proxy created for channel 5
02-23 02:12:33.233 19618 19618 I CAR.GAL.GAL.LITE: Creating AudioPerChannelQueue for channel 5
02-23 02:12:33.233 19618 19618 I GH.CAR.ProxyEP.LITE: Proxy created for channel 6
02-23 02:12:33.233 19618 19618 I CAR.GAL.GAL.LITE: Creating AudioPerChannelQueue for channel 6
02-23 02:12:33.233 19618 19618 I GH.CAR.ProxyEP.LITE: Proxy created for channel 1
02-23 02:12:33.233 19618 19618 I CAR.GAL.GAL.LITE: Creating PerChannelQueue for channel 1
02-23 02:12:33.233 19618 32207 W CAR.VALIDATOR: Package DENIED; Uses for MEDIA not defined [com.google.android.youtube]
02-23 02:12:33.233 19618 19618 I GH.CAR.ProxyEP.LITE: Proxy created for channel 2
02-23 02:12:33.233 19618 19618 I CAR.GAL.GAL.LITE: Creating PerChannelQueue for channel 2
02-23 02:12:33.233 19618 19618 I GH.CAR.ProxyEP.LITE: Proxy created for channel 8
02-23 02:12:33.233 19618 19618 I CAR.GAL.GAL.LITE: Creating PerChannelQueue for channel 8
02-23 02:12:33.233 19618 19618 I GH.CAR.ProxyEP.LITE: Proxy created for channel 14
02-23 02:12:33.233 19618 19618 I CAR.GAL.GAL.LITE: Creating PerChannelQueue for channel 14
02-23 02:12:33.234 19618 19618 I GH.CAR.ProxyEP.LITE: Proxy created for channel 7
02-23 02:12:33.234 19618 19618 I CAR.GAL.GAL.LITE: Creating PerChannelQueue for channel 7
02-23 02:12:33.234 19618 32207 W CAR.VALIDATOR: Package DENIED; Uses for MEDIA not defined [com.microsoft.skydrive]
02-23 02:12:33.234 19618 19618 I CAR.TOKEN: Successfully connected pyj@a13a5f using class pye@152446351/class pyh@218479854 (cx attempt 1)
02-23 02:12:33.234 19618 19618 I CAR.TOKEN: Token caller not specified, so skipping telemetry logging. Process: com.google.android.projection.gearhead:car
02-23 02:12:33.234 19618 19618 I CAR.AUDIO: Call state change: IDLE(0)
02-23 02:12:33.234 19618 32207 W CAR.VALIDATOR: Package DENIED; Uses for MEDIA not defined [com.samsung.android.app.interpreter]
02-23 02:12:33.234 19618 32207 W CAR.VALIDATOR: Package DENIED; Uses for MEDIA not defined [com.samsung.android.bixby.agent]
02-23 02:12:33.236 21855 21896 I GH.ConnLoggerV2: Session 7bdbf25b-9c23-458c-9bb7-27434b9831e6, event 1862, detail OptionalInt.empty, USB_CONNECTED, at 384642286 
02-23 02:12:33.236 19618 32198 I CAR.GAL.AUDIO.LITE: Got audio focus state from car:AUDIO_FOCUS_STATE_LOSS
02-23 02:12:33.236 19618 32198 I CAR.AUDIO.FOCUS: Received focus change from HU: AUDIO_FOCUS_STATE_LOSS, unsolicited: false
02-23 02:12:33.236 19618 32222 I CAR.AUDIO.FOCUS: Handling CarAudioFocusEvent from HU: packageName=null, audioFocusRequestType=AUDIO_FOCUS_RELEASE, audioFocusStateType=AUDIO_FOCUS_STATE_LOSS, unsolicitedResponse=false, gearheadForcedResponse=false, pendingRequest=NONE
02-23 02:12:33.236 19618 32222 I CAR.AUDIO.FOCUS: changeAndroidFocus: true
02-23 02:12:33.236 19618 32222 I CAR.AUDIO.AFM: Invalidate audio focus stack monitor due to car audio focus change
02-23 02:12:33.236 19618 32222 I CAR.AUDIO.CHANNEL: disabling stream: MEDIA, had focus: false
02-23 02:12:33.236 19618 32222 I CAR.AUDIO.CHANNEL: disabling stream: TTS, had focus: false
02-23 02:12:33.236 19618 32222 I CAR.AUDIO.CHANNEL: handleStreamFocusChange old state media: false tts: false, new state media: false tts: false
02-23 02:12:33.236 19618 32222 I CAR.AUDIO.CHANNEL: Audio stream 1 did not request bottom half
02-23 02:12:33.236 19618 32222 I CAR.AUDIO.CHANNEL: Audio stream 0 did not request bottom half
02-23 02:12:33.237 19618 32207 W CAR.VALIDATOR: Package DENIED; Uses for MEDIA not defined [org.thoughtcrime.securesms]
02-23 02:12:33.238 19618 32207 W CAR.VALIDATOR: Package DENIED; Uses for MEDIA not defined [tv.startupshow.android]
02-23 02:12:33.238 21855 21896 I GH.ConnLoggerV2: Session 7bdbf25b-9c23-458c-9bb7-27434b9831e6, event 1863, detail OptionalInt.empty, USB_CONFIGURED, at 384642286 
02-23 02:12:33.238 19618 32235 I CAR.GAL.GAL.LITE: onChannelOpened: 3
02-23 02:12:33.238 19618 32236 I CAR.GAL.GAL.LITE: onChannelOpened: 4
02-23 02:12:33.239 21855 21896 I GH.ConnLoggerV2: Session 7bdbf25b-9c23-458c-9bb7-27434b9831e6, event 1864, detail OptionalInt.empty, USB_ENTERED_ADB_MODE, at 384642286 
02-23 02:12:33.240 21855 21896 I GH.ConnLoggerV2: Session 7bdbf25b-9c23-458c-9bb7-27434b9831e6, event 1865, detail OptionalInt.empty, USB_ENTERED_MTP_MODE, at 384642286 
02-23 02:12:33.241 19618 32236 I CAR.GAL.GAL.LITE: onChannelOpened: 5
02-23 02:12:33.241 19618 32236 I CAR.GAL.GAL.LITE: onChannelOpened: 6
02-23 02:12:33.242 21855 21896 I GH.ConnLoggerV2: Session 7bdbf25b-9c23-458c-9bb7-27434b9831e6, event 1866, detail OptionalInt.empty, USB_DATA_UNLOCKED, at 384642286 
02-23 02:12:33.244 21855 21896 I GH.ConnLoggerV2: Session 7bdbf25b-9c23-458c-9bb7-27434b9831e6, event 1867, detail OptionalInt.empty, CAR_SERVICE_ENDPOINTS_STARTING, at 384642290 
02-23 02:12:33.245 19618 32198 I CAR.GAL.GAL.LITE: onChannelOpened: 8
02-23 02:12:33.245 19618 32198 I CAR.GAL.GAL.LITE: onChannelOpened: 14
02-23 02:12:33.245 19618 32238 I CAR.GAL.GAL.LITE: onChannelOpened: 2
02-23 02:12:33.245 19618 32239 I CAR.GAL.GAL.LITE: onChannelOpened: 7
02-23 02:12:33.245 19618 32235 I CAR.GAL.GAL.LITE: onChannelOpened: 1
02-23 02:12:33.245 19618 32208 I CAR.GAL.GAL.LITE: onChannelOpened: 8
02-23 02:12:33.245 19618 19618 I GH.SelectSvcStarter: All services have been started.
02-23 02:12:33.246 19618 19618 I CAR.BT.LITE: handleTransition: Entering into state STATE_ENABLING BluetoothFsmStateType=BT_FSM_STATE_ENABLING, previous event EVENT_ENDPOINT_READY, BluetoothFsmEventType=BT_FSM_EVENT_ENDPOINT_READY
02-23 02:12:33.246 19618 19618 I GH.CarConnSession: Service start completed for 5373691101625497749
02-23 02:12:33.246 19618 32212 I CAR.GAL.GAL.LITE: onChannelOpened: 2
02-23 02:12:33.246 19618 19618 I CAR.CONMAN.LITE: onStartRequiredServicesComplete: success=true
02-23 02:12:33.247 19618 19618 I CAR.SYS : Successfully set automotive projection.
02-23 02:12:33.248 19618 32235 I CAR.GAL.VIDEO.LITE: Initialize video source flow controller with max unacked allowed: 10
02-23 02:12:33.248 19618 32235 I CAR.GAL.VIDEO.LITE: configMessage, MAX_UNACK: 10
02-23 02:12:33.248 19618 32236 I CAR.GAL.AUDIO.LITE: Creating MediaSourceFlowController for AUDIO_STREAM_MEDIA stream type with throttling disabled: false, maxHuAudioBufferFrames: 2147483647, maxUnackedFramesAllowed: 1
02-23 02:12:33.248 19618 32236 I CAR.AUDIO.MEDIA.LITE: configMessage, MAX_UNACK: 1
02-23 02:12:33.248 19618 32235 I CAR.VIDEO: AVC Level 0x20000 fps 60 pixel 8294400
02-23 02:12:33.248 19618 32236 I CAR.AUDIO.MEDIA: Flag that enables save audio developer setting: false
02-23 02:12:33.248 19618 32235 I CAR.VIDEO: Choosing codec c2.qti.avc.encoder
02-23 02:12:33.248 19618 19618 I CAR.WM.FrameRateLimit: Frame rate change. 0 fps -> 60 fps
02-23 02:12:33.249 21855 21896 I GH.ConnLoggerV2: Session 7bdbf25b-9c23-458c-9bb7-27434b9831e6, event 1868, detail OptionalInt.empty, GEARHEAD_ENDPOINTS_STARTING, at 384642292 
02-23 02:12:33.249 19618 32236 I CAR.AUDIO.CHANNEL: Mark stream ready: MEDIA
02-23 02:12:33.249 19618 32236 I CAR.AUDIO.MEDIA: AudioSourceService is ready with stream type: MEDIA
02-23 02:12:33.249 19618 32235 I CAR.GAL.VIDEO.LITE: VideoFocus gained unsolicited=false
02-23 02:12:33.249 19618 32235 I CAR.VIDEO: Video focus gained for display type: 0.
02-23 02:12:33.249 19618 32236 I CAR.AUDIO.MEDIA: startSystemSoundStreaming MEDIA
02-23 02:12:33.249 19618 32235 I CAR.GAL.VIDEO.LITE: Input Focus Gained
02-23 02:12:33.249 19618 32231 I CAR.VIDEO: AVC Level 0x20000 fps 60 pixel 8294400
02-23 02:12:33.249 19618 32231 I CAR.VIDEO: Choosing codec c2.qti.avc.encoder
02-23 02:12:33.250 19618 32236 I CAR.GAL.AUDIO.LITE: Creating MediaSourceFlowController for AUDIO_STREAM_GUIDANCE stream type with throttling disabled: false, maxHuAudioBufferFrames: 2147483647, maxUnackedFramesAllowed: 1
02-23 02:12:33.250 19618 32236 I CAR.AUDIO.TTS.LITE: configMessage, MAX_UNACK: 1
02-23 02:12:33.250 19618 32261 I CAR.AUDIO.MEDIA: Start capturing system audio with sampling rate: 48000, buffer size: 65536, expected frame duration: 42.666667 ms
02-23 02:12:33.250 19618 32261 I CAR.AUDIO.MEDIA: Creating audio record
02-23 02:12:33.250 19618 32261 I CAR.AUDIO.Policy: Registering audio policy
02-23 02:12:33.250 19618 32236 I CAR.AUDIO.TTS: Flag that enables save audio developer setting: false
02-23 02:12:33.250 19618 32222 I CAR.AUDIO.FOCUS: Handling CarAudioFocusEvent from HU: packageName=null, audioFocusRequestType=null, audioFocusStateType=AUDIO_FOCUS_STATE_LOSS, unsolicitedResponse=false, gearheadForcedResponse=true, pendingRequest=NONE
02-23 02:12:33.250 19618 32222 I CAR.AUDIO.FOCUS: changeAndroidFocus: true
02-23 02:12:33.250 19618 32222 I CAR.AUDIO.CHANNEL: disabling stream: MEDIA, had focus: false
02-23 02:12:33.250 19618 32222 I CAR.AUDIO.CHANNEL: disabling stream: TTS, had focus: false
02-23 02:12:33.250 19618 32222 I CAR.AUDIO.CHANNEL: handleStreamFocusChange old state media: false tts: false, new state media: false tts: false
02-23 02:12:33.250 19618 32236 I CAR.AUDIO.CHANNEL: Mark stream ready: TTS
02-23 02:12:33.250 19618 32236 I CAR.AUDIO.TTS: AudioSourceService is ready with stream type: TTS
02-23 02:12:33.250 19618 32236 I CAR.AUDIO.TTS: startSystemSoundStreaming TTS
02-23 02:12:33.250 19618 32236 I CAR.GAL.AUDIO.LITE: Creating MediaSourceFlowController for AUDIO_STREAM_SYSTEM_AUDIO stream type with throttling disabled: false, maxHuAudioBufferFrames: 2147483647, maxUnackedFramesAllowed: 1
02-23 02:12:33.250 19618 32222 I CAR.AUDIO.CHANNEL: Audio stream 1 did not request bottom half
02-23 02:12:33.250 19618 32236 I CAR.AUDIO.TTS.LITE: configMessage, MAX_UNACK: 1
02-23 02:12:33.250 19618 32222 I CAR.AUDIO.CHANNEL: Audio stream 0 did not request bottom half
02-23 02:12:33.250 19618 32236 I CAR.AUDIO.SYSTEM: Flag that enables save audio developer setting: false
02-23 02:12:33.250 19618 32265 I CAR.AUDIO.TTS: Start capturing system audio with sampling rate: 48000, buffer size: 16384, expected frame duration: 42.666667 ms
02-23 02:12:33.250 19618 32265 I CAR.AUDIO.TTS: Creating audio record
02-23 02:12:33.251 19618 32231 I CAR.MEDIA.VIDEO: wait for encoder init [Video EncodingThread.]
02-23 02:12:33.251 19618 32236 I CAR.AUDIO.CHANNEL: Mark stream ready: SYSTEM
02-23 02:12:33.251 19618 32236 I CAR.AUDIO.SYSTEM: AudioSourceService is ready with stream type: SYSTEM
02-23 02:12:33.253 19618 32222 I CAR.AUDIO.FOCUS: Handling CarAudioFocusEvent from HU: packageName=null, audioFocusRequestType=null, audioFocusStateType=AUDIO_FOCUS_STATE_LOSS, unsolicitedResponse=false, gearheadForcedResponse=true, pendingRequest=NONE
02-23 02:12:33.253 19618 32222 I CAR.AUDIO.FOCUS: changeAndroidFocus: true
02-23 02:12:33.253 19618 32222 I CAR.AUDIO.CHANNEL: disabling stream: MEDIA, had focus: false
02-23 02:12:33.253 19618 32222 I CAR.AUDIO.CHANNEL: disabling stream: TTS, had focus: false
02-23 02:12:33.253 19618 32222 I CAR.AUDIO.CHANNEL: handleStreamFocusChange old state media: false tts: false, new state media: false tts: false
02-23 02:12:33.253 19618 32222 I CAR.AUDIO.CHANNEL: Audio stream 1 did not request bottom half
02-23 02:12:33.253 19618 32222 I CAR.AUDIO.CHANNEL: Audio stream 0 did not request bottom half
02-23 02:12:33.253 19618 32222 I CAR.AUDIO.FOCUS: Handling CarAudioFocusEvent from HU: packageName=null, audioFocusRequestType=null, audioFocusStateType=AUDIO_FOCUS_STATE_LOSS, unsolicitedResponse=false, gearheadForcedResponse=true, pendingRequest=NONE
02-23 02:12:33.253 19618 32222 I CAR.AUDIO.FOCUS: changeAndroidFocus: true
02-23 02:12:33.253 19618 32222 I CAR.AUDIO.CHANNEL: disabling stream: MEDIA, had focus: false
02-23 02:12:33.253 19618 32222 I CAR.AUDIO.CHANNEL: disabling stream: TTS, had focus: false
02-23 02:12:33.253 19618 32222 I CAR.AUDIO.CHANNEL: handleStreamFocusChange old state media: false tts: false, new state media: false tts: false
02-23 02:12:33.253 19618 32222 I CAR.AUDIO.CHANNEL: Audio stream 1 did not request bottom half
02-23 02:12:33.253 19618 32222 I CAR.AUDIO.CHANNEL: Audio stream 0 did not request bottom half
02-23 02:12:33.254 21855 21896 I GH.ConnLoggerV2: Session 7bdbf25b-9c23-458c-9bb7-27434b9831e6, event 1869, detail OptionalInt.empty, GEARHEAD_ENDPOINTS_COMPLETED, at 384642310 
02-23 02:12:33.256 21855 21896 I GH.ConnLoggerV2: Session 7bdbf25b-9c23-458c-9bb7-27434b9831e6, event 1870, detail OptionalInt.empty, PROJECTION_WINDOW_MANAGER_STARTING, at 384642312 
02-23 02:12:33.275 19618 32207 W CAR.VALIDATOR: Package DENIED; package is disabled [com.ace.shell.production]; PackageEnabledSetting [4]
02-23 02:12:33.278 19618 32207 W CAR.VALIDATOR: Package DENIED; package is disabled [com.att.mobilesecurity]; PackageEnabledSetting [4]
02-23 02:12:33.280 19618 32207 W CAR.VALIDATOR: Package DENIED; package is disabled [com.creditkarma.mobile]; PackageEnabledSetting [4]
02-23 02:12:33.281 19618 32207 W CAR.VALIDATOR: Package DENIED; package is disabled [com.google.android.apps.docs.editors.sheets]; PackageEnabledSetting [4]
02-23 02:12:33.286 19618 32207 W CAR.VALIDATOR: Package DENIED; package is disabled [com.google.android.music]; PackageEnabledSetting [4]
02-23 02:12:33.289 19618 32207 W CAR.VALIDATOR: Package DENIED; package is disabled [com.limebike]; PackageEnabledSetting [4]
02-23 02:12:33.293 19618 32207 W CAR.VALIDATOR: Package DENIED; package is disabled [com.neighbfav.neighborfavor]; PackageEnabledSetting [4]
02-23 02:12:33.293 19618 32207 W CAR.VALIDATOR: Package DENIED; package is disabled [com.nytimes.crossword]; PackageEnabledSetting [4]
02-23 02:12:33.293 19618 32207 W CAR.VALIDATOR: Package DENIED; package is disabled [com.paypal.android.p2pmobile]; PackageEnabledSetting [4]
02-23 02:12:33.296 19618 32207 W CAR.VALIDATOR: Package DENIED; package is disabled [com.shazam.android]; PackageEnabledSetting [4]
02-23 02:12:33.298 19618 32207 W CAR.VALIDATOR: Package DENIED; package is disabled [com.spotify.music]; PackageEnabledSetting [4]
02-23 02:12:33.298 19618 32207 W CAR.VALIDATOR: Package DENIED; package is disabled [com.squareup.cash]; PackageEnabledSetting [4]
02-23 02:12:33.299 19618 32207 W CAR.VALIDATOR: Package DENIED; package is disabled [com.starbucks.mobilecard]; PackageEnabledSetting [4]
02-23 02:12:33.300 19618 32231 I CAR.MEDIA.VIDEO: encoder init done [Video EncodingThread.]
02-23 02:12:33.300 19618 32207 W CAR.VALIDATOR: Package DENIED; package is disabled [com.tinder]; PackageEnabledSetting [4]
02-23 02:12:33.301 19618 32207 W CAR.VALIDATOR: Package DENIED; package is disabled [com.unitedrentals.urtc]; PackageEnabledSetting [4]
02-23 02:12:33.302 19618 32207 W CAR.VALIDATOR: Package DENIED; package is disabled [com.walmart.android]; PackageEnabledSetting [4]
02-23 02:12:33.302 19618 32207 W CAR.VALIDATOR: Package DENIED; package is disabled [com.zocdoc.android]; PackageEnabledSetting [4]
02-23 02:12:33.302 19618 32207 W CAR.VALIDATOR: Package DENIED; package is disabled [leon.android.chs_ydw_dcs480_dsp_408]; PackageEnabledSetting [4]
02-23 02:12:33.303 19618 32207 W CAR.VALIDATOR: Package DENIED; package is disabled [net.nzbget.nzbget]; PackageEnabledSetting [4]
02-23 02:12:33.304 19618 32207 W CAR.VALIDATOR: Package DENIED; package is disabled [reddit.news]; PackageEnabledSetting [4]
02-23 02:12:33.304 19618 32207 W CAR.VALIDATOR: Package DENIED; package is disabled [smartwatchstudios.app.gears3navigation]; PackageEnabledSetting [4]
02-23 02:12:33.305 19618 32212 W CAR.SENSOR.LITE: sensor event while no listener, sensor:11 [CONTEXT ratelimit_period="1 MINUTES" skipped=1 ]
02-23 02:12:33.308 19618 32207 W CAR.VALIDATOR: Package DENIED; package is disabled [ai.polycam]; PackageEnabledSetting [4]
02-23 02:12:33.308 19618 32207 W CAR.VALIDATOR: Package DENIED; package is disabled [app.aawireless]; PackageEnabledSetting [4]
02-23 02:12:33.308 19618 32207 W CAR.VALIDATOR: Package DENIED; package is disabled [app.instabet.betr]; PackageEnabledSetting [4]
02-23 02:12:33.308 19618 32205 I CAR.SENSOR: Requested sensor 2 not supported
02-23 02:12:33.308 19618 32205 I CAR.SENSOR: Requested sensor 7 not supported
02-23 02:12:33.308 19618 32205 I CAR.SENSOR: Requested sensor 6 not supported
02-23 02:12:33.309 19618 32207 W CAR.VALIDATOR: Package DENIED; package is disabled [app.revanced.manager.flutter]; PackageEnabledSetting [4]
02-23 02:12:33.309 19618 32207 W CAR.VALIDATOR: Package DENIED; package is disabled [br.com.ctncardoso.ctncar]; PackageEnabledSetting [4]
02-23 02:12:33.309 19618 32207 W CAR.VALIDATOR: Package DENIED; package is disabled [com.MonsterCouch.Wingspan]; PackageEnabledSetting [4]
02-23 02:12:33.310 19618 32207 W CAR.VALIDATOR: Package DENIED; package is disabled [com.aatorque.carstats]; PackageEnabledSetting [4]
02-23 02:12:33.310 19618 32207 W CAR.VALIDATOR: Package DENIED; package is disabled [com.acmeandroid.listen]; PackageEnabledSetting [4]
02-23 02:12:33.310 19618 32207 W CAR.VALIDATOR: Package DENIED; package is disabled [com.aetna.aetnahealth]; PackageEnabledSetting [4]
02-23 02:12:33.311 19618 32207 W CAR.VALIDATOR: Package DENIED; package is disabled [com.airbnb.android]; PackageEnabledSetting [4]
02-23 02:12:33.312 19618 32207 W CAR.VALIDATOR: Package DENIED; package is disabled [com.alltrails.alltrails]; PackageEnabledSetting [4]
02-23 02:12:33.312 19618 32207 W CAR.VALIDATOR: Package DENIED; package is disabled [com.amazon.avod.thirdpartyclient]; PackageEnabledSetting [4]
02-23 02:12:33.313 19618 32207 W CAR.VALIDATOR: Package DENIED; package is disabled [com.amazon.kindle]; PackageEnabledSetting [4]
02-23 02:12:33.314 19618 32207 W CAR.VALIDATOR: Package DENIED; package is disabled [com.astech.forscanlite]; PackageEnabledSetting [4]
02-23 02:12:33.315 19618 32207 W CAR.VALIDATOR: Package DENIED; package is disabled [com.axs.android]; PackageEnabledSetting [4]
02-23 02:12:33.318 19618 32207 W CAR.VALIDATOR: Package DENIED; package is disabled [com.clearme.clearapp]; PackageEnabledSetting [4]
02-23 02:12:33.318 19618 32207 W CAR.VALIDATOR: Package DENIED; package is disabled [com.coinbase.android]; PackageEnabledSetting [4]
02-23 02:12:33.319 19618 32207 W CAR.VALIDATOR: Package DENIED; package is disabled [com.cronometer.android.gold]; PackageEnabledSetting [4]
02-23 02:12:33.320 19618 32207 W CAR.VALIDATOR: Package DENIED; package is disabled [com.cxinventor.file.explorer]; PackageEnabledSetting [4]
02-23 02:12:33.320 19618 32207 W CAR.VALIDATOR: Package DENIED; package is disabled [com.czechgames.tta]; PackageEnabledSetting [4]
02-23 02:12:33.320 19618 32207 W CAR.VALIDATOR: Package DENIED; package is disabled [com.daemon.ebookconverter]; PackageEnabledSetting [4]
02-23 02:12:33.321 19618 32207 W CAR.VALIDATOR: Package DENIED; package is disabled [com.dd.doordash]; PackageEnabledSetting [4]
02-23 02:12:33.321 19618 32207 W CAR.VALIDATOR: Package DENIED; package is disabled [com.direwolfdigital.root]; PackageEnabledSetting [4]
02-23 02:12:33.322 19618 32207 W CAR.VALIDATOR: Package DENIED; package is disabled [com.discord]; PackageEnabledSetting [4]
02-23 02:12:33.323 19618 32207 W CAR.VALIDATOR: Package DENIED; package is disabled [com.evernote]; PackageEnabledSetting [4]
02-23 02:12:33.323 19618 32207 W CAR.VALIDATOR: Package DENIED; package is disabled [com.example.kinginstaller]; PackageEnabledSetting [4]
02-23 02:12:33.325 19618 32207 W CAR.VALIDATOR: Package DENIED; package is disabled [com.fitnesskeeper.runkeeper.pro]; PackageEnabledSetting [4]
02-23 02:12:33.325 19618 32207 W CAR.VALIDATOR: Package DENIED; package is disabled [com.foodient.whisk]; PackageEnabledSetting [4]
02-23 02:12:33.326 19618 32207 W CAR.VALIDATOR: Package DENIED; package is disabled [com.gemini.android.app]; PackageEnabledSetting [4]
02-23 02:12:33.328 19618 32207 W CAR.VALIDATOR: Package DENIED; package is disabled [com.google.android.apps.nbu.files]; PackageEnabledSetting [4]
02-23 02:12:33.328 19618 32207 W CAR.VALIDATOR: Package DENIED; package is disabled [com.google.android.apps.paidtasks]; PackageEnabledSetting [4]
02-23 02:12:33.329 19618 32207 W CAR.VALIDATOR: Package DENIED; package is disabled [com.google.android.apps.translate]; PackageEnabledSetting [4]
02-23 02:12:33.329 19618 32207 W CAR.VALIDATOR: Package DENIED; package is disabled [com.google.android.keep]; PackageEnabledSetting [4]
02-23 02:12:33.330 19618 32207 W CAR.VALIDATOR: Package DENIED; package is disabled [com.groundspeak.geocaching.intro]; PackageEnabledSetting [4]
02-23 02:12:33.330 19618 32207 W CAR.VALIDATOR: Package DENIED; package is disabled [com.grundfos.go2]; PackageEnabledSetting [4]
02-23 02:12:33.331 19618 32207 W CAR.VALIDATOR: Package DENIED; package is disabled [com.harborfreight.app]; PackageEnabledSetting [4]
02-23 02:12:33.332 19618 32207 W CAR.VALIDATOR: Package DENIED; package is disabled [com.heb.myheb]; PackageEnabledSetting [4]
02-23 02:12:33.332 19618 32207 W CAR.VALIDATOR: Package DENIED; package is disabled [com.hualai]; PackageEnabledSetting [4]
02-23 02:12:33.332 19618 32207 W CAR.VALIDATOR: Package DENIED; package is disabled [com.ideawork.icrunch]; PackageEnabledSetting [4]
02-23 02:12:33.334 19618 32207 W CAR.VALIDATOR: Package DENIED; package is disabled [com.jamworks.sidekeybuttonremap]; PackageEnabledSetting [4]
02-23 02:12:33.335 19618 32207 W CAR.VALIDATOR: Package DENIED; package is disabled [com.logitech.harmonyhub]; PackageEnabledSetting [4]
02-23 02:12:33.338 19618 32207 W CAR.VALIDATOR: Package DENIED; package is disabled [com.mobileraker.android]; PackageEnabledSetting [4]
02-23 02:12:33.339 19618 32207 W CAR.VALIDATOR: Package DENIED; package is disabled [com.ottplay.ottplay]; PackageEnabledSetting [4]
02-23 02:12:33.340 19618 32207 W CAR.VALIDATOR: Package DENIED; package is disabled [com.ovz.carscanner]; PackageEnabledSetting [4]
02-23 02:12:33.341 19618 32207 W CAR.VALIDATOR: Package DENIED; package is disabled [com.priceline.android.negotiator]; PackageEnabledSetting [4]
02-23 02:12:33.342 19618 32207 W CAR.VALIDATOR: Package DENIED; package is disabled [com.raken]; PackageEnabledSetting [4]
02-23 02:12:33.342 19618 32207 W CAR.VALIDATOR: Package DENIED; package is disabled [com.ravenfeld.nav.garmin]; PackageEnabledSetting [4]
02-23 02:12:33.342 19618 32207 W CAR.VALIDATOR: Package DENIED; package is disabled [com.realvnc.viewer.android]; PackageEnabledSetting [4]
02-23 02:12:33.343 19618 32207 W CAR.VALIDATOR: Package DENIED; package is disabled [com.reveltransit]; PackageEnabledSetting [4]
02-23 02:12:33.343 19618 32207 W CAR.VALIDATOR: Package DENIED; package is disabled [com.riffsy.FBMGIFApp]; PackageEnabledSetting [4]
02-23 02:12:33.343 19618 32207 W CAR.VALIDATOR: Package DENIED; package is disabled [com.robinhood.android]; PackageEnabledSetting [4]
02-23 02:12:33.346 19618 32207 W CAR.VALIDATOR: Package DENIED; package is disabled [com.samsung.android.app.spage]; PackageEnabledSetting [4]
02-23 02:12:33.346 19618 32207 W CAR.VALIDATOR: Package DENIED; package is disabled [com.samsung.android.fast]; PackageEnabledSetting [4]
02-23 02:12:33.348 19618 32207 W CAR.VALIDATOR: Package DENIED; package is disabled [com.samsung.ecomm]; PackageEnabledSetting [4]
02-23 02:12:33.348 19618 32207 W CAR.VALIDATOR: Package DENIED; package is disabled [com.schwab.mobile]; PackageEnabledSetting [4]
02-23 02:12:33.350 19618 32207 W CAR.VALIDATOR: Package DENIED; package is disabled [com.sec.android.app.voicenote]; PackageEnabledSetting [4]
02-23 02:12:33.350 19618 32207 W CAR.VALIDATOR: Package DENIED; package is disabled [com.sec.penup]; PackageEnabledSetting [4]
02-23 02:12:33.350 19618 32261 I CAR.BT.SVC.LITE: Routing media audio via device type 0
02-23 02:12:33.350 19618 32207 W CAR.VALIDATOR: Package DENIED; package is disabled [com.sonelli.juicessh]; PackageEnabledSetting [4]
02-23 02:12:33.351 19618 32207 W CAR.VALIDATOR: Package DENIED; package is disabled [com.starlink.mobile]; PackageEnabledSetting [4]
02-23 02:12:33.351 19618 32238 I CAR.SENSOR: getDayNightModeUserSetting DisplaySourceService available
02-23 02:12:33.351 19618 32238 I CAR.SENSOR: getDayNightModeUserSetting getting day night mode from CarServiceSettings: car
02-23 02:12:33.351 19618 32238 I CAR.SENSOR: isNightModeEnabled DAY_NIGHT_MODE_VAL_CAR returning car day night sensor night=false
02-23 02:12:33.351 19618 32238 I CAR.SENSOR: getDayNightModeUserSetting DisplaySourceService available
02-23 02:12:33.351 19618 32238 I CAR.SENSOR: getDayNightModeUserSetting getting day night mode from CarServiceSettings: car
02-23 02:12:33.351 19618 32238 I CAR.SENSOR: updateDayNightMode(source=SENSOR): userSetting=car, isNightMode=false
02-23 02:12:33.351 19618 32238 I CAR.SYS : setting night mode false
02-23 02:12:33.351 19618 32207 W CAR.VALIDATOR: Package DENIED; package is disabled [com.statefarm.pocketagent]; PackageEnabledSetting [4]
02-23 02:12:33.352 19618 32207 W CAR.VALIDATOR: Package DENIED; package is disabled [com.strava]; PackageEnabledSetting [4]
02-23 02:12:33.352 19618 32207 W CAR.VALIDATOR: Package DENIED; package is disabled [com.stronglifts.app]; PackageEnabledSetting [4]
02-23 02:12:33.354 19618 32207 W CAR.VALIDATOR: Package DENIED; package is disabled [com.tautulli.tautulli_remote]; PackageEnabledSetting [4]
02-23 02:12:33.354 19618 32207 W CAR.VALIDATOR: Package DENIED; package is disabled [com.ticketmaster.mobile.android.na]; PackageEnabledSetting [4]
02-23 02:12:33.355 19618 32207 W CAR.VALIDATOR: Package DENIED; package is disabled [com.todoist]; PackageEnabledSetting [4]
02-23 02:12:33.358 19618 32207 W CAR.VALIDATOR: Package DENIED; package is disabled [com.trainerize.texashealthandracquetclub]; PackageEnabledSetting [4]
02-23 02:12:33.358 19618 32207 W CAR.VALIDATOR: Package DENIED; package is disabled [com.tuya.smartlife]; PackageEnabledSetting [4]
02-23 02:12:33.359 19618 32207 W CAR.VALIDATOR: Package DENIED; package is disabled [com.twentythreeandme.app]; PackageEnabledSetting [4]
02-23 02:12:33.359 19618 32207 W CAR.VALIDATOR: Package DENIED; package is disabled [com.untappdllc.app]; PackageEnabledSetting [4]
02-23 02:12:33.360 19618 32207 W CAR.VALIDATOR: Package DENIED; package is disabled [com.valvesoftware.android.steam.community]; PackageEnabledSetting [4]
02-23 02:12:33.361 19618 32207 W CAR.VALIDATOR: Package DENIED; package is disabled [com.vidure.peztio]; PackageEnabledSetting [4]
02-23 02:12:33.361 19618 32207 W CAR.VALIDATOR: Package DENIED; package is disabled [com.wanderlog.android]; PackageEnabledSetting [4]
02-23 02:12:33.362 19618 32207 W CAR.VALIDATOR: Package DENIED; package is disabled [com.waze]; PackageEnabledSetting [4]
02-23 02:12:33.363 19618 32207 W CAR.VALIDATOR: Package DENIED; package is disabled [com.windyty.android]; PackageEnabledSetting [4]
02-23 02:12:33.364 19618 32207 W CAR.VALIDATOR: Package DENIED; package is disabled [com.wssc.simpleclock]; PackageEnabledSetting [4]
02-23 02:12:33.364 19618 32207 W CAR.VALIDATOR: Package DENIED; package is disabled [com.yahoo.mobile.client.android.fantasyfootball]; PackageEnabledSetting [4]
02-23 02:12:33.365 19618 32207 W CAR.VALIDATOR: Package DENIED; package is disabled [com.yelp.android]; PackageEnabledSetting [4]
02-23 02:12:33.365 19618 32207 W CAR.VALIDATOR: Package DENIED; package is disabled [gov.dhs.tsa.mytsa]; PackageEnabledSetting [4]
02-23 02:12:33.366 19618 32207 W CAR.VALIDATOR: Package DENIED; package is disabled [io.apptitude.premiumparking]; PackageEnabledSetting [4]
02-23 02:12:33.367 19618 32207 W CAR.VALIDATOR: Package DENIED; package is disabled [me.aap.fermata]; PackageEnabledSetting [4]
02-23 02:12:33.368 19618 32207 W CAR.VALIDATOR: Package DENIED; package is disabled [me.aap.fermata.auto.dear.google.why]; PackageEnabledSetting [4]
02-23 02:12:33.369 19618 32207 W CAR.VALIDATOR: Package DENIED; package is disabled [me.dt2dev.uvcpreview]; PackageEnabledSetting [4]
02-23 02:12:33.369 19618 32207 W CAR.VALIDATOR: Package DENIED; package is disabled [me.dt2dev.uvcpreview.free]; PackageEnabledSetting [4]
02-23 02:12:33.370 19618 32207 W CAR.VALIDATOR: Package DENIED; package is disabled [org.intoorbit.spectrum]; PackageEnabledSetting [4]
02-23 02:12:33.371 19618 32207 W CAR.VALIDATOR: Package DENIED; package is disabled [org.mozilla.firefox]; PackageEnabledSetting [4]
02-23 02:12:33.372 19618 32207 W CAR.VALIDATOR: Package DENIED; package is disabled [org.telegram.messenger]; PackageEnabledSetting [4]
02-23 02:12:33.374 19618 32207 W CAR.VALIDATOR: Package DENIED; package is disabled [org.videolan.vlc]; PackageEnabledSetting [4]
02-23 02:12:33.375 19618 19618 I CAR.CAM : Using IME component ComponentInfo{com.google.android.projection.gearhead/com.google.android.projection.gearhead.input.TouchInputMethodService}
02-23 02:12:33.377 21855 21896 I GH.ConnLoggerV2: Session 7bdbf25b-9c23-458c-9bb7-27434b9831e6, event 1871, detail OptionalInt.empty, PROJECTION_WINDOW_MANAGER_STARTED_WIFI, at 384642441 
02-23 02:12:33.377 19618 19618 I CAR.WM.FrameRateLimit: Frame rate change. 60 fps -> 30 fps
02-23 02:12:33.377 19618 19618 I CAR.WM  : Setting display configuration id for CarDisplayId{displayId=0} to d15840e1-8802-43dd-945e-ffcfde98aac8
02-23 02:12:33.378 19618 19618 I CAR.SERVICE: Car connection state changed: CONNECTING->PREFLIGHT
02-23 02:12:33.378 21855 21896 I GH.ConnLoggerV2: Session 7bdbf25b-9c23-458c-9bb7-27434b9831e6, event 1872, detail OptionalInt.empty, PROJECTION_WINDOW_MANAGER_STARTED, at 384642441 
02-23 02:12:33.379 19618 19618 I CAR.LITE.LITE: Car services started
02-23 02:12:33.379 19618 19618 I CAR.LITE.LITE: Startup complete:true
02-23 02:12:33.379 19618 19618 W CAR.WM  : Input focus gained again
02-23 02:12:33.379 19618 19618 I CAR.AUDIO.AFM: Received onAudioFocusGrant. gainRequest: GAIN, requestResult: GRANTED, clientId: android.media.AudioManager@8fc2020hoo@de39dd9, packageName: com.google.android.projection.gearhead, clientUid: 10253
02-23 02:12:33.379 19618 19618 I CAR.AUDIO.AFM: Received onAudioFocusGrant. gainRequest: GAIN, requestResult: GRANTED, clientId: android.media.AudioManager@8fc2020hoo@de39dd9, packageName: com.google.android.projection.gearhead, clientUid: 10253
02-23 02:12:33.379 19618 19618 I CAR.AUDIO.AFM: Received onAudioFocusGrant. gainRequest: GAIN, requestResult: GRANTED, clientId: android.media.AudioManager@8fc2020hoo@de39dd9, packageName: com.google.android.projection.gearhead, clientUid: 10253
02-23 02:12:33.379 19618 19618 I CAR.AUDIO.AFM: Received onAudioFocusGrant. gainRequest: GAIN, requestResult: GRANTED, clientId: android.media.AudioManager@8fc2020hoo@de39dd9, packageName: com.google.android.projection.gearhead, clientUid: 10253
02-23 02:12:33.379 19618 32222 I CAR.AUDIO.AFM: maybeNotifyFocusStackChange: currentFocusGrant: GAIN, oldFocusGrant: NONE, forceNotify: true, mostRecentPackageName: com.google.android.projection.gearhead
02-23 02:12:33.379 19618 32222 I CAR.AUDIO.FOCUS: Sending AUDIO_FOCUS_GAIN to HU for app com.google.android.projection.gearhead due to Android focus change: GAIN
02-23 02:12:33.379 19618 32222 I CAR.AUDIO.FOCUS: Send focus request to HU: AUDIO_FOCUS_GAIN, attempt#: 1
02-23 02:12:33.379 19618 32222 I CAR.GAL.AUDIO.LITE: sent audio focus request: AUDIO_FOCUS_GAIN
02-23 02:12:33.379 19618 19618 I CAR.WM  : Updating video configuration. isNightMode: false
02-23 02:12:33.379 19618 32222 I CAR.AUDIO.AFM: maybeNotifyFocusStackChange: currentFocusGrant: GAIN, oldFocusGrant: GAIN, forceNotify: false, mostRecentPackageName: com.google.android.projection.gearhead
02-23 02:12:33.380 19618 32222 I CAR.AUDIO.AFM: maybeNotifyFocusStackChange: currentFocusGrant: GAIN, oldFocusGrant: GAIN, forceNotify: false, mostRecentPackageName: com.google.android.projection.gearhead
02-23 02:12:33.380 19618 32222 I CAR.AUDIO.AFM: maybeNotifyFocusStackChange: currentFocusGrant: GAIN, oldFocusGrant: GAIN, forceNotify: false, mostRecentPackageName: com.google.android.projection.gearhead
02-23 02:12:33.380 19618 19618 I CAR.TOKEN: Disconnecting pof@27aa69 (cx attempt: 1).
02-23 02:12:33.380 19618 19618 I GH.GhCarClientCtor: Disconnecting GearheadCarClientConnector.
02-23 02:12:33.380 19618 19618 I GH.GhCarClientCtor: Unbinding service connection.
02-23 02:12:33.380 19618 19618 I CAR.TOKEN: Disconnected pyk@70d8a55 using class pye@152446351/class pyh@218479854 (cx attempt 1)
02-23 02:12:33.381 21855 21896 I GH.ConnLoggerV2: Session 7bdbf25b-9c23-458c-9bb7-27434b9831e6, event 1873, detail OptionalInt.empty, PROJECTION_START, at 384642443 
02-23 02:12:33.381 19618 19618 I CAR.SERVICE: Process info changed com.google.android.projection.gearhead:projection:imp(0), reason(0), reason_pid(0), lru(0), uid(0)->imp(125), reason(2), reason_pid(19618), lru(0), uid(10253)
02-23 02:12:33.381 19618 19618 I CAR.SERVICE: Process info changed com.google.android.projection.gearhead:car:imp(0), reason(0), reason_pid(0), lru(0), uid(0)->imp(125), reason(2), reason_pid(3048), lru(0), uid(10253)
02-23 02:12:33.381 19618 19618 I CAR.SERVICE: Process info changed com.google.android.projection.gearhead:shared:imp(0), reason(0), reason_pid(0), lru(0), uid(0)->imp(125), reason(2), reason_pid(12010), lru(0), uid(10253)
02-23 02:12:33.381 12010 14725 D CAR.CLIENT.PLS: onProjectionStart on binder thread
02-23 02:12:33.382 12010 12010 D CAR.CLIENT.PLS: Projection start
02-23 02:12:33.382 12010 12010 I GH.GhLifecycleService: onProjectionStart(config:Bundle[{}])
02-23 02:12:33.382 12010 12010 D GH.GhLifecycleService: Get CarWindowManager for CarDisplayId{displayId=0}
02-23 02:12:33.383 21855 21896 I GH.ConnLoggerV2: Session 7bdbf25b-9c23-458c-9bb7-27434b9831e6, event 1874, detail OptionalInt.empty, PROJECTION_START_WIFI, at 384642443 
02-23 02:12:33.383 12010 12010 I CAR.CLIENT: carModuleFeaturesCache empty, retrieving from car service.
02-23 02:12:33.383 12010 12010 D CAR.CLIENT: Multi-display client enabled. Get ICarWindowManager for: CarDisplayId{displayId=0}
02-23 02:12:33.383 12010 12010 I GH.AppIconCache: forDpi: Creating new app icon cache with DPI=140
02-23 02:12:33.384 12010 12010 I GH.AppIconFactory: AppIconFactory(): iconSize=84, iconDpi=320, displayMetrics=DisplayMetrics{density=0.875, width=1080, height=2340, scaledDensity=0.875, xdpi=375.78082, ydpi=376.17722}
02-23 02:12:33.384 12010 12010 I CAR.CLIENT: carModuleFeaturesCache empty, retrieving from car service.
02-23 02:12:33.384 12010 12010 D CAR.CLIENT: Multi-display client enabled. Get ICarDisplayManager
02-23 02:12:33.384 12010 12010 D GH.Hero : Setting car control info from getHasPersistentCarControls
02-23 02:12:33.384 12010 12010 I CAR.CLIENT: carModuleFeaturesCache empty, retrieving from car service.
02-23 02:12:33.385 19618 32198 I CAR.GAL.AUDIO.LITE: Got audio focus state from car:AUDIO_FOCUS_STATE_GAIN
02-23 02:12:33.385 19618 32198 I CAR.AUDIO.FOCUS: Received focus change from HU: AUDIO_FOCUS_STATE_GAIN, unsolicited: false
02-23 02:12:33.385 19618 19618 I CAR.SERVICE.LITE: Car connection state changed: CONNECTING->CONNECTED
02-23 02:12:33.385 19618 32222 I CAR.AUDIO.FOCUS: Handling CarAudioFocusEvent from HU: packageName=com.google.android.projection.gearhead, audioFocusRequestType=AUDIO_FOCUS_GAIN, audioFocusStateType=AUDIO_FOCUS_STATE_GAIN, unsolicitedResponse=false, gearheadForcedResponse=false, pendingRequest=NONE
02-23 02:12:33.385 19618 32222 I CAR.AUDIO.FOCUS: changeAndroidFocus: true
02-23 02:12:33.385 19618 32222 I CAR.AUDIO.CHANNEL: enabling stream: MEDIA, had focus: false
02-23 02:12:33.385 19618 32222 I CAR.AUDIO.CHANNEL: enabling stream: TTS, had focus: false
02-23 02:12:33.385 19618 32222 I CAR.AUDIO.CHANNEL: handleStreamFocusChange old state media: false tts: false, new state media: true tts: true
02-23 02:12:33.385 12010 12010 D GH.GhLifecycleService: Get CarWindowManager for CarDisplayId{displayId=0}
02-23 02:12:33.385 19618 32222 I CAR.AUDIO.CHANNEL: Audio stream 1 did not request bottom half
02-23 02:12:33.385 19618 32222 I CAR.AUDIO.CHANNEL: Audio stream 0 did not request bottom half
02-23 02:12:33.385 12010 12010 D CAR.CLIENT: Multi-display client enabled. Get ICarDisplay for: CarDisplayId{displayId=0}
02-23 02:12:33.385 12010 12010 D CAR.CLIENT: Multi-display client enabled. Get ICarDisplay for: CarDisplayId{displayId=0}
02-23 02:12:33.385 12010 12010 D CAR.CLIENT: Multi-display client enabled. Get ICarDisplay for: CarDisplayId{displayId=0}
02-23 02:12:33.386 12010 12010 I GH.DisplayLayout: displayDimensions Point(1920, 984), dpi 140, contentInsets: Rect(0, 0 - 0, 0)
02-23 02:12:33.386  8910 27399 D CAR.CLIENT.PLS: onProjectionStart on binder thread
02-23 02:12:33.386  8910  8910 D CAR.CLIENT.PLS: Projection start
02-23 02:12:33.387  8910  8910 D CAR.CLIENT: onClientConnected() pye@5cd2fd9, registering localCarConnectionListener pxx@7c7ad9e with multiplex listener pyn@d1f407f
02-23 02:12:33.387  8910  8910 D GH.MultiCarCxnListener: Registering listener. instance: pyn@d1f407f, listener: pxx@7c7ad9e
02-23 02:12:33.387  8910  8910 D CAR.CLIENT: Registering multiplex listener pyn@d1f407f with car service
02-23 02:12:33.387 21855 21896 I GH.ConnLoggerV2: Session 7bdbf25b-9c23-458c-9bb7-27434b9831e6, event 1875, detail OptionalInt.empty, PROJECTION_STARTED_WIFI, at 384642443 
02-23 02:12:33.387 21855 21896 I GH.StartupMeasure: logEvent PROJECTION_STARTED_WIRELESS=PT106H50M42.443S
02-23 02:12:33.387 19618 19618 I CAR.AUDIO.AFM: Received onAudioFocusLoss. lossReceived: NONE, wasNotified: false, clientId: android.media.AudioManager@8fc2020hoo@de39dd9, packageName: com.google.android.projection.gearhead, clientUid: 10253
02-23 02:12:33.387 19618 19618 I CAR.AUDIO.AFM: Processing onAudioFocusLoss. currentGrant: GAIN, invalidateByCarAudioFocusChange: false, lossReceived: NONE, packageName: com.google.android.projection.gearhead
02-23 02:12:33.387  8910 27399 D CAR.CLIENT.PLS: onPreflightStart on binder thread
02-23 02:12:33.387  8910  8910 D CAR.CLIENT.PLS: Preflight start
02-23 02:12:33.387  8910  8910 I GH.RecoveryLifecycle: onPreflightStart
02-23 02:12:33.387  8910  8910 D GH.RecoveryLifecycle: Preflight start, connectionType: 2, carProcessPid: 19618
02-23 02:12:33.387  8910 27399 D CAR.CLIENT.PLS: onProjectionReady on binder thread
02-23 02:12:33.387  8910  8910 D CAR.CLIENT.PLS: Projection ready
02-23 02:12:33.388  8910  8910 D GH.RecoveryLifecycle: onProjectionReady
02-23 02:12:33.388  8910  8910 D GH.ResetHandler: Reading timestamp: 0, origin: , recoveryRecorded: false, callerKey: watchdog
02-23 02:12:33.388  8910  8910 I GH.ResetHandler: Couldn't read last USB reset start
02-23 02:12:33.390 21855 21896 I GH.ConnLoggerV2: Session 7bdbf25b-9c23-458c-9bb7-27434b9831e6, event 1876, detail OptionalInt.empty, CAR_SERVICE_ENDPOINTS_STARTED, at 384642449 
02-23 02:12:33.391 12010 12010 I GH.DisplayLayout: contentArea: Rect(0, 0 - 1920, 984), DisplayDimensions: Point(1920, 984), VD Config: {1.0 310mcc280mnc [en_US] ldltr sw1125dp w2194dp h1125dp 140dpi xlrg long hdr widecg land night -touch -keyb/v/h -nav/h winConfig={ mBounds=Rect(0, 0 - 1080, 2340) mAppBounds=Rect(0, 0 - 1080, 2340) mMaxBounds=Rect(0, 0 - 1080, 2340) mDisplayRotation=ROTATION_0 mWindowingMode=fullscreen mActivityType=undefined mAlwaysOnTop=undefined mRotation=ROTATION_0 mStageConfig=undefined mEmbedActivityMode=undefined mPopOver=off mOverlappingWithCutout=false} s.1722 fontWeightAdjustment=0 ff=0 bf=-1 bts=0 cst=1.0 nightDim=0 themeSeq=0}
02-23 02:12:33.391 12010 12010 I GH.DisplayLayout: ProjectionContext: {1.0 310mcc280mnc [en_US] ldltr sw2194dp w2194dp h1124dp 140dpi xlrg long hdr widecg land night -touch -keyb/v/h -nav/h winConfig={ mBounds=Rect(0, 0 - 1080, 2340) mAppBounds=Rect(0, 0 - 1080, 2340) mMaxBounds=Rect(0, 0 - 1080, 2340) mDisplayRotation=ROTATION_0 mWindowingMode=fullscreen mActivityType=undefined mAlwaysOnTop=undefined mRotation=ROTATION_0 mStageConfig=undefined mEmbedActivityMode=undefined mPopOver=off mOverlappingWithCutout=false} s.1722 fontWeightAdjustment=0 ff=0 bf=-1 bts=0 cst=1.0 nightDim=0 themeSeq=0}
02-23 02:12:33.391 12010 12010 D GH.DisplayLayout: Will use layout: sys_ui_layout_widescreen_lhd for display with (w=2194,h=1124), 140 dpi, driver on Left or Center
02-23 02:12:33.392 12010 12010 I GH.DisplayLayout: LayoutInfo: LayoutInfo{layoutResourceId=2131624658, displayWidthDp=2194, displayHeightDp=1124, layoutType=4, isRightHandDrive=false, hasVerticalRail=true, carDisplayUiInfo=qib@e938b5d, isDriverAlignedDashboard=false, isHeroLayout=false}
02-23 02:12:33.393 21855 21896 I GH.ConnLoggerV2: Session 7bdbf25b-9c23-458c-9bb7-27434b9831e6, event 1877, detail OptionalInt.empty, WIRELESS_PROJECTING_STAGE_REACHED, at 384642449 
02-23 02:12:33.395 12010 12010 D GH.DisplayLayout: Type: INTEGRATED_OVERLAY has bounds of: Rect(81, 0 - 1301, 984)
02-23 02:12:33.395 12010 12010 D GH.DisplayLayout: Recording insets for INTEGRATED_OVERLAY, insets: Rect(0, 0 - 0, 0), bounds: Rect(81, 0 - 1301, 984), persistentViewBounds: []
02-23 02:12:33.395 12010 12010 D GH.DisplayLayout: INTEGRATED_OVERLAY z: 489, region: CarRegionId{regionId=2131428437 carDisplayId=CarDisplayId{displayId=0}}
02-23 02:12:33.395 12010 12010 D GH.DisplayLayout: Type: ROUNDED_CORNER_MASK has bounds of: Rect(0, 0 - 1920, 984)
02-23 02:12:33.395 12010 12010 D GH.DisplayLayout: Recording insets for ROUNDED_CORNER_MASK, insets: Rect(0, 0 - 0, 0), bounds: Rect(0, 0 - 1920, 984), persistentViewBounds: []
02-23 02:12:33.395 12010 12010 D GH.DisplayLayout: ROUNDED_CORNER_MASK z: 486, region: CarRegionId{regionId=2131429354 carDisplayId=CarDisplayId{displayId=0}}
02-23 02:12:33.395 12010 12010 D GH.DisplayLayout: Type: FULLSCREEN has bounds of: Rect(0, 0 - 1920, 984)
02-23 02:12:33.395 12010 12010 D GH.DisplayLayout: Recording insets for FULLSCREEN, insets: Rect(0, 0 - 0, 0), bounds: Rect(0, 0 - 1920, 984), persistentViewBounds: []
02-23 02:12:33.395 12010 12010 D GH.DisplayLayout: FULLSCREEN z: 483, region: CarRegionId{regionId=3 carDisplayId=CarDisplayId{displayId=0}}
02-23 02:12:33.395 12010 12010 D GH.DisplayLayout: Type: FRX has bounds of: Rect(0, 0 - 1920, 984)
02-23 02:12:33.395 12010 12010 D GH.DisplayLayout: Recording insets for FRX, insets: Rect(0, 0 - 0, 0), bounds: Rect(0, 0 - 1920, 984), persistentViewBounds: []
02-23 02:12:33.395 12010 12010 D GH.DisplayLayout: FRX z: 480, region: CarRegionId{regionId=4 carDisplayId=CarDisplayId{displayId=0}}
02-23 02:12:33.395 12010 12010 D GH.DisplayLayout: Type: IME has bounds of: Rect(81, 713 - 1301, 984)
02-23 02:12:33.395 12010 12010 D GH.DisplayLayout: Recording insets for IME, insets: Rect(0, 0 - 0, 0), bounds: Rect(81, 713 - 1301, 984), persistentViewBounds: []
02-23 02:12:33.395 12010 12010 D GH.DisplayLayout: IME z: 477, region: CarRegionId{regionId=2131428406 carDisplayId=CarDisplayId{displayId=0}}
02-23 02:12:33.395 12010 12010 D GH.DisplayLayout: Type: DEMAND_RAIL has bounds of: Rect(0, 0 - 81, 984)
02-23 02:12:33.395 12010 12010 D GH.DisplayLayout: Recording insets for DEMAND_RAIL, insets: Rect(0, 0 - 0, 0), bounds: Rect(0, 0 - 81, 984), persistentViewBounds: []
02-23 02:12:33.395 12010 12010 D GH.DisplayLayout: DEMAND_RAIL z: 474, region: CarRegionId{regionId=5 carDisplayId=CarDisplayId{displayId=0}}
02-23 02:12:33.395 12010 12010 D GH.DisplayLayout: Type: RAIL has bounds of: Rect(0, 0 - 81, 984)
02-23 02:12:33.395 12010 12010 D GH.DisplayLayout: Recording insets for RAIL, insets: Rect(0, 0 - 0, 0), bounds: Rect(0, 0 - 81, 984), persistentViewBounds: []
02-23 02:12:33.395 12010 12010 D GH.DisplayLayout: RAIL z: 471, region: CarRegionId{regionId=2131429280 carDisplayId=CarDisplayId{displayId=0}}
02-23 02:12:33.395 12010 12010 D GH.DisplayLayout: No window type for com.google.android.projection.gearhead:id/rail_spacer
02-23 02:12:33.395 12010 12010 D GH.DisplayLayout: Type: NOTIFICATION has bounds of: Rect(81, 0 - 1920, 983)
02-23 02:12:33.395 12010 12010 D GH.DisplayLayout: Recording insets for NOTIFICATION, insets: Rect(0, 0 - 0, 0), bounds: Rect(81, 0 - 1920, 983), persistentViewBounds: []
02-23 02:12:33.395 12010 12010 D GH.DisplayLayout: NOTIFICATION z: 468, region: CarRegionId{regionId=2131429067 carDisplayId=CarDisplayId{displayId=0}}
02-23 02:12:33.395 12010 12010 D GH.DisplayLayout: Type: ASSISTANT_IMMERSIVE_FULLSCREEN has bounds of: Rect(81, 0 - 1301, 984)
02-23 02:12:33.395 12010 12010 D GH.DisplayLayout: Recording insets for ASSISTANT_IMMERSIVE_FULLSCREEN, insets: Rect(0, 0 - 0, 0), bounds: Rect(81, 0 - 1301, 984), persistentViewBounds: []
02-23 02:12:33.395 12010 12010 D GH.DisplayLayout: Adding CarRegionId{regionId=8 carDisplayId=CarDisplayId{displayId=0}} to group CarRegionGroup{groupId=3, carDisplayId=CarDisplayId{displayId=0}, primaryRegionOfGroup=CarRegionId{regionId=8 carDisplayId=CarDisplayId{displayId=0}}}
02-23 02:12:33.395 12010 12010 D GH.DisplayLayout: ASSISTANT_IMMERSIVE_FULLSCREEN z: 465, region: CarRegionId{regionId=8 carDisplayId=CarDisplayId{displayId=0}}
02-23 02:12:33.395 12010 12010 D GH.DisplayLayout: Type: ASSISTANT_IMMERSIVE_PARTIAL has bounds of: Rect(81, 0 - 465, 984)
02-23 02:12:33.395 12010 12010 D GH.DisplayLayout: Recording insets for ASSISTANT_IMMERSIVE_PARTIAL, insets: Rect(0, 0 - 0, 0), bounds: Rect(81, 0 - 465, 984), persistentViewBounds: []
02-23 02:12:33.395 21855 21896 I GH.ConnLoggerV2: Session 7bdbf25b-9c23-458c-9bb7-27434b9831e6, from LAUNCHING_PROJECTION, to PROJECTING, reason PROJECTION_CONNECTED at time 384642459.
