02-23 01:55:19.200 19618 14884 I CAR.AUDIO.CHANNEL: disabling stream: MEDIA, had focus: false
02-23 01:55:19.200 19618 14884 I CAR.AUDIO.CHANNEL: disabling stream: TTS, had focus: false
02-23 01:55:19.200 19618 14884 I CAR.AUDIO.CHANNEL: handleStreamFocusChange old state media: false tts: false, new state media: false tts: false
02-23 01:55:19.200 19618 14884 I CAR.AUDIO.CHANNEL: Audio stream 1 did not request bottom half
02-23 01:55:19.200 19618 14884 I CAR.AUDIO.CHANNEL: Audio stream 0 did not request bottom half
02-23 01:55:19.201 21855 21896 I GH.ConnLoggerV2: Session 7bdbf25b-9c23-458c-9bb7-27434b9831e6, event 1354, detail OptionalInt.empty, USB_PORT_CONNECTED, at 383608236 
02-23 01:55:19.207 21855 21896 I GH.ConnLoggerV2: Session 7bdbf25b-9c23-458c-9bb7-27434b9831e6, event 1355, detail OptionalInt.empty, USB_CONNECTED, at 383608236 
02-23 01:55:19.209 19618 14890 I CAR.GAL.GAL.LITE: onChannelOpened: 1
02-23 01:55:19.209 19618 14822 W CAR.VALIDATOR: Package DENIED; package is disabled [com.ace.shell.production]; PackageEnabledSetting [4]
02-23 01:55:19.210 19618 14822 W CAR.VALIDATOR: Package DENIED; package is disabled [com.att.mobilesecurity]; PackageEnabledSetting [4]
02-23 01:55:19.210 21855 21896 I GH.ConnLoggerV2: Session 7bdbf25b-9c23-458c-9bb7-27434b9831e6, event 1356, detail OptionalInt.empty, USB_CONFIGURED, at 383608237 
02-23 01:55:19.211 19618 14822 W CAR.VALIDATOR: Package DENIED; package is disabled [com.creditkarma.mobile]; PackageEnabledSetting [4]
02-23 01:55:19.212 19618 14892 I CAR.GAL.GAL.LITE: onChannelOpened: 4
02-23 01:55:19.212 19618 14815 I CAR.GAL.GAL.LITE: onChannelOpened: 8
02-23 01:55:19.213 19618 14815 I CAR.GAL.GAL.LITE: onChannelOpened: 14
02-23 01:55:19.213 19618 14892 I CAR.GAL.GAL.LITE: onChannelOpened: 5
02-23 01:55:19.213 19618 14894 I CAR.GAL.GAL.LITE: onChannelOpened: 7
02-23 01:55:19.213 19618 14890 I CAR.GAL.GAL.LITE: onChannelOpened: 3
02-23 01:55:19.213 19618 14892 I CAR.GAL.GAL.LITE: onChannelOpened: 6
02-23 01:55:19.213 19618 14824 I CAR.GAL.GAL.LITE: onChannelOpened: 8
02-23 01:55:19.213 19618 19618 I CAR.BT.LITE: handleTransition: Entering into state STATE_ENABLING BluetoothFsmStateType=BT_FSM_STATE_ENABLING, previous event EVENT_ENDPOINT_READY, BluetoothFsmEventType=BT_FSM_EVENT_ENDPOINT_READY
02-23 01:55:19.213 19618 14893 I CAR.GAL.GAL.LITE: onChannelOpened: 2
02-23 01:55:19.213 19618 19618 I GH.SelectSvcStarter: All services have been started.
02-23 01:55:19.213 19618 19618 I GH.CarConnSession: Service start completed for 5460537845246306473
02-23 01:55:19.213 19618 14822 W CAR.VALIDATOR: Package DENIED; package is disabled [com.google.android.apps.docs.editors.sheets]; PackageEnabledSetting [4]
02-23 01:55:19.214 19618 14870 I CAR.GAL.GAL.LITE: onChannelOpened: 2
02-23 01:55:19.214 19618 19618 I CAR.CONMAN.LITE: onStartRequiredServicesComplete: success=true
02-23 01:55:19.214 21855 21896 I GH.ConnLoggerV2: Session 7bdbf25b-9c23-458c-9bb7-27434b9831e6, event 1357, detail OptionalInt.empty, USB_ENTERED_ADB_MODE, at 383608237 
02-23 01:55:19.221 19618 19618 I CAR.SYS : Successfully set automotive projection.
02-23 01:55:19.222 21855 21896 I GH.ConnLoggerV2: Session 7bdbf25b-9c23-458c-9bb7-27434b9831e6, event 1358, detail OptionalInt.empty, USB_ENTERED_MTP_MODE, at 383608237 
02-23 01:55:19.222 19618 19618 I CAR.WM.FrameRateLimit: Frame rate change. 0 fps -> 60 fps
02-23 01:55:19.225 19618 14822 W CAR.VALIDATOR: Package DENIED; package is disabled [com.google.android.music]; PackageEnabledSetting [4]
02-23 01:55:19.228 21855 21896 I GH.ConnLoggerV2: Session 7bdbf25b-9c23-458c-9bb7-27434b9831e6, event 1359, detail OptionalInt.empty, USB_DATA_UNLOCKED, at 383608237 
02-23 01:55:19.230 19618 14822 W CAR.VALIDATOR: Package DENIED; package is disabled [com.limebike]; PackageEnabledSetting [4]
02-23 01:55:19.230 19618 14822 W CAR.VALIDATOR: Package DENIED; package is disabled [com.neighbfav.neighborfavor]; PackageEnabledSetting [4]
02-23 01:55:19.232 19618 14822 W CAR.VALIDATOR: Package DENIED; package is disabled [com.nytimes.crossword]; PackageEnabledSetting [4]
02-23 01:55:19.232 19618 14822 W CAR.VALIDATOR: Package DENIED; package is disabled [com.paypal.android.p2pmobile]; PackageEnabledSetting [4]
02-23 01:55:19.235 19618 14822 W CAR.VALIDATOR: Package DENIED; package is disabled [com.shazam.android]; PackageEnabledSetting [4]
02-23 01:55:19.235 19618 14822 W CAR.VALIDATOR: Package DENIED; package is disabled [com.spotify.music]; PackageEnabledSetting [4]
02-23 01:55:19.236 19618 14822 W CAR.VALIDATOR: Package DENIED; package is disabled [com.squareup.cash]; PackageEnabledSetting [4]
02-23 01:55:19.236 19618 14822 W CAR.VALIDATOR: Package DENIED; package is disabled [com.starbucks.mobilecard]; PackageEnabledSetting [4]
02-23 01:55:19.236 21855 21896 I GH.ConnLoggerV2: Session 7bdbf25b-9c23-458c-9bb7-27434b9831e6, event 1360, detail OptionalInt.empty, CAR_SERVICE_ENDPOINTS_STARTING, at 383608247 
02-23 01:55:19.237 19618 14822 W CAR.VALIDATOR: Package DENIED; package is disabled [com.tinder]; PackageEnabledSetting [4]
02-23 01:55:19.238 19618 14822 W CAR.VALIDATOR: Package DENIED; package is disabled [com.unitedrentals.urtc]; PackageEnabledSetting [4]
02-23 01:55:19.238 19618 14822 W CAR.VALIDATOR: Package DENIED; package is disabled [com.walmart.android]; PackageEnabledSetting [4]
02-23 01:55:19.238 19618 14822 W CAR.VALIDATOR: Package DENIED; package is disabled [com.zocdoc.android]; PackageEnabledSetting [4]
02-23 01:55:19.239 19618 14822 W CAR.VALIDATOR: Package DENIED; package is disabled [leon.android.chs_ydw_dcs480_dsp_408]; PackageEnabledSetting [4]
02-23 01:55:19.239 19618 14822 W CAR.VALIDATOR: Package DENIED; package is disabled [net.nzbget.nzbget]; PackageEnabledSetting [4]
02-23 01:55:19.240 19618 14822 W CAR.VALIDATOR: Package DENIED; package is disabled [reddit.news]; PackageEnabledSetting [4]
02-23 01:55:19.240 19618 14822 W CAR.VALIDATOR: Package DENIED; package is disabled [smartwatchstudios.app.gears3navigation]; PackageEnabledSetting [4]
02-23 01:55:19.242 21855 21896 I GH.ConnLoggerV2: Session 7bdbf25b-9c23-458c-9bb7-27434b9831e6, event 1361, detail OptionalInt.empty, GEARHEAD_ENDPOINTS_STARTING, at 383608249 
02-23 01:55:19.245 21855 21896 I GH.ConnLoggerV2: Session 7bdbf25b-9c23-458c-9bb7-27434b9831e6, event 1362, detail OptionalInt.empty, GEARHEAD_ENDPOINTS_COMPLETED, at 383608278 
02-23 01:55:19.247 21855 21896 I GH.ConnLoggerV2: Session 7bdbf25b-9c23-458c-9bb7-27434b9831e6, event 1363, detail OptionalInt.empty, PROJECTION_WINDOW_MANAGER_STARTING, at 383608286 
02-23 01:55:19.252 19618 14822 W CAR.VALIDATOR: Package DENIED; package is disabled [ai.polycam]; PackageEnabledSetting [4]
02-23 01:55:19.253 19618 14822 W CAR.VALIDATOR: Package DENIED; package is disabled [app.aawireless]; PackageEnabledSetting [4]
02-23 01:55:19.254 19618 14822 W CAR.VALIDATOR: Package DENIED; package is disabled [app.instabet.betr]; PackageEnabledSetting [4]
02-23 01:55:19.254 19618 14822 W CAR.VALIDATOR: Package DENIED; package is disabled [app.revanced.manager.flutter]; PackageEnabledSetting [4]
02-23 01:55:19.255 19618 14822 W CAR.VALIDATOR: Package DENIED; package is disabled [br.com.ctncardoso.ctncar]; PackageEnabledSetting [4]
02-23 01:55:19.255 19618 14822 W CAR.VALIDATOR: Package DENIED; package is disabled [com.MonsterCouch.Wingspan]; PackageEnabledSetting [4]
02-23 01:55:19.255 19618 14822 W CAR.VALIDATOR: Package DENIED; package is disabled [com.aatorque.carstats]; PackageEnabledSetting [4]
02-23 01:55:19.256 19618 14822 W CAR.VALIDATOR: Package DENIED; package is disabled [com.acmeandroid.listen]; PackageEnabledSetting [4]
02-23 01:55:19.256 19618 14822 W CAR.VALIDATOR: Package DENIED; package is disabled [com.aetna.aetnahealth]; PackageEnabledSetting [4]
02-23 01:55:19.257 19618 14822 W CAR.VALIDATOR: Package DENIED; package is disabled [com.airbnb.android]; PackageEnabledSetting [4]
02-23 01:55:19.258 19618 14822 W CAR.VALIDATOR: Package DENIED; package is disabled [com.alltrails.alltrails]; PackageEnabledSetting [4]
02-23 01:55:19.259 19618 14822 W CAR.VALIDATOR: Package DENIED; package is disabled [com.amazon.avod.thirdpartyclient]; PackageEnabledSetting [4]
02-23 01:55:19.259 19618 14822 W CAR.VALIDATOR: Package DENIED; package is disabled [com.amazon.kindle]; PackageEnabledSetting [4]
02-23 01:55:19.261 19618 14890 I CAR.GAL.VIDEO.LITE: Initialize video source flow controller with max unacked allowed: 10
02-23 01:55:19.261 19618 14890 I CAR.GAL.VIDEO.LITE: configMessage, MAX_UNACK: 10
02-23 01:55:19.261 19618 14822 W CAR.VALIDATOR: Package DENIED; package is disabled [com.astech.forscanlite]; PackageEnabledSetting [4]
02-23 01:55:19.262 19618 14890 I CAR.VIDEO: AVC Level 0x20000 fps 60 pixel 8294400
02-23 01:55:19.262 19618 14890 I CAR.VIDEO: Choosing codec c2.qti.avc.encoder
02-23 01:55:19.262 19618 14892 I CAR.GAL.AUDIO.LITE: Creating MediaSourceFlowController for AUDIO_STREAM_MEDIA stream type with throttling disabled: false, maxHuAudioBufferFrames: 2147483647, maxUnackedFramesAllowed: 1
02-23 01:55:19.262 19618 14892 I CAR.AUDIO.MEDIA.LITE: configMessage, MAX_UNACK: 1
02-23 01:55:19.262 19618 14892 I CAR.AUDIO.MEDIA: Flag that enables save audio developer setting: false
02-23 01:55:19.263 19618 14892 I CAR.AUDIO.CHANNEL: Mark stream ready: MEDIA
02-23 01:55:19.263 19618 14892 I CAR.AUDIO.MEDIA: AudioSourceService is ready with stream type: MEDIA
02-23 01:55:19.263 19618 14892 I CAR.AUDIO.MEDIA: startSystemSoundStreaming MEDIA
02-23 01:55:19.263 19618 14884 I CAR.AUDIO.FOCUS: Handling CarAudioFocusEvent from HU: packageName=null, audioFocusRequestType=null, audioFocusStateType=AUDIO_FOCUS_STATE_LOSS, unsolicitedResponse=false, gearheadForcedResponse=true, pendingRequest=NONE
02-23 01:55:19.263 19618 14892 I CAR.GAL.AUDIO.LITE: Creating MediaSourceFlowController for AUDIO_STREAM_GUIDANCE stream type with throttling disabled: false, maxHuAudioBufferFrames: 2147483647, maxUnackedFramesAllowed: 1
02-23 01:55:19.263 19618 14884 I CAR.AUDIO.FOCUS: changeAndroidFocus: true
02-23 01:55:19.263 19618 14892 I CAR.AUDIO.TTS.LITE: configMessage, MAX_UNACK: 1
02-23 01:55:19.263 19618 14884 I CAR.AUDIO.CHANNEL: disabling stream: MEDIA, had focus: false
02-23 01:55:19.263 19618 14884 I CAR.AUDIO.CHANNEL: disabling stream: TTS, had focus: false
02-23 01:55:19.263 19618 14884 I CAR.AUDIO.CHANNEL: handleStreamFocusChange old state media: false tts: false, new state media: false tts: false
02-23 01:55:19.263 19618 14892 I CAR.AUDIO.TTS: Flag that enables save audio developer setting: false
02-23 01:55:19.263 19618 14942 I CAR.AUDIO.MEDIA: Start capturing system audio with sampling rate: 48000, buffer size: 65536, expected frame duration: 42.666667 ms
02-23 01:55:19.263 19618 14942 I CAR.AUDIO.MEDIA: Creating audio record
02-23 01:55:19.263 19618 14942 I CAR.AUDIO.Policy: Registering audio policy
02-23 01:55:19.264 19618 14890 I CAR.GAL.VIDEO.LITE: VideoFocus gained unsolicited=false
02-23 01:55:19.264 19618 14890 I CAR.VIDEO: Video focus gained for display type: 0.
02-23 01:55:19.264 19618 14890 I CAR.GAL.VIDEO.LITE: Input Focus Gained
02-23 01:55:19.266 19618 14892 I CAR.AUDIO.CHANNEL: Mark stream ready: TTS
02-23 01:55:19.266 19618 14892 I CAR.AUDIO.TTS: AudioSourceService is ready with stream type: TTS
02-23 01:55:19.266 19618 14892 I CAR.AUDIO.TTS: startSystemSoundStreaming TTS
02-23 01:55:19.266 19618 14892 I CAR.GAL.AUDIO.LITE: Creating MediaSourceFlowController for AUDIO_STREAM_SYSTEM_AUDIO stream type with throttling disabled: false, maxHuAudioBufferFrames: 2147483647, maxUnackedFramesAllowed: 1
02-23 01:55:19.266 19618 14892 I CAR.AUDIO.TTS.LITE: configMessage, MAX_UNACK: 1
02-23 01:55:19.266 19618 14892 I CAR.AUDIO.SYSTEM: Flag that enables save audio developer setting: false
02-23 01:55:19.267 19618 14885 I CAR.VIDEO: AVC Level 0x20000 fps 60 pixel 8294400
02-23 01:55:19.267 19618 14885 I CAR.VIDEO: Choosing codec c2.qti.avc.encoder
02-23 01:55:19.267 19618 14948 I CAR.AUDIO.TTS: Start capturing system audio with sampling rate: 16000, buffer size: 16384, expected frame duration: 64.000000 ms
02-23 01:55:19.267 19618 14948 I CAR.AUDIO.TTS: Creating audio record
02-23 01:55:19.268 19618 14885 I CAR.MEDIA.VIDEO: wait for encoder init [Video EncodingThread.]
02-23 01:55:19.270 19618 14822 W CAR.VALIDATOR: Package DENIED; package is disabled [com.axs.android]; PackageEnabledSetting [4]
02-23 01:55:19.273 19618 14892 I CAR.AUDIO.CHANNEL: Mark stream ready: SYSTEM
02-23 01:55:19.273 19618 14892 I CAR.AUDIO.SYSTEM: AudioSourceService is ready with stream type: SYSTEM
02-23 01:55:19.273 19618 14884 I CAR.AUDIO.CHANNEL: Audio stream 1 did not request bottom half
02-23 01:55:19.273 19618 14884 I CAR.AUDIO.CHANNEL: Audio stream 0 did not request bottom half
02-23 01:55:19.274 19618 14884 I CAR.AUDIO.FOCUS: Handling CarAudioFocusEvent from HU: packageName=null, audioFocusRequestType=null, audioFocusStateType=AUDIO_FOCUS_STATE_LOSS, unsolicitedResponse=false, gearheadForcedResponse=true, pendingRequest=NONE
02-23 01:55:19.274 19618 14884 I CAR.AUDIO.FOCUS: changeAndroidFocus: true
02-23 01:55:19.274 19618 14884 I CAR.AUDIO.CHANNEL: disabling stream: MEDIA, had focus: false
02-23 01:55:19.274 19618 14884 I CAR.AUDIO.CHANNEL: disabling stream: TTS, had focus: false
02-23 01:55:19.274 19618 14884 I CAR.AUDIO.CHANNEL: handleStreamFocusChange old state media: false tts: false, new state media: false tts: false
02-23 01:55:19.274 19618 14884 I CAR.AUDIO.CHANNEL: Audio stream 1 did not request bottom half
02-23 01:55:19.274 19618 14884 I CAR.AUDIO.CHANNEL: Audio stream 0 did not request bottom half
02-23 01:55:19.275 19618 14884 I CAR.AUDIO.FOCUS: Handling CarAudioFocusEvent from HU: packageName=null, audioFocusRequestType=null, audioFocusStateType=AUDIO_FOCUS_STATE_LOSS, unsolicitedResponse=false, gearheadForcedResponse=true, pendingRequest=NONE
02-23 01:55:19.275 19618 14884 I CAR.AUDIO.FOCUS: changeAndroidFocus: true
02-23 01:55:19.275 19618 14884 I CAR.AUDIO.CHANNEL: disabling stream: MEDIA, had focus: false
02-23 01:55:19.275 19618 14884 I CAR.AUDIO.CHANNEL: disabling stream: TTS, had focus: false
02-23 01:55:19.275 19618 14884 I CAR.AUDIO.CHANNEL: handleStreamFocusChange old state media: false tts: false, new state media: false tts: false
02-23 01:55:19.275 19618 14884 I CAR.AUDIO.CHANNEL: Audio stream 1 did not request bottom half
02-23 01:55:19.275 19618 14884 I CAR.AUDIO.CHANNEL: Audio stream 0 did not request bottom half
02-23 01:55:19.277 19618 14870 W CAR.SENSOR.LITE: sensor event while no listener, sensor:11 [CONTEXT ratelimit_period="1 MINUTES" skipped=1 ]
02-23 01:55:19.280 19618 14822 W CAR.VALIDATOR: Package DENIED; package is disabled [com.clearme.clearapp]; PackageEnabledSetting [4]
02-23 01:55:19.287 19618 14822 W CAR.VALIDATOR: Package DENIED; package is disabled [com.coinbase.android]; PackageEnabledSetting [4]
02-23 01:55:19.289 19618 14822 W CAR.VALIDATOR: Package DENIED; package is disabled [com.cronometer.android.gold]; PackageEnabledSetting [4]
02-23 01:55:19.291 19618 14822 W CAR.VALIDATOR: Package DENIED; package is disabled [com.cxinventor.file.explorer]; PackageEnabledSetting [4]
02-23 01:55:19.292 19618 14822 W CAR.VALIDATOR: Package DENIED; package is disabled [com.czechgames.tta]; PackageEnabledSetting [4]
02-23 01:55:19.293 19618 14822 W CAR.VALIDATOR: Package DENIED; package is disabled [com.daemon.ebookconverter]; PackageEnabledSetting [4]
02-23 01:55:19.295 19618 14822 W CAR.VALIDATOR: Package DENIED; package is disabled [com.dd.doordash]; PackageEnabledSetting [4]
02-23 01:55:19.298 19618 14822 W CAR.VALIDATOR: Package DENIED; package is disabled [com.direwolfdigital.root]; PackageEnabledSetting [4]
02-23 01:55:19.299 19618 14822 W CAR.VALIDATOR: Package DENIED; package is disabled [com.discord]; PackageEnabledSetting [4]
02-23 01:55:19.300 19618 14822 W CAR.VALIDATOR: Package DENIED; package is disabled [com.evernote]; PackageEnabledSetting [4]
02-23 01:55:19.300 19618 14822 W CAR.VALIDATOR: Package DENIED; package is disabled [com.example.kinginstaller]; PackageEnabledSetting [4]
02-23 01:55:19.308 19618 14822 W CAR.VALIDATOR: Package DENIED; package is disabled [com.fitnesskeeper.runkeeper.pro]; PackageEnabledSetting [4]
02-23 01:55:19.308 19618 14822 W CAR.VALIDATOR: Package DENIED; package is disabled [com.foodient.whisk]; PackageEnabledSetting [4]
02-23 01:55:19.310 19618 14822 W CAR.VALIDATOR: Package DENIED; package is disabled [com.gemini.android.app]; PackageEnabledSetting [4]
02-23 01:55:19.314 19618 14885 I CAR.MEDIA.VIDEO: encoder init done [Video EncodingThread.]
02-23 01:55:19.316 19618 14822 W CAR.VALIDATOR: Package DENIED; package is disabled [com.google.android.apps.nbu.files]; PackageEnabledSetting [4]
02-23 01:55:19.317 19618 14822 W CAR.VALIDATOR: Package DENIED; package is disabled [com.google.android.apps.paidtasks]; PackageEnabledSetting [4]
02-23 01:55:19.317 19618 14822 W CAR.VALIDATOR: Package DENIED; package is disabled [com.google.android.apps.translate]; PackageEnabledSetting [4]
02-23 01:55:19.317 19618 14822 W CAR.VALIDATOR: Package DENIED; package is disabled [com.google.android.keep]; PackageEnabledSetting [4]
02-23 01:55:19.318 19618 14822 W CAR.VALIDATOR: Package DENIED; package is disabled [com.groundspeak.geocaching.intro]; PackageEnabledSetting [4]
02-23 01:55:19.318 19618 14822 W CAR.VALIDATOR: Package DENIED; package is disabled [com.grundfos.go2]; PackageEnabledSetting [4]
02-23 01:55:19.319 19618 14822 W CAR.VALIDATOR: Package DENIED; package is disabled [com.harborfreight.app]; PackageEnabledSetting [4]
02-23 01:55:19.319 19618 14822 W CAR.VALIDATOR: Package DENIED; package is disabled [com.heb.myheb]; PackageEnabledSetting [4]
02-23 01:55:19.320 19618 14822 W CAR.VALIDATOR: Package DENIED; package is disabled [com.hualai]; PackageEnabledSetting [4]
02-23 01:55:19.320 19618 14893 I CAR.SENSOR: getDayNightModeUserSetting DisplaySourceService available
02-23 01:55:19.320 19618 14893 I CAR.SENSOR: getDayNightModeUserSetting getting day night mode from CarServiceSettings: car
02-23 01:55:19.320 19618 14893 I CAR.SENSOR: isNightModeEnabled DAY_NIGHT_MODE_VAL_CAR returning car day night sensor night=false
02-23 01:55:19.320 19618 14893 I CAR.SENSOR: getDayNightModeUserSetting DisplaySourceService available
02-23 01:55:19.320 19618 14893 I CAR.SENSOR: getDayNightModeUserSetting getting day night mode from CarServiceSettings: car
02-23 01:55:19.320 19618 14822 W CAR.VALIDATOR: Package DENIED; package is disabled [com.ideawork.icrunch]; PackageEnabledSetting [4]
02-23 01:55:19.320 19618 14893 I CAR.SENSOR: updateDayNightMode(source=SENSOR): userSetting=car, isNightMode=false
02-23 01:55:19.320 19618 14893 I CAR.SYS : setting night mode false
02-23 01:55:19.320 19618 14820 I CAR.SENSOR: Requested sensor 2 not supported
02-23 01:55:19.320 19618 14820 I CAR.SENSOR: Requested sensor 7 not supported
02-23 01:55:19.320 19618 14820 I CAR.SENSOR: Requested sensor 6 not supported
02-23 01:55:19.321 19618 14822 W CAR.VALIDATOR: Package DENIED; package is disabled [com.jamworks.sidekeybuttonremap]; PackageEnabledSetting [4]
02-23 01:55:19.323 19618 14822 W CAR.VALIDATOR: Package DENIED; package is disabled [com.logitech.harmonyhub]; PackageEnabledSetting [4]
02-23 01:55:19.326 19618 14822 W CAR.VALIDATOR: Package DENIED; package is disabled [com.mobileraker.android]; PackageEnabledSetting [4]
02-23 01:55:19.329 19618 14822 W CAR.VALIDATOR: Package DENIED; package is disabled [com.ottplay.ottplay]; PackageEnabledSetting [4]
02-23 01:55:19.329 19618 14822 W CAR.VALIDATOR: Package DENIED; package is disabled [com.ovz.carscanner]; PackageEnabledSetting [4]
02-23 01:55:19.332 19618 14822 W CAR.VALIDATOR: Package DENIED; package is disabled [com.priceline.android.negotiator]; PackageEnabledSetting [4]
02-23 01:55:19.332 19618 14822 W CAR.VALIDATOR: Package DENIED; package is disabled [com.raken]; PackageEnabledSetting [4]
02-23 01:55:19.333 19618 14822 W CAR.VALIDATOR: Package DENIED; package is disabled [com.ravenfeld.nav.garmin]; PackageEnabledSetting [4]
02-23 01:55:19.334 19618 14822 W CAR.VALIDATOR: Package DENIED; package is disabled [com.realvnc.viewer.android]; PackageEnabledSetting [4]
02-23 01:55:19.335 19618 14822 W CAR.VALIDATOR: Package DENIED; package is disabled [com.reveltransit]; PackageEnabledSetting [4]
02-23 01:55:19.335 19618 14822 W CAR.VALIDATOR: Package DENIED; package is disabled [com.riffsy.FBMGIFApp]; PackageEnabledSetting [4]
02-23 01:55:19.335 19618 14822 W CAR.VALIDATOR: Package DENIED; package is disabled [com.robinhood.android]; PackageEnabledSetting [4]
02-23 01:55:19.338 19618 14822 W CAR.VALIDATOR: Package DENIED; package is disabled [com.samsung.android.app.spage]; PackageEnabledSetting [4]
02-23 01:55:19.338 19618 14822 W CAR.VALIDATOR: Package DENIED; package is disabled [com.samsung.android.fast]; PackageEnabledSetting [4]
02-23 01:55:19.340 19618 14822 W CAR.VALIDATOR: Package DENIED; package is disabled [com.samsung.ecomm]; PackageEnabledSetting [4]
02-23 01:55:19.340 19618 14822 W CAR.VALIDATOR: Package DENIED; package is disabled [com.schwab.mobile]; PackageEnabledSetting [4]
02-23 01:55:19.342 19618 14822 W CAR.VALIDATOR: Package DENIED; package is disabled [com.sec.android.app.voicenote]; PackageEnabledSetting [4]
02-23 01:55:19.343 19618 14822 W CAR.VALIDATOR: Package DENIED; package is disabled [com.sec.penup]; PackageEnabledSetting [4]
02-23 01:55:19.344 19618 14822 W CAR.VALIDATOR: Package DENIED; package is disabled [com.sonelli.juicessh]; PackageEnabledSetting [4]
02-23 01:55:19.344 19618 14822 W CAR.VALIDATOR: Package DENIED; package is disabled [com.starlink.mobile]; PackageEnabledSetting [4]
02-23 01:55:19.345 19618 14822 W CAR.VALIDATOR: Package DENIED; package is disabled [com.statefarm.pocketagent]; PackageEnabledSetting [4]
02-23 01:55:19.345 19618 14822 W CAR.VALIDATOR: Package DENIED; package is disabled [com.strava]; PackageEnabledSetting [4]
02-23 01:55:19.346 19618 14822 W CAR.VALIDATOR: Package DENIED; package is disabled [com.stronglifts.app]; PackageEnabledSetting [4]
02-23 01:55:19.347 19618 14822 W CAR.VALIDATOR: Package DENIED; package is disabled [com.tautulli.tautulli_remote]; PackageEnabledSetting [4]
02-23 01:55:19.347 19618 14822 W CAR.VALIDATOR: Package DENIED; package is disabled [com.ticketmaster.mobile.android.na]; PackageEnabledSetting [4]
02-23 01:55:19.347 19618 14822 W CAR.VALIDATOR: Package DENIED; package is disabled [com.todoist]; PackageEnabledSetting [4]
02-23 01:55:19.348 19618 14822 W CAR.VALIDATOR: Package DENIED; package is disabled [com.trainerize.texashealthandracquetclub]; PackageEnabledSetting [4]
02-23 01:55:19.348 19618 14822 W CAR.VALIDATOR: Package DENIED; package is disabled [com.tuya.smartlife]; PackageEnabledSetting [4]
02-23 01:55:19.349 19618 14822 W CAR.VALIDATOR: Package DENIED; package is disabled [com.twentythreeandme.app]; PackageEnabledSetting [4]
02-23 01:55:19.349 19618 14822 W CAR.VALIDATOR: Package DENIED; package is disabled [com.untappdllc.app]; PackageEnabledSetting [4]
02-23 01:55:19.350 19618 14822 W CAR.VALIDATOR: Package DENIED; package is disabled [com.valvesoftware.android.steam.community]; PackageEnabledSetting [4]
02-23 01:55:19.351 19618 14822 W CAR.VALIDATOR: Package DENIED; package is disabled [com.vidure.peztio]; PackageEnabledSetting [4]
02-23 01:55:19.351 19618 14822 W CAR.VALIDATOR: Package DENIED; package is disabled [com.wanderlog.android]; PackageEnabledSetting [4]
02-23 01:55:19.352 19618 14822 W CAR.VALIDATOR: Package DENIED; package is disabled [com.waze]; PackageEnabledSetting [4]
02-23 01:55:19.359 19618 14822 W CAR.VALIDATOR: Package DENIED; package is disabled [com.windyty.android]; PackageEnabledSetting [4]
02-23 01:55:19.359 19618 14822 W CAR.VALIDATOR: Package DENIED; package is disabled [com.wssc.simpleclock]; PackageEnabledSetting [4]
02-23 01:55:19.361 19618 14822 W CAR.VALIDATOR: Package DENIED; package is disabled [com.yahoo.mobile.client.android.fantasyfootball]; PackageEnabledSetting [4]
02-23 01:55:19.361 19618 14942 I CAR.BT.SVC.LITE: Routing media audio via device type 0
02-23 01:55:19.362 19618 14822 W CAR.VALIDATOR: Package DENIED; package is disabled [com.yelp.android]; PackageEnabledSetting [4]
02-23 01:55:19.362 19618 14822 W CAR.VALIDATOR: Package DENIED; package is disabled [gov.dhs.tsa.mytsa]; PackageEnabledSetting [4]
02-23 01:55:19.363 19618 14822 W CAR.VALIDATOR: Package DENIED; package is disabled [io.apptitude.premiumparking]; PackageEnabledSetting [4]
02-23 01:55:19.363 19618 14822 W CAR.VALIDATOR: Package DENIED; package is disabled [me.aap.fermata]; PackageEnabledSetting [4]
02-23 01:55:19.364 19618 14822 W CAR.VALIDATOR: Package DENIED; package is disabled [me.aap.fermata.auto.dear.google.why]; PackageEnabledSetting [4]
02-23 01:55:19.364 19618 14822 W CAR.VALIDATOR: Package DENIED; package is disabled [me.dt2dev.uvcpreview]; PackageEnabledSetting [4]
02-23 01:55:19.364 19618 14822 W CAR.VALIDATOR: Package DENIED; package is disabled [me.dt2dev.uvcpreview.free]; PackageEnabledSetting [4]
02-23 01:55:19.366 19618 14822 W CAR.VALIDATOR: Package DENIED; package is disabled [org.intoorbit.spectrum]; PackageEnabledSetting [4]
02-23 01:55:19.367 19618 14822 W CAR.VALIDATOR: Package DENIED; package is disabled [org.mozilla.firefox]; PackageEnabledSetting [4]
02-23 01:55:19.370 19618 14822 W CAR.VALIDATOR: Package DENIED; package is disabled [org.telegram.messenger]; PackageEnabledSetting [4]
02-23 01:55:19.374 19618 14822 W CAR.VALIDATOR: Package DENIED; package is disabled [org.videolan.vlc]; PackageEnabledSetting [4]
02-23 01:55:19.376 19618 19618 I CAR.CAM : Using IME component ComponentInfo{com.google.android.projection.gearhead/com.google.android.projection.gearhead.input.TouchInputMethodService}
02-23 01:55:19.381 21855 21896 I GH.ConnLoggerV2: Session 7bdbf25b-9c23-458c-9bb7-27434b9831e6, event 1364, detail OptionalInt.empty, PROJECTION_WINDOW_MANAGER_STARTED_WIFI, at 383608445 
02-23 01:55:19.382 19618 19618 I CAR.WM.FrameRateLimit: Frame rate change. 60 fps -> 30 fps
02-23 01:55:19.382 19618 19618 I CAR.WM  : Setting display configuration id for CarDisplayId{displayId=0} to 0c818e9d-083b-445e-b8a8-02d6d692e773
02-23 01:55:19.382 19618 19618 I CAR.SERVICE: Car connection state changed: CONNECTING->PREFLIGHT
02-23 01:55:19.383 21855 21896 I GH.ConnLoggerV2: Session 7bdbf25b-9c23-458c-9bb7-27434b9831e6, event 1365, detail OptionalInt.empty, PROJECTION_WINDOW_MANAGER_STARTED, at 383608445 
02-23 01:55:19.383 19618 19618 I CAR.LITE.LITE: Car services started
02-23 01:55:19.383 19618 19618 I CAR.LITE.LITE: Startup complete:true
02-23 01:55:19.383 19618 19618 W CAR.WM  : Input focus gained again
02-23 01:55:19.383 19618 19618 I CAR.AUDIO.AFM: Received onAudioFocusGrant. gainRequest: GAIN, requestResult: GRANTED, clientId: android.media.AudioManager@8fc2020hoo@de39dd9, packageName: com.google.android.projection.gearhead, clientUid: 10253
02-23 01:55:19.383 19618 19618 I CAR.AUDIO.AFM: Received onAudioFocusGrant. gainRequest: GAIN, requestResult: GRANTED, clientId: android.media.AudioManager@8fc2020hoo@de39dd9, packageName: com.google.android.projection.gearhead, clientUid: 10253
02-23 01:55:19.383 19618 19618 I CAR.AUDIO.AFM: Received onAudioFocusGrant. gainRequest: GAIN, requestResult: GRANTED, clientId: android.media.AudioManager@8fc2020hoo@de39dd9, packageName: com.google.android.projection.gearhead, clientUid: 10253
02-23 01:55:19.383 19618 14884 I CAR.AUDIO.AFM: maybeNotifyFocusStackChange: currentFocusGrant: GAIN, oldFocusGrant: NONE, forceNotify: true, mostRecentPackageName: com.google.android.projection.gearhead
02-23 01:55:19.384 19618 19618 I CAR.AUDIO.AFM: Received onAudioFocusGrant. gainRequest: GAIN, requestResult: GRANTED, clientId: android.media.AudioManager@8fc2020hoo@de39dd9, packageName: com.google.android.projection.gearhead, clientUid: 10253
02-23 01:55:19.384 19618 14884 I CAR.AUDIO.FOCUS: Sending AUDIO_FOCUS_GAIN to HU for app com.google.android.projection.gearhead due to Android focus change: GAIN
02-23 01:55:19.384 19618 14884 I CAR.AUDIO.FOCUS: Send focus request to HU: AUDIO_FOCUS_GAIN, attempt#: 1
02-23 01:55:19.384 19618 14884 I CAR.GAL.AUDIO.LITE: sent audio focus request: AUDIO_FOCUS_GAIN
02-23 01:55:19.384 19618 14884 I CAR.AUDIO.AFM: maybeNotifyFocusStackChange: currentFocusGrant: GAIN, oldFocusGrant: GAIN, forceNotify: false, mostRecentPackageName: com.google.android.projection.gearhead
02-23 01:55:19.384 19618 14884 I CAR.AUDIO.AFM: maybeNotifyFocusStackChange: currentFocusGrant: GAIN, oldFocusGrant: GAIN, forceNotify: false, mostRecentPackageName: com.google.android.projection.gearhead
02-23 01:55:19.384 19618 14884 I CAR.AUDIO.AFM: maybeNotifyFocusStackChange: currentFocusGrant: GAIN, oldFocusGrant: GAIN, forceNotify: false, mostRecentPackageName: com.google.android.projection.gearhead
02-23 01:55:19.384 19618 19618 I CAR.WM  : Updating video configuration. isNightMode: false
02-23 01:55:19.384 19618 19618 I CAR.TOKEN: Disconnecting pof@eb7af43 (cx attempt: 1).
02-23 01:55:19.384 19618 19618 I GH.GhCarClientCtor: Disconnecting GearheadCarClientConnector.
02-23 01:55:19.384 19618 19618 I GH.GhCarClientCtor: Unbinding service connection.
02-23 01:55:19.385 19618 19618 I CAR.TOKEN: Disconnected pyk@30dff19 using class pye@185026297/class pyh@208550336 (cx attempt 1)
02-23 01:55:19.385 21855 21896 I GH.ConnLoggerV2: Session 7bdbf25b-9c23-458c-9bb7-27434b9831e6, event 1366, detail OptionalInt.empty, PROJECTION_START, at 383608447 
02-23 01:55:19.385 19618 19618 I CAR.SERVICE: Process info changed com.google.android.projection.gearhead:projection:imp(0), reason(0), reason_pid(0), lru(0), uid(0)->imp(125), reason(2), reason_pid(19618), lru(0), uid(10253)
02-23 01:55:19.385 19618 19618 I CAR.SERVICE: Process info changed com.google.android.projection.gearhead:car:imp(0), reason(0), reason_pid(0), lru(0), uid(0)->imp(125), reason(2), reason_pid(3048), lru(0), uid(10253)
02-23 01:55:19.385 19618 19618 I CAR.SERVICE: Process info changed com.google.android.projection.gearhead:shared:imp(0), reason(0), reason_pid(0), lru(0), uid(0)->imp(125), reason(2), reason_pid(12010), lru(0), uid(10253)
02-23 01:55:19.386 12010 12020 D CAR.CLIENT.PLS: onProjectionStart on binder thread
02-23 01:55:19.386 12010 12010 D CAR.CLIENT.PLS: Projection start
02-23 01:55:19.386 12010 12010 I GH.GhLifecycleService: onProjectionStart(config:Bundle[{}])
02-23 01:55:19.386 12010 12010 D GH.GhLifecycleService: Get CarWindowManager for CarDisplayId{displayId=0}
02-23 01:55:19.386 12010 12010 I CAR.CLIENT: carModuleFeaturesCache empty, retrieving from car service.
02-23 01:55:19.386 12010 12010 D CAR.CLIENT: Multi-display client enabled. Get ICarWindowManager for: CarDisplayId{displayId=0}
02-23 01:55:19.387 12010 12010 I GH.AppIconCache: forDpi: Creating new app icon cache with DPI=140
02-23 01:55:19.387 19618 19618 I CAR.SERVICE.LITE: Car connection state changed: CONNECTING->CONNECTED
02-23 01:55:19.387 12010 12010 I GH.AppIconFactory: AppIconFactory(): iconSize=84, iconDpi=320, displayMetrics=DisplayMetrics{density=0.875, width=1080, height=2340, scaledDensity=0.875, xdpi=375.78082, ydpi=376.17722}
02-23 01:55:19.388 12010 12010 I CAR.CLIENT: carModuleFeaturesCache empty, retrieving from car service.
02-23 01:55:19.388 12010 12010 D CAR.CLIENT: Multi-display client enabled. Get ICarDisplayManager
02-23 01:55:19.388 12010 12010 D GH.Hero : Setting car control info from getHasPersistentCarControls
02-23 01:55:19.388 12010 12010 I CAR.CLIENT: carModuleFeaturesCache empty, retrieving from car service.
02-23 01:55:19.388 21855 21896 I GH.ConnLoggerV2: Session 7bdbf25b-9c23-458c-9bb7-27434b9831e6, event 1367, detail OptionalInt.empty, PROJECTION_START_WIFI, at 383608447 
02-23 01:55:19.388 12010 12010 D GH.GhLifecycleService: Get CarWindowManager for CarDisplayId{displayId=0}
02-23 01:55:19.388 12010 12010 D CAR.CLIENT: Multi-display client enabled. Get ICarDisplay for: CarDisplayId{displayId=0}
02-23 01:55:19.389 12010 12010 D CAR.CLIENT: Multi-display client enabled. Get ICarDisplay for: CarDisplayId{displayId=0}
02-23 01:55:19.390 12010 12010 D CAR.CLIENT: Multi-display client enabled. Get ICarDisplay for: CarDisplayId{displayId=0}
02-23 01:55:19.390 12010 12010 I GH.DisplayLayout: displayDimensions Point(800, 410), dpi 140, contentInsets: Rect(0, 0 - 0, 0)
02-23 01:55:19.390 21855 21896 I GH.ConnLoggerV2: Session 7bdbf25b-9c23-458c-9bb7-27434b9831e6, event 1368, detail OptionalInt.empty, PROJECTION_STARTED_WIFI, at 383608448 
02-23 01:55:19.390 21855 21896 I GH.StartupMeasure: logEvent PROJECTION_STARTED_WIRELESS=PT106H33M28.448S
02-23 01:55:19.391 19618 14815 I CAR.GAL.AUDIO.LITE: Got audio focus state from car:AUDIO_FOCUS_STATE_GAIN
02-23 01:55:19.391 19618 14815 I CAR.AUDIO.FOCUS: Received focus change from HU: AUDIO_FOCUS_STATE_GAIN, unsolicited: false
02-23 01:55:19.391 19618 14884 I CAR.AUDIO.FOCUS: Handling CarAudioFocusEvent from HU: packageName=com.google.android.projection.gearhead, audioFocusRequestType=AUDIO_FOCUS_GAIN, audioFocusStateType=AUDIO_FOCUS_STATE_GAIN, unsolicitedResponse=false, gearheadForcedResponse=false, pendingRequest=NONE
02-23 01:55:19.391 19618 14884 I CAR.AUDIO.FOCUS: changeAndroidFocus: true
02-23 01:55:19.391 19618 14884 I CAR.AUDIO.CHANNEL: enabling stream: MEDIA, had focus: false
02-23 01:55:19.391 19618 14884 I CAR.AUDIO.CHANNEL: enabling stream: TTS, had focus: false
02-23 01:55:19.391 19618 14884 I CAR.AUDIO.CHANNEL: handleStreamFocusChange old state media: false tts: false, new state media: true tts: true
02-23 01:55:19.392 19618 14884 I CAR.AUDIO.CHANNEL: Audio stream 1 did not request bottom half
02-23 01:55:19.392 19618 14884 I CAR.AUDIO.CHANNEL: Audio stream 0 did not request bottom half
02-23 01:55:19.392 21855 21896 I GH.ConnLoggerV2: Session 7bdbf25b-9c23-458c-9bb7-27434b9831e6, event 1369, detail OptionalInt.empty, CAR_SERVICE_ENDPOINTS_STARTED, at 383608451 
02-23 01:55:19.393 12010 12010 I GH.DisplayLayout: contentArea: Rect(0, 0 - 800, 410), DisplayDimensions: Point(800, 410), VD Config: {1.0 310mcc280mnc [en_US] ldltr sw469dp w914dp h469dp 140dpi nrml long hdr widecg land night -touch -keyb/v/h -nav/h winConfig={ mBounds=Rect(0, 0 - 1080, 2340) mAppBounds=Rect(0, 0 - 1080, 2340) mMaxBounds=Rect(0, 0 - 1080, 2340) mDisplayRotation=ROTATION_0 mWindowingMode=fullscreen mActivityType=undefined mAlwaysOnTop=undefined mRotation=ROTATION_0 mStageConfig=undefined mEmbedActivityMode=undefined mPopOver=off mOverlappingWithCutout=false} s.1722 fontWeightAdjustment=0 ff=0 bf=-1 bts=0 cst=1.0 nightDim=0 themeSeq=0}
02-23 01:55:19.393 12010 12010 I GH.DisplayLayout: ProjectionContext: {1.0 310mcc280mnc [en_US] ldltr sw914dp w914dp h468dp 140dpi nrml long hdr widecg land night -touch -keyb/v/h -nav/h winConfig={ mBounds=Rect(0, 0 - 1080, 2340) mAppBounds=Rect(0, 0 - 1080, 2340) mMaxBounds=Rect(0, 0 - 1080, 2340) mDisplayRotation=ROTATION_0 mWindowingMode=fullscreen mActivityType=undefined mAlwaysOnTop=undefined mRotation=ROTATION_0 mStageConfig=undefined mEmbedActivityMode=undefined mPopOver=off mOverlappingWithCutout=false} s.1722 fontWeightAdjustment=0 ff=0 bf=-1 bts=0 cst=1.0 nightDim=0 themeSeq=0}
02-23 01:55:19.393 12010 12010 D GH.DisplayLayout: Will use layout: sys_ui_layout_canonical_lhd for display with (w=914,h=468), 140 dpi, driver on Left or Center
02-23 01:55:19.393 12010 12010 I GH.DisplayLayout: LayoutInfo: LayoutInfo{layoutResourceId=2131624642, displayWidthDp=914, displayHeightDp=468, layoutType=12, isRightHandDrive=false, hasVerticalRail=false, carDisplayUiInfo=qib@e933e88, isDriverAlignedDashboard=false, isHeroLayout=false}
02-23 01:55:19.395 12010 12010 D GH.DisplayLayout: Type: ROUNDED_CORNER_MASK has bounds of: Rect(0, 0 - 800, 410)
02-23 01:55:19.395 12010 12010 D GH.DisplayLayout: Recording insets for ROUNDED_CORNER_MASK, insets: Rect(0, 0 - 0, 0), bounds: Rect(0, 0 - 800, 410), persistentViewBounds: []
02-23 01:55:19.395 12010 12010 D GH.DisplayLayout: ROUNDED_CORNER_MASK z: 489, region: CarRegionId{regionId=2131429354 carDisplayId=CarDisplayId{displayId=0}}
02-23 01:55:19.395 12010 12010 D GH.DisplayLayout: Type: FULLSCREEN has bounds of: Rect(0, 0 - 800, 410)
02-23 01:55:19.395 12010 12010 D GH.DisplayLayout: Recording insets for FULLSCREEN, insets: Rect(0, 0 - 0, 0), bounds: Rect(0, 0 - 800, 410), persistentViewBounds: []
02-23 01:55:19.395 12010 12010 D GH.DisplayLayout: FULLSCREEN z: 486, region: CarRegionId{regionId=3 carDisplayId=CarDisplayId{displayId=0}}
02-23 01:55:19.395 12010 12010 D GH.DisplayLayout: No window type for com.google.android.projection.gearhead:id/stable_content_area
02-23 01:55:19.395 12010 12010 D GH.DisplayLayout: Type: INTEGRATED_OVERLAY has bounds of: Rect(0, 0 - 800, 340)
02-23 01:55:19.395 12010 12010 D GH.DisplayLayout: Recording insets for INTEGRATED_OVERLAY, insets: Rect(0, 0 - 0, 0), bounds: Rect(0, 0 - 800, 340), persistentViewBounds: []
02-23 01:55:19.395 12010 12010 D GH.DisplayLayout: INTEGRATED_OVERLAY z: 483, region: CarRegionId{regionId=2131428437 carDisplayId=CarDisplayId{displayId=0}}
02-23 01:55:19.395 12010 12010 D GH.DisplayLayout: Type: FRX has bounds of: Rect(0, 0 - 800, 410)
02-23 01:55:19.395 12010 12010 D GH.DisplayLayout: Recording insets for FRX, insets: Rect(0, 0 - 0, 0), bounds: Rect(0, 0 - 800, 410), persistentViewBounds: []
02-23 01:55:19.395 12010 12010 D GH.DisplayLayout: FRX z: 480, region: CarRegionId{regionId=4 carDisplayId=CarDisplayId{displayId=0}}
02-23 01:55:19.395 12010 12010 D GH.DisplayLayout: Type: MAP_IME has bounds of: Rect(0, 147 - 800, 410)
02-23 01:55:19.395 12010 12010 D GH.DisplayLayout: Recording insets for MAP_IME, insets: Rect(0, 0 - 0, 0), bounds: Rect(0, 147 - 800, 410), persistentViewBounds: []
02-23 01:55:19.395 12010 12010 D GH.DisplayLayout: MAP_IME z: 477, region: CarRegionId{regionId=2131428818 carDisplayId=CarDisplayId{displayId=0}}
02-23 01:55:19.395 12010 12010 D GH.DisplayLayout: Type: IME has bounds of: Rect(0, 147 - 800, 410)
02-23 01:55:19.395 12010 12010 D GH.DisplayLayout: Recording insets for IME, insets: Rect(0, 0 - 0, 0), bounds: Rect(0, 147 - 800, 410), persistentViewBounds: []
02-23 01:55:19.395 12010 12010 D GH.DisplayLayout: IME z: 474, region: CarRegionId{regionId=2131428406 carDisplayId=CarDisplayId{displayId=0}}
02-23 01:55:19.395 12010 12010 D GH.DisplayLayout: Type: DEMAND_RAIL has bounds of: Rect(0, 340 - 800, 410)
02-23 01:55:19.395 12010 12010 D GH.DisplayLayout: Recording insets for DEMAND_RAIL, insets: Rect(0, 0 - 0, 0), bounds: Rect(0, 340 - 800, 410), persistentViewBounds: []
02-23 01:55:19.395 12010 12010 D GH.DisplayLayout: DEMAND_RAIL z: 471, region: CarRegionId{regionId=5 carDisplayId=CarDisplayId{displayId=0}}
02-23 01:55:19.395 12010 12010 D GH.DisplayLayout: Type: RAIL has bounds of: Rect(0, 340 - 800, 410)
02-23 01:55:19.395 12010 12010 D GH.DisplayLayout: Recording insets for RAIL, insets: Rect(0, 0 - 0, 0), bounds: Rect(0, 340 - 800, 410), persistentViewBounds: []
02-23 01:55:19.395 12010 12010 D GH.DisplayLayout: RAIL z: 468, region: CarRegionId{regionId=2131429280 carDisplayId=CarDisplayId{displayId=0}}
02-23 01:55:19.395 12010 12010 D GH.DisplayLayout: No window type for com.google.android.projection.gearhead:id/rail_spacer
02-23 01:55:19.395 12010 12010 D GH.DisplayLayout: Type: NOTIFICATION has bounds of: Rect(0, 0 - 800, 339)
02-23 01:55:19.395 12010 12010 D GH.DisplayLayout: Recording insets for NOTIFICATION, insets: Rect(0, 0 - 0, 0), bounds: Rect(0, 0 - 800, 339), persistentViewBounds: []
02-23 01:55:19.395 12010 12010 D GH.DisplayLayout: NOTIFICATION z: 465, region: CarRegionId{regionId=2131429067 carDisplayId=CarDisplayId{displayId=0}}
02-23 01:55:19.395 12010 12010 D GH.DisplayLayout: Type: ASSISTANT_IMMERSIVE_FULLSCREEN has bounds of: Rect(0, 0 - 800, 340)
02-23 01:55:19.395 12010 12010 D GH.DisplayLayout: Recording insets for ASSISTANT_IMMERSIVE_FULLSCREEN, insets: Rect(0, 0 - 0, 0), bounds: Rect(0, 0 - 800, 340), persistentViewBounds: []
02-23 01:55:19.395 12010 12010 D GH.DisplayLayout: Adding CarRegionId{regionId=8 carDisplayId=CarDisplayId{displayId=0}} to group CarRegionGroup{groupId=3, carDisplayId=CarDisplayId{displayId=0}, primaryRegionOfGroup=CarRegionId{regionId=8 carDisplayId=CarDisplayId{displayId=0}}}
02-23 01:55:19.395 12010 12010 D GH.DisplayLayout: ASSISTANT_IMMERSIVE_FULLSCREEN z: 462, region: CarRegionId{regionId=8 carDisplayId=CarDisplayId{displayId=0}}
02-23 01:55:19.395 12010 12010 D GH.DisplayLayout: Type: ASSISTANT_IMMERSIVE_PARTIAL has bounds of: Rect(516, 0 - 800, 340)
02-23 01:55:19.395 12010 12010 D GH.DisplayLayout: Recording insets for ASSISTANT_IMMERSIVE_PARTIAL, insets: Rect(0, 0 - 0, 0), bounds: Rect(516, 0 - 800, 340), persistentViewBounds: []
02-23 01:55:19.395 12010 12010 D GH.DisplayLayout: Adding CarRegionId{regionId=7 carDisplayId=CarDisplayId{displayId=0}} to group CarRegionGroup{groupId=3, carDisplayId=CarDisplayId{displayId=0}, primaryRegionOfGroup=CarRegionId{regionId=8 carDisplayId=CarDisplayId{displayId=0}}}
02-23 01:55:19.395 12010 12010 D GH.DisplayLayout: ASSISTANT_IMMERSIVE_PARTIAL z: 459, region: CarRegionId{regionId=7 carDisplayId=CarDisplayId{displayId=0}}
02-23 01:55:19.395 12010 12010 D GH.DisplayLayout: Type: DEMAND has bounds of: Rect(0, 0 - 800, 340)
02-23 01:55:19.395 12010 12010 D GH.DisplayLayout: Recording insets for DEMAND, insets: Rect(0, 0 - 0, 0), bounds: Rect(0, 0 - 800, 340), persistentViewBounds: []
02-23 01:55:19.395 12010 12010 D GH.DisplayLayout: DEMAND z: 456, region: CarRegionId{regionId=1 carDisplayId=CarDisplayId{displayId=0}}
02-23 01:55:19.395 12010 12010 D GH.DisplayLayout: Type: NOTIFICATION_CENTER has bounds of: Rect(0, 0 - 800, 340)
02-23 01:55:19.395 12010 12010 D GH.DisplayLayout: Recording insets for NOTIFICATION_CENTER, insets: Rect(0, 0 - 0, 0), bounds: Rect(0, 0 - 800, 340), persistentViewBounds: []
02-23 01:55:19.395 12010 12010 D GH.DisplayLayout: NOTIFICATION_CENTER z: 453, region: CarRegionId{regionId=2131429072 carDisplayId=CarDisplayId{displayId=0}}
02-23 01:55:19.395 12010 12010 D GH.DisplayLayout: Type: ACTIVITY has bounds of: Rect(0, 0 - 800, 340)
02-23 01:55:19.395 12010 12010 D GH.DisplayLayout: Recording insets for ACTIVITY, insets: Rect(0, 0 - 0, 0), bounds: Rect(0, 0 - 800, 340), persistentViewBounds: []
02-23 01:55:19.395 12010 12010 D GH.DisplayLayout: ACTIVITY z: 450, region: CarRegionId{regionId=0 carDisplayId=CarDisplayId{displayId=0}}
02-23 01:55:19.395 12010 12010 D GH.DisplayLayout: Type: IMMERSIVE_TOOLBAR_BOTTOM_SCRIM has bounds of: Rect(0, 357 - 800, 410)
02-23 01:55:19.395 12010 12010 D GH.DisplayLayout: Recording insets for IMMERSIVE_TOOLBAR_BOTTOM_SCRIM, insets: Rect(0, 0 - 0, 0), bounds: Rect(0, 357 - 800, 410), persistentViewBounds: []
02-23 01:55:19.395 12010 12010 D GH.DisplayLayout: IMMERSIVE_TOOLBAR_BOTTOM_SCRIM z: 447, region: CarRegionId{regionId=2131428411 carDisplayId=CarDisplayId{displayId=0}}
02-23 01:55:19.395 12010 12010 D GH.DisplayLayout: Type: IMMERSIVE_TOOLBAR has bounds of: Rect(0, 0 - 800, 70)
02-23 01:55:19.395 12010 12010 D GH.DisplayLayout: Recording insets for IMMERSIVE_TOOLBAR, insets: Rect(0, 0 - 0, 0), bounds: Rect(0, 0 - 800, 70), persistentViewBounds: []
02-23 01:55:19.395 12010 12010 D GH.DisplayLayout: IMMERSIVE_TOOLBAR z: 444, region: CarRegionId{regionId=2131428410 carDisplayId=CarDisplayId{displayId=0}}
02-23 01:55:19.395 12010 12010 D GH.DisplayLayout: Type: IMMERSIVE has bounds of: Rect(0, 0 - 800, 410)
02-23 01:55:19.395 12010 12010 D GH.DisplayLayout: Recording insets for IMMERSIVE, insets: Rect(0, 0 - 0, 0), bounds: Rect(0, 0 - 800, 410), persistentViewBounds: []
02-23 01:55:19.395 12010 12010 D GH.DisplayLayout: Adding CarRegionId{regionId=2131428408 carDisplayId=CarDisplayId{displayId=0}} to group CarRegionGroup{groupId=1, carDisplayId=CarDisplayId{displayId=0}, primaryRegionOfGroup=CarRegionId{regionId=0 carDisplayId=CarDisplayId{displayId=0}}}
02-23 01:55:19.395 12010 12010 D GH.DisplayLayout: IMMERSIVE z: 441, region: CarRegionId{regionId=2131428408 carDisplayId=CarDisplayId{displayId=0}}
02-23 01:55:19.395 12010 12010 D GH.DisplayLayout: Type: DASHBOARD has bounds of: Rect(516, 0 - 800, 340)
02-23 01:55:19.395 12010 12010 D GH.DisplayLayout: Recording insets for DASHBOARD, insets: Rect(0, 0 - 0, 0), bounds: Rect(516, 0 - 800, 340), persistentViewBounds: []
02-23 01:55:19.395 12010 12010 D GH.DisplayLayout: DASHBOARD z: 438, region: CarRegionId{regionId=2131427911 carDisplayId=CarDisplayId{displayId=0}}
02-23 01:55:19.395 12010 12010 D GH.DisplayLayout: No window type for com.google.android.projection.gearhead:id/dashboard_spacer
02-23 01:55:19.395 12010 12010 D GH.DisplayLayout: No window type for com.google.android.projection.gearhead:id/dashboard_guideline
02-23 01:55:19.395 12010 12010 D GH.DisplayLayout: Type: MAP_COMPAT has bounds of: Rect(0, 0 - 800, 340)
02-23 01:55:19.395 12010 12010 D GH.DisplayLayout: Recording insets for MAP_COMPAT, insets: Rect(0, 0 - 0, 0), bounds: Rect(0, 0 - 800, 340), persistentViewBounds: []
02-23 01:55:19.395 12010 12010 D GH.DisplayLayout: Adding CarRegionId{regionId=2131428814 carDisplayId=CarDisplayId{displayId=0}} to group CarRegionGroup{groupId=1, carDisplayId=CarDisplayId{displayId=0}, primaryRegionOfGroup=CarRegionId{regionId=0 carDisplayId=CarDisplayId{displayId=0}}}
02-23 01:55:19.395 12010 12010 D GH.DisplayLayout: MAP_COMPAT z: 435, region: CarRegionId{regionId=2131428814 carDisplayId=CarDisplayId{displayId=0}}
02-23 01:55:19.395 12010 12010 D GH.DisplayLayout: Type: MAP has bounds of: Rect(0, 0 - 800, 340)
02-23 01:55:19.395 12010 12010 D GH.DisplayLayout: Recording insets for MAP, insets: Rect(0, 0 - 0, 0), bounds: Rect(0, 0 - 800, 340), persistentViewBounds: []
02-23 01:55:19.395 12010 12010 D GH.DisplayLayout: Adding CarRegionId{regionId=2131428812 carDisplayId=CarDisplayId{displayId=0}} to group CarRegionGroup{groupId=1, carDisplayId=CarDisplayId{displayId=0}, primaryRegionOfGroup=CarRegionId{regionId=0 carDisplayId=CarDisplayId{displayId=0}}}
02-23 01:55:19.395 12010 12010 D GH.DisplayLayout: MAP z: 432, region: CarRegionId{regionId=2131428812 carDisplayId=CarDisplayId{displayId=0}}
02-23 01:55:19.395 12010 12010 D GH.DisplayLayout: No window type for com.google.android.projection.gearhead:id/contentInset_right
02-23 01:55:19.395 12010 12010 D GH.DisplayLayout: No window type for com.google.android.projection.gearhead:id/contentInset_left
02-23 01:55:19.395 12010 12010 D GH.DisplayLayout: No window type for com.google.android.projection.gearhead:id/contentInset_bottom
02-23 01:55:19.395 12010 12010 D GH.DisplayLayout: No window type for com.google.android.projection.gearhead:id/contentInset_top
02-23 01:55:19.397 12010 12010 D GH.GhLifecycleService: Get CarWindowManager for CarDisplayId{displayId=0}
02-23 01:55:19.397 12010 12010 D CAR.CLIENT: Multi-display client enabled. Get ICarDisplay for: CarDisplayId{displayId=0}
02-23 01:55:19.398 12010 12010 D GH.DispLayoutNotifier: CarDisplay{carDisplayId=CarDisplayId{displayId=0}, carDisplayType=0, displayDpi=140, displayDimensions=Point(800, 410), stableInsets=Rect(0, 0 - 0, 0), contentInsets=Rect(0, 0 - 0, 0), initialContentType=0, configurationId=0c818e9d-083b-445e-b8a8-02d6d692e773} changed
02-23 01:55:19.398 12010 12010 D GH.DisplayLayout: onCarDisplayChanged called with already existing configurationId: 0c818e9d-083b-445e-b8a8-02d6d692e773, ignoring
02-23 01:55:19.398 12010 12010 D CAR.CLIENT: Multi-display client enabled. Get ICarDisplay for: CarDisplayId{displayId=0}
02-23 01:55:19.399 12010 12010 I CAR.CLIENT: carModuleFeaturesCache empty, retrieving from car service.
02-23 01:55:19.399 12010 12010 D CAR.CLIENT: Multi-display client enabled. Get ICarDisplay for: CarDisplayId{displayId=0}
02-23 01:55:19.400 12010 12010 I GH.DefaultAppManager: Unable to check available apps since it is not within lifetime, returning app ComponentInfo{com.google.android.apps.maps/com.google.android.apps.gmm.car.GmmCarProjectionService}
02-23 01:55:19.401 12010 12010 I GH.DefaultAppManager: Unable to check available apps since it is not within lifetime, returning app ComponentInfo{com.google.android.apps.maps/com.google.android.apps.gmm.car.GmmCarProjectionService}
