02-23 01:54:54.829 11773 11773 D CAR.CLIENT: tearDownCarManagers() ccpw@1ed6386
02-23 01:54:54.829 12010 12021 D GH.MultiCarCxnListener: onCarDisconnected() on binder thread. instance: pyn@e6e542e, listener: pxx@e8316a9
02-23 01:54:54.829 11773 11773 D CAR.CLIENT: localCarConnectionListener received onCarDisconnected()
02-23 01:54:54.829 11773 11773 D CAR.CLIENT: tearDownProjectionSessionState() ccpw@dc9110
02-23 01:54:54.829 11773 11773 D CAR.CLIENT: tearDownCarManagers() ccpw@dc9110
02-23 01:54:54.829 11773 22683 D GH.MultiCarCxnListener: onCarDisconnected() on binder thread. instance: ccnp@62d9f84, listener: ccpt@2cf1e5
02-23 01:54:54.829 11773 11773 D CAR.CLIENT: localCarConnectionListener received onCarDisconnected()
02-23 01:54:54.829 12010 12021 D GH.MultiCarCxnListener: onCarDisconnected() on binder thread. instance: pyn@6b805dc, listener: pxx@46eea4f
02-23 01:54:54.829 11773 11773 D CAR.CLIENT: tearDownProjectionSessionState() ccpw@6d12be8
02-23 01:54:54.829 11773 11773 D CAR.CLIENT: tearDownCarManagers() ccpw@6d12be8
02-23 01:54:54.829 12010 22046 D GH.MultiCarCxnListener: onCarDisconnected() on binder thread. instance: pyn@f0edf8c, listener: pxx@d3d90ba
02-23 01:54:54.829 11773 11773 D CAR.CLIENT: localCarConnectionListener received onCarDisconnected()
02-23 01:54:54.829 11773 11773 D CAR.CLIENT: tearDownProjectionSessionState() ccpw@b33cbae
02-23 01:54:54.829 11773 11773 D CAR.CLIENT: tearDownCarManagers() ccpw@b33cbae
02-23 01:54:54.829 11773 22683 D GH.MultiCarCxnListener: onCarDisconnected() on binder thread. instance: ccnp@2e5cebc, listener: ccpt@e3ef2b4
02-23 01:54:54.829 11773 11773 D CAR.CLIENT: localCarConnectionListener received onCarDisconnected()
02-23 01:54:54.829 11773 11773 D CAR.CLIENT: tearDownProjectionSessionState() ccpw@e29c9a1
02-23 01:54:54.829 11773 11773 D CAR.CLIENT: tearDownCarManagers() ccpw@e29c9a1
02-23 01:54:54.829 12010 12703 D GH.MultiCarCxnListener: onCarDisconnected() on binder thread. instance: pyn@f10f842, listener: pxx@5c02e8d
02-23 01:54:54.829 11773 22683 D GH.MultiCarCxnListener: onCarDisconnected() on binder thread. instance: ccnp@91d62cb, listener: ccpt@7c58b23
02-23 01:54:54.829 11773 11773 D CAR.CLIENT: localCarConnectionListener received onCarDisconnected()
02-23 01:54:54.829 11773 11773 D CAR.CLIENT: tearDownProjectionSessionState() ccpw@f10b3a1
02-23 01:54:54.829 11773 11773 D CAR.CLIENT: tearDownCarManagers() ccpw@f10b3a1
02-23 01:54:54.830 12010 12021 D GH.MultiCarCxnListener: onCarDisconnected() on binder thread. instance: pyn@845099, listener: pxx@338e5e0
02-23 01:54:54.830 11773 22683 D GH.MultiCarCxnListener: onCarDisconnected() on binder thread. instance: ccnp@99f1aa8, listener: ccpt@c4ef6a9
02-23 01:54:54.830 12010 12411 D GH.MultiCarCxnListener: onCarDisconnected() on binder thread. instance: pyn@31eee65, listener: pxx@97f6b5c
02-23 01:54:54.830 11773 23041 D GH.MultiCarCxnListener: onCarDisconnected() on binder thread. instance: ccnp@8cdb9c1, listener: ccpt@ac89748
02-23 01:54:54.830 12010 12010 D CAR.CLIENT: localCarConnectionListener received onCarDisconnected()
02-23 01:54:54.830 12010 12010 D CAR.CLIENT: tearDownProjectionSessionState() pye@e10780a
02-23 01:54:54.830 12010 22046 D GH.MultiCarCxnListener: onCarDisconnected() on binder thread. instance: pyn@adc721f, listener: pxx@c9a21be
02-23 01:54:54.830 11773 13849 D GH.MultiCarCxnListener: onCarDisconnected() on binder thread. instance: ccnp@265a416, listener: ccpt@c106298
02-23 01:54:54.830 11773 23041 D GH.MultiCarCxnListener: onCarDisconnected() on binder thread. instance: ccnp@a771566, listener: ccpt@b8c347e
02-23 01:54:54.830 12010 13246 D GH.MultiCarCxnListener: onCarDisconnected() on binder thread. instance: pyn@da93911, listener: pxx@2e6c538
02-23 01:54:54.830 11773 11773 D CAR.CLIENT: localCarConnectionListener received onCarDisconnected()
02-23 01:54:54.830 11773 11773 D CAR.CLIENT: tearDownProjectionSessionState() ccpw@e68bf01
02-23 01:54:54.830 11773 11773 D CAR.CLIENT: tearDownCarManagers() ccpw@e68bf01
02-23 01:54:54.830 12010 21600 D GH.MultiCarCxnListener: onCarDisconnected() on binder thread. instance: pyn@a1d7c5e, listener: pxx@f320199
02-23 01:54:54.830 11773 11773 D CAR.CLIENT: localCarConnectionListener received onCarDisconnected()
02-23 01:54:54.830 11773 11773 D CAR.CLIENT: tearDownProjectionSessionState() ccpw@af674ad
02-23 01:54:54.830 12010 12022 D GH.MultiCarCxnListener: onCarDisconnected() on binder thread. instance: pyn@9d424d7, listener: pxx@c5a8c56
02-23 01:54:54.830 11773 11773 D CAR.CLIENT: tearDownCarManagers() ccpw@af674ad
02-23 01:54:54.830 12010 21600 D GH.MultiCarCxnListener: onCarDisconnected() on binder thread. instance: pyn@710d083, listener: pxx@e2d2b32
02-23 01:54:54.830 11773 11773 D CAR.CLIENT: localCarConnectionListener received onCarDisconnected()
02-23 01:54:54.830 12010 12022 D GH.MultiCarCxnListener: onCarDisconnected() on binder thread. instance: pyn@27827eb, listener: pxx@5571f3a
02-23 01:54:54.830 12010 21600 D GH.MultiCarCxnListener: onCarDisconnected() on binder thread. instance: pyn@275df81, listener: pxx@b5d3f68
02-23 01:54:54.830 11773 11773 D CAR.CLIENT: tearDownProjectionSessionState() ccpw@b13cdb9
02-23 01:54:54.830 11773 11773 D CAR.CLIENT: tearDownCarManagers() ccpw@b13cdb9
02-23 01:54:54.830 12010 12411 D GH.MultiCarCxnListener: onCarDisconnected() on binder thread. instance: pyn@7aba3d5, listener: pxx@d80d08c
02-23 01:54:54.830 11773 23041 D GH.MultiCarCxnListener: onCarDisconnected() on binder thread. instance: ccnp@81f3954, listener: ccpt@a6ea32
02-23 01:54:54.830 11773 11785 D GH.MultiCarCxnListener: onCarDisconnected() on binder thread. instance: ccnp@d72f99a, listener: ccpt@fd8ae10
02-23 01:54:54.830 11773 23041 D GH.MultiCarCxnListener: onCarDisconnected() on binder thread. instance: ccnp@4f21f2, listener: ccpt@ebd2975
02-23 01:54:54.830 11773 32371 D GH.MultiCarCxnListener: onCarDisconnected() on binder thread. instance: ccnp@c49c197, listener: ccpt@bcbe6f2
02-23 01:54:54.830 11773 23041 D GH.MultiCarCxnListener: onCarDisconnected() on binder thread. instance: ccnp@1356043, listener: ccpt@b2e9a42
02-23 01:54:54.830 12010 21600 D GH.MultiCarCxnListener: onCarDisconnected() on binder thread. instance: pyn@f74b8ff, listener: pxx@d9db81e
02-23 01:54:54.830 11773 23037 D GH.MultiCarCxnListener: onCarDisconnected() on binder thread. instance: ccnp@23e7e45, listener: ccpt@b4dd408
02-23 01:54:54.830 12010 21600 D GH.MultiCarCxnListener: onCarDisconnected() on binder thread. instance: pyn@939c38f, listener: pxx@b1d12ee
02-23 01:54:54.830 11773 11773 D CAR.CLIENT: localCarConnectionListener received onCarDisconnected()
02-23 01:54:54.830 11773 23041 D GH.MultiCarCxnListener: onCarDisconnected() on binder thread. instance: ccnp@5296b3e, listener: ccpt@7cbec13
02-23 01:54:54.830 11773 11773 D CAR.CLIENT: tearDownProjectionSessionState() ccpw@1583ff
02-23 01:54:54.830 11773 11773 D CAR.CLIENT: tearDownCarManagers() ccpw@1583ff
02-23 01:54:54.830 12010 21600 D GH.MultiCarCxnListener: onCarDisconnected() on binder thread. instance: pyn@b8cbf9c, listener: pxx@e9f730f
02-23 01:54:54.830 11773 11773 D CAR.CLIENT: localCarConnectionListener received onCarDisconnected()
02-23 01:54:54.830 11773 11773 D CAR.CLIENT: tearDownProjectionSessionState() ccpw@6b931ef
02-23 01:54:54.830 11773 11773 D CAR.CLIENT: tearDownCarManagers() ccpw@6b931ef
02-23 01:54:54.830 11773 11773 D CAR.CLIENT: localCarConnectionListener received onCarDisconnected()
02-23 01:54:54.830 11773 11773 D CAR.CLIENT: tearDownProjectionSessionState() ccpw@6ec74c2
02-23 01:54:54.830 12010 12703 D GH.MultiCarCxnListener: onCarDisconnected() on binder thread. instance: pyn@bd1f26e, listener: pxx@55545e9
02-23 01:54:54.830 11773 11773 D CAR.CLIENT: tearDownCarManagers() ccpw@6ec74c2
02-23 01:54:54.830 11773 11773 D CAR.CLIENT: localCarConnectionListener received onCarDisconnected()
02-23 01:54:54.830 11773 11773 D CAR.CLIENT: tearDownProjectionSessionState() ccpw@7db8480
02-23 01:54:54.830 11773 11773 D CAR.CLIENT: tearDownCarManagers() ccpw@7db8480
02-23 01:54:54.830 11773 11773 D CAR.CLIENT: localCarConnectionListener received onCarDisconnected()
02-23 01:54:54.830 12010 21600 D GH.MultiCarCxnListener: onCarDisconnected() on binder thread. instance: pyn@281b8b9, listener: pxx@9e85a80
02-23 01:54:54.830 11773 11773 D CAR.CLIENT: tearDownProjectionSessionState() ccpw@f8b3654
02-23 01:54:54.830 11773 11773 D CAR.CLIENT: tearDownCarManagers() ccpw@f8b3654
02-23 01:54:54.830 11773 11773 D CAR.CLIENT: localCarConnectionListener received onCarDisconnected()
02-23 01:54:54.830 11773 11773 D CAR.CLIENT: tearDownProjectionSessionState() ccpw@7874851
02-23 01:54:54.830 12010 13246 D GH.MultiCarCxnListener: onCarDisconnected() on binder thread. instance: pyn@899e474, listener: pxx@5b94447
02-23 01:54:54.830 11773 23037 D GH.MultiCarCxnListener: onCarDisconnected() on binder thread. instance: ccnp@1ccfd4a, listener: ccpt@30ad918
02-23 01:54:54.830 19618 19618 I CAR.SERVICE.LITE: Car connection state changed: CONNECTED->DISCONNECTING
02-23 01:54:54.830 11773 23041 D GH.MultiCarCxnListener: onCarDisconnected() on binder thread. instance: ccnp@143bd9f, listener: ccpt@563e458
02-23 01:54:54.830 12010 22046 D GH.MultiCarCxnListener: onCarDisconnected() on binder thread. instance: pyn@b41623e, listener: pxx@54052f9
02-23 01:54:54.830 19618 19618 I CAR.SERVICE.LITE: Notifying car connection listeners of disconnection (0 listeners)
02-23 01:54:54.830 12010 12411 D GH.MultiCarCxnListener: onCarDisconnected() on binder thread. instance: pyn@7ff23d5, listener: pxx@4f2508c
02-23 01:54:54.830 19618 19618 I CAR.SERVICE.LITE: Car connection state changed: DISCONNECTING->DISCONNECTED
02-23 01:54:54.830 11773 14136 D GH.MultiCarCxnListener: onCarDisconnected() on binder thread. instance: ccnp@e227dd8, listener: ccpt@3ec9e10
02-23 01:54:54.830 12010 12022 D GH.MultiCarCxnListener: onCarDisconnected() on binder thread. instance: pyn@27827eb, listener: pog@7ddd3e1
02-23 01:54:54.830 12010 22046 D GH.MultiCarCxnListener: onCarDisconnected() on binder thread. instance: pyn@6989166, listener: pxx@ad7a5c1
02-23 01:54:54.830 11773 14136 D GH.MultiCarCxnListener: onCarDisconnected() on binder thread. instance: ccnp@55482b5, listener: ccpt@9270fc9
02-23 01:54:54.830 12010 21600 D GH.MultiCarCxnListener: onCarDisconnected() on binder thread. instance: pyn@4a137fb, listener: pxx@cd9258a
02-23 01:54:54.830 11773 14136 D GH.MultiCarCxnListener: onCarDisconnected() on binder thread. instance: ccnp@4179531, listener: ccpt@ef45325
02-23 01:54:54.830 12010 12703 D GH.MultiCarCxnListener: onCarDisconnected() on binder thread. instance: pyn@6d05bad, listener: pxx@6d8a0c4
02-23 01:54:54.830 12010 22046 D GH.MultiCarCxnListener: onCarDisconnected() on binder thread. instance: pyn@cb42e6e, listener: pxx@7aaf1e9
02-23 01:54:54.830 12010 27844 D GH.MultiCarCxnListener: onCarDisconnected() on binder thread. instance: pyn@6274d63, listener: pxx@b0a3335
02-23 01:54:54.830 11773 14136 D GH.MultiCarCxnListener: onCarDisconnected() on binder thread. instance: ccnp@5985eec, listener: ccpt@fa02c00
02-23 01:54:54.830 12010 12021 D GH.MultiCarCxnListener: onCarDisconnected() on binder thread. instance: pyn@831ba7d, listener: pxx@89bf8d4
02-23 01:54:54.830 12010 27844 D GH.MultiCarCxnListener: onCarDisconnected() on binder thread. instance: pyn@f8062c4, listener: pxx@c6c89d7
02-23 01:54:54.830 11773 23041 D GH.MultiCarCxnListener: onCarDisconnected() on binder thread. instance: ccnp@a55e0cb, listener: ccpt@266af9a
02-23 01:54:54.830 11773 23037 D GH.MultiCarCxnListener: onCarDisconnected() on binder thread. instance: ccnp@ab094bb, listener: ccpt@e2aa502
02-23 01:54:54.830 11773 11773 D CAR.CLIENT: tearDownCarManagers() ccpw@7874851
02-23 01:54:54.830 12010 13254 D GH.MultiCarCxnListener: onCarDisconnected() on binder thread. instance: pyn@a398a26, listener: pxx@720981
02-23 01:54:54.830 11773 11773 D CAR.CLIENT: localCarConnectionListener received onCarDisconnected()
02-23 01:54:54.830 11773 11773 D CAR.CLIENT: tearDownProjectionSessionState() ccpw@d4d8e25
02-23 01:54:54.830 11773 11773 D CAR.CLIENT: tearDownCarManagers() ccpw@d4d8e25
02-23 01:54:54.830 11773 11773 D CAR.CLIENT: localCarConnectionListener received onCarDisconnected()
02-23 01:54:54.830 11773 11773 D CAR.CLIENT: tearDownProjectionSessionState() ccpw@477c44d
02-23 01:54:54.830 11773 11773 D CAR.CLIENT: tearDownCarManagers() ccpw@477c44d
02-23 01:54:54.830 12010 14725 D GH.MultiCarCxnListener: onCarDisconnected() on binder thread. instance: pyn@fbce211, listener: pxx@1cb7238
02-23 01:54:54.830 11773 11773 D CAR.CLIENT: localCarConnectionListener received onCarDisconnected()
02-23 01:54:54.830 11773 11773 D CAR.CLIENT: tearDownProjectionSessionState() ccpw@6de968a
02-23 01:54:54.830 11773 11773 D CAR.CLIENT: tearDownCarManagers() ccpw@6de968a
02-23 01:54:54.830 11773 11773 D CAR.CLIENT: localCarConnectionListener received onCarDisconnected()
02-23 01:54:54.830 11773 11773 D CAR.CLIENT: tearDownProjectionSessionState() ccpw@6e55fca
02-23 01:54:54.830 12010 14722 D GH.MultiCarCxnListener: onCarDisconnected() on binder thread. instance: pyn@48b6efd, listener: pxx@131af54
02-23 01:54:54.830 11773 11773 D CAR.CLIENT: tearDownCarManagers() ccpw@6e55fca
02-23 01:54:54.830 11773 11773 D CAR.CLIENT: localCarConnectionListener received onCarDisconnected()
02-23 01:54:54.830 11773 11773 D CAR.CLIENT: tearDownProjectionSessionState() ccpw@990b486
02-23 01:54:54.830 11773 11773 D CAR.CLIENT: tearDownCarManagers() ccpw@990b486
02-23 01:54:54.830 11773 11773 D CAR.CLIENT: localCarConnectionListener received onCarDisconnected()
02-23 01:54:54.830 11773 11773 D CAR.CLIENT: tearDownProjectionSessionState() ccpw@4cb95b8
02-23 01:54:54.830 11773 11773 D CAR.CLIENT: tearDownCarManagers() ccpw@4cb95b8
02-23 01:54:54.830 11773 11773 D CAR.CLIENT: localCarConnectionListener received onCarDisconnected()
02-23 01:54:54.830 11773 11773 D CAR.CLIENT: tearDownProjectionSessionState() ccpw@e217ba2
02-23 01:54:54.830 11773 11773 D CAR.CLIENT: tearDownCarManagers() ccpw@e217ba2
02-23 01:54:54.830 11773 11773 D CAR.CLIENT: localCarConnectionListener received onCarDisconnected()
02-23 01:54:54.830 11773 11773 D CAR.CLIENT: tearDownProjectionSessionState() ccpw@c8924a6
02-23 01:54:54.830 11773 11773 D CAR.CLIENT: tearDownCarManagers() ccpw@c8924a6
02-23 01:54:54.830 11773 11773 D CAR.CLIENT: localCarConnectionListener received onCarDisconnected()
02-23 01:54:54.830 12010 13233 D GH.MultiCarCxnListener: onCarDisconnected() on binder thread. instance: pyn@919dbaf, listener: pxx@3cbf78e
02-23 01:54:54.830 11773 11773 D CAR.CLIENT: tearDownProjectionSessionState() ccpw@dd168af
02-23 01:54:54.830 11773 11773 D CAR.CLIENT: tearDownCarManagers() ccpw@dd168af
02-23 01:54:54.830 11773 11773 D CAR.CLIENT: localCarConnectionListener received onCarDisconnected()
02-23 01:54:54.830 11773 11773 D CAR.CLIENT: tearDownProjectionSessionState() ccpw@131c29e
02-23 01:54:54.830 12010 12423 D GH.MultiCarCxnListener: onCarDisconnected() on binder thread. instance: pyn@c86929c, listener: pxx@e0b20f
02-23 01:54:54.830 11773 11773 D CAR.CLIENT: tearDownCarManagers() ccpw@131c29e
02-23 01:54:54.830 12010 12020 D GH.MultiCarCxnListener: onCarDisconnected() on binder thread. instance: pyn@da0ac8f, listener: pxx@99ffee
02-23 01:54:54.830 12010 13147 D GH.MultiCarCxnListener: onCarDisconnected() on binder thread. instance: pyn@b33285e, listener: pxx@da2dd99
02-23 01:54:54.830 12010  8916 D GH.MultiCarCxnListener: onCarDisconnected() on binder thread. instance: pyn@b1a687a, listener: pxx@7f4dca5
02-23 01:54:54.831 12010 12010 D CAR.CLIENT: tearDownCarManagers() pye@e10780a
02-23 01:54:54.831 12010 12010 D CAR.CLIENT: localCarConnectionListener received onCarDisconnected()
02-23 01:54:54.831 12010 12010 D CAR.CLIENT: tearDownProjectionSessionState() pye@6c31df7
02-23 01:54:54.831 12010 12010 D CAR.CLIENT: tearDownCarManagers() pye@6c31df7
02-23 01:54:54.831 12010 12010 D CAR.CLIENT: localCarConnectionListener received onCarDisconnected()
02-23 01:54:54.831 12010 12010 D CAR.CLIENT: tearDownProjectionSessionState() pye@ae7c037
02-23 01:54:54.831 12010 12010 D CAR.CLIENT: tearDownCarManagers() pye@ae7c037
02-23 01:54:54.831 12010 12010 D CAR.CLIENT: localCarConnectionListener received onCarDisconnected()
02-23 01:54:54.831 12010 12010 D CAR.CLIENT: tearDownProjectionSessionState() pye@6d2a6eb
02-23 01:54:54.831 12010 12010 D CAR.CLIENT: tearDownCarManagers() pye@6d2a6eb
02-23 01:54:54.831 12010 12010 D CAR.CLIENT: localCarConnectionListener received onCarDisconnected()
02-23 01:54:54.831 12010 12010 D CAR.CLIENT: tearDownProjectionSessionState() pye@f622364
02-23 01:54:54.831 12010 12010 D CAR.CLIENT: tearDownCarManagers() pye@f622364
02-23 01:54:54.831 12010 12010 D CAR.CLIENT: localCarConnectionListener received onCarDisconnected()
02-23 01:54:54.831 12010 12010 D CAR.CLIENT: tearDownProjectionSessionState() pye@c2df631
02-23 01:54:54.831 12010 12010 D CAR.CLIENT: tearDownCarManagers() pye@c2df631
02-23 01:54:54.831 12010 12010 D CAR.CLIENT: localCarConnectionListener received onCarDisconnected()
02-23 01:54:54.831 12010 12010 D CAR.CLIENT: tearDownProjectionSessionState() pye@e68a03f
02-23 01:54:54.831 12010 12010 D CAR.CLIENT: tearDownCarManagers() pye@e68a03f
02-23 01:54:54.831 12010 12010 D CAR.CLIENT: localCarConnectionListener received onCarDisconnected()
02-23 01:54:54.831 12010 12010 D CAR.CLIENT: tearDownProjectionSessionState() pye@f98e343
02-23 01:54:54.831 12010 12010 D CAR.CLIENT: tearDownCarManagers() pye@f98e343
02-23 01:54:54.831 12010 12010 D CAR.CLIENT: localCarConnectionListener received onCarDisconnected()
02-23 01:54:54.831 12010 12010 D CAR.CLIENT: tearDownProjectionSessionState() pye@972614c
02-23 01:54:54.831 12010 12010 D CAR.CLIENT: tearDownCarManagers() pye@972614c
02-23 01:54:54.831 12010 12010 D CAR.CLIENT: localCarConnectionListener received onCarDisconnected()
02-23 01:54:54.831 12010 12010 D CAR.CLIENT: tearDownProjectionSessionState() pye@f273616
02-23 01:54:54.831 12010 12010 D CAR.CLIENT: tearDownCarManagers() pye@f273616
02-23 01:54:54.831 12010 12010 D CAR.CLIENT: localCarConnectionListener received onCarDisconnected()
02-23 01:54:54.831 12010 12010 D CAR.CLIENT: tearDownProjectionSessionState() pye@24f0950
02-23 01:54:54.831 12010 12010 D CAR.CLIENT: tearDownCarManagers() pye@24f0950
02-23 01:54:54.831 12010 12010 D CAR.CLIENT: localCarConnectionListener received onCarDisconnected()
02-23 01:54:54.831 12010 12010 D CAR.CLIENT: tearDownProjectionSessionState() pye@faee6de
02-23 01:54:54.831 12010 12010 D CAR.CLIENT: tearDownCarManagers() pye@faee6de
02-23 01:54:54.831 12010 12010 D CAR.CLIENT: localCarConnectionListener received onCarDisconnected()
02-23 01:54:54.831 12010 12010 D CAR.CLIENT: tearDownProjectionSessionState() pye@6d79d4e
02-23 01:54:54.831 12010 12010 D CAR.CLIENT: tearDownCarManagers() pye@6d79d4e
02-23 01:54:54.831 12010 12010 D CAR.CLIENT: localCarConnectionListener received onCarDisconnected()
02-23 01:54:54.831 12010 12010 D CAR.CLIENT: tearDownProjectionSessionState() pye@3e535db
02-23 01:54:54.831 12010 12010 D CAR.CLIENT: tearDownCarManagers() pye@3e535db
02-23 01:54:54.831 12010 12010 D CAR.CLIENT: localCarConnectionListener received onCarDisconnected()
02-23 01:54:54.831 12010 12010 D CAR.CLIENT: tearDownProjectionSessionState() pye@ef00c12
02-23 01:54:54.831 12010 12010 D CAR.CLIENT: tearDownCarManagers() pye@ef00c12
02-23 01:54:54.831 12010 12010 D CAR.CLIENT: localCarConnectionListener received onCarDisconnected()
02-23 01:54:54.831 12010 12010 D CAR.CLIENT: tearDownProjectionSessionState() pye@343f35b
02-23 01:54:54.831 12010 12010 D CAR.CLIENT: tearDownCarManagers() pye@343f35b
02-23 01:54:54.831 12010 12010 D CAR.CLIENT: localCarConnectionListener received onCarDisconnected()
02-23 01:54:54.831 12010 12010 D CAR.CLIENT: tearDownProjectionSessionState() pye@997cd47
02-23 01:54:54.831 12010 12010 D CAR.CLIENT: tearDownCarManagers() pye@997cd47
02-23 01:54:54.831 12010 12010 D CAR.CLIENT: localCarConnectionListener received onCarDisconnected()
02-23 01:54:54.831 12010 12010 D CAR.CLIENT: tearDownProjectionSessionState() pye@8ff5b49
02-23 01:54:54.831 12010 12010 D CAR.CLIENT: tearDownCarManagers() pye@8ff5b49
02-23 01:54:54.831 12010 12010 D CAR.CLIENT: localCarConnectionListener received onCarDisconnected()
02-23 01:54:54.831 12010 12010 D CAR.CLIENT: tearDownProjectionSessionState() pye@db3a0a5
02-23 01:54:54.831 12010 12010 D CAR.CLIENT: tearDownCarManagers() pye@db3a0a5
02-23 01:54:54.831 12010 12010 D CAR.CLIENT: localCarConnectionListener received onCarDisconnected()
02-23 01:54:54.831 12010 12010 D CAR.CLIENT: tearDownProjectionSessionState() pye@fa73d8c
02-23 01:54:54.831 12010 12010 D CAR.CLIENT: tearDownCarManagers() pye@fa73d8c
02-23 01:54:54.831 12010 12010 D CAR.CLIENT: localCarConnectionListener received onCarDisconnected()
02-23 01:54:54.831 12010 12010 D CAR.CLIENT: tearDownProjectionSessionState() pye@80ed02f
02-23 01:54:54.831 12010 12010 D CAR.CLIENT: tearDownCarManagers() pye@80ed02f
02-23 01:54:54.831 12010 12010 D CAR.CLIENT: localCarConnectionListener received onCarDisconnected()
02-23 01:54:54.831 12010 12010 D CAR.CLIENT: tearDownProjectionSessionState() pye@ea2d9cc
02-23 01:54:54.831 12010 12010 D CAR.CLIENT: tearDownCarManagers() pye@ea2d9cc
02-23 01:54:54.831 12010 12010 D CAR.CLIENT: localCarConnectionListener received onCarDisconnected()
02-23 01:54:54.831 12010 12010 D CAR.CLIENT: tearDownProjectionSessionState() pye@e4a084d
02-23 01:54:54.831 12010 12010 D CAR.CLIENT: tearDownCarManagers() pye@e4a084d
02-23 01:54:54.831 12010 12010 D CAR.CLIENT: localCarConnectionListener received onCarDisconnected()
02-23 01:54:54.831 12010 12010 D CAR.CLIENT: tearDownProjectionSessionState() pye@250457c
02-23 01:54:54.831 12010 12010 D CAR.CLIENT: tearDownCarManagers() pye@250457c
02-23 01:54:54.831 12010 12010 D CAR.CLIENT: localCarConnectionListener received onCarDisconnected()
02-23 01:54:54.831 12010 12010 D CAR.CLIENT: tearDownProjectionSessionState() pye@de3ac65
02-23 01:54:54.831 12010 12010 D CAR.CLIENT: tearDownCarManagers() pye@de3ac65
02-23 01:54:54.831 12010 12010 D CAR.CLIENT: localCarConnectionListener received onCarDisconnected()
02-23 01:54:54.831 12010 12010 D CAR.CLIENT: tearDownProjectionSessionState() pye@c2e846d
02-23 01:54:54.831 12010 12010 D CAR.CLIENT: tearDownCarManagers() pye@c2e846d
02-23 01:54:54.831 12010 12010 D CAR.CLIENT: localCarConnectionListener received onCarDisconnected()
02-23 01:54:54.831 12010 12010 D CAR.CLIENT: tearDownProjectionSessionState() pye@8bb0aff
02-23 01:54:54.831 12010 12010 D CAR.CLIENT: tearDownCarManagers() pye@8bb0aff
02-23 01:54:54.831 12010 12010 D CAR.CLIENT: localCarConnectionListener received onCarDisconnected()
02-23 01:54:54.831 12010 12010 D CAR.CLIENT: tearDownProjectionSessionState() pye@7f443a1
02-23 01:54:54.831 12010 12010 D CAR.CLIENT: tearDownCarManagers() pye@7f443a1
02-23 01:54:54.831 12010 12010 D CAR.CLIENT: localCarConnectionListener received onCarDisconnected()
02-23 01:54:54.831 12010 12010 D CAR.CLIENT: tearDownProjectionSessionState() pye@f3753dd
02-23 01:54:54.831 12010 12010 D CAR.CLIENT: tearDownCarManagers() pye@f3753dd
02-23 01:54:54.831 12010 12010 D CAR.CLIENT: localCarConnectionListener received onCarDisconnected()
02-23 01:54:54.831 12010 12010 D CAR.CLIENT: tearDownProjectionSessionState() pye@8e70529
02-23 01:54:54.831 12010 12010 D CAR.CLIENT: tearDownCarManagers() pye@8e70529
02-23 01:54:54.831 12010 12010 D CAR.CLIENT: localCarConnectionListener received onCarDisconnected()
02-23 01:54:54.831 12010 12010 D CAR.CLIENT: tearDownProjectionSessionState() pye@66d1a8e
02-23 01:54:54.831 12010 12010 D CAR.CLIENT: tearDownCarManagers() pye@66d1a8e
02-23 01:54:54.831 12010 12010 D CAR.CLIENT: localCarConnectionListener received onCarDisconnected()
02-23 01:54:54.831 12010 12010 D CAR.CLIENT: tearDownProjectionSessionState() pye@51caad2
02-23 01:54:54.832 12010 12010 D CAR.CLIENT: tearDownCarManagers() pye@51caad2
02-23 01:54:54.832 12010 12010 D CAR.CLIENT: localCarConnectionListener received onCarDisconnected()
02-23 01:54:54.832 12010 12010 D CAR.CLIENT: tearDownProjectionSessionState() pye@a97db2b
02-23 01:54:54.832 12010 12010 D CAR.CLIENT: tearDownCarManagers() pye@a97db2b
02-23 01:54:54.832 12010 12010 D CAR.CLIENT: localCarConnectionListener received onCarDisconnected()
02-23 01:54:54.832 12010 12010 D CAR.CLIENT: tearDownProjectionSessionState() pye@81b1b0c
02-23 01:54:54.832 12010 12010 D CAR.CLIENT: tearDownCarManagers() pye@81b1b0c
02-23 01:54:54.832 12010 12010 D CAR.CLIENT: localCarConnectionListener received onCarDisconnected()
02-23 01:54:54.832 12010 12010 D CAR.CLIENT: tearDownProjectionSessionState() pye@f27f12e
02-23 01:54:54.832 12010 12010 D CAR.CLIENT: tearDownCarManagers() pye@f27f12e
02-23 01:54:54.832 12010 12010 D CAR.CLIENT: localCarConnectionListener received onCarDisconnected()
02-23 01:54:54.832 12010 12010 D CAR.CLIENT: tearDownProjectionSessionState() pye@9984ffe
02-23 01:54:54.832 12010 12010 D CAR.CLIENT: tearDownCarManagers() pye@9984ffe
02-23 01:54:54.832 12010 12010 D CAR.CLIENT: localCarConnectionListener received onCarDisconnected()
02-23 01:54:54.832 12010 12010 D CAR.CLIENT: tearDownProjectionSessionState() pye@109cc73
02-23 01:54:54.832 12010 12010 D CAR.CLIENT: tearDownCarManagers() pye@109cc73
02-23 01:54:54.832 12010 12010 D CAR.CLIENT: localCarConnectionListener received onCarDisconnected()
02-23 01:54:54.832 12010 12010 D CAR.CLIENT: tearDownProjectionSessionState() pye@1aee02a
02-23 01:54:54.832 12010 12010 D CAR.CLIENT: tearDownCarManagers() pye@1aee02a
02-23 01:54:54.832 12010 12010 D CAR.CLIENT: localCarConnectionListener received onCarDisconnected()
02-23 01:54:54.832 12010 12010 D CAR.CLIENT: tearDownProjectionSessionState() pye@82991e7
02-23 01:54:54.832 12010 12010 D CAR.CLIENT: tearDownCarManagers() pye@82991e7
02-23 01:54:54.832 12010 12010 D CAR.CLIENT: localCarConnectionListener received onCarDisconnected()
02-23 01:54:54.832 12010 12010 D CAR.CLIENT: tearDownProjectionSessionState() pye@4ef80f7
02-23 01:54:54.832 12010 12010 D CAR.CLIENT: tearDownCarManagers() pye@4ef80f7
02-23 01:54:54.832 12010 12010 D CAR.CLIENT: localCarConnectionListener received onCarDisconnected()
02-23 01:54:54.832 12010 12010 D CAR.CLIENT: tearDownProjectionSessionState() pye@17e50da
02-23 01:54:54.832 12010 12010 D CAR.CLIENT: tearDownCarManagers() pye@17e50da
02-23 01:54:54.832 12010 12010 D CAR.CLIENT: localCarConnectionListener received onCarDisconnected()
02-23 01:54:54.832 12010 12010 D CAR.CLIENT: tearDownProjectionSessionState() pye@76ceaec
02-23 01:54:54.832 12010 12010 D CAR.CLIENT: tearDownCarManagers() pye@76ceaec
02-23 01:54:54.832 12010 12010 D CAR.CLIENT: localCarConnectionListener received onCarDisconnected()
02-23 01:54:54.832 12010 12010 D CAR.CLIENT: tearDownProjectionSessionState() pye@8c99161
02-23 01:54:54.832 12010 12010 D CAR.CLIENT: tearDownCarManagers() pye@8c99161
02-23 01:54:54.832 12010 12010 D CAR.CLIENT: localCarConnectionListener received onCarDisconnected()
02-23 01:54:54.832 12010 12010 D CAR.CLIENT: tearDownProjectionSessionState() pye@8084f94
02-23 01:54:54.832 12010 12010 D CAR.CLIENT: tearDownCarManagers() pye@8084f94
02-23 01:54:54.832 12010 12010 D CAR.CLIENT: localCarConnectionListener received onCarDisconnected()
02-23 01:54:54.832 12010 12010 D CAR.CLIENT: tearDownProjectionSessionState() pye@f1a293
02-23 01:54:54.832 12010 12010 D CAR.CLIENT: tearDownCarManagers() pye@f1a293
02-23 01:54:54.832 12010 12010 D CAR.CLIENT: localCarConnectionListener received onCarDisconnected()
02-23 01:54:54.832 12010 12010 D CAR.CLIENT: tearDownProjectionSessionState() pye@c7eee98
02-23 01:54:54.832 12010 12010 D CAR.CLIENT: tearDownCarManagers() pye@c7eee98
02-23 01:54:54.832 12010 12010 D CAR.CLIENT: localCarConnectionListener received onCarDisconnected()
02-23 01:54:54.832 12010 12010 D CAR.CLIENT: tearDownProjectionSessionState() pye@b68576a
02-23 01:54:54.832 12010 12010 D CAR.CLIENT: tearDownCarManagers() pye@b68576a
02-23 01:54:54.832 12010 12010 D CAR.CLIENT: localCarConnectionListener received onCarDisconnected()
02-23 01:54:54.832 12010 12010 D CAR.CLIENT: tearDownProjectionSessionState() pye@70c5917
02-23 01:54:54.832 12010 12010 D CAR.CLIENT: tearDownCarManagers() pye@70c5917
02-23 01:54:54.832 12010 12010 D CAR.CLIENT: localCarConnectionListener received onCarDisconnected()
02-23 01:54:54.832 12010 12010 D CAR.CLIENT: tearDownProjectionSessionState() pye@30a53c3
02-23 01:54:54.832 12010 12010 D CAR.CLIENT: tearDownCarManagers() pye@30a53c3
02-23 01:54:54.832 12010 12010 D CAR.CLIENT: localCarConnectionListener received onCarDisconnected()
02-23 01:54:54.832 12010 12010 D CAR.CLIENT: tearDownProjectionSessionState() pye@2e045cd
02-23 01:54:54.832 12010 12010 D CAR.CLIENT: tearDownCarManagers() pye@2e045cd
02-23 01:54:54.832 12010 12010 D CAR.CLIENT: localCarConnectionListener received onCarDisconnected()
02-23 01:54:54.832 12010 12010 D CAR.CLIENT: tearDownProjectionSessionState() pye@e5b9dba
02-23 01:54:54.832 12010 12010 D CAR.CLIENT: tearDownCarManagers() pye@e5b9dba
02-23 01:54:54.832 12010 12010 D CAR.CLIENT: localCarConnectionListener received onCarDisconnected()
02-23 01:54:54.832 12010 12010 D CAR.CLIENT: tearDownProjectionSessionState() pye@361a473
02-23 01:54:54.832 12010 12010 D CAR.CLIENT: tearDownCarManagers() pye@361a473
02-23 01:54:54.832 12010 12010 D CAR.CLIENT: localCarConnectionListener received onCarDisconnected()
02-23 01:54:54.832 12010 12010 D CAR.CLIENT: tearDownProjectionSessionState() pye@b6b176
02-23 01:54:54.832 12010 12010 D CAR.CLIENT: tearDownCarManagers() pye@b6b176
02-23 01:54:54.832 12010 12010 D CAR.CLIENT: localCarConnectionListener received onCarDisconnected()
02-23 01:54:54.832 12010 12010 D CAR.CLIENT: tearDownProjectionSessionState() pye@725e364
02-23 01:54:54.832 12010 12010 D CAR.CLIENT: tearDownCarManagers() pye@725e364
02-23 01:54:54.832 12010 12010 D CAR.CLIENT: localCarConnectionListener received onCarDisconnected()
02-23 01:54:54.832 12010 12010 D CAR.CLIENT: tearDownProjectionSessionState() pye@1649eea
02-23 01:54:54.832 12010 12010 D CAR.CLIENT: tearDownCarManagers() pye@1649eea
02-23 01:54:54.832 12010 12010 D CAR.CLIENT: localCarConnectionListener received onCarDisconnected()
02-23 01:54:54.832 12010 12010 D CAR.CLIENT: tearDownProjectionSessionState() pye@a0405c4
02-23 01:54:54.832 12010 12010 D CAR.CLIENT: tearDownCarManagers() pye@a0405c4
02-23 01:54:54.832 12010 12010 D CAR.CLIENT: localCarConnectionListener received onCarDisconnected()
02-23 01:54:54.832 12010 12010 D CAR.CLIENT: tearDownProjectionSessionState() pye@da01c62
02-23 01:54:54.832 12010 12010 D CAR.CLIENT: tearDownCarManagers() pye@da01c62
02-23 01:54:54.832 12010 12010 D CAR.CLIENT: localCarConnectionListener received onCarDisconnected()
02-23 01:54:54.832 12010 12010 D CAR.CLIENT: tearDownProjectionSessionState() pye@db68829
02-23 01:54:54.832 12010 12010 D CAR.CLIENT: tearDownCarManagers() pye@db68829
02-23 01:54:54.832 12010 12010 D CAR.CLIENT: localCarConnectionListener received onCarDisconnected()
02-23 01:54:54.832 12010 12010 D CAR.CLIENT: tearDownProjectionSessionState() pye@89b5778
02-23 01:54:54.832 12010 12010 D CAR.CLIENT: tearDownCarManagers() pye@89b5778
02-23 01:54:54.832 12010 12010 D CAR.CLIENT: localCarConnectionListener received onCarDisconnected()
02-23 01:54:54.832 12010 12010 D CAR.CLIENT: tearDownProjectionSessionState() pye@66ebe47
02-23 01:54:54.832 12010 12010 D CAR.CLIENT: tearDownCarManagers() pye@66ebe47
02-23 01:54:54.832 12010 12010 D CAR.CLIENT: localCarConnectionListener received onCarDisconnected()
02-23 01:54:54.832 12010 12010 D CAR.CLIENT: tearDownProjectionSessionState() pye@e2bf573
02-23 01:54:54.832 12010 12010 D CAR.CLIENT: tearDownCarManagers() pye@e2bf573
02-23 01:54:54.832 12010 12010 D CAR.CLIENT: localCarConnectionListener received onCarDisconnected()
02-23 01:54:54.832 12010 12010 D CAR.CLIENT: tearDownProjectionSessionState() pye@36ba97d
02-23 01:54:54.832 12010 12010 D CAR.CLIENT: tearDownCarManagers() pye@36ba97d
02-23 01:54:54.832 12010 12010 D CAR.CLIENT: localCarConnectionListener received onCarDisconnected()
02-23 01:54:54.832 12010 12010 D CAR.CLIENT: tearDownProjectionSessionState() pye@f2a691d
02-23 01:54:54.832 12010 12010 D CAR.CLIENT: tearDownCarManagers() pye@f2a691d
02-23 01:54:54.832 12010 12010 D CAR.CLIENT: localCarConnectionListener received onCarDisconnected()
02-23 01:54:54.832 12010 12010 D CAR.CLIENT: tearDownProjectionSessionState() pye@71cf7f2
02-23 01:54:54.832 12010 12010 D CAR.CLIENT: tearDownCarManagers() pye@71cf7f2
02-23 01:54:54.832 12010 12010 D CAR.CLIENT: localCarConnectionListener received onCarDisconnected()
02-23 01:54:54.832 12010 12010 D CAR.CLIENT: tearDownProjectionSessionState() pye@2c02afe
02-23 01:54:54.832 12010 12010 D CAR.CLIENT: tearDownCarManagers() pye@2c02afe
02-23 01:54:54.832 12010 12010 D CAR.CLIENT: localCarConnectionListener received onCarDisconnected()
02-23 01:54:54.832 12010 12010 D CAR.CLIENT: tearDownProjectionSessionState() pye@2397b2f
02-23 01:54:54.832 12010 12010 D CAR.CLIENT: tearDownCarManagers() pye@2397b2f
02-23 01:54:54.832 12010 12010 D CAR.CLIENT: localCarConnectionListener received onCarDisconnected()
02-23 01:54:54.832 12010 12010 D CAR.CLIENT: tearDownProjectionSessionState() pye@113acb
02-23 01:54:54.832 12010 12010 D CAR.CLIENT: tearDownCarManagers() pye@113acb
02-23 01:54:54.832 12010 12010 D CAR.CLIENT: localCarConnectionListener received onCarDisconnected()
02-23 01:54:54.832 12010 12010 D CAR.CLIENT: tearDownProjectionSessionState() pye@250e6f
02-23 01:54:54.832 12010 12010 D CAR.CLIENT: tearDownCarManagers() pye@250e6f
02-23 01:54:54.832 12010 12010 D CAR.CLIENT: localCarConnectionListener received onCarDisconnected()
02-23 01:54:54.832 12010 12010 D CAR.CLIENT: tearDownProjectionSessionState() pye@854a507
02-23 01:54:54.832 12010 12010 D CAR.CLIENT: tearDownCarManagers() pye@854a507
02-23 01:54:54.832 12010 12010 D CAR.CLIENT: localCarConnectionListener received onCarDisconnected()
02-23 01:54:54.832 12010 12010 D CAR.CLIENT: tearDownProjectionSessionState() pye@e569f5d
02-23 01:54:54.832 12010 12010 D CAR.CLIENT: tearDownCarManagers() pye@e569f5d
02-23 01:54:54.832 12010 12010 D CAR.CLIENT: localCarConnectionListener received onCarDisconnected()
02-23 01:54:54.832 12010 12010 D CAR.CLIENT: tearDownProjectionSessionState() pye@533426d
02-23 01:54:54.832 12010 12010 D CAR.CLIENT: tearDownCarManagers() pye@533426d
02-23 01:54:54.832 12010 12010 D CAR.CLIENT: localCarConnectionListener received onCarDisconnected()
02-23 01:54:54.832 12010 12010 D CAR.CLIENT: tearDownProjectionSessionState() pye@d3e9422
02-23 01:54:54.832 12010 12010 D CAR.CLIENT: tearDownCarManagers() pye@d3e9422
02-23 01:54:54.832 12010 12010 D CAR.CLIENT: localCarConnectionListener received onCarDisconnected()
02-23 01:54:54.832 12010 12010 D CAR.CLIENT: tearDownProjectionSessionState() pye@c66a604
02-23 01:54:54.832 12010 12010 D CAR.CLIENT: tearDownCarManagers() pye@c66a604
02-23 01:54:54.832 12010 12010 D CAR.CLIENT: localCarConnectionListener received onCarDisconnected()
02-23 01:54:54.832 12010 12010 D CAR.CLIENT: tearDownProjectionSessionState() pye@d58af67
02-23 01:54:54.832 12010 12010 D CAR.CLIENT: tearDownCarManagers() pye@d58af67
02-23 01:54:54.832 12010 12010 D CAR.CLIENT: localCarConnectionListener received onCarDisconnected()
02-23 01:54:54.832 12010 12010 D CAR.CLIENT: tearDownProjectionSessionState() pye@d90d5c6
02-23 01:54:54.832 12010 12010 D CAR.CLIENT: tearDownCarManagers() pye@d90d5c6
02-23 01:54:54.832 12010 12010 D CAR.CLIENT: localCarConnectionListener received onCarDisconnected()
02-23 01:54:54.832 12010 12010 D CAR.CLIENT: tearDownProjectionSessionState() pye@d848856
02-23 01:54:54.832 12010 12010 D CAR.CLIENT: tearDownCarManagers() pye@d848856
02-23 01:54:54.832 12010 12010 D CAR.CLIENT: localCarConnectionListener received onCarDisconnected()
02-23 01:54:54.832 12010 12010 D CAR.CLIENT: tearDownProjectionSessionState() pye@4ee9263
02-23 01:54:54.832 12010 12010 D CAR.CLIENT: tearDownCarManagers() pye@4ee9263
02-23 01:54:54.832 12010 12010 D CAR.CLIENT: localCarConnectionListener received onCarDisconnected()
02-23 01:54:54.832 12010 12010 D CAR.CLIENT: tearDownProjectionSessionState() pye@c8a2abc
02-23 01:54:54.832 12010 12010 D CAR.CLIENT: tearDownCarManagers() pye@c8a2abc
02-23 01:54:54.832 12010 12010 D CAR.CLIENT: localCarConnectionListener received onCarDisconnected()
02-23 01:54:54.832 12010 12010 D CAR.CLIENT: tearDownProjectionSessionState() pye@b49ed39
02-23 01:54:54.832 12010 12010 D CAR.CLIENT: tearDownCarManagers() pye@b49ed39
02-23 01:54:54.832 12010 12010 D CAR.CLIENT: localCarConnectionListener received onCarDisconnected()
02-23 01:54:54.832 12010 12010 D CAR.CLIENT: tearDownProjectionSessionState() pye@72a6efb
02-23 01:54:54.832 12010 12010 D CAR.CLIENT: tearDownCarManagers() pye@72a6efb
02-23 01:54:54.832 12010 12010 D CAR.CLIENT: localCarConnectionListener received onCarDisconnected()
02-23 01:54:54.832 12010 12010 D CAR.CLIENT: tearDownProjectionSessionState() pye@c81c204
02-23 01:54:54.832 12010 12010 D CAR.CLIENT: tearDownCarManagers() pye@c81c204
02-23 01:54:54.832 12010 12010 D CAR.CLIENT: localCarConnectionListener received onCarDisconnected()
02-23 01:54:54.832 12010 12010 D CAR.CLIENT: tearDownProjectionSessionState() pye@6df9140
02-23 01:54:54.832 12010 12010 D CAR.CLIENT: tearDownCarManagers() pye@6df9140
02-23 01:54:54.832 12010 12010 D CAR.CLIENT: localCarConnectionListener received onCarDisconnected()
02-23 01:54:54.832 12010 12010 D CAR.CLIENT: tearDownProjectionSessionState() pye@ed1984b
02-23 01:54:54.832 12010 12010 D CAR.CLIENT: tearDownCarManagers() pye@ed1984b
02-23 01:54:54.832 12010 12010 D CAR.CLIENT: localCarConnectionListener received onCarDisconnected()
02-23 01:54:54.832 12010 12010 D CAR.CLIENT: tearDownProjectionSessionState() pye@c432a8a
02-23 01:54:54.832 12010 12010 D CAR.CLIENT: tearDownCarManagers() pye@c432a8a
02-23 01:54:54.832 12010 12010 D CAR.CLIENT: localCarConnectionListener received onCarDisconnected()
02-23 01:54:54.832 19618 19618 I CAR.SERVICE.LITE: stopped foreground service
02-23 01:54:54.832 12010 12010 D CAR.CLIENT: tearDownProjectionSessionState() pye@a2c997c
02-23 01:54:54.832 12010 12010 D CAR.CLIENT: tearDownCarManagers() pye@a2c997c
02-23 01:54:54.832 12010 12010 D CAR.CLIENT: localCarConnectionListener received onCarDisconnected()
02-23 01:54:54.832 12010 12010 D CAR.CLIENT: tearDownProjectionSessionState() pye@541697f
02-23 01:54:54.832 12010 12010 D CAR.CLIENT: tearDownCarManagers() pye@541697f
02-23 01:54:54.832 12010 12010 D CAR.CLIENT: localCarConnectionListener received onCarDisconnected()
02-23 01:54:54.832 12010 12010 D CAR.CLIENT: tearDownProjectionSessionState() pye@18b10cb
02-23 01:54:54.832 12010 12010 D CAR.CLIENT: tearDownCarManagers() pye@18b10cb
02-23 01:54:54.832 12010 12010 D CAR.CLIENT: localCarConnectionListener received onCarDisconnected()
02-23 01:54:54.832 12010 12010 D CAR.CLIENT: tearDownProjectionSessionState() pye@55c3d61
02-23 01:54:54.832 12010 12010 D CAR.CLIENT: tearDownCarManagers() pye@55c3d61
02-23 01:54:54.832 12010 12010 D CAR.CLIENT: localCarConnectionListener received onCarDisconnected()
02-23 01:54:54.832 12010 12010 D CAR.CLIENT: tearDownProjectionSessionState() pye@584a910
02-23 01:54:54.832 12010 12010 D CAR.CLIENT: tearDownCarManagers() pye@584a910
02-23 01:54:54.832 12010 12010 D CAR.CLIENT: localCarConnectionListener received onCarDisconnected()
02-23 01:54:54.832 12010 12010 D CAR.CLIENT: tearDownProjectionSessionState() pye@bd5b36d
02-23 01:54:54.832 12010 12010 D CAR.CLIENT: tearDownCarManagers() pye@bd5b36d
02-23 01:54:54.832 12010 12010 D CAR.CLIENT: localCarConnectionListener received onCarDisconnected()
02-23 01:54:54.832 12010 12010 D CAR.CLIENT: tearDownProjectionSessionState() pye@c4f6774
02-23 01:54:54.833 11773 14136 D GH.MultiCarCxnListener: onCarDisconnected() on binder thread. instance: ccnp@a604fe6, listener: ccpt@6a9901b
02-23 01:54:54.833 19618 19618 W CAR.SERVICE: Critical error 3 detail: 50 msg: io error
02-23 01:54:54.833 11773 11773 D CAR.CLIENT: localCarConnectionListener received onCarDisconnected()
02-23 01:54:54.833 11773 11773 D CAR.CLIENT: tearDownProjectionSessionState() ccpw@2723504
02-23 01:54:54.833 11773 11773 D CAR.CLIENT: tearDownCarManagers() ccpw@2723504
02-23 01:54:54.834 19618 19618 W CAR.SERVICE: Critical error 18 detail: 54 msg: Failed to read message
02-23 01:54:54.834 21855 21896 I GH.ConnLoggerV2: Session 7bdbf25b-9c23-458c-9bb7-27434b9831e6, from PROJECTING, to IDLE, reason PROJECTION_DISCONNECTED at time 383583898.
02-23 01:54:54.834 19618 14255 I GH.GhCarClientCtor: Bound to startup service, got Car Service: ipb@aa187de
02-23 01:54:54.835 19618 19618 I GH.WIRELESS.CDM: Dispatching disappear request to CDM
02-23 01:54:54.835  3048  3877 I CDM_AssociationStore: Updating new association=[Association{mId=3, mUserId=0, mPackageName='com.google.android.projection.gearhead', mDeviceMacAddress=null, mDisplayName='AA-Wireless', mDeviceProfile='android.app.role.SYSTEM_AUTOMOTIVE_PROJECTION', mSelfManaged=true, mAssociatedDevice=null, mNotifyOnDeviceNearby=false, mRevoked=false, mPending=false, mTimeApprovedMs=Wed Apr 23 15:53:26 CDT 2025, mLastTimeConnectedMs=Mon Feb 23 01:54:54 CST 2026, mSystemDataSyncFlags=0, mDeviceId='null}]...
02-23 01:54:54.835 12010 12010 D CAR.CLIENT: localCarConnectionListener received onCarDisconnected()
02-23 01:54:54.835 12010 12010 D CAR.CLIENT: tearDownProjectionSessionState() pye@41bd179
02-23 01:54:54.840 21855 21896 I GH.ConnLoggerV2: Session 7bdbf25b-9c23-458c-9bb7-27434b9831e6, event 1257, detail OptionalInt.empty, WIRELESS_SETUP_SHARED_SERVICE_DESTROYED, at 383583893 
02-23 01:54:54.841  3048  3877 I CDM_DevicePresenceProcessor: Enable hint mode for device device profile: android.app.role.SYSTEM_AUTOMOTIVE_PROJECTION
02-23 01:54:54.842 19618 19618 I GH.CarConnSession: Tearing down
02-23 01:54:54.842 19618 19618 I CAR.AUDIO.FOCUS: Stop audio focus handler
02-23 01:54:54.842 19618 19618 W CAR.AUDIO.FOCUS: Car audio focus handler didn't start or already stopped
02-23 01:54:54.842 19618 19618 I CAR.AUDIO.FOCUS: Stop audio focus handler
02-23 01:54:54.842 19618 19618 W CAR.AUDIO.FOCUS: Car audio focus handler didn't start or already stopped
02-23 01:54:54.843 19618 19618 I CAR.TOKEN: Successfully connected pyj@20fa22f using class pye@35715413/class pyh@214436876 (cx attempt 1)
02-23 01:54:54.843 19618 19618 I CAR.TOKEN: Token caller not specified, so skipping telemetry logging. Process: com.google.android.projection.gearhead:car
02-23 01:54:54.843 21855 21896 I GH.ConnLoggerV2: Session 7bdbf25b-9c23-458c-9bb7-27434b9831e6, from IDLE, to SHUTDOWN, reason WIRELESS_SERVICE_SHUT_DOWN at time 383583905.
02-23 01:54:54.843 19618 19618 I GH.CmpnDvcCtrlImpl: onDeviceDisappeared: AA-Wireless (3)
02-23 01:54:54.844 19618 19618 I GH.BtConnectionTracker: profile service disconnected. profile = 1
02-23 01:54:54.844 19618 19618 I GH.BtConnectionTracker: profile service disconnected. profile = 2
02-23 01:54:54.844 19618 19618 I GH.WIRELESS.CDM: CDM confirmed device disappeared
02-23 01:54:54.846 21855 21896 I GH.ConnLoggerV2: Session 7bdbf25b-9c23-458c-9bb7-27434b9831e6, event 1258, detail OptionalInt.empty, WIRELESS_CDM_DISAPPEARED, at 383583908 
02-23 01:54:54.940 21855 21855 E GH.HatsDownloadService: Failed to download HaTS survey with ID 8sHU3xiG80gP84nU2n30WfKSYRub: NO_AVAILABLE_SURVEY
02-23 01:54:54.941 21855 21855 I GH.FeedbackNotifManager: HaTS survey is available: false
02-23 01:54:56.056 21855 21896 I GH.ConnLoggerV2: Session 7bdbf25b-9c23-458c-9bb7-27434b9831e6, event 1259, detail OptionalInt.empty, WIRELESS_WIFI_STATE_DISABLED, at 383585118 
02-23 01:54:57.098 12010 12010 D GH.MdPlayerCardStateLD: timedOutAfterPlaybackStateChange: true
02-23 01:54:57.101 12010 12010 D GH.MdPlayerCardStateLD: timedOutAfterPlaybackStateChange: true
02-23 01:54:57.107 12010 12010 D GH.MdPlayerCardStateLD: timedOutAfterPlaybackStateChange: true
02-23 01:54:57.107 12010 12010 D GH.MdPlayerCardStateLD: timedOutAfterPlaybackStateChange: true
02-23 01:54:57.109 12010 12010 D GH.MdPlayerCardStateLD: timedOutAfterPlaybackStateChange: true
02-23 01:54:57.110 12010 12010 D GH.MdPlayerCardStateLD: timedOutAfterPlaybackStateChange: true
02-23 01:54:57.112 12010 12010 D GH.MdPlayerCardStateLD: timedOutAfterPlaybackStateChange: true
02-23 01:54:57.116 12010 12010 D GH.MdPlayerCardStateLD: timedOutAfterPlaybackStateChange: true
02-23 01:54:57.121 12010 12010 D GH.MdPlayerCardStateLD: timedOutAfterPlaybackStateChange: true
02-23 01:54:57.124 12010 12010 D GH.MdPlayerCardStateLD: timedOutAfterPlaybackStateChange: true
02-23 01:54:57.132 12010 12010 D GH.MdPlayerCardStateLD: timedOutAfterPlaybackStateChange: true
02-23 01:54:57.134 12010 12010 D GH.MdPlayerCardStateLD: timedOutAfterPlaybackStateChange: true
02-23 01:54:57.134 12010 12010 D GH.MdPlayerCardStateLD: timedOutAfterPlaybackStateChange: true
02-23 01:54:57.135 12010 12010 D GH.MdPlayerCardStateLD: timedOutAfterPlaybackStateChange: true
02-23 01:54:57.137 12010 12010 D GH.MdPlayerCardStateLD: timedOutAfterPlaybackStateChange: true
02-23 01:54:57.137 12010 12010 D GH.MdPlayerCardStateLD: timedOutAfterPlaybackStateChange: true
02-23 01:54:57.138 12010 12010 D GH.MdPlayerCardStateLD: timedOutAfterPlaybackStateChange: true
02-23 01:54:57.139 12010 12010 D GH.MdPlayerCardStateLD: timedOutAfterPlaybackStateChange: true
02-23 01:54:57.139 12010 12010 D GH.MdPlayerCardStateLD: timedOutAfterPlaybackStateChange: true
02-23 01:54:57.268 21855 21896 I GH.ConnLoggerV2: connectivity state updated: false
02-23 01:54:59.825 19618 19618 I CAR.SERVICE.LITE: Detected charge only
02-23 01:54:59.830 21855 21896 I GH.ConnLoggerV2: Session 7bdbf25b-9c23-458c-9bb7-27434b9831e6, event 1260, detail OptionalInt.empty, USB_ISSUE_CHARGE_ONLY_DETECTED, at 383588890 
02-23 01:54:59.833 19618 19618 I CAR.TOKEN: Disconnecting pof@71f6b3f (cx attempt: 1).
02-23 01:54:59.833 19618 19618 I GH.GhCarClientCtor: Disconnecting GearheadCarClientConnector.
02-23 01:54:59.834 19618 19618 I GH.GhCarClientCtor: Unbinding service connection.
02-23 01:54:59.834 19618 19618 I CAR.TOKEN: Disconnected pyk@34bcae6 using class pye@35715413/class pyh@214436876 (cx attempt 1)
02-23 01:54:59.835 19618 19618 I CAR.SERVICE.USBMON.LITE: Stopped USB monitor
02-23 01:54:59.837 21855 21896 I GH.ConnLoggerV2: Session 7bdbf25b-9c23-458c-9bb7-27434b9831e6, event 1261, detail OptionalInt.empty, USB_MONITOR_STOPPED, at 383588899 
02-23 01:54:59.842 19618 19618 I GH.CarCmpDvcSvc: onUnbind()
02-23 01:54:59.843 19618 19618 I GH.CarCmpDvcSvc: onDestroy()
02-23 01:55:14.358 21855 21855 I GH.WifiBluetoothRcvr: Connection action: android.bluetooth.device.action.ACL_CONNECTED, device XX:XX:XX:XX:5A:FF
02-23 01:55:14.358 21855 21855 I GH.WifiBluetoothRcvr: Wireless projection is available on this phone.
02-23 01:55:14.359 21855 13955 I GH.CarSvcDataStorage: Using DB version: 13
02-23 01:55:14.361 21855 27952 I CAR.BTCapsStore: Checking device with address DC:A6:32:E7:5A:FF
02-23 01:55:14.362 21855 27952 I CAR.BTCapsStore: This device previously has known UUID.
02-23 01:55:14.362 21855 27952 I GH.WifiBluetoothRcvr: Bluetooth device XX:XX:XX:XX:5A:FF is previously known to have Android Auto UUID
02-23 01:55:14.362 21855 27952 I CAR.BTCapsStore: AAW status (SUPPORTED).
02-23 01:55:14.362 21855 21896 I GH.ConnLoggerV2: Session 7bdbf25b-9c23-458c-9bb7-27434b9831e6, event 1262, detail OptionalInt[2240], WIRELESS_SDP_MANAGER_PREVIOULSY_KNOWN_UUID, at 383603426 
02-23 01:55:14.363 21855 13955 I CAR.BTCapsStore: Checking device with address DC:A6:32:E7:5A:FF
02-23 01:55:14.363 21855 13955 I CAR.BTCapsStore: This device previously has known UUID.
02-23 01:55:14.363 21855 13955 I CAR.BTCapsStore: AAW status (SUPPORTED).
02-23 01:55:14.363 21855 27952 I GH.WifiBluetoothRcvr: Connected: OpenAutoProdigy
02-23 01:55:14.363 21855 22270 I GH.ConnBroadcast: Internet connected
02-23 01:55:14.364 21855 27952 I GH.WifiBluetoothRcvr: Bluetooth XX:XX:XX:XX:5A:FF device battery level -1
02-23 01:55:14.364 21855 27952 I GH.WirelessClient: Connecting to wireless setup shared service: XX:XX:XX:XX:5A:FF
02-23 01:55:14.364 19618 19618 I CAR.BT_RCVR.LITE: Do not start CarStartupService
02-23 01:55:14.366 21855 21896 I GH.ConnLoggerV2: Session 7bdbf25b-9c23-458c-9bb7-27434b9831e6, event 1263, detail OptionalInt.empty, ANDROID_AUTO_BLUETOOTH_CONNECTED, at 383603427 
02-23 01:55:14.366 21855 21896 I GH.ConnLoggerV2: Session 7bdbf25b-9c23-458c-9bb7-27434b9831e6, event 1264, detail OptionalInt.empty, ANDROID_AUTO_WIRELESS_CAPABLE_BLUETOOTH_CONNECTED, at 383603427 
02-23 01:55:14.371 21855 21896 I GH.ConnLoggerV2: Session 7bdbf25b-9c23-458c-9bb7-27434b9831e6, event 1265, detail OptionalInt[-1133016157], WIRELESS_SETUP_START, at 383603428 
02-23 01:55:14.371 21855 21896 I GH.ConnLoggerV2: Session 7bdbf25b-9c23-458c-9bb7-27434b9831e6, event 1266, detail OptionalInt[-1133016157], WIRELESS_SETUP_SHARED_ACTION_ACL_CONNECTED, at 383603428 
02-23 01:55:14.374 19618 19618 I GH.WirelessShared: WirelessSetupSharedService starting up: android.bluetooth.device.action.ACL_CONNECTED, startId: 1
02-23 01:55:14.376 19618 19618 I CAR.TOKEN: Connecting pof@324443b using class pye@35492017/class pyh@64829272 (cx attempt 1)
02-23 01:55:14.378 21855 21896 I GH.ConnLoggerV2: Session 7bdbf25b-9c23-458c-9bb7-27434b9831e6, event 1267, detail OptionalInt.empty, WIRELESS_SETUP_SHARED_SERVICE_CREATED, at 383603431 
02-23 01:55:14.378 21855 21896 I GH.StartupMeasure: logEvent GEARHEAD_WIRELESS_WARM_STARTUP_STARTED=PT106H33M23.431S
02-23 01:55:14.380 19618 19618 I GH.WirelessShared: Creating foreground notification, already active: false
