02-23 01:55:14.380 21855 21896 I GH.ConnLoggerV2: Session 7bdbf25b-9c23-458c-9bb7-27434b9831e6, event 1268, detail OptionalInt.empty, WIRELESS_SETUP_BLUETOOTH_TRACKER_STARTED, at 383603438 
02-23 01:55:14.380 19618 19618 I GH.WirelessShared: Combined foreground service type: 24
02-23 01:55:14.382 19618 14571 I GH.BtConnectionTracker: acl connection added. device = XX:XX:XX:XX:E4:48
02-23 01:55:14.382 19618 14571 I GH.BtConnectionTracker: acl connection added. device = XX:XX:XX:XX:5A:FF
02-23 01:55:14.382 19618 19618 I GH.WirelessShared: started foreground service
02-23 01:55:14.385 19618 19618 I GH.WIRELESS.CDM: Dispatching appear request to CDM
02-23 01:55:14.385 19618 14583 I GH.GhCarClientCtor: Bound to startup service, got Car Service: ipb@aa187de
02-23 01:55:14.387 21855 21896 I GH.ConnLoggerV2: Session 7bdbf25b-9c23-458c-9bb7-27434b9831e6, event 1269, detail OptionalInt.empty, WIRELESS_SETUP_BLUETOOTH_TRACKER_STARTED_WITH_NO_DEVICES, at 383603438 
02-23 01:55:14.390  3048  7738 I CDM_AssociationStore: Updating new association=[Association{mId=3, mUserId=0, mPackageName='com.google.android.projection.gearhead', mDeviceMacAddress=null, mDisplayName='AA-Wireless', mDeviceProfile='android.app.role.SYSTEM_AUTOMOTIVE_PROJECTION', mSelfManaged=true, mAssociatedDevice=null, mNotifyOnDeviceNearby=false, mRevoked=false, mPending=false, mTimeApprovedMs=Wed Apr 23 15:53:26 CDT 2025, mLastTimeConnectedMs=Mon Feb 23 01:55:14 CST 2026, mSystemDataSyncFlags=0, mDeviceId='null}]...
02-23 01:55:14.391  3048  7738 I CDM_DevicePresenceProcessor: Enable hint mode for device device profile: android.app.role.SYSTEM_AUTOMOTIVE_PROJECTION
02-23 01:55:14.391 19618 19618 I GH.BtConnectionTracker: profile service connected. profile = 1
02-23 01:55:14.391 19618 19618 I GH.BtConnectionTracker: profile service connected. profile = 2
02-23 01:55:14.393 19618 19618 I CAR.TOKEN: Successfully connected pyj@baab22b using class pye@35492017/class pyh@64829272 (cx attempt 1)
02-23 01:55:14.393 21855 21896 I GH.ConnLoggerV2: Session 7bdbf25b-9c23-458c-9bb7-27434b9831e6, event 1270, detail OptionalInt.empty, WIRELESS_SETUP_SHARED_SERVICE_STARTED, at 383603439 
02-23 01:55:14.393 19618 19618 W CAR.TOKEN: Not allowing logging client connection event
02-23 01:55:14.393 19618 19618 I GH.CarCmpDvcSvc: onCreate()
02-23 01:55:14.393 19618 19618 I GH.CarCmpDvcSvc: onBind()
02-23 01:55:14.393 19618 19618 I GH.CarClientManager: CarClientToken connected.
02-23 01:55:14.393 19618 19618 I GH.CarClientManager: Transition from UNINITIALIZED to CLIENT_CONNECTED.
02-23 01:55:14.394 19618 19618 I GH.CmpnDvcCtrlImpl: onDeviceAppeared: AA-Wireless (3)
02-23 01:55:14.394 19618 19618 I GH.WIRELESS.CDM: CDM confirmed wireless device appeared. ID = 3
02-23 01:55:14.396 21855 21896 I GH.ConnLoggerV2: Session 7bdbf25b-9c23-458c-9bb7-27434b9831e6, event 1271, detail OptionalInt.empty, WIRELESS_CDM_REQUESTED, at 383603449 
02-23 01:55:14.402 21855 21896 I GH.ConnLoggerV2: Session 7bdbf25b-9c23-458c-9bb7-27434b9831e6, event 1272, detail OptionalInt[-1133016157], WIRELESS_SETUP_HU_TRACKER_READY, at 383603456 
02-23 01:55:14.427 21855 21896 I GH.ConnLoggerV2: Session 7bdbf25b-9c23-458c-9bb7-27434b9831e6, event 1273, detail OptionalInt.empty, WIRELESS_CDM_APPROVED, at 383603458 
02-23 01:55:14.435 21855 21896 I GH.ConnLoggerV2: Session 7bdbf25b-9c23-458c-9bb7-27434b9831e6, event 1274, detail OptionalInt[-1133016157], WIRELESS_SETUP_CDM_READY, at 383603459 
02-23 01:55:14.462 21855 21896 I GH.ConnLoggerV2: Session 7bdbf25b-9c23-458c-9bb7-27434b9831e6, event 1275, detail OptionalInt[-1133016157], WIRELESS_SETUP_CDM_AND_HU_TRACKER_READY, at 383603459 
02-23 01:55:14.471 21855 21855 I GH.WifiBluetoothRcvr: Connection action: android.bluetooth.a2dp.profile.action.CONNECTION_STATE_CHANGED, device XX:XX:XX:XX:5A:FF
02-23 01:55:14.472 21855 21855 I GH.WifiBluetoothRcvr: Wireless projection is available on this phone.
02-23 01:55:14.473 21855 21855 I GH.WifiBluetoothRcvr: Processing connection state change for XX:XX:XX:XX:5A:FF. Action android.bluetooth.a2dp.profile.action.CONNECTION_STATE_CHANGED has state 1
02-23 01:55:14.476 21855 13955 I CAR.BTCapsStore: Checking device with address DC:A6:32:E7:5A:FF
02-23 01:55:14.476 21855 13955 I CAR.BTCapsStore: This device previously has known UUID.
02-23 01:55:14.476 21855 13955 I GH.WifiBluetoothRcvr: Bluetooth device XX:XX:XX:XX:5A:FF is previously known to have Android Auto UUID
02-23 01:55:14.476 21855 13955 I CAR.BTCapsStore: AAW status (SUPPORTED).
02-23 01:55:14.477 21855 21896 I GH.ConnLoggerV2: Session 7bdbf25b-9c23-458c-9bb7-27434b9831e6, event 1276, detail OptionalInt[2240], WIRELESS_SDP_MANAGER_PREVIOULSY_KNOWN_UUID, at 383603541 
02-23 01:55:14.477 21855 14568 I GH.WifiBluetoothRcvr: Connected: OpenAutoProdigy
02-23 01:55:14.478 21855 14568 I GH.WifiBluetoothRcvr: Bluetooth XX:XX:XX:XX:5A:FF device battery level -1
02-23 01:55:14.478 21855 14568 I GH.WirelessClient: Connecting to wireless setup shared service: XX:XX:XX:XX:5A:FF
02-23 01:55:14.479 21855 21896 I GH.ConnLoggerV2: Session 7bdbf25b-9c23-458c-9bb7-27434b9831e6, event 1277, detail OptionalInt[1701202961], WIRELESS_SETUP_START, at 383603542 
02-23 01:55:14.479 21855 21896 I GH.ConnLoggerV2: Session 7bdbf25b-9c23-458c-9bb7-27434b9831e6, event 1278, detail OptionalInt[1701202961], WIRELESS_SETUP_SHARED_A2DP_CONNECTING, at 383603542 
02-23 01:55:14.480 19618 19618 I GH.WirelessShared: WirelessSetupSharedService starting up: android.bluetooth.a2dp.profile.action.CONNECTION_STATE_CHANGED, startId: 2
02-23 01:55:14.480 19618 19618 I GH.WirelessShared: Creating foreground notification, already active: true
02-23 01:55:14.480 19618 19618 I GH.WirelessShared: Combined foreground service type: 24
02-23 01:55:14.481 19618 19618 I GH.WirelessShared: started foreground service
02-23 01:55:14.484 21855 21896 I GH.ConnLoggerV2: Session 7bdbf25b-9c23-458c-9bb7-27434b9831e6, event 1279, detail OptionalInt.empty, WIRELESS_SETUP_SHARED_SERVICE_STARTED, at 383603544 
02-23 01:55:14.485 19618 14571 I GH.BtConnectionTracker: profile connection added. device = XX:XX:XX:XX:5A:FF
02-23 01:55:14.486 21855 21896 I GH.ConnLoggerV2: Session 7bdbf25b-9c23-458c-9bb7-27434b9831e6, event 1280, detail OptionalInt[1701202961], WIRELESS_SETUP_CDM_READY, at 383603547 
02-23 01:55:14.488 19618 19618 I GH.WPP.TCP: Initializing WPP TCP manager...
02-23 01:55:14.490 21855 21896 I GH.ConnLoggerV2: Session 7bdbf25b-9c23-458c-9bb7-27434b9831e6, event 1281, detail OptionalInt[1701202961], WIRELESS_SETUP_HU_TRACKER_READY, at 383603547 
02-23 01:55:14.493 21855 21896 I GH.ConnLoggerV2: Session 7bdbf25b-9c23-458c-9bb7-27434b9831e6, event 1282, detail OptionalInt[1701202961], WIRELESS_SETUP_CDM_AND_HU_TRACKER_READY, at 383603548 
02-23 01:55:14.494 19618 19618 I GH.WIRELESS.SETUP: Received startWirelessSetup for XX:XX:XX:XX:5A:FF. Current state: IDLE
02-23 01:55:14.495 19618 19618 I GH.CarSvcDataStorage: Using DB version: 13
02-23 01:55:14.496 19618 19618 I GH.WIRELESS.SETUP: getCarInfoInternal for BT device: Optional[com.google.android.gms.carsetup.CarInfoInternal[dbId=4,manufacturer=OpenAuto Project,model=Universal,headUnitProtocolVersion=1.1,modelYear=2026,vehicleId=e29d78b9cfad803b,bluetoothAllowed=true,hideProjectedClock=false,driverPosition=0,headUnitMake=OpenAuto Project,headUnitModel=Raspberry Pi 4,headUnitSoftwareBuild=b6a5995,headUnitSoftwareVersion=0.3.0,canPlayNativeMediaDuringVr=false,hidePhoneSignal=false,hideBatteryLevel=false,bluetoothaddress=DC:A6:32:E7:5A:FF,wifiSsid=null,wifiBssid=null,wifiSecurityMode=-1,sslSubjectName=null,wifiVersionMajor=0,wifiVersionMinor=0,wifiFrequencyMHz=0,known=true,projectionAllowed=true,sslSerialNumber=-1,wifiProjectionProtocolOnTcp=false,wifiProjectionProtocolIpAddress=,wifiProjectionProtocolTcpPort=-1,hashedVehicleId=[REDACTED]]]
02-23 01:55:14.499 19618 19618 I GH.CarSvcDataStorage: Using DB version: 13
02-23 01:55:14.501 19618 19618 I GH.WIRELESS.SETUP: No WPP on TCP configuration found in storage for the head unit, will not start WPP on TCP.
02-23 01:55:14.501 19618 19618 I GH.WIRELESS.SETUP: Starting manager of type: RFCOMM
02-23 01:55:14.502 19618 19618 I GH.WIRELESS.SETUP: State changed to CONNECTING_RFCOMM
02-23 01:55:14.504 21855 21896 I GH.ConnLoggerV2: Session 7bdbf25b-9c23-458c-9bb7-27434b9831e6, event 1283, detail OptionalInt[1701202961], WIRELESS_SETUP_HU_PRESENCE_EVALUATED, at 383603550 
02-23 01:55:14.507 19618 19618 I GH.WirelessShared: Creating foreground notification, already active: true
02-23 01:55:14.507 19618 19618 I GH.WirelessShared: Combined foreground service type: 24
02-23 01:55:14.508 19618 19618 I GH.WirelessShared: started foreground service
02-23 01:55:14.509 19618 19618 I GH.WirelessShared: Ready to stop service if required? bindCount=0 isWirelessSetupManagerActive=true
02-23 01:55:14.510 21855 21896 I GH.ConnLoggerV2: Session 7bdbf25b-9c23-458c-9bb7-27434b9831e6, event 1284, detail OptionalInt[-1133016157], WIRELESS_SETUP_HU_PRESENCE_EVALUATED, at 383603550 
02-23 01:55:14.510 19618 19618 I GH.WIRELESS.SETUP: Received startWirelessSetup for XX:XX:XX:XX:5A:FF. Current state: CONNECTING_RFCOMM
02-23 01:55:14.510 19618 19618 I GH.CarSvcDataStorage: Using DB version: 13
02-23 01:55:14.511 19618 19618 I GH.WIRELESS.SETUP: getCarInfoInternal for BT device: Optional[com.google.android.gms.carsetup.CarInfoInternal[dbId=4,manufacturer=OpenAuto Project,model=Universal,headUnitProtocolVersion=1.1,modelYear=2026,vehicleId=e29d78b9cfad803b,bluetoothAllowed=true,hideProjectedClock=false,driverPosition=0,headUnitMake=OpenAuto Project,headUnitModel=Raspberry Pi 4,headUnitSoftwareBuild=b6a5995,headUnitSoftwareVersion=0.3.0,canPlayNativeMediaDuringVr=false,hidePhoneSignal=false,hideBatteryLevel=false,bluetoothaddress=DC:A6:32:E7:5A:FF,wifiSsid=null,wifiBssid=null,wifiSecurityMode=-1,sslSubjectName=null,wifiVersionMajor=0,wifiVersionMinor=0,wifiFrequencyMHz=0,known=true,projectionAllowed=true,sslSerialNumber=-1,wifiProjectionProtocolOnTcp=false,wifiProjectionProtocolIpAddress=,wifiProjectionProtocolTcpPort=-1,hashedVehicleId=[REDACTED]]]
02-23 01:55:14.511 19618 19618 W GH.WIRELESS.SETUP: Wireless setup already started using HU presence checker, request ignored.
02-23 01:55:14.513 19618 14581 I GH.WPP.RFCOMM: Connecting the socket
02-23 01:55:14.513 19618 14581 I GH.WIRELESS.BT: Creating rfcomm socket for device: DC:A6:32:E7:5A:FF and uuid: 4de17a00-52cb-11e6-bdf4-0800200c9a66
02-23 01:55:14.518 19618 19618 I GH.WirelessShared: Creating foreground notification, already active: true
02-23 01:55:14.519 19618 19618 I GH.WirelessShared: Combined foreground service type: 24
02-23 01:55:14.522 19618 19618 I GH.WirelessShared: started foreground service
02-23 01:55:14.522 21855 21896 I GH.ConnLoggerV2: Session 7bdbf25b-9c23-458c-9bb7-27434b9831e6, event 1285, detail OptionalInt.empty, WIRELESS_SETUP_METADATA_DEVICE_TYPE_CARKIT, at 383603553 
02-23 01:55:14.529 19618 19618 I CAR.TOKEN: Connecting pof@402cbc9 using class pye@248157679/class pyh@96350926 (cx attempt 1)
02-23 01:55:14.530 19618 19618 I CAR.BT_RCVR.LITE: Do not start CarStartupService
02-23 01:55:14.531 19618 19618 I GH.WirelessShared: Ready to stop service if required? bindCount=0 isWirelessSetupManagerActive=true
02-23 01:55:14.531 19618 14619 I GH.GhCarClientCtor: Bound to startup service, got Car Service: ipb@aa187de
02-23 01:55:14.531 19618 19618 I CAR.TOKEN: Successfully connected pyj@e2953e7 using class pye@248157679/class pyh@96350926 (cx attempt 1)
02-23 01:55:14.531 19618 19618 I CAR.TOKEN: Token caller not specified, so skipping telemetry logging. Process: com.google.android.projection.gearhead:car
02-23 01:55:14.536 21855 21896 I GH.ConnLoggerV2: Session 7bdbf25b-9c23-458c-9bb7-27434b9831e6, event 1286, detail OptionalInt.empty, WIRELESS_SETUP_SHARED_SERVICE_START_SETUP, at 383603554 
02-23 01:55:14.540 21855 21855 I GH.WifiBluetoothRcvr: Connection action: android.bluetooth.a2dp.profile.action.CONNECTION_STATE_CHANGED, device XX:XX:XX:XX:5A:FF
02-23 01:55:14.542 21855 21855 I GH.WifiBluetoothRcvr: Wireless projection is available on this phone.
02-23 01:55:14.543 21855 21855 I GH.WifiBluetoothRcvr: Processing connection state change for XX:XX:XX:XX:5A:FF. Action android.bluetooth.a2dp.profile.action.CONNECTION_STATE_CHANGED has state 2
02-23 01:55:14.544 21855 14568 I CAR.BTCapsStore: Checking device with address DC:A6:32:E7:5A:FF
02-23 01:55:14.546 21855 21896 I GH.ConnLoggerV2: Session 7bdbf25b-9c23-458c-9bb7-27434b9831e6, event 1287, detail OptionalInt.empty, ANDROID_AUTO_BLUETOOTH_A2DP_CONNECTED, at 383603609 
02-23 01:55:14.547 21855 14568 I CAR.BTCapsStore: This device previously has known UUID.
02-23 01:55:14.547 21855 14568 I GH.WifiBluetoothRcvr: Bluetooth device XX:XX:XX:XX:5A:FF is previously known to have Android Auto UUID
02-23 01:55:14.547 21855 14568 I CAR.BTCapsStore: AAW status (SUPPORTED).
02-23 01:55:14.547 21855 21896 I GH.ConnLoggerV2: Session 7bdbf25b-9c23-458c-9bb7-27434b9831e6, event 1288, detail OptionalInt[2240], WIRELESS_SDP_MANAGER_PREVIOULSY_KNOWN_UUID, at 383603612 
02-23 01:55:14.548 21855 14568 I GH.WifiBluetoothRcvr: Connected: OpenAutoProdigy
02-23 01:55:14.548 21855 21896 I GH.ConnLoggerV2: Session 7bdbf25b-9c23-458c-9bb7-27434b9831e6, event 1289, detail OptionalInt[208600483], WIRELESS_SETUP_START, at 383603612 
02-23 01:55:14.549 21855 21896 I GH.ConnLoggerV2: Session 7bdbf25b-9c23-458c-9bb7-27434b9831e6, event 1290, detail OptionalInt[208600483], WIRELESS_SETUP_SHARED_A2DP_CONNECTED, at 383603612 
02-23 01:55:14.549 21855 21896 I GH.ConnLoggerV2: Session 7bdbf25b-9c23-458c-9bb7-27434b9831e6, event 1291, detail OptionalInt.empty, WIRELESS_WIFI_CREDENTIALS_CACHE_NOT_FOUND, at 383603562 
02-23 01:55:14.549 21855 14568 I GH.WifiBluetoothRcvr: Bluetooth XX:XX:XX:XX:5A:FF device battery level -1
02-23 01:55:14.549 21855 14568 I GH.WirelessClient: Connecting to wireless setup shared service: XX:XX:XX:XX:5A:FF
02-23 01:55:14.550 21855 21896 I GH.ConnLoggerV2: Session 7bdbf25b-9c23-458c-9bb7-27434b9831e6, event 1292, detail OptionalInt.empty, WIRELESS_WIFI_PROJECTION_PROTOCOL_RFCOMM_CONNECTION_ATTEMPT_STARTING, at 383603566 
02-23 01:55:14.550 21855 21896 I GH.StartupMeasure: logEvent GEARHEAD_WIRELESS_CONTROL_CHANNEL_CONNECT_ATTEMPT_RFCOMM=PT106H33M23.566S
02-23 01:55:14.553 19618 19618 I GH.WirelessShared: WirelessSetupSharedService starting up: android.bluetooth.a2dp.profile.action.CONNECTION_STATE_CHANGED, startId: 3
02-23 01:55:14.553 19618 19618 I GH.WirelessShared: Creating foreground notification, already active: true
02-23 01:55:14.553 19618 19618 I GH.WirelessShared: Combined foreground service type: 24
02-23 01:55:14.554 21855 21896 I GH.ConnLoggerV2: Session 7bdbf25b-9c23-458c-9bb7-27434b9831e6, event 1293, detail OptionalInt[1701202961], WIRELESS_SETUP_STARTED_OR_RESUMED, at 383603567 
02-23 01:55:14.554 19618 19618 I GH.WirelessShared: started foreground service
02-23 01:55:14.558 19618 19618 I GH.WIRELESS.SETUP: Received startWirelessSetup for XX:XX:XX:XX:5A:FF. Current state: CONNECTING_RFCOMM
02-23 01:55:14.558 19618 19618 I GH.CarSvcDataStorage: Using DB version: 13
02-23 01:55:14.559 19618 19618 I GH.WIRELESS.SETUP: getCarInfoInternal for BT device: Optional[com.google.android.gms.carsetup.CarInfoInternal[dbId=4,manufacturer=OpenAuto Project,model=Universal,headUnitProtocolVersion=1.1,modelYear=2026,vehicleId=e29d78b9cfad803b,bluetoothAllowed=true,hideProjectedClock=false,driverPosition=0,headUnitMake=OpenAuto Project,headUnitModel=Raspberry Pi 4,headUnitSoftwareBuild=b6a5995,headUnitSoftwareVersion=0.3.0,canPlayNativeMediaDuringVr=false,hidePhoneSignal=false,hideBatteryLevel=false,bluetoothaddress=DC:A6:32:E7:5A:FF,wifiSsid=null,wifiBssid=null,wifiSecurityMode=-1,sslSubjectName=null,wifiVersionMajor=0,wifiVersionMinor=0,wifiFrequencyMHz=0,known=true,projectionAllowed=true,sslSerialNumber=-1,wifiProjectionProtocolOnTcp=false,wifiProjectionProtocolIpAddress=,wifiProjectionProtocolTcpPort=-1,hashedVehicleId=[REDACTED]]]
02-23 01:55:14.559 19618 19618 W GH.WIRELESS.SETUP: Wireless setup already started using HU presence checker, request ignored.
02-23 01:55:14.561 19618 19618 I GH.WirelessShared: Creating foreground notification, already active: true
02-23 01:55:14.561 19618 19618 I GH.WirelessShared: Combined foreground service type: 24
02-23 01:55:14.562 19618 19618 I GH.WirelessShared: started foreground service
02-23 01:55:14.562 19618 19618 I GH.WirelessShared: Ready to stop service if required? bindCount=0 isWirelessSetupManagerActive=true
02-23 01:55:14.564 21855 21896 I GH.ConnLoggerV2: Session 7bdbf25b-9c23-458c-9bb7-27434b9831e6, event 1294, detail OptionalInt.empty, WIRELESS_RFCOMM_CONNECTION_RUNNABLE_DEQUEUED, at 383603567 
02-23 01:55:14.566 21855 21896 I GH.ConnLoggerV2: Session 7bdbf25b-9c23-458c-9bb7-27434b9831e6, event 1295, detail OptionalInt[1701202961], WIRELESS_SETUP_STARTED, at 383603571 
02-23 01:55:14.568 21855 21896 I GH.ConnLoggerV2: Session 7bdbf25b-9c23-458c-9bb7-27434b9831e6, event 1296, detail OptionalInt.empty, WIRELESS_CONNECTING_RFCOMM, at 383603571 
02-23 01:55:14.569 21855 21896 I GH.ConnLoggerV2: Session 7bdbf25b-9c23-458c-9bb7-27434b9831e6, from STARTING, to BT_SETUP, reason RFCOMM_CONNECTING at time 383603633.
02-23 01:55:14.570 21855 21896 I GH.ConnLoggerV2: Session 7bdbf25b-9c23-458c-9bb7-27434b9831e6, event 1297, detail OptionalInt.empty, WIRELESS_SETUP_SHARED_SERVICE_START_SETUP, at 383603574 
02-23 01:55:14.571 21855 21896 I GH.ConnLoggerV2: Session 7bdbf25b-9c23-458c-9bb7-27434b9831e6, event 1298, detail OptionalInt[-1133016157], WIRELESS_SETUP_CANCELLED, at 383603576 
02-23 01:55:14.572 21855 21896 I GH.ConnLoggerV2: Session 7bdbf25b-9c23-458c-9bb7-27434b9831e6, event 1299, detail OptionalInt[-1133016157], WIRELESS_SETUP_CANCELLED_ALREADY_STARTED, at 383603578 
02-23 01:55:14.572 21855 21896 I GH.ConnLoggerV2: Session 7bdbf25b-9c23-458c-9bb7-27434b9831e6, event 1300, detail OptionalInt.empty, WIRELESS_WIFI_STATE_ENABLED, at 383603588 
02-23 01:55:14.574 21855 21896 I GH.ConnLoggerV2: Session 7bdbf25b-9c23-458c-9bb7-27434b9831e6, event 1301, detail OptionalInt.empty, WIRELESS_SETUP_SHARED_SERVICE_STARTED, at 383603617 
02-23 01:55:14.575 21855 21896 I GH.ConnLoggerV2: Session 7bdbf25b-9c23-458c-9bb7-27434b9831e6, event 1302, detail OptionalInt[208600483], WIRELESS_SETUP_CDM_READY, at 383603619 
02-23 01:55:14.576 21855 21896 I GH.ConnLoggerV2: Session 7bdbf25b-9c23-458c-9bb7-27434b9831e6, event 1303, detail OptionalInt[208600483], WIRELESS_SETUP_HU_TRACKER_READY, at 383603620 
02-23 01:55:14.577 21855 21896 I GH.ConnLoggerV2: Session 7bdbf25b-9c23-458c-9bb7-27434b9831e6, event 1304, detail OptionalInt[208600483], WIRELESS_SETUP_CDM_AND_HU_TRACKER_READY, at 383603620 
02-23 01:55:14.578 21855 21896 I GH.ConnLoggerV2: Session 7bdbf25b-9c23-458c-9bb7-27434b9831e6, event 1305, detail OptionalInt[208600483], WIRELESS_SETUP_HU_PRESENCE_EVALUATED, at 383603621 
02-23 01:55:14.579 21855 21896 I GH.ConnLoggerV2: Session 7bdbf25b-9c23-458c-9bb7-27434b9831e6, event 1306, detail OptionalInt.empty, WIRELESS_SETUP_SHARED_SERVICE_START_SETUP, at 383603622 
02-23 01:55:14.580 21855 21896 I GH.ConnLoggerV2: Session 7bdbf25b-9c23-458c-9bb7-27434b9831e6, event 1307, detail OptionalInt[208600483], WIRELESS_SETUP_CANCELLED, at 383603624 
02-23 01:55:14.582 21855 21896 I GH.ConnLoggerV2: Session 7bdbf25b-9c23-458c-9bb7-27434b9831e6, event 1308, detail OptionalInt[208600483], WIRELESS_SETUP_CANCELLED_ALREADY_STARTED, at 383603625 
02-23 01:55:14.665 19618 19618 I GH.WPP.CONN: Creating the transport in order to start listening
02-23 01:55:14.665 19618 19618 I GH.WPP.RFCOMM: Creating the IO stream
02-23 01:55:14.665 19618 19618 I GH.WPP.RFCOMM: IO stream will sleep for 10 ms instead of flushing after each write.  SDK: 36
02-23 01:55:14.666 19618 19618 I GH.WPP.RFCOMM: Creating the transport
02-23 01:55:14.666 19618 19618 I GH.WIRELESS.SETUP: State changed to CONNECTED_RFCOMM
02-23 01:55:14.666 19618 14628 I GH.WPP.TRANSPORT: Transport starting
02-23 01:55:14.668 19618 19618 I GH.WIRELESS.SETUP: Scheduling WPP first message timeout trigger to execute in 12000 milliseconds, attempt: 0
02-23 01:55:14.668 21855 21896 I GH.ConnLoggerV2: Session 7bdbf25b-9c23-458c-9bb7-27434b9831e6, event 1309, detail OptionalInt.empty, WIRELESS_WIFI_PROJECTION_PROTOCOL_RFCOMM_SOCKET_CONNECTED, at 383603729 
02-23 01:55:14.678 19618 19618 I GH.WIRELESS.SETUP: Received WifiStartRequest, reason=n/a
02-23 01:55:14.678 19618 19618 I GH.WIRELESS.SETUP: Start request received, setting user intention.
02-23 01:55:14.678 19618 19618 W GH.WIRELESS.SETUP: Trying to proceed with WifiStartRequest before we received WifiVersionRequest
02-23 01:55:14.679 19618 19618 I GH.WIRELESS.SETUP: State changed to WIFI_PROJECTION_START_REQUESTED
02-23 01:55:14.680 19618 14609 I GH.WifiPreflight: Sending Close Broadcast
02-23 01:55:14.680 21855 21896 I GH.ConnLoggerV2: Session 7bdbf25b-9c23-458c-9bb7-27434b9831e6, event 1310, detail OptionalInt.empty, WIRELESS_CONNECTED_RFCOMM, at 383603731 
02-23 01:55:14.680 19618 19618 I GH.WIRELESS.SETUP: Send WifiStartResponse, protocol=RFCOMM, status=STATUS_SUCCESS
02-23 01:55:14.684 21855 21896 I GH.ConnLoggerV2: Session 7bdbf25b-9c23-458c-9bb7-27434b9831e6, event 1311, detail OptionalInt.empty, WIRELESS_WIFI_PROJECTION_PROTOCOL_RFCOMM_START_REQUEST_RECEIVED, at 383603740 
02-23 01:55:14.684 21855 21896 I GH.StartupMeasure: logEvent GEARHEAD_WIRELESS_START_REQUEST_RECEIVED_RFCOMM=PT106H33M23.74S
02-23 01:55:14.686 21855 21896 I GH.ConnLoggerV2: Session 7bdbf25b-9c23-458c-9bb7-27434b9831e6, event 1312, detail OptionalInt.empty, WIRELESS_WIFI_VERSION_NOT_REQUESTED, at 383603743 
02-23 01:55:14.687 21855 21896 I GH.ConnLoggerV2: Session 7bdbf25b-9c23-458c-9bb7-27434b9831e6, event 1313, detail OptionalInt.empty, WIRELESS_WIFI_PROJECTION_REQUESTED_BY_HU_WITHOUT_REASON, at 383603743 
02-23 01:55:14.692 21855 21896 I GH.ConnLoggerV2: Session 7bdbf25b-9c23-458c-9bb7-27434b9831e6, event 1314, detail OptionalInt.empty, WIRELESS_WIFI_PROJECTION_PROTOCOL_RFCOMM_INFO_REQUEST_SENT, at 383603744 
02-23 01:55:14.697 21855 21896 I GH.ConnLoggerV2: Session 7bdbf25b-9c23-458c-9bb7-27434b9831e6, event 1315, detail OptionalInt.empty, WIRELESS_WIFI_PROJECTION_PROTOCOL_RFCOMM_START_RESPONSE_SENT, at 383603745 
02-23 01:55:14.697 19618 19618 I GH.WIRELESS.SETUP: Info response received. Received credentials=WifiConfiguration(ssid=OpenAutoProdigy, bssid=DC:A6:32:E7:5A:FE, securityMode=WPA2_PERSONAL, mostRecentlyUsedFrequenciesMhz=[]), cached credentials=Optional.empty, networkState=DISCONNECTED
02-23 01:55:14.698 19618 19618 I GH.WirelessNetRequest: MD supports WPA3-Personal SAE security mode.
02-23 01:55:14.698 19618 19618 I GH.WirelessNetRequest: Add callback key=nck@782eb7e value=WSEM.Callback@7f2d8df
02-23 01:55:14.698 19618 19618 I GH.WIRELESS.SETUP: State changed to CONNECTING_WIFI
02-23 01:55:14.698 19618 19618 I GH.WirelessNetRequest: HU is using WPA2 security mode.
02-23 01:55:14.705 21855 21896 I GH.ConnLoggerV2: Session 7bdbf25b-9c23-458c-9bb7-27434b9831e6, event 1316, detail OptionalInt.empty, WIRELESS_WIFI_PROJECTION_REQUESTED, at 383603746 
02-23 01:55:14.708 21855 21896 I GH.ConnLoggerV2: Session 7bdbf25b-9c23-458c-9bb7-27434b9831e6, from BT_SETUP, to WIFI_SETUP, reason WIFI_START_REQUEST_RECEIVED at time 383603773.
02-23 01:55:14.712 21855 21896 I GH.ConnLoggerV2: Session 7bdbf25b-9c23-458c-9bb7-27434b9831e6, event 1317, detail OptionalInt.empty, WIRELESS_WIFI_PROJECTION_PROTOCOL_RFCOMM_INFO_RESPONSE_RECEIVED, at 383603761 
02-23 01:55:14.715 21855 21896 I GH.ConnLoggerV2: Session 7bdbf25b-9c23-458c-9bb7-27434b9831e6, event 1318, detail OptionalInt.empty, WIRELESS_RFCOMM_INFO_RESPONSE_RECEIVED, at 383603762 
02-23 01:55:14.720 21855 21896 I GH.ConnLoggerV2: Session 7bdbf25b-9c23-458c-9bb7-27434b9831e6, event 1319, detail OptionalInt.empty, WIRELESS_WIFI_MD_WPA3_SECURITY_SUPPORTED, at 383603762 
02-23 01:55:14.723 21855 21896 I GH.ConnLoggerV2: Session 7bdbf25b-9c23-458c-9bb7-27434b9831e6, event 1320, detail OptionalInt.empty, WIRELESS_CONNECTING_WIFI, at 383603763 
02-23 01:55:14.726 21855 21896 I GH.ConnLoggerV2: Session 7bdbf25b-9c23-458c-9bb7-27434b9831e6, event 1321, detail OptionalInt.empty, WIRELESS_WIFI_USING_WPA2_SECURITY, at 383603763 
02-23 01:55:14.728 21855 21896 I GH.ConnLoggerV2: Session 7bdbf25b-9c23-458c-9bb7-27434b9831e6, event 1322, detail OptionalInt[7000], WIRELESS_CONNECTING_WIFI_WITH_TIMEOUT, at 383603765 
02-23 01:55:14.973 21855 22270 I GH.ConnBroadcast: Internet disconnected
02-23 01:55:17.264 21855 21896 I GH.ConnLoggerV2: Session 7bdbf25b-9c23-458c-9bb7-27434b9831e6, event 1323, detail OptionalInt.empty, SESSION_CONNECTED, at 383606329 
02-23 01:55:17.552 21855 21896 I GH.ConnLoggerV2: connectivity state updated: true
02-23 01:55:18.834 21855 21896 I GH.ConnLoggerV2: Session 7bdbf25b-9c23-458c-9bb7-27434b9831e6, event 1324, detail OptionalInt.empty, WIRELESS_WIFI_ON_LINK_PROPERTIES_CHANGED_CALLBACK_INVOKED, at 383607894 
02-23 01:55:18.841 19618 19618 I GH.WIRELESS.SETUP: State changed to CONNECTED_WIFI
02-23 01:55:18.841 19618 19618 I GH.WIRELESS.SETUP: Send WifiConnectStatus, status=STATUS_SUCCESS, errorMessage=Optional.empty
02-23 01:55:18.841 19618 19618 I GH.WIRELESS.SETUP: State changed to PROJECTION_INITIATED
02-23 01:55:18.841 19618 19618 I GH.WIRELESS.SETUP: Processing projection network
02-23 01:55:18.841 19618 19618 W GH.WIRELESS.SETUP: Not persisting Wi-Fi configuration.
02-23 01:55:18.842 19618 19618 W GH.WIRELESS.SETUP: Wi-Fi frequency is not persisted: config is removed.
02-23 01:55:18.842 19618 19618 I GH.WIRELESS.SETUP: Handing off to begin TCP connection
02-23 01:55:18.842 19618 14609 I GH.WirelessNotify: Hiding wifi disabled issue from WirelessSetupNotificationManager after WiFi connected.
02-23 01:55:18.844 19618 19618 I GH.CarSvcDataStorage: Using DB version: 13
02-23 01:55:18.846 21855 21896 I GH.ConnLoggerV2: Session 7bdbf25b-9c23-458c-9bb7-27434b9831e6, event 1325, detail OptionalInt.empty, WIRELESS_WIFI_PROJECTION_PROTOCOL_RFCOMM_CONNECT_STATUS_SENT, at 383607905 
02-23 01:55:18.846 19618 19618 I GH.WIRELESS.SETUP: Requesting GAL socket, callback=0
02-23 01:55:18.848 19618 14609 I CAR.STARTUP: Checking handoff interest for component com.google.android.projection.gearhead/com.google.android.apps.auto.carservice.service.impl.GearheadCarStartupService
02-23 01:55:18.849 19618 14609 I CAR.STARTUP: Successfully bound to component com.google.android.projection.gearhead/com.google.android.apps.auto.carservice.service.impl.GearheadCarStartupService
02-23 01:55:18.849 19618 19618 I CAR.STARTUP: Service available
02-23 01:55:18.849 19618 14609 I GH.CAR  : isInterestedInHandoff - initialized
02-23 01:55:18.849 19618 14609 I GH.CAR  : Interested in handoff 5460537845246306473: true
02-23 01:55:18.849 19618 14609 I CAR.STARTUP: onStartupServiceAvailable - IStartup interest is true for ComponentInfo{com.google.android.projection.gearhead/com.google.android.apps.auto.carservice.service.impl.GearheadCarStartupService}
02-23 01:55:18.849 19618 14609 I GH.WirelessStartup: Interested in handoff com.google.android.projection.gearhead/com.google.android.apps.auto.carservice.service.impl.GearheadCarStartupService true
02-23 01:55:18.849 21855 21896 I GH.ConnLoggerV2: Session 7bdbf25b-9c23-458c-9bb7-27434b9831e6, event 1326, detail OptionalInt.empty, WIRELESS_CONNECTED_WIFI, at 383607906 
02-23 01:55:18.849 19618 14609 I GH.WirelessStartup: Interested in handoff - start handoff
02-23 01:55:18.850 19618 14609 I CAR.STARTUP: Handing off session 5460537845246306473 (2)
02-23 01:55:18.850 19618 14609 I GH.CAR  : Handoff session 5460537845246306473 (connection type: 2)
02-23 01:55:18.850 19618 14609 I GH.CAR  : Projection runs in proxy. Update iCar to the proxy.
02-23 01:55:18.850 19618 14609 I GH.CAR  : Handling wifi handoff 10.0.0.1:5288 (SSID: <unknown ssid>, BSSID: 02:00:00:00:00:00, MAC: 02:00:00:00:00:00, IP: /10.0.0.26, Security type: 2, Supplicant state: COMPLETED, Wi-Fi standard: 11ac, RSSI: -50, Link speed: 52Mbps, Tx Link speed: 52Mbps, Max Supported Tx Link speed: 96Mbps, Rx Link speed: 52Mbps, Max Supported Rx Link speed: 96Mbps, Frequency: 5180MHz, Net ID: -1, Metered hint: false, score: 0, isUsable: true, CarrierMerged: false, SubscriptionId: -1, IsPrimary: -1, Trusted: true, Restricted: false, Ephemeral: true, OEM paid: false, OEM private: false, OSU AP: false, FQDN: <none>, Provider friendly name: <none>, Requesting package name: <none><none>MLO Information: , Is TID-To-Link negotiation supported by the AP: false, AP MLD Address: <none>, AP MLO Link Id: <none>, AP MLO Affiliated links: <none>, Vendor Data: <none>)
02-23 01:55:18.851 19618 14811 I CAR.SETUP.WIFI: Creating socket, attempt 0
02-23 01:55:18.851 19618 14811 I CAR.SETUP.WIFI: Creating socket.
02-23 01:55:18.851 21855 21896 I GH.ConnLoggerV2: Session 7bdbf25b-9c23-458c-9bb7-27434b9831e6, event 1327, detail OptionalInt.empty, WIRELESS_WIFI_PROJECTION_INITIATED, at 383607908 
02-23 01:55:18.853 21855 21896 I GH.ConnLoggerV2: Session 7bdbf25b-9c23-458c-9bb7-27434b9831e6, from WIFI_SETUP, to LAUNCHING_PROJECTION, reason PROJECTION_INITIATED at time 383607918.
02-23 01:55:18.856 21855 21896 I GH.ConnLoggerV2: Session 7bdbf25b-9c23-458c-9bb7-27434b9831e6, event 1328, detail OptionalInt[-50], WIRELESS_WIFI_STARTUP_MANAGER_DIRECT_HANDOFF_STARTED, at 383607912 
02-23 01:55:18.857 21855 21896 I GH.ConnLoggerV2: Session 7bdbf25b-9c23-458c-9bb7-27434b9831e6, event 1329, detail OptionalInt[5180], WIRELESS_WIFI_CHANNEL_FREQUENCY_USED, at 383607912 
02-23 01:55:18.859 19618 14811 I CAR.SETUP.WIFI: Socket connected to 10.0.0.1:5288
02-23 01:55:18.859 21855 21896 I GH.ConnLoggerV2: Session 7bdbf25b-9c23-458c-9bb7-27434b9831e6, event 1330, detail OptionalInt.empty, WIRELESS_WIFI_STARTUP_MANAGER_ON_INTERESTED_IN_HANDOFF, at 383607913 
02-23 01:55:18.859 19618 14811 I GH.CAR  : Wifi socket connect event: status = 1, socket retry count = 0, network retry count = 0, error code = 0, connection time = 8 ms
02-23 01:55:18.860 19618 19618 I GH.CAR  : Starting wifi connection: Socket[address=/10.0.0.1,port=5288,localPort=48678]
02-23 01:55:18.860 19618 19740 I GH.CarConnSessMgr: Starting car connection for session 5460537845246306473 of type 2
02-23 01:55:18.861  3048  3877 I CDM_AssociationStore: Updating new association=[Association{mId=4, mUserId=0, mPackageName='com.google.android.projection.gearhead', mDeviceMacAddress=null, mDisplayName='Android Auto', mDeviceProfile='android.app.role.SYSTEM_AUTOMOTIVE_PROJECTION', mSelfManaged=true, mAssociatedDevice=null, mNotifyOnDeviceNearby=false, mRevoked=false, mPending=false, mTimeApprovedMs=Wed Apr 23 15:53:34 CDT 2025, mLastTimeConnectedMs=Mon Feb 23 01:55:18 CST 2026, mSystemDataSyncFlags=0, mDeviceId='null}]...
02-23 01:55:18.861 21855 21896 I GH.ConnLoggerV2: Session 7bdbf25b-9c23-458c-9bb7-27434b9831e6, event 1331, detail OptionalInt.empty, CONNECTION_HANDOFF_TO_GEARHEAD_STARTED, at 383607914 
02-23 01:55:18.863  3048  3877 I CDM_DevicePresenceProcessor: Enable hint mode for device device profile: android.app.role.SYSTEM_AUTOMOTIVE_PROJECTION
02-23 01:55:18.863 21855 21896 I GH.ConnLoggerV2: Session 7bdbf25b-9c23-458c-9bb7-27434b9831e6, event 1332, detail OptionalInt.empty, WIRELESS_WIFI_CAR_WIFI_SETUP_INITIALIZED, at 383607915 
02-23 01:55:18.864 19618 19618 I GH.CmpnDvcCtrlImpl: onDeviceAppeared: Android Auto (4)
02-23 01:55:18.864 19618 19740 I GH.CarConnSession: canCarServiceLiteHandleMigration true; isMigrationFlagEnabled true
02-23 01:55:18.865 21855 21896 I GH.ConnLoggerV2: Session 7bdbf25b-9c23-458c-9bb7-27434b9831e6, event 1333, detail OptionalInt.empty, WIRELESS_WIFI_SOCKET_CONNECTING, at 383607916 
02-23 01:55:18.867 12010 12010 D GH.GhLifetimeService: registerProjectionLifetimeCallback(callback:qjc@7fc3122)
02-23 01:55:18.867 19618 19740 I CAR.GAL.SECURITY.LITE: Successfully initialized SSL context for protocol: TLSv1.2 using provider: GmsCore_OpenSSL
02-23 01:55:18.868 21855 21896 I GH.ConnLoggerV2: Session 7bdbf25b-9c23-458c-9bb7-27434b9831e6, event 1334, detail OptionalInt.empty, WIRELESS_WIFI_SOCKET_CONNECTED, at 383607923 
02-23 01:55:18.868 19618 19740 I CAR.GAL.GAL.LITE: Creating per-channel priority writer thread.
02-23 01:55:18.868 19618 19740 I CAR.GAL.GAL.LITE: Creating PerChannelQueue for channel 0
02-23 01:55:18.868 19618 19740 I GH.CAR.ProxyEP.LITE: Proxy created for channel 0
02-23 01:55:18.868 19618 19618 I CAR.STARTUP: Handoff status true
02-23 01:55:18.868 19618 14609 I GH.WirelessStartup: handoff initiated: true
02-23 01:55:18.870 21855 21896 I GH.ConnLoggerV2: Session 7bdbf25b-9c23-458c-9bb7-27434b9831e6, event 1335, detail OptionalInt.empty, CAR_CONNECTION_CDM_REQUESTED, at 383607924 
02-23 01:55:18.871 21855 21896 I GH.ConnLoggerV2: Session 7bdbf25b-9c23-458c-9bb7-27434b9831e6, event 1336, detail OptionalInt.empty, CAR_CONNECTION_CDM_APPROVED, at 383607928 
02-23 01:55:18.872 21855 21896 I GH.ConnLoggerV2: Session 7bdbf25b-9c23-458c-9bb7-27434b9831e6, event 1337, detail OptionalInt.empty, FRAMER_STARTED, at 383607933 
02-23 01:55:18.873 21855 21896 I GH.ConnLoggerV2: Session 7bdbf25b-9c23-458c-9bb7-27434b9831e6, event 1338, detail OptionalInt.empty, CONNECTION_HANDOFF_COMPLETE, at 383607933 
02-23 01:55:18.874 21855 21896 I GH.ConnLoggerV2: Session 7bdbf25b-9c23-458c-9bb7-27434b9831e6, event 1339, detail OptionalInt.empty, WIRELESS_WIFI_CAR_WIFI_SETUP_TORN_DOWN, at 383607934 
02-23 01:55:19.047 19618 14815 I CAR.GAL.GAL.LITE: Car requests protocol version ian[majorVersion=1, minorVersion=7]
02-23 01:55:19.047 19618 14815 I CAR.GAL.GAL.LITE: Requested protocol version ian[majorVersion=1, minorVersion=7], negotiated protocol version ian[majorVersion=1, minorVersion=7] (STATUS_SUCCESS)
02-23 01:55:19.048 21855 21896 I GH.ConnLoggerV2: Session 7bdbf25b-9c23-458c-9bb7-27434b9831e6, event 1340, detail OptionalInt.empty, VERSION_NEGOTIATION_STARTED, at 383608109 
02-23 01:55:19.050 21855 21896 I GH.ConnLoggerV2: Session 7bdbf25b-9c23-458c-9bb7-27434b9831e6, event 1341, detail OptionalInt.empty, VERSION_NEGOTIATION_SUCCESS_WIFI, at 383608112 
02-23 01:55:19.052 21855 21896 I GH.ConnLoggerV2: Session 7bdbf25b-9c23-458c-9bb7-27434b9831e6, event 1342, detail OptionalInt.empty, VERSION_NEGOTIATION_SUCCESS, at 383608113 
02-23 01:55:19.061 19618 14815 W CAR.GAL.SECURITY.LITE: Phone will wait for car to send more SSL handshake data
02-23 01:55:19.061 19618 14815 I CAR.GAL.SECURITY.LITE: Final result: java.nio.HeapByteBuffer[pos=0 lim=2348 cap=2348]
02-23 01:55:19.080 19618 14815 I CAR.GAL.SECURITY.LITE: Peer certificate subject name: OU=01,O=JVC Kenwood,L=Hachioji,ST=Tokyo,C=JP
02-23 01:55:19.080 19618 14815 I CAR.GAL.SECURITY.LITE: Peer certificate serial number: 27 (0x1b)
02-23 01:55:19.080 19618 14815 I CAR.GAL.SECURITY.LITE: Valid Times:
02-23 01:55:19.081 19618 14815 I CAR.GAL.SECURITY.LITE:     notBefore= Thu Jul 03 19:00:00 CDT 2014
02-23 01:55:19.081 19618 14815 I CAR.GAL.SECURITY.LITE:     notAfter= Sat Apr 29 09:28:38 CDT 2045
02-23 01:55:19.088 21855 21896 I GH.ConnLoggerV2: Session 7bdbf25b-9c23-458c-9bb7-27434b9831e6, event 1343, detail OptionalInt.empty, SSL_NEGOTIATION_SUCCESS_WIFI, at 383608150 
02-23 01:55:19.091 21855 21896 I GH.ConnLoggerV2: Session 7bdbf25b-9c23-458c-9bb7-27434b9831e6, event 1344, detail OptionalInt.empty, SSL_SUCCESS, at 383608151 
02-23 01:55:19.099 19618 19618 I GH.CarSvcDataStorage: Using DB version: 13
02-23 01:55:19.105 19618 19618 I CAR.FRX.CHECKS: shouldSkipLegacyFrxForCakewalk false, frx not required, exiting early
02-23 01:55:19.105 19618 19618 I GH.CarConnSession: Putting shouldSkipLegacyFrxForCakewalk=false into metadata bundle
02-23 01:55:19.105 19618 19618 I CAR.FRX.CHECKS: Deciding where to run FRX (GMS vs. GH):
02-23 01:55:19.105 19618 19618 I CAR.FRX.CHECKS: isFrxRequired=false
02-23 01:55:19.105 19618 19618 I CAR.FRX.CHECKS: shouldRunLegacyFrx=true
02-23 01:55:19.105 19618 19618 I CAR.FRX.CHECKS: isOsCompatible=true
02-23 01:55:19.105 19618 19618 I CAR.FRX.CHECKS: areApplicationsFullyUpdated=true
02-23 01:55:19.105 19618 19618 I GH.CarConnSession: Hand off FRX
02-23 01:55:19.107 19618 19618 I CAR.STARTUP: Handoff service discovery complete 9
02-23 01:55:19.108 21855 21896 I GH.ConnLoggerV2: Session 7bdbf25b-9c23-458c-9bb7-27434b9831e6, event 1345, detail OptionalInt.empty, SDP_REQUEST_SENT, at 383608154 
02-23 01:55:19.110 19618 14609 I GH.WIRELESS.SETUP: Received GAL socket result, callback=0, result=INSTANCE
02-23 01:55:19.111 19618 14609 I GH.WirelessStartup: Socket completed. Success: true. SocketResult needed additional handling: true
02-23 01:55:19.111 19618 14609 I GH.WirelessStartup: Handoff complete. Interested component: com.google.android.projection.gearhead/com.google.android.apps.auto.carservice.service.impl.GearheadCarStartupService. Success: true.
02-23 01:55:19.111 19618 14609 I GH.WirelessStartup: Handoff success with 9 services
02-23 01:55:19.111 19618 14609 I GH.WirelessStartup: Starting transfer for handoff.
02-23 01:55:19.111 19618 19618 I GH.CarConnSession: Transfer for handoff with userAuthorized (true)
02-23 01:55:19.117 21855 21896 I GH.ConnLoggerV2: Session 7bdbf25b-9c23-458c-9bb7-27434b9831e6, event 1346, detail OptionalInt.empty, SDP_RESPONSE_RECEIVED_WIFI, at 383608162 
02-23 01:55:19.117 19618 19618 I CAR.SERVICE: Car connection state changed: DISCONNECTED->CONNECTING
02-23 01:55:19.118 19618 19618 I CAR.POOL_VIDEO: Initializing managed buffer pools with direct buffers
02-23 01:55:19.118 19618 19618 I CAR.AUTH: Package com.google.android.projection.gearhead for uid 10253: isGoogleSigned = [INVALID: format=%b, type=xto, value=true], isPackageAllowed = [INVALID: format=%b, type=xto, value=false]
02-23 01:55:19.118 19618 19618 E CAR.AUTH: Call from UID 10253 is not allowed.
02-23 01:55:19.119 19618 19618 I CAR.SERVICE.LITE: Overriding delegate with new Lite CarServiceBinder, sessionId: 5460537845246306473, connectionType: 2
02-23 01:55:19.120 19618 19618 I CAR.SERVICE.LITE: Updating receiver callback and sessionId for connectionType: 2
02-23 01:55:19.121 19618 14821 I GH.CAR  : Resume session 5460537845246306473
02-23 01:55:19.122 21855 21896 I GH.ConnLoggerV2: Session 7bdbf25b-9c23-458c-9bb7-27434b9831e6, event 1347, detail OptionalInt.empty, SDP_RESPONSE_RECEIVED, at 383608162 
02-23 01:55:19.125 19618 14822 W CAR.VALIDATOR: Package DENIED; Uses for TEMPLATE not defined [com.google.android.googlequicksearchbox]
02-23 01:55:19.127 19618 19618 I CAR.STARTUP: Resume complete with status true
02-23 01:55:19.127 21855 21896 I GH.ConnLoggerV2: Session 7bdbf25b-9c23-458c-9bb7-27434b9831e6, event 1348, detail OptionalInt.empty, GEARHEAD_PROJECTION_ENABLED, at 383608170 
02-23 01:55:19.127 21855 21896 I GH.StartupMeasure: logEvent GEARHEAD_PROJECTION_ENABLED=PT106H33M28.17S
02-23 01:55:19.127 21855 21896 I GH.StartupMeasure: logEvent GEARHEAD_PROJECTION_ENABLED=PT106H33M28.17S
02-23 01:55:19.128 19618 19618 I CAR.GAL.SECURITY.LITE: Successfully initialized SSL context for protocol: TLSv1.2 using provider: GmsCore_OpenSSL
02-23 01:55:19.129 19618 14609 I GH.WirelessStartup: Car setup no longer needed
02-23 01:55:19.129 19618 14609 I GH.WirelessStartup: Connection handoff complete
02-23 01:55:19.129 19618 19618 I CAR.GAL.GAL.LITE: Adding service (Service id=2 type=SensorSourceService {sensors=[type=10,type=13,type=1,] locationCharacterization=0 fuelType=[] evConnectorType=[]} )
02-23 01:55:19.129 19618 19618 I CAR.GAL.GAL.LITE: Adding service (Service id=8 type=BluetoothService { carAddress=DC:A6:32:E7:5A:FF supportedPairingMethods=[4,]})
02-23 01:55:19.129 19618 19618 I CAR.GAL.GAL.LITE: onChannelOpened: 0
02-23 01:55:19.138 19618 19618 I CAR.SERVICE.LITE: started foreground service
02-23 01:55:19.138 19618 19618 I CAR.SERVICE.LITE: Car connection state changed: DISCONNECTED->CONNECTING
02-23 01:55:19.139 19618 19618 I CAR.SERVICE.USBMON.LITE: Starting USB monitor
02-23 01:55:19.140 19618 19618 I CAR.TOKEN: Connecting pof@eb7af43 using class pye@185026297/class pyh@208550336 (cx attempt 1)
02-23 01:55:19.142 21855 21896 I GH.ConnLoggerV2: Session 7bdbf25b-9c23-458c-9bb7-27434b9831e6, event 1349, detail OptionalInt[-50], WIRELESS_WIFI_STARTUP_MANAGER_ON_HANDOFF_COMPLETE, at 383608173 
02-23 01:55:19.153 19618 14822 W CAR.VALIDATOR: Package DENIED; Uses for MEDIA not defined [com.android.bluetooth]
02-23 01:55:19.155 19618 14822 W CAR.VALIDATOR: Package DENIED; Uses for MEDIA not defined [com.google.android.youtube]
02-23 01:55:19.156 19618 14822 W CAR.VALIDATOR: Package DENIED; Uses for MEDIA not defined [com.microsoft.skydrive]
02-23 01:55:19.158 19618 14822 W CAR.VALIDATOR: Package DENIED; Uses for MEDIA not defined [com.samsung.android.app.interpreter]
02-23 01:55:19.159 19618 14822 W CAR.VALIDATOR: Package DENIED; Uses for MEDIA not defined [com.samsung.android.bixby.agent]
02-23 01:55:19.162 19618 14822 W CAR.VALIDATOR: Package DENIED; Uses for MEDIA not defined [org.thoughtcrime.securesms]
02-23 01:55:19.163 19618 14822 W CAR.VALIDATOR: Package DENIED; Uses for MEDIA not defined [tv.startupshow.android]
02-23 01:55:19.169 21855 21896 I GH.ConnLoggerV2: Session 7bdbf25b-9c23-458c-9bb7-27434b9831e6, event 1350, detail OptionalInt.empty, WIRELESS_GAL_SOCKET_CONNECTED, at 383608175 
02-23 01:55:19.172 19618 19618 I CAR.SERVICE.USBMON.LITE: Port status changed for UsbPort{id=port0, supportedModes=dual, audio_acc, supportedContaminantProtectionModes=0, supportsEnableContaminantPresenceProtection=false, supportsEnableContaminantPresenceDetection=false, supportsComplianceWarnings=false: UsbPortStatus{connected=true, currentDataRole=2, currentPowerRole=2, supportedRoleCombinations=272, currentMode=1}
02-23 01:55:19.173 19618 19618 I CAR.SERVICE.USBMON.LITE: Usb status changed to: UsbState{configured=true, connected=true, dataUnlocked=true, functionAccessory=false, functionAdb=true, functionAudioSource=false, functionMtp=true, functionPtp=false}
02-23 01:55:19.179 19618 19618 I CAR.BT.LITE: Registered key missing receiver
02-23 01:55:19.179 21855 21896 I GH.ConnLoggerV2: Session 7bdbf25b-9c23-458c-9bb7-27434b9831e6, event 1351, detail OptionalInt.empty, AUTHORIZATION_STARTED, at 383608175 
02-23 01:55:19.179 19618 19618 I CAR.BT.LITE: handleTransition: Entering into state STATE_WAITING_FOR_ENDPOINT_READY BluetoothFsmStateType=BT_FSM_STATE_WAITING_FOR_ENDPOINT_READY, previous event EVENT_SERVICE_INITIALIZED, BluetoothFsmEventType=BT_FSM_EVENT_SERVICE_INITIALIZED
02-23 01:55:19.179 19618 19618 W CAR.BT.SVC.LITE: disabling A2dp route while in projection
02-23 01:55:19.179 19618 19618 I CAR.BT.SVC.LITE: Routing media audio via device type 0
02-23 01:55:19.180 19618 19618 I CAR.BT.SVC.LITE: setting device metadata for DC:A6:32:E7:5A:FF
02-23 01:55:19.183 21855 21896 I GH.ConnLoggerV2: Session 7bdbf25b-9c23-458c-9bb7-27434b9831e6, event 1352, detail OptionalInt.empty, WIRELESS_WIFI_STARTUP_MANAGER_ON_CAR_SERVICE_STARTED, at 383608191 
02-23 01:55:19.183 19618 19618 I CAR.LITE.LITE: Start required services in lite 2
02-23 01:55:19.184 19618 14876 I GH.GhCarClientCtor: Bound to startup service, got Car Service: ipb@aa187de
02-23 01:55:19.184 19618 14821 I CAR.CONMAN.LITE: Connection start services in conman
02-23 01:55:19.184 19618 14821 I CAR.XFER.LITE: CAR_SERVICE_LITE Start executor and read messages
02-23 01:55:19.184 19618 19618 I CAR.TOKEN: Successfully connected pyj@56533a1 using class pye@185026297/class pyh@208550336 (cx attempt 1)
02-23 01:55:19.184 19618 14821 I GH.CAR  : Start required services with types 5460537845246306473
02-23 01:55:19.185 19618 19618 I CAR.TOKEN: Token caller not specified, so skipping telemetry logging. Process: com.google.android.projection.gearhead:car
02-23 01:55:19.185 19618 19740 I GH.CarConnSessMgr: Start required services
02-23 01:55:19.186 19618 19618 I GH.CarConnSession: Start required services in background 5460537845246306473, session is active true
02-23 01:55:19.186 19618 19618 I CAR.AUDIO: force single channel capturing:false
02-23 01:55:19.186 19618 19618 I CAR.AUDIO: Select audio config: 0 for channel: MEDIA
02-23 01:55:19.186 19618 19618 I CAR.AUDIO.CHANNEL: enabling stream: SYSTEM, had focus: false
02-23 01:55:19.187 19618 14884 I CAR.AUDIO.AFM: Requesting initial Android audio focus
02-23 01:55:19.189 19618 14883 I CAR.AUDIO.CHANNEL: waitForStreamToStop: MEDIA, wait for ack: true
02-23 01:55:19.189 19618 14883 I CAR.AUDIO.CHANNEL: waitForStreamToStop: TTS, wait for ack: true
02-23 01:55:19.190 19618 14884 I CAR.AUDIO.FOCUS: Sending AUDIO_FOCUS_RELEASE to HU for app null due to Android focus change: LOSS
02-23 01:55:19.190 19618 14884 I CAR.AUDIO.FOCUS: Send focus request to HU: AUDIO_FOCUS_RELEASE, attempt#: 1
02-23 01:55:19.190 19618 14884 I CAR.GAL.AUDIO.LITE: sent audio focus request: AUDIO_FOCUS_RELEASE
02-23 01:55:19.191 21855 21896 I GH.ConnLoggerV2: Session 7bdbf25b-9c23-458c-9bb7-27434b9831e6, event 1353, detail OptionalInt.empty, USB_MONITOR_STARTED, at 383608234 
02-23 01:55:19.193 19618 19618 W CAR.AUDIO: Failed to find 48kHz guidance config, fallback to 16KHz
02-23 01:55:19.193 19618 19618 I CAR.AUDIO: Select audio config: 0 for channel: TTS
02-23 01:55:19.194 19618 19618 I CAR.AUDIO.CHANNEL: enabling stream: SYSTEM, had focus: true
02-23 01:55:19.194 19618 19618 W CAR.AUDIO: Unsupported stream type: 1
02-23 01:55:19.194 19618 19618 W CAR.AUDIO: Failed to find 48kHz guidance config, fallback to 16KHz
02-23 01:55:19.194 19618 19618 I CAR.AUDIO: Select audio config: 0 for channel: SYSTEM
02-23 01:55:19.194 19618 19618 W CAR.AUDIO.Policy: Unsupported stream type: 1
02-23 01:55:19.194 19618 19618 I CAR.AUDIO.CHANNEL: enabling stream: SYSTEM, had focus: true
02-23 01:55:19.194 19618 19618 I GH.CAR.VIDEO: The videoCodecType to be used is: 3
02-23 01:55:19.195 19618 19618 W CAR.INPUT: No touchpad found. Using default threshold.
02-23 01:55:19.195 19618 19618 W CAR.INPUT: No touchpad found. Using default threshold.
02-23 01:55:19.195 19618 19618 I CAR.INPUT: Discovered input for display 0 with service 1: CarUiInfo (hasRotaryController: false, touchscreenType: 1, hasSearchButton: true, hasTouchpadForUiNavigation: false, hasDpad: false, isTouchpadUiAbsolute: false, touchpadMoveThresholdPx: 48, touchpadMultimoveThresholdPx: 64)
02-23 01:55:19.195 19618 19618 I CAR.SENSOR: setDisplaySourceService Setting DisplaySourceService for DefaultSensorListener
02-23 01:55:19.196 19618 19618 I CAR.XFER.LITE: CAR_SERVICE_PROXY Start executor and read messages
02-23 01:55:19.196 19618 19618 I GH.CarConnSession: Create proxy end points for 8 with service type: 9
02-23 01:55:19.196 19618 19618 I GH.CarConnSession: Start services 5460537845246306473
02-23 01:55:19.196 19618 19618 I GH.CarConnSession: Start services in proxy -([3, 4, 5, 6, 1, 2, 14, 7])
02-23 01:55:19.196 19618 19618 I GH.CarConnSession: Start services in lite -([8])
02-23 01:55:19.196 19618 19618 I GH.SelectSvcStarter: Ok to start service 3
02-23 01:55:19.196 19618 19618 I GH.SelectSvcStarter: Ok to start service 4
02-23 01:55:19.196 19618 19618 I GH.SelectSvcStarter: Ok to start service 5
02-23 01:55:19.196 19618 19618 I GH.SelectSvcStarter: Ok to start service 6
02-23 01:55:19.196 19618 19618 I GH.SelectSvcStarter: Ok to start service 1
02-23 01:55:19.196 19618 19618 I GH.SelectSvcStarter: Ok to start service 2
02-23 01:55:19.196 19618 19618 I GH.SelectSvcStarter: Ok to start service 8
02-23 01:55:19.196 19618 19618 I GH.SelectSvcStarter: Ok to start service 14
02-23 01:55:19.196 19618 19618 I GH.SelectSvcStarter: Ok to start service 7
02-23 01:55:19.197 19618 14888 I GH.MTMCByteCounter: MTMC byte counting started.
02-23 01:55:19.197 19618 19618 I GH.CAR.ProxyEP.LITE: Proxy created for channel 3
02-23 01:55:19.197 19618 19618 I CAR.GAL.GAL.LITE: Creating PerChannelQueue for channel 3
02-23 01:55:19.198 19618 19618 I GH.CAR.ProxyEP.LITE: Proxy created for channel 4
02-23 01:55:19.198 19618 19618 I CAR.GAL.GAL.LITE: Creating AudioPerChannelQueue for channel 4
02-23 01:55:19.198 19618 19618 I GH.CAR.ProxyEP.LITE: Proxy created for channel 5
02-23 01:55:19.198 19618 19618 I CAR.GAL.GAL.LITE: Creating AudioPerChannelQueue for channel 5
02-23 01:55:19.198 19618 19618 I GH.CAR.ProxyEP.LITE: Proxy created for channel 6
02-23 01:55:19.198 19618 19618 I CAR.GAL.GAL.LITE: Creating AudioPerChannelQueue for channel 6
02-23 01:55:19.198 19618 19618 I GH.CAR.ProxyEP.LITE: Proxy created for channel 1
02-23 01:55:19.198 19618 19618 I CAR.GAL.GAL.LITE: Creating PerChannelQueue for channel 1
02-23 01:55:19.199 19618 19618 I GH.CAR.ProxyEP.LITE: Proxy created for channel 2
02-23 01:55:19.199 19618 19618 I CAR.GAL.GAL.LITE: Creating PerChannelQueue for channel 2
02-23 01:55:19.199 19618 19618 I GH.CAR.ProxyEP.LITE: Proxy created for channel 8
02-23 01:55:19.199 19618 19618 I CAR.GAL.GAL.LITE: Creating PerChannelQueue for channel 8
02-23 01:55:19.199 19618 19618 I GH.CAR.ProxyEP.LITE: Proxy created for channel 14
02-23 01:55:19.199 19618 19618 I CAR.GAL.GAL.LITE: Creating PerChannelQueue for channel 14
02-23 01:55:19.200 19618 19618 I GH.CAR.ProxyEP.LITE: Proxy created for channel 7
02-23 01:55:19.200 19618 19618 I CAR.GAL.GAL.LITE: Creating PerChannelQueue for channel 7
02-23 01:55:19.200 19618 19618 I CAR.AUDIO: Call state change: IDLE(0)
02-23 01:55:19.200 19618 14815 I CAR.GAL.AUDIO.LITE: Got audio focus state from car:AUDIO_FOCUS_STATE_LOSS
02-23 01:55:19.200 19618 14815 I CAR.AUDIO.FOCUS: Received focus change from HU: AUDIO_FOCUS_STATE_LOSS, unsolicited: false
02-23 01:55:19.200 19618 14884 I CAR.AUDIO.FOCUS: Handling CarAudioFocusEvent from HU: packageName=null, audioFocusRequestType=AUDIO_FOCUS_RELEASE, audioFocusStateType=AUDIO_FOCUS_STATE_LOSS, unsolicitedResponse=false, gearheadForcedResponse=false, pendingRequest=NONE
02-23 01:55:19.200 19618 14884 I CAR.AUDIO.FOCUS: changeAndroidFocus: true
02-23 01:55:19.200 19618 14884 I CAR.AUDIO.AFM: Invalidate audio focus stack monitor due to car audio focus change
