02-23 01:54:54.202 12010 12010 D GH.LifetimeManager: Stopping nix@5901a37
02-23 01:54:54.202 12010 12010 D GH.LifetimeManager: Stopping mdj@e09fe5e
02-23 01:54:54.202 12010 12010 D GH.UserInterruptMgr: stop
02-23 01:54:54.202 12010 12010 D GH.LifetimeManager: Stopping vty@8d74b99
02-23 01:54:54.202 12010 12010 D GH.LifetimeManager: Stopping lac@b5eece0
02-23 01:54:54.202 12010 12010 D GH.LifetimeManager: Stopping kzm@a3cbae3
02-23 01:54:54.202 12010 12010 D GH.LifetimeManager: Stopping mxq@e06c312
02-23 01:54:54.202 12010 12010 D GH.LifetimeManager: Stopping lop@f4ad42d
02-23 01:54:54.202 12010 12010 D GH.ActivityTracker: Logging stop for car region CarRegionId{regionId=2131428812 carDisplayId=CarDisplayId{displayId=0}} current app ProjectionApp(appKey=AppKey(componentName=ComponentInfo{com.google.android.apps.maps/com.google.android.apps.gmm.car.GmmCarProjectionService}, profileType=PERSONAL), appCategory=NAVIGATION, isParkedOnly=false, isImmersiveApp=false, isNativeApp=false)
02-23 01:54:54.203 12010 12010 D GH.PrxyActStartLstnr: Unregistering local CarActivityStartListener lop@f4ad42d
02-23 01:54:54.203 12010 12010 D CAR.CLIENT: Multi-display client enabled. UnregisterCarActivityLifecycleEventListener
02-23 01:54:54.203 12010 12010 D GH.PrxyActLfecycleLstnr: Unregistering local CarActivityLifecycleEventListener rfz@30e6d74
02-23 01:54:54.204 12010 12010 D GH.LifetimeManager: Stopping ity@f19a457
02-23 01:54:54.204 12010 12010 D GH.LifetimeManager: Stopping lah@5059d6
02-23 01:54:54.204 12010 12010 D GH.GhNavFocusManager: Stopping NavigationFocusManager
02-23 01:54:54.204 12010 12010 I GH.GhNavFocusManager: setFocus previous=RELEASED current=RELEASED
02-23 01:54:54.204 12010 12010 D GH.LifetimeManager: Stopping mpw@b84db26
02-23 01:54:54.204 12010 12010 D CAR.CLIENT: UnregisterCarActivityLifecycleEventProcessor
02-23 01:54:54.204 12010 12010 D GH.PrxyActStartHndlr: Unregistering local CarActivityStartListener loq@1018746
02-23 01:54:54.204 12010 12010 D GH.CallManager: removeCarCallListener(vuk@a74dffa)
02-23 01:54:54.204 12010 12010 D GH.CarClientManager: unregistered listener vuh@cbc5808
02-23 01:54:54.204 12010 12010 D GH.MicContentProv: stop
02-23 01:54:54.205 12010 12010 I GH.CarMicRecorder: Stop recording.
02-23 01:54:54.205 12010 32621 D GH.CarMicRecorder: No clean up needed. Output stream was already closed.
02-23 01:54:54.205 12010 12010 D GH.LifetimeManager: Stopping lri@dd88225
02-23 01:54:54.205 12010 12010 D GH.LifetimeManager: Stopping vts@83e6bbb
02-23 01:54:54.205 12010 12010 I GH.SysChromeController: removeChrome
02-23 01:54:54.205 12010 12010 D GH.GhFacetBarCtrl: cleanUpAllFacetBars
02-23 01:54:54.205 12010 12010 D GH.AbsFragmentHost: finish(): mgo
02-23 01:54:54.206 12010 12010 D GH.CallManager: removeCarCallListener(mxs@452ceae)
02-23 01:54:54.206 12010 12010 D GH.NDirector: setMediaHunListener l=null
02-23 01:54:54.208 12010 12010 D GH.GhRailFrg: onDetach
02-23 01:54:54.208 12010 12010 D GH.GhRailFrg: Remove OnPreDrawListener
02-23 01:54:54.208 12010 12010 D CAR.CLIENT.WM.WIN: GhFacetBar removeWindow
02-23 01:54:54.208 12010 12010 D CAR.CLIENT.WM.WIN: teardown(): GhFacetBar
02-23 01:54:54.222 12010 12010 D GH.AbsFragmentHost: finish() completed: mgo
02-23 01:54:54.222 12010 12010 D GH.LifetimeManager: Stopping vng@e1fd04a
02-23 01:54:54.223 12010 12010 D GH.LifetimeManager: Stopping jvw@9a931be
02-23 01:54:54.223 12010 12010 D GH.LifetimeManager: Stopping koy@ab85940
02-23 01:54:54.223 12010 12010 D GH.LifetimeManager: Stopping liq@609cc3
02-23 01:54:54.226 12010 12010 D GH.LifetimeManager: Stopping kpg@64eb15
02-23 01:54:54.226 12010 12010 D GH.LifetimeManager: Stopping kpg@64eb15
02-23 01:54:54.226 12010 12010 D GH.LifetimeManager: Stopping kid@4f5d527
02-23 01:54:54.226 12010 12010 D GH.LifetimeManager: Stopping kpg@64eb15
02-23 01:54:54.226 12010 12010 D GH.LifetimeManager: Stopping mco@616fa41
02-23 01:54:54.226 12010 12010 D GH.LifetimeManager: Stopping mhc@4bf8f4b
02-23 01:54:54.226 12010 12010 D GH.LifetimeManager: Stopping kpg@64eb15
02-23 01:54:54.226 12010 12010 D GH.LifetimeManager: Stopping mdd@40ce2c2
02-23 01:54:54.226 12010 12010 D GH.LifetimeManager: Stopping ndm@c198b74
02-23 01:54:54.226 12010 12010 D GH.LifetimeManager: Stopping kax@f35286
02-23 01:54:54.226 12010 12010 D GH.LifetimeManager: Stopping kcj@574e4f3
02-23 01:54:54.226 12010 12010 D GH.LifetimeManager: Stopping kqx@177107c
02-23 01:54:54.228 12010 12010 D GH.MediaSuggNotifier: Removing all observers.
02-23 01:54:54.228 12010 12010 D GH.LifetimeManager: Stopping lhu@1305549
02-23 01:54:54.230 12010 12010 D GH.LifetimeManager: Stopping com.google.android.apps.auto.components.crossprofile.CrossProfileNotificationPromptManager@2944f50
02-23 01:54:54.230 12010 12010 D GH.LifetimeManager: Stopping jfy@6fcb19e
02-23 01:54:54.232 12010 12010 D GH.LifetimeManager: Stopping kpg@463c3d9
02-23 01:54:54.232 12010 12010 W GH.GHLifetimeManager: Radio set ComponentInfo{com.google.android.projection.gearhead/com.google.android.apps.auto.components.radio.RadioMediaBrowserService} to false
02-23 01:54:54.233 12010 12010 D GH.LifetimeManager: Unbinding lifetime service: [class com.google.android.projection.gearhead.service.GearheadService, class com.google.android.gearhead.appdecor.AppDecorService]
02-23 01:54:54.233 12010 12010 D GH.LifetimeManager: Stopping kpg@64eb15
02-23 01:54:54.233 12010 12010 D GH.LifetimeManager: Stopping kpg@64eb15
02-23 01:54:54.233 12010 12010 D GH.LifetimeManager: Stopping com.google.android.apps.auto.components.telecom.impl.DoNotDisturbCallManagerImpl@a024951
02-23 01:54:54.233 12010 12010 I GH.DNDCallManager: stopped
02-23 01:54:54.233 12010 12010 D GH.LifetimeManager: Stopping mzk@6f9e3db
02-23 01:54:54.233 12010 12010 D GH.CallManager: removeCarCallListener(mzi@234ee78)
02-23 01:54:54.233 12010 12010 D GH.LifetimeManager: Stopping kqn@2d16865
02-23 01:54:54.233 12010 12010 D GH.LifetimeManager: Stopping kxk@559d0ad
02-23 01:54:54.233 12010 12010 D GH.LifetimeManager: Stopping kvd@c42cd7
02-23 01:54:54.233 12010 12010 D GH.LifetimeManager: Stopping kws@f48be71
02-23 01:54:54.233 12010 12010 D GH.LifetimeManager: Stopping Messaging
02-23 01:54:54.233 12010 12010 D GH.LifetimeManager: Stopping kav@8a58418
02-23 01:54:54.233 12010 12010 D GH.LifetimeManager: Stopping jem@a4100df
02-23 01:54:54.233 12010 12010 D GH.LifetimeManager: Stopping loe@4e12139
02-23 01:54:54.234 12010 12010 D GH.DisplayStateMonitor: Display state 1. Total duration: 496553 ms
02-23 01:54:54.234 12010 12010 D GH.DisplayStateMonitor: Display state 2. Total duration: 21342923 ms
02-23 01:54:54.234 12010 12010 D GH.DisplayStateMonitor: Display state 3. Total duration: 1082268 ms
02-23 01:54:54.234 12010 12010 D GH.DisplayStateMonitor: Display state 4. Total duration: 19915551 ms
02-23 01:54:54.234 12010 12010 D GH.LifetimeManager: Stopping lol@c666632
02-23 01:54:54.234 12010 12010 D GH.LifetimeManager: Stopping com.google.android.apps.auto.components.telecom.impl.VoipUtilsImpl@d915394
02-23 01:54:54.234 12010 12010 D GH.LifetimeManager: Stopping mze@c7a7be7
02-23 01:54:54.234 12010 12010 D GH.LifetimeManager: Stopping ncp@47695a6
02-23 01:54:54.234 12010 12010 D GH.LifetimeManager: Stopping kyt@20ef5da
02-23 01:54:54.235 12010 12010 D GH.LifetimeManager: Stopping mismatched lifetime services
02-23 01:54:54.235 12010 12010 D GH.LifetimeManager: Stopping lbi@679fb93
02-23 01:54:54.235 12010 12010 D GH.NotificationProc: Stopping
02-23 01:54:54.235 12010 12010 D GH.NotificationProc: Unmuting notifications
02-23 01:54:54.237 12010 12010 D GH.SharedNotifications: Status: #removeClient, Clients: 2, Clients requiring NLS: 2, State: 3, NLS class: com.google.android.projection.gearhead/com.google.android.gearhead.notifications.SharedNotificationListenerManager$ListenerService, Stored NLS instance: 107117695, Event NLS instance: 0
02-23 01:54:54.237 12010 12010 D GH.SharedNotifications: Status: #maybeRequestUnbind, Clients: 1, Clients requiring NLS: 1, State: 3, NLS class: com.google.android.projection.gearhead/com.google.android.gearhead.notifications.SharedNotificationListenerManager$ListenerService, Stored NLS instance: 107117695, Event NLS instance: 0
02-23 01:54:54.237 12010 12010 D GH.NotifListnrStMonitor: Logging telemetry events: Total number of notifications posted 9
02-23 01:54:54.237 12010 12010 D GH.LifetimeManager: Stopping kzo@1d6ae2a
02-23 01:54:54.237 12010 12010 D GH.NavClientManager: disconnectFromCurrentNavProvider()
02-23 01:54:54.237 12010 12010 I GH.NavClientManager: setNavigationClient(null)
02-23 01:54:54.237 12010 12010 D GH.NavClientProxy: setClient null
02-23 01:54:54.239 12010 12010 D GH.NavProviderClientSrc: Unbinding from nav service: com.google.android.apps.gmm.car.androidauto.CarNavigationProviderService
02-23 01:54:54.239 12010 12010 I GH.NavProviderConn: cleanup()
02-23 01:54:54.239 12010 12010 D GH.GhNavDataManager: Navigation status changed from 0 to 2, will update the navigation summary
02-23 01:54:54.240 12010 12010 E GH.GhNavDataManager: Error while getting CarNavigationStatusManager
02-23 01:54:54.240 12010 12010 E GH.GhNavDataManager: qfa: java.lang.IllegalStateException: OutOfCarLifecycle
02-23 01:54:54.240 12010 12010 E GH.GhNavDataManager: 	at qic.c(SourceFile:123)
02-23 01:54:54.240 12010 12010 E GH.GhNavDataManager: 	at qip.a(SourceFile:27)
02-23 01:54:54.240 12010 12010 E GH.GhNavDataManager: 	at pyb.A(SourceFile:10)
02-23 01:54:54.240 12010 12010 E GH.GhNavDataManager: 	at lac.t(SourceFile:23)
02-23 01:54:54.240 12010 12010 E GH.GhNavDataManager: 	at lac.h(SourceFile:102)
02-23 01:54:54.240 12010 12010 E GH.GhNavDataManager: 	at lae.b(SourceFile:8)
02-23 01:54:54.240 12010 12010 E GH.GhNavDataManager: 	at kzt.b(SourceFile:9)
02-23 01:54:54.240 12010 12010 E GH.GhNavDataManager: 	at kzv.g(SourceFile:22)
02-23 01:54:54.240 12010 12010 E GH.GhNavDataManager: 	at kzv.e(SourceFile:3)
02-23 01:54:54.240 12010 12010 E GH.GhNavDataManager: 	at kzy.a(SourceFile:22)
02-23 01:54:54.240 12010 12010 E GH.GhNavDataManager: 	at kzw.c(SourceFile:20)
02-23 01:54:54.240 12010 12010 E GH.GhNavDataManager: 	at kzo.m(SourceFile:44)
02-23 01:54:54.240 12010 12010 E GH.GhNavDataManager: 	at kzo.dx(SourceFile:20)
02-23 01:54:54.240 12010 12010 E GH.GhNavDataManager: 	at khr.p(SourceFile:10)
02-23 01:54:54.240 12010 12010 E GH.GhNavDataManager: 	at khr.v(SourceFile:183)
02-23 01:54:54.240 12010 12010 E GH.GhNavDataManager: 	at vmq.d(SourceFile:518)
02-23 01:54:54.240 12010 12010 E GH.GhNavDataManager: 	at khr.l(SourceFile:19)
02-23 01:54:54.240 12010 12010 E GH.GhNavDataManager: 	at khn.b(SourceFile:21)
02-23 01:54:54.240 12010 12010 E GH.GhNavDataManager: 	at jhk.i(SourceFile:120)
02-23 01:54:54.240 12010 12010 E GH.GhNavDataManager: 	at jhr.l(SourceFile:44)
02-23 01:54:54.240 12010 12010 E GH.GhNavDataManager: 	at com.google.android.projection.gearhead.system.GhLifecycleService.h(SourceFile:21)
02-23 01:54:54.240 12010 12010 E GH.GhNavDataManager: 	at pwb.b(SourceFile:57)
02-23 01:54:54.240 12010 12010 E GH.GhNavDataManager: 	at pwa.handleMessage(SourceFile:69)
02-23 01:54:54.240 12010 12010 E GH.GhNavDataManager: 	at android.os.Handler.dispatchMessage(Handler.java:110)
02-23 01:54:54.240 12010 12010 E GH.GhNavDataManager: 	at android.os.Looper.loopOnce(Looper.java:273)
02-23 01:54:54.240 12010 12010 E GH.GhNavDataManager: 	at android.os.Looper.loop(Looper.java:363)
02-23 01:54:54.240 12010 12010 E GH.GhNavDataManager: 	at android.app.ActivityThread.main(ActivityThread.java:10060)
02-23 01:54:54.240 12010 12010 E GH.GhNavDataManager: 	at java.lang.reflect.Method.invoke(Native Method)
02-23 01:54:54.240 12010 12010 E GH.GhNavDataManager: 	at com.android.internal.os.RuntimeInit$MethodAndArgsCaller.run(RuntimeInit.java:632)
02-23 01:54:54.240 12010 12010 E GH.GhNavDataManager: 	at com.android.internal.os.ZygoteInit.main(ZygoteInit.java:975)
02-23 01:54:54.240 12010 12010 E GH.GhNavDataManager: Caused by: java.lang.IllegalStateException: OutOfCarLifecycle
02-23 01:54:54.240 12010 12010 E GH.GhNavDataManager: 	at android.os.Parcel.createExceptionOrNull(Parcel.java:3362)
02-23 01:54:54.240 12010 12010 E GH.GhNavDataManager: 	at android.os.Parcel.createException(Parcel.java:3338)
02-23 01:54:54.240 12010 12010 E GH.GhNavDataManager: 	at android.os.Parcel.readException(Parcel.java:3321)
02-23 01:54:54.240 12010 12010 E GH.GhNavDataManager: 	at android.os.Parcel.readException(Parcel.java:3263)
02-23 01:54:54.240 12010 12010 E GH.GhNavDataManager: 	at hkh.dZ(SourceFile:11)
02-23 01:54:54.240 12010 12010 E GH.GhNavDataManager: 	at pps.C(SourceFile:7)
02-23 01:54:54.240 12010 12010 E GH.GhNavDataManager: 	at pxm.a(SourceFile:290)
02-23 01:54:54.240 12010 12010 E GH.GhNavDataManager: 	at qdm.a(SourceFile:14)
02-23 01:54:54.240 12010 12010 E GH.GhNavDataManager: 	at pxh.call(SourceFile:240)
02-23 01:54:54.240 12010 12010 E GH.GhNavDataManager: 	at qip.a(SourceFile:1)
02-23 01:54:54.240 12010 12010 E GH.GhNavDataManager: 	... 28 more
02-23 01:54:54.245 12010 12010 D GH.StreamItemManager: cancelAll: 4
02-23 01:54:54.245 12010 12010 D GH.StreamItemManager: cancelAll: 23
02-23 01:54:54.245 12010 12010 D GH.LifetimeManager: Stopping pds@52b16d2
02-23 01:54:54.245 12010 12010 D GH.LifetimeManager: Stopping kvt@e2c6d5d
02-23 01:54:54.245 12010 12010 D GH.LifetimeManager: Stopping kuy@abd6e07
02-23 01:54:54.245 12010 12010 D GH.LifetimeManager: Stopping lby@6c1f021
02-23 01:54:54.246 12010 12010 D GH.SharedNotifications: Status: #removeClient, Clients: 1, Clients requiring NLS: 1, State: 3, NLS class: com.google.android.projection.gearhead/com.google.android.gearhead.notifications.SharedNotificationListenerManager$ListenerService, Stored NLS instance: 107117695, Event NLS instance: 0
02-23 01:54:54.246 12010 12010 D GH.SharedNotifications: Status: #maybeRequestUnbind, Clients: 0, Clients requiring NLS: 0, State: 3, NLS class: com.google.android.projection.gearhead/com.google.android.gearhead.notifications.SharedNotificationListenerManager$ListenerService, Stored NLS instance: 107117695, Event NLS instance: 0
02-23 01:54:54.246 12010 12010 D GH.AndroidSystem: #requestUnbindNotificationListener
02-23 01:54:54.247 12010 12010 D GH.NavClientProxy: getClient() called with no active provider. Returning empty client [CONTEXT ratelimit_period="1 MINUTES" skipped=92 ]
02-23 01:54:54.247 12010 12010 D GH.LifetimeManager: Stopping pcy@6ede49c
02-23 01:54:54.247 12010 12010 D GH.DemandController: stop
02-23 01:54:54.247 12010 12010 D GH.DemandController: closeDemandSpace with cancel trigger INTERRUPTED, currentInternalState=CLOSED
02-23 01:54:54.247 12010 12010 W GH.DemandController: Ignoring closeDemandSpace since it is already closed or pending, internalState: CLOSED
02-23 01:54:54.247 12010 12010 D GH.DemandController: No state update. Still state CLOSED, open trigger UNKNOWN
02-23 01:54:54.247 12010 12010 D GH.CallManager: removeCarCallListener(pcu@1455a2b)
02-23 01:54:54.247 12010 12010 D GH.LifetimeManager: Stopping jza@6a364f8
02-23 01:54:54.247 12010 12010 I GH.Assistant.Controller: stop
02-23 01:54:54.247 12010 12010 D GH.Assistant.Suggestion: cancelAllNotifications(): notificationIdMap={}
02-23 01:54:54.247 12010 12010 I GH.AssistantUtils: AssistantSession:
02-23 01:54:54.247 12010 12010 I GH.AssistantUtils: Assistant Event: {
02-23 01:54:54.247 12010 12010 I GH.AssistantUtils: 	Event Type: LOGGING_SESSION_INFO
02-23 01:54:54.247 12010 12010 I GH.AssistantUtils: 	Voice Session Trigger: UNKNOWN_TRIGGER
02-23 01:54:54.247 12010 12010 I GH.AssistantUtils: 	Session Duration Millis: 0
02-23 01:54:54.247 12010 12010 I GH.AssistantUtils: 	Voice Session Type: UNKNOWN_TYPE
02-23 01:54:54.247 12010 12010 I GH.AssistantUtils: 	Api Version: -1
02-23 01:54:54.247 12010 12010 I GH.AssistantUtils: 	Session Events: {
02-23 01:54:54.247 12010 12010 I GH.AssistantUtils: 		Session Event: {
02-23 01:54:54.247 12010 12010 I GH.AssistantUtils: 			Time Since Assistant Session Start Millis: 0
02-23 01:54:54.247 12010 12010 I GH.AssistantUtils: 			Event: AUDIO_RECORDER_STOP_STARTED
02-23 01:54:54.247 12010 12010 I GH.AssistantUtils: 		}
02-23 01:54:54.247 12010 12010 I GH.AssistantUtils: 		Session Event: {
02-23 01:54:54.247 12010 12010 I GH.AssistantUtils: 			Time Since Assistant Session Start Millis: 0
02-23 01:54:54.247 12010 12010 I GH.AssistantUtils: 			Event: AUDIO_RECORDER_STOP_ALREADY_STOPPED
02-23 01:54:54.247 12010 12010 I GH.AssistantUtils: 		}
02-23 01:54:54.247 12010 12010 I GH.AssistantUtils: 	}
02-23 01:54:54.247 12010 12010 I GH.AssistantUtils: }
02-23 01:54:54.248 12010 12010 D GH.LifetimeManager: Stopping kiq@bd3140c
02-23 01:54:54.249 19618 19738 W CAR.GAL.SENSOR.LITE: sendSensorRequest on quitting channel [CONTEXT ratelimit_period="1 MINUTES" skipped=4 ]
02-23 01:54:54.249 19618 19738 W CAR.SENSOR: requestSensorStart failed
02-23 01:54:54.249 12010 12010 D GH.LifetimeManager: Stopping kmm@ed5d986
02-23 01:54:54.250 12010 12010 D GH.MediaModel: stop()
02-23 01:54:54.250 12010 12010 D GH.CarClientManager: unregistered listener kml@b131be3
02-23 01:54:54.250 12010 12010 D GH.LifetimeManager: Stopping klu@6503c0a
02-23 01:54:54.250 12010 12010 D GH.LifetimeManager: Stopping koh@55e4fac
02-23 01:54:54.250 12010 12010 D GH.CallManager: removeCarCallListener(mzq@6855620)
02-23 01:54:54.250 12010 12010 D GH.LifetimeManager: Stopping mdw@680cf7f
02-23 01:54:54.250 12010 12010 D GH.LifetimeManager: Stopping pfm@6db952
02-23 01:54:54.250 12010 12010 D GH.SimToNSAdapter: stopping
02-23 01:54:54.250 12010 12010 D GH.MediaModel: stop()
02-23 01:54:54.250 12010 12010 D GH.LifetimeManager: Stopping mpg@92209dd
02-23 01:54:54.251 12010 12010 D GH.LifetimeManager: Stopping pew@ca869b4
02-23 01:54:54.251 12010 12010 D GH.LifetimeManager: Stopping mys@19a9b25
02-23 01:54:54.251 12010 12010 D GH.CarClientManager: unregistered listener myr@503faab
02-23 01:54:54.251 12010 12010 I GH.CallManager: getCalls: [] [CONTEXT ratelimit_period="1 MINUTES" skipped=3 ]
02-23 01:54:54.253 12010 12010 D GH.LifetimeManager: Stopping kgp@97b20aa
02-23 01:54:54.253 12010 12010 D GH.LifetimeManager: Stopping pce@e9ed31c
02-23 01:54:54.253 12010 12010 D GH.LifetimeManager: Stopping mnh@7e19795
02-23 01:54:54.253 12010 12010 D GH.LifetimeManager: Stopping vtt@34917d0
02-23 01:54:54.253 12010 12010 D GH.CarClientManager: unregistered listener vtv@7bebdef
02-23 01:54:54.253 12010 12010 D GH.PassengerModeUiContr: cancelling notification
02-23 01:54:54.254 12010 12010 D GH.LifetimeManager: Stopping lrd@427a48f
02-23 01:54:54.254 12010 12010 D GH.LifetimeManager: Stopping pcm@495f09
02-23 01:54:54.257 12010 12010 D GH.LifetimeManager: Stopping lro@ce0df0d
02-23 01:54:54.257 12010 12010 D CAR.CLIENT: Multi-region client enabled. UnregisterCarDisplayLayoutUpdateCompleteListener
02-23 01:54:54.257 12010 12010 D GH.LifetimeManager: Stopping pet@e1d3c37
02-23 01:54:54.258 21855 21896 I GH.ConnLoggerV2: Session 7bdbf25b-9c23-458c-9bb7-27434b9831e6, event 1253, detail OptionalInt.empty, PROJECTION_MODE_ENDED, at 383583322 
02-23 01:54:54.258 12010 12010 D GH.SharedServiceConnect: unbind() [bound:true]
02-23 01:54:54.259 11773 11842 I CAR.TOKEN: Disconnecting ccnf@2753089 (cx attempt: 1).
02-23 01:54:54.259 11773 11842 D CAR.CLIENT: Unregistering CarConnectionListener chii@c567c1 with multiplex listener ccnp@a55e0cb
02-23 01:54:54.259 11773 11842 D GH.MultiCarCxnListener: Unregistering listener. instance: ccnp@a55e0cb, listener: chii@c567c1
02-23 01:54:54.259 11773 11842 I GH.GhCarClientCtor: Disconnecting GearheadCarClientConnector.
02-23 01:54:54.259 11773 11842 I GH.GhCarClientCtor: Unbinding service connection.
02-23 01:54:54.263 12010 12010 D GH.LifetimeManager: Stopped mismatched lifetime services
02-23 01:54:54.263 12010 12010 D GH.LifetimeManager: Stopping lhm@6ad81a1
02-23 01:54:54.263 12010 12010 D GH.LifetimeManager: Stopping jdq@72e6dfa
02-23 01:54:54.263 12010 12010 D GH.LifetimeManager: Stopping nae@82c30ee
02-23 01:54:54.264 12010 12010 D GH.LifetimeManager: Stopping lcq@23f9516
02-23 01:54:54.264 12010 12010 D GH.LifetimeManager: Stopping kwa@324c6d8
02-23 01:54:54.265 11773 11842 I CAR.TOKEN: Disconnected ccqi@2767d75 using class ccpw@231827631/class ccqf@61184142 (cx attempt 1)
02-23 01:54:54.265 12010 12010 D GH.AMLoader: Revoked AGSA permissions to 0 uris.
02-23 01:54:54.265 12010 12010 D GH.LifetimeManager: Stopping TemplateCallingAppProvider
02-23 01:54:54.265 12010 12010 D GH.LifetimeManager: Stopping mql@6d447b5
02-23 01:54:54.265 12010 12010 D GH.LifetimeManager: Stopping kwk@bac54f9
02-23 01:54:54.265 12010 12010 D GH.LifetimeManager: Stopping lcf@f66bfc0
02-23 01:54:54.267 12010 12010 D GH.LifetimeManager: Stopping kra@5f0a953
02-23 01:54:54.267 12010 12010 D GH.LifetimeManager: Stopping kqc@85dd619
02-23 01:54:54.267 12010 12010 D GH.LifetimeManager: Stopping kro@d4fc00b
02-23 01:54:54.267 12010 12010 D GH.LifetimeManager: Stopping kqg@f3a00e6
02-23 01:54:54.267 12010 12010 D GH.LifetimeManager: Stopping kpg@64eb15
02-23 01:54:54.267 12010 12010 D GH.LifetimeManager: Stopping kpg@64eb15
02-23 01:54:54.267 12010 12010 D GH.LifetimeManager: Stopping kri@90c0874
02-23 01:54:54.267 12010 12010 D GH.LifetimeManager: Stopping kqa@5f28f5f
02-23 01:54:54.268 12010 12010 D GH.MediaAutoplayManager: Key (was_last_drive_short_and_eligible) committed to: false
02-23 01:54:54.268 12010 12010 D GH.LifetimeManager: Stopping mmo@8e56fc6
02-23 01:54:54.268 12010 12010 D GH.ImmersiveToolbar: Finishing top toolbar
02-23 01:54:54.268 12010 12010 D GH.ImmersiveToolbar: Finishing bottom scrim
02-23 01:54:54.268 12010 12010 D GH.LifetimeManager: Lifetime services stopped
02-23 01:54:54.270 12010 12010 D GH.SYS.GhSystem: stop
02-23 01:54:54.272 12010 12010 D GH.CarClientManager: stop
02-23 01:54:54.272 12010 12010 I GH.CarClientManager: Disconnecting CarClientToken and resetting state
02-23 01:54:54.272 12010 12010 I CAR.TOKEN: Disconnecting pof@7a6ce86 (cx attempt: 69).
02-23 01:54:54.272 12010 12010 D CAR.CLIENT: Unregistering CarConnectionListener jhf@99c310c with multiplex listener pyn@459fa3b
02-23 01:54:54.272 12010 12010 D GH.MultiCarCxnListener: Unregistering listener. instance: pyn@459fa3b, listener: jhf@99c310c
02-23 01:54:54.272 12010 12010 I GH.GhCarClientCtor: Disconnecting GearheadCarClientConnector.
02-23 01:54:54.272 12010 12010 I GH.GhCarClientCtor: Unbinding service connection.
02-23 01:54:54.273 12010 12010 I CAR.TOKEN: Disconnected pyk@ba44095 using class pye@68931961/class pyh@53239360 (cx attempt 69)
02-23 01:54:54.273 12010 12010 W GH.CarClientManager: Illegal state transition from CLIENT_CONNECTED_AND_CAR_DISCONNECTED to UNINITIALIZED! Allowing anyway.
02-23 01:54:54.273 12010 12010 I GH.CarClientManager: Transition from CLIENT_CONNECTED_AND_CAR_DISCONNECTED to UNINITIALIZED.
02-23 01:54:54.273 12010 12010 D GH.CarClientManager: unregistered listener khn@752a6c8
02-23 01:54:54.273 12010 12010 D GH.CarClientManager: calling onCarDisconnected on myr@503faab
02-23 01:54:54.273 12010 12010 D GH.CarClientManager: calling onCarDisconnected on kml@b131be3
02-23 01:54:54.273 12010 12010 D GH.CarClientManager: calling onCarDisconnected on vtv@7bebdef
02-23 01:54:54.273 12010 12010 D GH.PassengerModeUiContr: Car disconnected
02-23 01:54:54.273 12010 12010 D GH.CarClientManager: calling onCarDisconnected on vuh@cbc5808
02-23 01:54:54.273 12010 12010 D GH.CarClientManager: calling onCarDisconnected on ozw@a5d5d11
02-23 01:54:54.273 12010 12010 D GH.CarClientManager: stop
02-23 01:54:54.273 12010 12010 I GH.CarClientManager: Disconnecting CarClientToken and resetting state
02-23 01:54:54.273 12010 12010 W GH.CarClientManager: Illegal state transition from UNINITIALIZED to UNINITIALIZED! Allowing anyway.
02-23 01:54:54.273 12010 12010 I GH.CarClientManager: Transition from UNINITIALIZED to UNINITIALIZED.
02-23 01:54:54.273 12010 12010 D CAR.CLIENT: localCarConnectionListener received onCarDisconnected()
02-23 01:54:54.273 12010 12010 D CAR.CLIENT: tearDownProjectionSessionState() pye@ea4b524
02-23 01:54:54.273 12010 12010 D CAR.CLIENT: tearDownCarManagers() pye@ea4b524
02-23 01:54:54.273 12010 12010 D CAR.CLIENT: localCarConnectionListener received onCarDisconnected()
02-23 01:54:54.273 12010 12010 D CAR.CLIENT: tearDownProjectionSessionState() pye@f4a185c
02-23 01:54:54.273 12010 12010 D CAR.CLIENT: tearDownCarManagers() pye@f4a185c
02-23 01:54:54.273 12010 12010 D CAR.CLIENT: localCarConnectionListener received onCarDisconnected()
02-23 01:54:54.273 12010 12010 D CAR.CLIENT: tearDownProjectionSessionState() pye@179c0b7
02-23 01:54:54.273 12010 12010 D CAR.CLIENT: tearDownCarManagers() pye@179c0b7
02-23 01:54:54.273 12010 12010 D GH.DemandClientService: unregisterCallbacks
02-23 01:54:54.274 12010 12010 D GH.DemandClientService: onUnbind
02-23 01:54:54.274 12010 12010 D GH.DemandClientService: onDestroy
02-23 01:54:54.275 12010 12010 D CAR.CLIENT.PLS: Projection end
02-23 01:54:54.275 12010 12010 I GH.GhLifecycleService: onProjectionEnd()
02-23 01:54:54.275 12010 12010 W GH.PreflightManager: Preflight not in progress!
02-23 01:54:54.275 12010 12010 I GH.ThemingManager: onProjectionEnd
02-23 01:54:54.275 12010 12010 I GH.PrimaryColorProvider: onProjectionEnd
02-23 01:54:54.275 12010 12010 D CAR.CLIENT.WM.WIN: GhFacetBar onWindowRemoved
02-23 01:54:54.277 21855 23394 I GH.RatingPromptManager: User is not eligible to see the rating prompt.
02-23 01:54:54.283 21855 23394 I GH.CsatRateLimiter: Not eligible for CSAT - too soon since last impression
02-23 01:54:54.283 21855  1478 I GH.HatsDownloadService: Downloading HaTS survey (8sHU3xiG80gP84nU2n30WfKSYRub).
02-23 01:54:54.289 12010 12010 D GH.GearheadService: onDestroy
02-23 01:54:54.289 19618 19738 W CAR.SENSOR: requestSensorStart failed
02-23 01:54:54.290 12010 12010 D GH.CarClientManager: unregistered listener ozw@a5d5d11
02-23 01:54:54.290 12010 12010 D GH.SharedNotifications: Status: #onListenerServiceDestroyed, Clients: 0, Clients requiring NLS: 0, State: 4, NLS class: com.google.android.projection.gearhead/com.google.android.gearhead.notifications.SharedNotificationListenerManager$ListenerService, Stored NLS instance: 107117695, Event NLS instance: 107117695
02-23 01:54:54.290 12010 12010 D GH.SharedNotifications: onListenerServiceDestroyed
02-23 01:54:54.290 12010 12010 I GH.InCallService: onUnbind
02-23 01:54:54.290 12010 12010 I GH.ICarCall: onUnbind, ending ongoing calls.
02-23 01:54:54.290 12010 12010 I GH.CarCallMapper: clearCalls
02-23 01:54:54.632 19618 19618 I CAR.AUDIO.MEDIA: stopAudioCaptureThread MEDIA
02-23 01:54:54.690 19618 32435 I CAR.AUDIO.MEDIA: Clearing system capture queue since audio capture thread is quitting
02-23 01:54:54.691 19618 19618 I CAR.AUDIO.CHANNEL: Mark stream not ready: MEDIA
02-23 01:54:54.691 19618 19618 I CAR.AUDIO.TTS: stopAudioCaptureThread TTS
02-23 01:54:54.691 19618 32434 I CAR.AUDIO.MEDIA: clearing transmission queue in bottom half
02-23 01:54:54.796 19618 32439 I CAR.AUDIO.TTS: Clearing system capture queue since audio capture thread is quitting
02-23 01:54:54.796 19618 19618 I CAR.AUDIO.CHANNEL: Mark stream not ready: TTS
02-23 01:54:54.796 19618 19618 I CAR.AUDIO.SYSTEM: stopAudioCaptureThread SYSTEM
02-23 01:54:54.796 19618 19618 I CAR.AUDIO.CHANNEL: Mark stream not ready: SYSTEM
02-23 01:54:54.796 19618 32442 I CAR.AUDIO.SYSTEM: clearing transmission queue in bottom half
02-23 01:54:54.796 19618 19618 W CAR.SENSOR: Couldn't send sensor rate request when stopping sensor
02-23 01:54:54.796 19618 19618 W CAR.SENSOR: Couldn't send sensor rate request when stopping sensor
02-23 01:54:54.796 19618 19618 W CAR.SENSOR: Couldn't send sensor rate request when stopping sensor
02-23 01:54:54.797 19618 19618 I CAR.AUDIO.FOCUS: Stop audio focus handler
02-23 01:54:54.797 19618 19618 W CAR.AUDIO.FOCUS: Car audio focus handler didn't start or already stopped
02-23 01:54:54.798 19618 32438 I CAR.AUDIO.TTS: clearing transmission queue in bottom half
02-23 01:54:54.799 19618 32427 I GH.MTMCByteCounter: MTMC byte counting stopped. Read 72 bytes and wrote 120 bytes over 226450 milliseconds.
02-23 01:54:54.799 19618 19618 I CAR.POOL_VIDEO: Logging in use buffers for consumer: POOL_VIDEO
02-23 01:54:54.801 19618 32426 W CAR.XFER.LITE: CAR_SERVICE_PROXY Read EOF or exception
02-23 01:54:54.804 19618 19618 I CAR.AUDIO.FOCUS: Stop audio focus handler
02-23 01:54:54.804 19618 19618 W CAR.AUDIO.FOCUS: Car audio focus handler didn't start or already stopped
02-23 01:54:54.804 19618 19618 I CAR.AUDIO.FOCUS: Stop audio focus handler
02-23 01:54:54.804 19618 19618 W CAR.AUDIO.FOCUS: Car audio focus handler didn't start or already stopped
02-23 01:54:54.805 19618 19618 I GH.CmpnDvcCtrlImpl: onDeviceDisappeared: Android Auto (4)
02-23 01:54:54.805 19618 19618 W CAR.SERVICE: Critical error 3 detail: 52 msg: io error
02-23 01:54:54.805 19618 19618 W GH.WirelessNetRequest: Lost network. lostNetwork=268, network=268
02-23 01:54:54.808 19618 19618 I GH.WIRELESS.SETUP: State changed to SHUTDOWN
02-23 01:54:54.809 21855 21896 I GH.ConnLoggerV2: Session 7bdbf25b-9c23-458c-9bb7-27434b9831e6, event 1254, detail OptionalInt.empty, WIRELESS_WIFI_NETWORK_CONNECTION_LOST, at 383583870 
02-23 01:54:54.813 19618 19618 I GH.WirelessNetRequest: unregisterRequest: removing nck@c6efc6d, requester state: NetworkRequester{10.0.0.1:5288, requestState: DISCONNECTED}
02-23 01:54:54.813 19618 19618 I GH.WirelessNetRequest: unregisterRequest: no callbacks registered, calling stop
02-23 01:54:54.818 19618 19618 I GH.WirelessShared: Ready to stop service if required? bindCount=0 isWirelessSetupManagerActive=false
02-23 01:54:54.819 21855 21896 I GH.ConnLoggerV2: Session 7bdbf25b-9c23-458c-9bb7-27434b9831e6, event 1255, detail OptionalInt.empty, WIRELESS_SETUP_CAR_BLUETOOTH_DISAPPEAR_BEFORE_WSEM, at 383583882 
02-23 01:54:54.820 19618 19618 I GH.WirelessShared: stopped foreground service
02-23 01:54:54.821 19618 19618 I GH.WirelessShared: Stopped service request sent for startId: 5
02-23 01:54:54.821 19618 19618 I GH.WIRELESS.SETUP: Quitting worker threads.
02-23 01:54:54.821 19618 19618 I GH.WIRELESS.SETUP: Waiting for worker threads to finish.
02-23 01:54:54.822 19618 19618 I GH.WIRELESS.SETUP: Wireless setup is stopped.
02-23 01:54:54.822 19618 19618 W CAR.LITE.LITE: Critical protocol error 3 (52)
02-23 01:54:54.823 19618 19618 I GH.CarConnSession: Tearing down
02-23 01:54:54.823 19618 19618 I CAR.AUDIO.FOCUS: Stop audio focus handler
02-23 01:54:54.823 19618 19618 W CAR.AUDIO.FOCUS: Car audio focus handler didn't start or already stopped
02-23 01:54:54.823 19618 19618 I CAR.AUDIO.FOCUS: Stop audio focus handler
02-23 01:54:54.823 19618 19618 W CAR.AUDIO.FOCUS: Car audio focus handler didn't start or already stopped
02-23 01:54:54.824 21855 21896 I GH.ConnLoggerV2: Session 7bdbf25b-9c23-458c-9bb7-27434b9831e6, event 1256, detail OptionalInt.empty, WIRELESS_SETUP_STOPPED, at 383583886 
02-23 01:54:54.824 19618 19618 I CAR.TOKEN: Connecting pof@71f6b3f using class pye@35715413/class pyh@214436876 (cx attempt 1)
02-23 01:54:54.827 19618 19618 I CAR.AUDIO.AFM: Received onAudioFocusGrant. gainRequest: GAIN, requestResult: GRANTED, clientId: android.media.AudioManager@8fc2020hoo@de39dd9, packageName: com.google.android.projection.gearhead, clientUid: 10253
02-23 01:54:54.827 19618 19618 W CAR.AUDIO.AFM: maybeNotifyFocusStackChangeAfterDelay: handler is null, so returning.
02-23 01:54:54.827 19618 19618 I CAR.WM  : removing window that is already removed igd@1a632b5{name=com.google.android.projection.gearhead:GhFacetBar,region=CarRegionId{regionId=2131429280 carDisplayId=CarDisplayId{displayId=0}},l=1,s=5,vis=false,anim=false,isResizing=false,a=1.0,windowInsets=Rect(0, 0 - 0, 0),systemInsets=Rect(0, 0 - 0, 0),regionsCastingInsets=[],insetSideHint=1,insetBehavior=0,carDisplayConfigurationId=ab44ae26-9226-45b2-8246-27e815fa81d4,windowDecorationParams=ProjectionWindowDecorationParams{outlineLeft=0, outlineTop=0, outlineRight=0, outlineBottom=0, corners=1, cornerRadius=0, antiAliasingType=1, showOutlinesOnlyWhenInset=false, showRoundedCornersOnlyWhenInset=false, borderWidth0},transparencyEnabled=true,stableZ=468,hasSystemLayoutZOverride=false,nonSystemOverrideLayoutZ=468{blX=0, blY=0, trX=800, trY=70, width=800, height=70, z=468, systemWindowInsets=Rect(0, 0 - 0, 0), enterAnimation=null, exitAnimation=null, focusFlags=8, visibilityFlags=0},surface=null,nupdated=0,nrendered=0,nonDrawnTouches=0,tid=0,vertices=[0, 0, 800, 70],lastRenderBounds=null}
02-23 01:54:54.828 19618 19618 I GH.CarConnSession: Tearing down
02-23 01:54:54.828 19618 19618 I CAR.AUDIO.FOCUS: Stop audio focus handler
02-23 01:54:54.828 19618 19618 W CAR.AUDIO.FOCUS: Car audio focus handler didn't start or already stopped
02-23 01:54:54.828 19618 19618 I CAR.AUDIO.FOCUS: Stop audio focus handler
02-23 01:54:54.828 19618 19618 W CAR.AUDIO.FOCUS: Car audio focus handler didn't start or already stopped
02-23 01:54:54.828 19618 19740 I GH.CarConnSessMgr: Tearing down active session
02-23 01:54:54.828 19618 19618 I CAR.TOKEN: Disconnecting pof@b2db7a8 (cx attempt: 1).
02-23 01:54:54.828 19618 19740 I GH.CarConnSessMgr: Revoking active session
02-23 01:54:54.828 19618 19618 I GH.GhCarClientCtor: Disconnecting GearheadCarClientConnector.
02-23 01:54:54.828 19618 19618 I GH.GhCarClientCtor: Unbinding service connection.
02-23 01:54:54.828 12010 13246 D GH.MultiCarCxnListener: onCarDisconnected() on binder thread. instance: pyn@25c646c, listener: pxx@526691f
02-23 01:54:54.828 12010 13246 D GH.MultiCarCxnListener: onCarDisconnected() on binder thread. instance: pyn@23aabfc, listener: pxx@a99d4ef
02-23 01:54:54.828 12010 13246 D GH.MultiCarCxnListener: onCarDisconnected() on binder thread. instance: pyn@73313b, listener: pxx@5be3bca
02-23 01:54:54.828 19618 19618 I CAR.TOKEN: Disconnected pyk@444d5d1 using class pye@40335974/class pyh@73175745 (cx attempt 1)
02-23 01:54:54.828 12010 13246 D GH.MultiCarCxnListener: onCarDisconnected() on binder thread. instance: pyn@3683afc, listener: pxx@f9974f4
02-23 01:54:54.828 12010 13246 D GH.MultiCarCxnListener: onCarDisconnected() on binder thread. instance: pyn@421585, listener: pxx@b547b8d
02-23 01:54:54.828 12010 13246 D GH.MultiCarCxnListener: onCarDisconnected() on binder thread. instance: pyn@f7c0ae8, listener: pxx@85d7117
02-23 01:54:54.828 12010 13246 D GH.MultiCarCxnListener: onCarDisconnected() on binder thread. instance: pyn@812ec0b, listener: pxx@c9e217d
02-23 01:54:54.828 12010 13246 D GH.MultiCarCxnListener: onCarDisconnected() on binder thread. instance: pyn@88fdfda, listener: pxx@32695ec
02-23 01:54:54.828 12010 13246 D GH.MultiCarCxnListener: onCarDisconnected() on binder thread. instance: pyn@31c1fa6, listener: pxx@e152611
02-23 01:54:54.828 12010 13246 D GH.MultiCarCxnListener: onCarDisconnected() on binder thread. instance: pyn@a938501, listener: pxx@70eaa33
02-23 01:54:54.828 12010 13246 D GH.MultiCarCxnListener: onCarDisconnected() on binder thread. instance: pyn@daad183, listener: pxx@6e4f05
02-23 01:54:54.829 12010 13246 D GH.MultiCarCxnListener: onCarDisconnected() on binder thread. instance: pyn@fbf02df, listener: pxx@6e409db
02-23 01:54:54.829 12010 13246 D GH.MultiCarCxnListener: onCarDisconnected() on binder thread. instance: pyn@87aed94, listener: pxx@b57028b
02-23 01:54:54.829 12010 13246 D GH.MultiCarCxnListener: onCarDisconnected() on binder thread. instance: pyn@5023de7, listener: pxx@a290424
02-23 01:54:54.829 12010 13246 D GH.MultiCarCxnListener: onCarDisconnected() on binder thread. instance: pyn@532703d, listener: pxx@d94873f
02-23 01:54:54.829 12010 13246 D GH.MultiCarCxnListener: onCarDisconnected() on binder thread. instance: pyn@bdad339, listener: pxx@6882ba4
02-23 01:54:54.829 12010 13246 D GH.MultiCarCxnListener: onCarDisconnected() on binder thread. instance: pyn@da9032, listener: pxx@f3978e0
02-23 01:54:54.829 12010 13246 D GH.MultiCarCxnListener: onCarDisconnected() on binder thread. instance: pyn@be34f00, listener: pxx@18df5a
02-23 01:54:54.829 12010 13246 D GH.MultiCarCxnListener: onCarDisconnected() on binder thread. instance: pyn@f9d7d7e, listener: pxx@56b4646
02-23 01:54:54.829 12010 13246 D GH.MultiCarCxnListener: onCarDisconnected() on binder thread. instance: pyn@c69f5, listener: pxx@adfa151
02-23 01:54:54.829 12010 13246 D GH.MultiCarCxnListener: onCarDisconnected() on binder thread. instance: pyn@eae5b2c, listener: pxx@64e6a28
02-23 01:54:54.829 12010 13246 D GH.MultiCarCxnListener: onCarDisconnected() on binder thread. instance: pyn@186b071, listener: pxx@5d947f6
02-23 01:54:54.829 12010 13246 D GH.MultiCarCxnListener: onCarDisconnected() on binder thread. instance: pyn@60ff38a, listener: pxx@a1f5a6f
02-23 01:54:54.829 12010 13246 D GH.MultiCarCxnListener: onCarDisconnected() on binder thread. instance: pyn@881be56, listener: pxx@5520581
02-23 01:54:54.829 12010 13246 D GH.MultiCarCxnListener: onCarDisconnected() on binder thread. instance: pyn@7baedfb, listener: pxx@7ec1306
02-23 01:54:54.829 11773 23037 D GH.MultiCarCxnListener: onCarDisconnected() on binder thread. instance: ccnp@5638cdb, listener: ccpt@6830ad3
02-23 01:54:54.829 11773 23041 D GH.MultiCarCxnListener: onCarDisconnected() on binder thread. instance: ccnp@cafe378, listener: ccpt@e682faa
02-23 01:54:54.829 12010 21600 D GH.MultiCarCxnListener: onCarDisconnected() on binder thread. instance: pyn@cf36e1e, listener: pxx@645a259
02-23 01:54:54.829 11773 11773 D CAR.CLIENT: localCarConnectionListener received onCarDisconnected()
02-23 01:54:54.829 11773 23041 D GH.MultiCarCxnListener: onCarDisconnected() on binder thread. instance: ccnp@5029a51, listener: ccpt@f47fb8
02-23 01:54:54.829 11773 11773 D CAR.CLIENT: tearDownProjectionSessionState() ccpw@1128237
02-23 01:54:54.829 11773 11773 D CAR.CLIENT: tearDownCarManagers() ccpw@1128237
02-23 01:54:54.829 12010 21600 D GH.MultiCarCxnListener: onCarDisconnected() on binder thread. instance: pyn@3b9fca9, listener: pxx@cb2edb8
02-23 01:54:54.829 12010 21600 D GH.MultiCarCxnListener: onCarDisconnected() on binder thread. instance: pyn@3e87830, listener: pxx@924fc52
02-23 01:54:54.829 11773 23041 D GH.MultiCarCxnListener: onCarDisconnected() on binder thread. instance: ccnp@2058a8d, listener: ccpt@3c50fba
02-23 01:54:54.829 11773 11773 D CAR.CLIENT: localCarConnectionListener received onCarDisconnected()
02-23 01:54:54.829 12010 21600 D GH.MultiCarCxnListener: onCarDisconnected() on binder thread. instance: pyn@4e2422e, listener: pxx@a6cba9e
02-23 01:54:54.829 11773 11773 D CAR.CLIENT: tearDownProjectionSessionState() ccpw@18da1d9
02-23 01:54:54.829 11773 11773 D CAR.CLIENT: tearDownCarManagers() ccpw@18da1d9
02-23 01:54:54.829 11773 23041 D GH.MultiCarCxnListener: onCarDisconnected() on binder thread. instance: ccnp@8c692b6, listener: ccpt@e180edb
02-23 01:54:54.829 12010 21600 D GH.MultiCarCxnListener: onCarDisconnected() on binder thread. instance: pyn@21461cf, listener: pxx@7d0106b
02-23 01:54:54.829 11773 11773 D CAR.CLIENT: localCarConnectionListener received onCarDisconnected()
02-23 01:54:54.829 11773 11773 D CAR.CLIENT: tearDownProjectionSessionState() ccpw@f239c07
02-23 01:54:54.829 11773 11773 D CAR.CLIENT: tearDownCarManagers() ccpw@f239c07
02-23 01:54:54.829 12010 21600 D GH.MultiCarCxnListener: onCarDisconnected() on binder thread. instance: pyn@d94e75c, listener: pxx@b6a3784
02-23 01:54:54.829 11773 11773 D CAR.CLIENT: localCarConnectionListener received onCarDisconnected()
02-23 01:54:54.829 11773 11773 D CAR.CLIENT: tearDownProjectionSessionState() ccpw@affa2d6
02-23 01:54:54.829 12010 21600 D GH.MultiCarCxnListener: onCarDisconnected() on binder thread. instance: pyn@40cba65, listener: pxx@b86a0cc
02-23 01:54:54.829 11773 11773 D CAR.CLIENT: tearDownCarManagers() ccpw@affa2d6
02-23 01:54:54.829 12010 12022 D GH.MultiCarCxnListener: onCarDisconnected() on binder thread. instance: pyn@b1231b3, listener: pxx@29f9322
02-23 01:54:54.829 11773 11773 D CAR.CLIENT: localCarConnectionListener received onCarDisconnected()
02-23 01:54:54.829 12010 21600 D GH.MultiCarCxnListener: onCarDisconnected() on binder thread. instance: pyn@954533a, listener: pxx@888e834
02-23 01:54:54.829 11773 11773 D CAR.CLIENT: tearDownProjectionSessionState() ccpw@307521d
02-23 01:54:54.829 11773 11773 D CAR.CLIENT: tearDownCarManagers() ccpw@307521d
02-23 01:54:54.829 12010 12021 D GH.MultiCarCxnListener: onCarDisconnected() on binder thread. instance: pyn@cfd7f36, listener: pxx@24768d1
02-23 01:54:54.829 11773 23041 D GH.MultiCarCxnListener: onCarDisconnected() on binder thread. instance: ccnp@1d60a7, listener: ccpt@dca09bb
02-23 01:54:54.829 11773 11773 D CAR.CLIENT: localCarConnectionListener received onCarDisconnected()
02-23 01:54:54.829 11773 11773 D CAR.CLIENT: tearDownProjectionSessionState() ccpw@a1cbb6
02-23 01:54:54.829 12010 12703 D GH.MultiCarCxnListener: onCarDisconnected() on binder thread. instance: pyn@775448, listener: pxx@df1feeb
02-23 01:54:54.829 11773 14136 D GH.MultiCarCxnListener: onCarDisconnected() on binder thread. instance: ccnp@80feba2, listener: ccpt@ad65abb
02-23 01:54:54.829 11773 11773 D CAR.CLIENT: tearDownCarManagers() ccpw@a1cbb6
02-23 01:54:54.829 11773 11773 D CAR.CLIENT: localCarConnectionListener received onCarDisconnected()
02-23 01:54:54.829 11773 11773 D CAR.CLIENT: tearDownProjectionSessionState() ccpw@99758b5
02-23 01:54:54.829 11773 23041 D GH.MultiCarCxnListener: onCarDisconnected() on binder thread. instance: ccnp@f0edff9, listener: ccpt@f34e24e
02-23 01:54:54.829 11773 11773 D CAR.CLIENT: tearDownCarManagers() ccpw@99758b5
02-23 01:54:54.829 11773 23037 D GH.MultiCarCxnListener: onCarDisconnected() on binder thread. instance: ccnp@4b4bc53, listener: ccpt@cf41115
02-23 01:54:54.829 12010 12703 D GH.MultiCarCxnListener: onCarDisconnected() on binder thread. instance: pyn@371d48, listener: pxx@3d3a65c
02-23 01:54:54.829 11773 23041 D GH.MultiCarCxnListener: onCarDisconnected() on binder thread. instance: ccnp@c041bb7, listener: ccpt@187cd3e
02-23 01:54:54.829 11773 11773 D CAR.CLIENT: localCarConnectionListener received onCarDisconnected()
02-23 01:54:54.829 11773 11773 D CAR.CLIENT: tearDownProjectionSessionState() ccpw@58e9a08
02-23 01:54:54.829 11773 11773 D CAR.CLIENT: tearDownCarManagers() ccpw@58e9a08
02-23 01:54:54.829 11773 22683 D GH.MultiCarCxnListener: onCarDisconnected() on binder thread. instance: ccnp@4bbbf24, listener: ccpt@749c697
02-23 01:54:54.829 12010 12411 D GH.MultiCarCxnListener: onCarDisconnected() on binder thread. instance: pyn@6b56838, listener: pxx@92d2c9b
02-23 01:54:54.829 11773 23041 D GH.MultiCarCxnListener: onCarDisconnected() on binder thread. instance: ccnp@c1f536d, listener: ccpt@bd7aca0
02-23 01:54:54.829 11773 11773 D CAR.CLIENT: localCarConnectionListener received onCarDisconnected()
02-23 01:54:54.829 12010 12022 D GH.MultiCarCxnListener: onCarDisconnected() on binder thread. instance: pyn@9a46906, listener: pxx@fe25300
02-23 01:54:54.829 11773 11773 D CAR.CLIENT: tearDownProjectionSessionState() ccpw@6501c1e
02-23 01:54:54.829 12010 12703 D GH.MultiCarCxnListener: onCarDisconnected() on binder thread. instance: pyn@3a4bbc7, listener: pxx@f58c9d0
02-23 01:54:54.829 11773 11773 D CAR.CLIENT: tearDownCarManagers() ccpw@6501c1e
02-23 01:54:54.829 12010 27844 D GH.MultiCarCxnListener: onCarDisconnected() on binder thread. instance: pyn@cf60167, listener: pxx@23ec126
02-23 01:54:54.829 12010 13246 D GH.MultiCarCxnListener: onCarDisconnected() on binder thread. instance: pyn@a3bfe18, listener: pxx@ccdd694
02-23 01:54:54.829 19618 19618 I GH.CarClientManager: Disconnecting CarClientToken and resetting state
02-23 01:54:54.829 11773 11773 D CAR.CLIENT: localCarConnectionListener received onCarDisconnected()
02-23 01:54:54.829 11773 11773 D CAR.CLIENT: tearDownProjectionSessionState() ccpw@23d2b54
02-23 01:54:54.829 12010 22046 D GH.MultiCarCxnListener: onCarDisconnected() on binder thread. instance: pyn@69f3af, listener: pxx@46d6f8e
02-23 01:54:54.829 11773 11773 D CAR.CLIENT: tearDownCarManagers() ccpw@23d2b54
02-23 01:54:54.829 19618 19618 I CAR.TOKEN: Disconnecting pof@9fcf4a9 (cx attempt: 1).
02-23 01:54:54.829 12010 12703 D GH.MultiCarCxnListener: onCarDisconnected() on binder thread. instance: pyn@144c5f4, listener: pxx@f968312
02-23 01:54:54.829 11773 23041 D GH.MultiCarCxnListener: onCarDisconnected() on binder thread. instance: ccnp@9dee033, listener: ccpt@6e91260
02-23 01:54:54.829 19618 19618 I GH.GhCarClientCtor: Disconnecting GearheadCarClientConnector.
02-23 01:54:54.829 19618 19618 I GH.GhCarClientCtor: Unbinding service connection.
02-23 01:54:54.829 11773 11773 D CAR.CLIENT: localCarConnectionListener received onCarDisconnected()
02-23 01:54:54.829 12010 12021 D GH.MultiCarCxnListener: onCarDisconnected() on binder thread. instance: pyn@31f4beb, listener: pxx@61b2d39
02-23 01:54:54.829 11773 11773 D CAR.CLIENT: tearDownProjectionSessionState() ccpw@fc0cd2
02-23 01:54:54.829 11773 11773 D CAR.CLIENT: tearDownCarManagers() ccpw@fc0cd2
02-23 01:54:54.829 11773 11773 D CAR.CLIENT: localCarConnectionListener received onCarDisconnected()
02-23 01:54:54.829 12010 12021 D GH.MultiCarCxnListener: onCarDisconnected() on binder thread. instance: pyn@48e0f92, listener: pxx@c6aabfc
02-23 01:54:54.829 11773 11773 D CAR.CLIENT: tearDownProjectionSessionState() ccpw@ff40c92
02-23 01:54:54.829 12010 22046 D GH.MultiCarCxnListener: onCarDisconnected() on binder thread. instance: pyn@d50d11d, listener: pxx@9c312d
02-23 01:54:54.829 11773 11773 D CAR.CLIENT: tearDownCarManagers() ccpw@ff40c92
02-23 01:54:54.829 11773 23041 D GH.MultiCarCxnListener: onCarDisconnected() on binder thread. instance: ccnp@2a12442, listener: ccpt@e48cd59
02-23 01:54:54.829 11773 23037 D GH.MultiCarCxnListener: onCarDisconnected() on binder thread. instance: ccnp@d87a990, listener: ccpt@ff9d33c
02-23 01:54:54.829 11773 11773 D CAR.CLIENT: localCarConnectionListener received onCarDisconnected()
02-23 01:54:54.829 11773 11773 D CAR.CLIENT: tearDownProjectionSessionState() ccpw@d4a49bb
02-23 01:54:54.829 11773 11773 D CAR.CLIENT: tearDownCarManagers() ccpw@d4a49bb
02-23 01:54:54.829 11773 11773 D CAR.CLIENT: localCarConnectionListener received onCarDisconnected()
02-23 01:54:54.829 11773 11773 D CAR.CLIENT: tearDownProjectionSessionState() ccpw@9185234
02-23 01:54:54.829 11773 11773 D CAR.CLIENT: tearDownCarManagers() ccpw@9185234
02-23 01:54:54.829 11773 11773 D CAR.CLIENT: localCarConnectionListener received onCarDisconnected()
02-23 01:54:54.829 11773 11773 D CAR.CLIENT: tearDownProjectionSessionState() ccpw@1555336
02-23 01:54:54.829 11773 11773 D CAR.CLIENT: tearDownCarManagers() ccpw@1555336
02-23 01:54:54.829 12010 22046 D GH.MultiCarCxnListener: onCarDisconnected() on binder thread. instance: pyn@5e24d60, listener: pxx@9214970
02-23 01:54:54.829 11773 11785 D GH.MultiCarCxnListener: onCarDisconnected() on binder thread. instance: ccnp@de096c0, listener: ccpt@25d839a
02-23 01:54:54.829 11773 22683 D GH.MultiCarCxnListener: onCarDisconnected() on binder thread. instance: ccnp@3c4caaf, listener: ccpt@a863857
02-23 01:54:54.829 12010 22046 D GH.MultiCarCxnListener: onCarDisconnected() on binder thread. instance: pyn@d2e6219, listener: pxx@d52646c
02-23 01:54:54.829 11773 23041 D GH.MultiCarCxnListener: onCarDisconnected() on binder thread. instance: ccnp@6a72ff0, listener: ccpt@2f255ca
02-23 01:54:54.829 12010 12021 D GH.MultiCarCxnListener: onCarDisconnected() on binder thread. instance: pyn@6f992de, listener: pxx@5a9e0ce
02-23 01:54:54.829 12010 22046 D GH.MultiCarCxnListener: onCarDisconnected() on binder thread. instance: pyn@8b75cbf, listener: pxx@dd57c47
02-23 01:54:54.829 11773 11773 D CAR.CLIENT: localCarConnectionListener received onCarDisconnected()
02-23 01:54:54.829 19618 19618 I CAR.TOKEN: Disconnected pyk@b1ae836 using class pye@213653967/class pyh@116775470 (cx attempt 1)
02-23 01:54:54.829 11773 11773 D CAR.CLIENT: tearDownProjectionSessionState() ccpw@d13d4eb
02-23 01:54:54.829 11773 11773 D CAR.CLIENT: tearDownCarManagers() ccpw@d13d4eb
02-23 01:54:54.829 11773 11773 D CAR.CLIENT: localCarConnectionListener received onCarDisconnected()
02-23 01:54:54.829 11773 11773 D CAR.CLIENT: tearDownProjectionSessionState() ccpw@1af1f7b
02-23 01:54:54.829 11773 11773 D CAR.CLIENT: tearDownCarManagers() ccpw@1af1f7b
02-23 01:54:54.829 19618 19618 W GH.CarClientManager: Illegal state transition from CLIENT_CONNECTED to UNINITIALIZED! Allowing anyway.
02-23 01:54:54.829 11773 11773 D CAR.CLIENT: localCarConnectionListener received onCarDisconnected()
02-23 01:54:54.829 19618 19618 I GH.CarClientManager: Transition from CLIENT_CONNECTED to UNINITIALIZED.
02-23 01:54:54.829 11773 11773 D CAR.CLIENT: tearDownProjectionSessionState() ccpw@b094728
02-23 01:54:54.829 11773 11773 D CAR.CLIENT: tearDownCarManagers() ccpw@b094728
02-23 01:54:54.829 12010 12021 D GH.MultiCarCxnListener: onCarDisconnected() on binder thread. instance: pyn@3ba06d5, listener: pxx@825b569
02-23 01:54:54.829 12010 13246 D GH.MultiCarCxnListener: onCarDisconnected() on binder thread. instance: pyn@207feea, listener: pxx@dcfed0
02-23 01:54:54.829 11773 23041 D GH.MultiCarCxnListener: onCarDisconnected() on binder thread. instance: ccnp@dcd4289, listener: ccpt@15fed9d
02-23 01:54:54.829 12010 12021 D GH.MultiCarCxnListener: onCarDisconnected() on binder thread. instance: pyn@c3044ce, listener: pxx@789e5c9
02-23 01:54:54.829 11773 22683 D GH.MultiCarCxnListener: onCarDisconnected() on binder thread. instance: ccnp@9a1428e, listener: ccpt@adfb41
02-23 01:54:54.829 11773 11773 D CAR.CLIENT: localCarConnectionListener received onCarDisconnected()
02-23 01:54:54.829 12010 12703 D GH.MultiCarCxnListener: onCarDisconnected() on binder thread. instance: pyn@f05db, listener: pxx@3799bc0
02-23 01:54:54.829 11773 23037 D GH.MultiCarCxnListener: onCarDisconnected() on binder thread. instance: ccnp@3bb30fd, listener: ccpt@cc0f7df
02-23 01:54:54.829 11773 11773 D CAR.CLIENT: tearDownProjectionSessionState() ccpw@1ed6386
02-23 01:54:54.829 19618 19618 I GH.WifiPreflight: Sending Close Broadcast
