02-23 01:50:44.835 12010 12021 D GH.MultiCarCxnListener: onCarDisconnected() on binder thread. instance: pyn@f05db, listener: pxx@3799bc0
02-23 01:50:44.835 11773 11773 D CAR.CLIENT: tearDownProjectionSessionState() ccpw@1af1f7b
02-23 01:50:44.835 11773 11773 D CAR.CLIENT: tearDownCarManagers() ccpw@1af1f7b
02-23 01:50:44.835 11773 14136 D GH.MultiCarCxnListener: onCarDisconnected() on binder thread. instance: ccnp@23e7e45, listener: ccpt@b4dd408
02-23 01:50:44.835 12010 12021 D GH.MultiCarCxnListener: onCarDisconnected() on binder thread. instance: pyn@c3044ce, listener: pxx@789e5c9
02-23 01:50:44.835 11773 11773 D CAR.CLIENT: localCarConnectionListener received onCarDisconnected()
02-23 01:50:44.835 11773 11773 D CAR.CLIENT: tearDownProjectionSessionState() ccpw@e29c9a1
02-23 01:50:44.835 11773 14136 D GH.MultiCarCxnListener: onCarDisconnected() on binder thread. instance: ccnp@d72f99a, listener: ccpt@fd8ae10
02-23 01:50:44.835 12010 12021 D GH.MultiCarCxnListener: onCarDisconnected() on binder thread. instance: pyn@e6e542e, listener: pxx@e8316a9
02-23 01:50:44.835 11773 11773 D CAR.CLIENT: tearDownCarManagers() ccpw@e29c9a1
02-23 01:50:44.835 11773 11773 D CAR.CLIENT: localCarConnectionListener received onCarDisconnected()
02-23 01:50:44.835 12010 12021 D GH.MultiCarCxnListener: onCarDisconnected() on binder thread. instance: pyn@6b805dc, listener: pxx@46eea4f
02-23 01:50:44.835 11773 11773 D CAR.CLIENT: tearDownProjectionSessionState() ccpw@d4d8e25
02-23 01:50:44.835 11773 11773 D CAR.CLIENT: tearDownCarManagers() ccpw@d4d8e25
02-23 01:50:44.835 12010 12021 D GH.MultiCarCxnListener: onCarDisconnected() on binder thread. instance: pyn@845099, listener: pxx@338e5e0
02-23 01:50:44.835 11773 11785 D GH.MultiCarCxnListener: onCarDisconnected() on binder thread. instance: ccnp@99f1aa8, listener: ccpt@c4ef6a9
02-23 01:50:44.835 11773 11773 D CAR.CLIENT: localCarConnectionListener received onCarDisconnected()
02-23 01:50:44.835 11773 11773 D CAR.CLIENT: tearDownProjectionSessionState() ccpw@6ec74c2
02-23 01:50:44.835 12010 12021 D GH.MultiCarCxnListener: onCarDisconnected() on binder thread. instance: pyn@adc721f, listener: pxx@c9a21be
02-23 01:50:44.835 11773 11785 D GH.MultiCarCxnListener: onCarDisconnected() on binder thread. instance: ccnp@8cdb9c1, listener: ccpt@ac89748
02-23 01:50:44.835 11773 11773 D CAR.CLIENT: tearDownCarManagers() ccpw@6ec74c2
02-23 01:50:44.835 11773 11773 D CAR.CLIENT: localCarConnectionListener received onCarDisconnected()
02-23 01:50:44.835 11773 11773 D CAR.CLIENT: tearDownProjectionSessionState() ccpw@dc9110
02-23 01:50:44.835 11773 11773 D CAR.CLIENT: tearDownCarManagers() ccpw@dc9110
02-23 01:50:44.835 12010 12021 D GH.MultiCarCxnListener: onCarDisconnected() on binder thread. instance: pyn@f10f842, listener: pxx@5c02e8d
02-23 01:50:44.835 11773 11785 D GH.MultiCarCxnListener: onCarDisconnected() on binder thread. instance: ccnp@a771566, listener: ccpt@b8c347e
02-23 01:50:44.835 11773 11773 D CAR.CLIENT: localCarConnectionListener received onCarDisconnected()
02-23 01:50:44.835 12010 12021 D GH.MultiCarCxnListener: onCarDisconnected() on binder thread. instance: pyn@bd1f26e, listener: pxx@55545e9
02-23 01:50:44.835 11773 11785 D GH.MultiCarCxnListener: onCarDisconnected() on binder thread. instance: ccnp@81f3954, listener: ccpt@a6ea32
02-23 01:50:44.835 11773 11773 D CAR.CLIENT: tearDownProjectionSessionState() ccpw@e68bf01
02-23 01:50:44.835 11773 11773 D CAR.CLIENT: tearDownCarManagers() ccpw@e68bf01
02-23 01:50:44.835 12010 12021 D GH.MultiCarCxnListener: onCarDisconnected() on binder thread. instance: pyn@da93911, listener: pxx@2e6c538
02-23 01:50:44.835 11773 32368 D GH.MultiCarCxnListener: onCarDisconnected() on binder thread. instance: ccnp@3bb30fd, listener: ccpt@cc0f7df
02-23 01:50:44.835 11773 11785 D GH.MultiCarCxnListener: onCarDisconnected() on binder thread. instance: ccnp@4f21f2, listener: ccpt@ebd2975
02-23 01:50:44.835 12010 12021 D GH.MultiCarCxnListener: onCarDisconnected() on binder thread. instance: pyn@9d424d7, listener: pxx@c5a8c56
02-23 01:50:44.835 11773 11785 D GH.MultiCarCxnListener: onCarDisconnected() on binder thread. instance: ccnp@1356043, listener: ccpt@b2e9a42
02-23 01:50:44.835 11773 11773 D CAR.CLIENT: localCarConnectionListener received onCarDisconnected()
02-23 01:50:44.835 12010 12021 D GH.MultiCarCxnListener: onCarDisconnected() on binder thread. instance: pyn@31eee65, listener: pxx@97f6b5c
02-23 01:50:44.835 11773 32370 D GH.MultiCarCxnListener: onCarDisconnected() on binder thread. instance: ccnp@8c692b6, listener: ccpt@e180edb
02-23 01:50:44.835 12010 12021 D GH.MultiCarCxnListener: onCarDisconnected() on binder thread. instance: pyn@831ba7d, listener: pxx@89bf8d4
02-23 01:50:44.835 11773 11773 D CAR.CLIENT: tearDownProjectionSessionState() ccpw@af674ad
02-23 01:50:44.835 11773 11773 D CAR.CLIENT: tearDownCarManagers() ccpw@af674ad
02-23 01:50:44.835 12010 12021 D GH.MultiCarCxnListener: onCarDisconnected() on binder thread. instance: pyn@7aba3d5, listener: pxx@d80d08c
02-23 01:50:44.835 11773 32371 D GH.MultiCarCxnListener: onCarDisconnected() on binder thread. instance: ccnp@de096c0, listener: ccpt@25d839a
02-23 01:50:44.835 12010 12021 D GH.MultiCarCxnListener: onCarDisconnected() on binder thread. instance: pyn@a1d7c5e, listener: pxx@f320199
02-23 01:50:44.835 11773 11773 D CAR.CLIENT: localCarConnectionListener received onCarDisconnected()
02-23 01:50:44.835 11773 11773 D CAR.CLIENT: tearDownProjectionSessionState() ccpw@1583ff
02-23 01:50:44.835 11773 11773 D CAR.CLIENT: tearDownCarManagers() ccpw@1583ff
02-23 01:50:44.835 12010 12021 D GH.MultiCarCxnListener: onCarDisconnected() on binder thread. instance: pyn@b41623e, listener: pxx@54052f9
02-23 01:50:44.835 11773 11773 D CAR.CLIENT: localCarConnectionListener received onCarDisconnected()
02-23 01:50:44.835 12010 12021 D GH.MultiCarCxnListener: onCarDisconnected() on binder thread. instance: pyn@899e474, listener: pxx@5b94447
02-23 01:50:44.835 11773 11773 D CAR.CLIENT: tearDownProjectionSessionState() ccpw@6b931ef
02-23 01:50:44.835 11773 11773 D CAR.CLIENT: tearDownCarManagers() ccpw@6b931ef
02-23 01:50:44.835 11773 23041 D GH.MultiCarCxnListener: onCarDisconnected() on binder thread. instance: ccnp@f0edff9, listener: ccpt@f34e24e
02-23 01:50:44.835 12010 12021 D GH.MultiCarCxnListener: onCarDisconnected() on binder thread. instance: pyn@710d083, listener: pxx@e2d2b32
02-23 01:50:44.835 11773 11773 D CAR.CLIENT: localCarConnectionListener received onCarDisconnected()
02-23 01:50:44.835 11773 23038 D GH.MultiCarCxnListener: onCarDisconnected() on binder thread. instance: ccnp@1d60a7, listener: ccpt@dca09bb
02-23 01:50:44.835 12010 12021 D GH.MultiCarCxnListener: onCarDisconnected() on binder thread. instance: pyn@27827eb, listener: pxx@5571f3a
02-23 01:50:44.835 12010 12021 D GH.MultiCarCxnListener: onCarDisconnected() on binder thread. instance: pyn@27827eb, listener: pog@7ddd3e1
02-23 01:50:44.835 11773 11773 D CAR.CLIENT: tearDownProjectionSessionState() ccpw@7db8480
02-23 01:50:44.835 11773 32371 D GH.MultiCarCxnListener: onCarDisconnected() on binder thread. instance: ccnp@143bd9f, listener: ccpt@563e458
02-23 01:50:44.835 11773 11773 D CAR.CLIENT: tearDownCarManagers() ccpw@7db8480
02-23 01:50:44.835 11773 11773 D CAR.CLIENT: localCarConnectionListener received onCarDisconnected()
02-23 01:50:44.835 11773 11773 D CAR.CLIENT: tearDownProjectionSessionState() ccpw@6d12be8
02-23 01:50:44.835 12010 12703 D GH.MultiCarCxnListener: onCarDisconnected() on binder thread. instance: pyn@4e2422e, listener: pxx@a6cba9e
02-23 01:50:44.835 12010 12021 D GH.MultiCarCxnListener: onCarDisconnected() on binder thread. instance: pyn@275df81, listener: pxx@b5d3f68
02-23 01:50:44.835 11773 11773 D CAR.CLIENT: tearDownCarManagers() ccpw@6d12be8
02-23 01:50:44.835 11773 11773 D CAR.CLIENT: localCarConnectionListener received onCarDisconnected()
02-23 01:50:44.835 12010 12021 D GH.MultiCarCxnListener: onCarDisconnected() on binder thread. instance: pyn@f74b8ff, listener: pxx@d9db81e
02-23 01:50:44.835 11773 11773 D CAR.CLIENT: tearDownProjectionSessionState() ccpw@7874851
02-23 01:50:44.835 11773 11773 D CAR.CLIENT: tearDownCarManagers() ccpw@7874851
02-23 01:50:44.835 11773 11773 D CAR.CLIENT: localCarConnectionListener received onCarDisconnected()
02-23 01:50:44.835 11773 11773 D CAR.CLIENT: tearDownProjectionSessionState() ccpw@d13d4eb
02-23 01:50:44.835 12010 12703 D GH.MultiCarCxnListener: onCarDisconnected() on binder thread. instance: pyn@7ff23d5, listener: pxx@4f2508c
02-23 01:50:44.835 11773 11773 D CAR.CLIENT: tearDownCarManagers() ccpw@d13d4eb
02-23 01:50:44.835 12010 14722 D GH.MultiCarCxnListener: onCarDisconnected() on binder thread. instance: pyn@a3bfe18, listener: pxx@ccdd694
02-23 01:50:44.835 11773 11773 D CAR.CLIENT: localCarConnectionListener received onCarDisconnected()
02-23 01:50:44.835 11773 11773 D CAR.CLIENT: tearDownProjectionSessionState() ccpw@58e9a08
02-23 01:50:44.835 11773 11773 D CAR.CLIENT: tearDownCarManagers() ccpw@58e9a08
02-23 01:50:44.835 12010 12703 D GH.MultiCarCxnListener: onCarDisconnected() on binder thread. instance: pyn@b8cbf9c, listener: pxx@e9f730f
02-23 01:50:44.835 11773 11773 D CAR.CLIENT: localCarConnectionListener received onCarDisconnected()
02-23 01:50:44.835 12010 14722 D GH.MultiCarCxnListener: onCarDisconnected() on binder thread. instance: pyn@281b8b9, listener: pxx@9e85a80
02-23 01:50:44.835 11773 11773 D CAR.CLIENT: tearDownProjectionSessionState() ccpw@a1cbb6
02-23 01:50:44.835 12010 12703 D GH.MultiCarCxnListener: onCarDisconnected() on binder thread. instance: pyn@6d05bad, listener: pxx@6d8a0c4
02-23 01:50:44.835 11773 11773 D CAR.CLIENT: tearDownCarManagers() ccpw@a1cbb6
02-23 01:50:44.835 12010 14722 D GH.MultiCarCxnListener: onCarDisconnected() on binder thread. instance: pyn@4a137fb, listener: pxx@cd9258a
02-23 01:50:44.835 11773 11773 D CAR.CLIENT: localCarConnectionListener received onCarDisconnected()
02-23 01:50:44.835 12010 12703 D GH.MultiCarCxnListener: onCarDisconnected() on binder thread. instance: pyn@6989166, listener: pxx@ad7a5c1
02-23 01:50:44.835 11773 11773 D CAR.CLIENT: tearDownProjectionSessionState() ccpw@6e55fca
02-23 01:50:44.835 11773 11773 D CAR.CLIENT: tearDownCarManagers() ccpw@6e55fca
02-23 01:50:44.835 12010 14722 D GH.MultiCarCxnListener: onCarDisconnected() on binder thread. instance: pyn@cb42e6e, listener: pxx@7aaf1e9
02-23 01:50:44.835 12010 13147 D GH.MultiCarCxnListener: onCarDisconnected() on binder thread. instance: pyn@d94e75c, listener: pxx@b6a3784
02-23 01:50:44.835 11773 11785 D GH.MultiCarCxnListener: onCarDisconnected() on binder thread. instance: ccnp@5296b3e, listener: ccpt@7cbec13
02-23 01:50:44.835 12010 12022 D GH.MultiCarCxnListener: onCarDisconnected() on binder thread. instance: pyn@b1a687a, listener: pxx@7f4dca5
02-23 01:50:44.835 12010 13233 D GH.MultiCarCxnListener: onCarDisconnected() on binder thread. instance: pyn@954533a, listener: pxx@888e834
02-23 01:50:44.835 11773 11773 D CAR.CLIENT: localCarConnectionListener received onCarDisconnected()
02-23 01:50:44.835 11773 11773 D CAR.CLIENT: tearDownProjectionSessionState() ccpw@477c44d
02-23 01:50:44.835 11773 11773 D CAR.CLIENT: tearDownCarManagers() ccpw@477c44d
02-23 01:50:44.835 12010 14725 D GH.MultiCarCxnListener: onCarDisconnected() on binder thread. instance: pyn@da0ac8f, listener: pxx@99ffee
02-23 01:50:44.835 12010 21600 D GH.MultiCarCxnListener: onCarDisconnected() on binder thread. instance: pyn@21461cf, listener: pxx@7d0106b
02-23 01:50:44.835 11773 11785 D GH.MultiCarCxnListener: onCarDisconnected() on binder thread. instance: ccnp@5985eec, listener: ccpt@fa02c00
02-23 01:50:44.835 12010  8916 D GH.MultiCarCxnListener: onCarDisconnected() on binder thread. instance: pyn@b1231b3, listener: pxx@29f9322
02-23 01:50:44.835 12010 12411 D GH.MultiCarCxnListener: onCarDisconnected() on binder thread. instance: pyn@3e87830, listener: pxx@924fc52
02-23 01:50:44.835 11773 11773 D CAR.CLIENT: localCarConnectionListener received onCarDisconnected()
02-23 01:50:44.835 11773 11773 D CAR.CLIENT: tearDownProjectionSessionState() ccpw@c8924a6
02-23 01:50:44.835 12010 27844 D GH.MultiCarCxnListener: onCarDisconnected() on binder thread. instance: pyn@3683afc, listener: pxx@f9974f4
02-23 01:50:44.835 11773 11773 D CAR.CLIENT: tearDownCarManagers() ccpw@c8924a6
02-23 01:50:44.835 12010 14722 D GH.MultiCarCxnListener: onCarDisconnected() on binder thread. instance: pyn@ebd94f5, listener: pxx@d522c
02-23 01:50:44.835 11773 23042 D GH.MultiCarCxnListener: onCarDisconnected() on binder thread. instance: ccnp@55482b5, listener: ccpt@9270fc9
02-23 01:50:44.835 12010 13147 D GH.MultiCarCxnListener: onCarDisconnected() on binder thread. instance: pyn@f8062c4, listener: pxx@c6c89d7
02-23 01:50:44.835 11773 11785 D GH.MultiCarCxnListener: onCarDisconnected() on binder thread. instance: ccnp@a604fe6, listener: ccpt@6a9901b
02-23 01:50:44.836 11773 11773 D CAR.CLIENT: localCarConnectionListener received onCarDisconnected()
02-23 01:50:44.836 11773 11773 D CAR.CLIENT: tearDownProjectionSessionState() ccpw@4cb95b8
02-23 01:50:44.836 11773 11773 D CAR.CLIENT: tearDownCarManagers() ccpw@4cb95b8
02-23 01:50:44.836 12010 12423 D GH.MultiCarCxnListener: onCarDisconnected() on binder thread. instance: pyn@7baedfb, listener: pxx@7ec1306
02-23 01:50:44.836 11773 11773 D CAR.CLIENT: localCarConnectionListener received onCarDisconnected()
02-23 01:50:44.836 11773 11773 D CAR.CLIENT: tearDownProjectionSessionState() ccpw@2723504
02-23 01:50:44.836 11773 11773 D CAR.CLIENT: tearDownCarManagers() ccpw@2723504
02-23 01:50:44.836 12010 13254 D GH.MultiCarCxnListener: onCarDisconnected() on binder thread. instance: pyn@fbce211, listener: pxx@1cb7238
02-23 01:50:44.836 12010 12020 D GH.MultiCarCxnListener: onCarDisconnected() on binder thread. instance: pyn@c86929c, listener: pxx@e0b20f
02-23 01:50:44.836 11773 11773 D CAR.CLIENT: localCarConnectionListener received onCarDisconnected()
02-23 01:50:44.836 11773 11773 D CAR.CLIENT: tearDownProjectionSessionState() ccpw@307521d
02-23 01:50:44.836 11773 11773 D CAR.CLIENT: tearDownCarManagers() ccpw@307521d
02-23 01:50:44.836 11773 32371 D GH.MultiCarCxnListener: onCarDisconnected() on binder thread. instance: ccnp@1ccfd4a, listener: ccpt@30ad918
02-23 01:50:44.836 11773 11773 D CAR.CLIENT: localCarConnectionListener received onCarDisconnected()
02-23 01:50:44.836 11773 11773 D CAR.CLIENT: tearDownProjectionSessionState() ccpw@6de968a
02-23 01:50:44.836 11773 11773 D CAR.CLIENT: tearDownCarManagers() ccpw@6de968a
02-23 01:50:44.836 11773 23038 D GH.MultiCarCxnListener: onCarDisconnected() on binder thread. instance: ccnp@ab094bb, listener: ccpt@e2aa502
02-23 01:50:44.836 11773 11773 D CAR.CLIENT: localCarConnectionListener received onCarDisconnected()
02-23 01:50:44.836 11773 23041 D GH.MultiCarCxnListener: onCarDisconnected() on binder thread. instance: ccnp@e227dd8, listener: ccpt@3ec9e10
02-23 01:50:44.836 11773 11773 D CAR.CLIENT: tearDownProjectionSessionState() ccpw@131c29e
02-23 01:50:44.836 11773 11773 D CAR.CLIENT: tearDownCarManagers() ccpw@131c29e
02-23 01:50:44.836 11773 11773 D CAR.CLIENT: localCarConnectionListener received onCarDisconnected()
02-23 01:50:44.836 11773 11773 D CAR.CLIENT: tearDownProjectionSessionState() ccpw@990b486
02-23 01:50:44.836 11773 11773 D CAR.CLIENT: tearDownCarManagers() ccpw@990b486
02-23 01:50:44.836 12010 13246 D GH.MultiCarCxnListener: onCarDisconnected() on binder thread. instance: pyn@40cba65, listener: pxx@b86a0cc
02-23 01:50:44.836 11773 32368 D GH.MultiCarCxnListener: onCarDisconnected() on binder thread. instance: ccnp@4179531, listener: ccpt@ef45325
02-23 01:50:44.836 11773 11773 D CAR.CLIENT: localCarConnectionListener received onCarDisconnected()
02-23 01:50:44.836 11773 11773 D CAR.CLIENT: tearDownProjectionSessionState() ccpw@e217ba2
02-23 01:50:44.836 11773 11773 D CAR.CLIENT: tearDownCarManagers() ccpw@e217ba2
02-23 01:50:44.836 11773 22683 D GH.MultiCarCxnListener: onCarDisconnected() on binder thread. instance: ccnp@265a416, listener: ccpt@c106298
02-23 01:50:44.836 11773 11773 D CAR.CLIENT: localCarConnectionListener received onCarDisconnected()
02-23 01:50:44.836 11773 11773 D CAR.CLIENT: tearDownProjectionSessionState() ccpw@b13cdb9
02-23 01:50:44.836 11773 11773 D CAR.CLIENT: tearDownCarManagers() ccpw@b13cdb9
02-23 01:50:44.836 11773 22704 D GH.MultiCarCxnListener: onCarDisconnected() on binder thread. instance: ccnp@c49c197, listener: ccpt@bcbe6f2
02-23 01:50:44.836 11773 11786 D GH.MultiCarCxnListener: onCarDisconnected() on binder thread. instance: ccnp@62d9f84, listener: ccpt@2cf1e5
02-23 01:50:44.836 11773 11784 D GH.MultiCarCxnListener: onCarDisconnected() on binder thread. instance: ccnp@c1f536d, listener: ccpt@bd7aca0
02-23 01:50:44.836 11773 23037 D GH.MultiCarCxnListener: onCarDisconnected() on binder thread. instance: ccnp@80feba2, listener: ccpt@ad65abb
02-23 01:50:44.836 11773 23036 D GH.MultiCarCxnListener: onCarDisconnected() on binder thread. instance: ccnp@9dee033, listener: ccpt@6e91260
02-23 01:50:44.836 11773 14136 D GH.MultiCarCxnListener: onCarDisconnected() on binder thread. instance: ccnp@91d62cb, listener: ccpt@7c58b23
02-23 01:50:44.836 11773 11773 D CAR.CLIENT: localCarConnectionListener received onCarDisconnected()
02-23 01:50:44.836 11773 11773 D CAR.CLIENT: tearDownProjectionSessionState() ccpw@f8b3654
02-23 01:50:44.836 11773 11773 D CAR.CLIENT: tearDownCarManagers() ccpw@f8b3654
02-23 01:50:44.836 21855 21896 I GH.ConnLoggerV2: Session 7bdbf25b-9c23-458c-9bb7-27434b9831e6, from PROJECTING, to IDLE, reason PROJECTION_DISCONNECTED at time 383333899.
02-23 01:50:44.836 11773 17122 D GH.MultiCarCxnListener: onCarDisconnected() on binder thread. instance: ccnp@6a72ff0, listener: ccpt@2f255ca
02-23 01:50:44.836 11773 11773 D CAR.CLIENT: localCarConnectionListener received onCarDisconnected()
02-23 01:50:44.836 11773 11773 D CAR.CLIENT: tearDownProjectionSessionState() ccpw@b094728
02-23 01:50:44.836 11773 11773 D CAR.CLIENT: tearDownCarManagers() ccpw@b094728
02-23 01:50:44.836 11773 11773 D CAR.CLIENT: localCarConnectionListener received onCarDisconnected()
02-23 01:50:44.836 11773 11773 D CAR.CLIENT: tearDownProjectionSessionState() ccpw@fc0cd2
02-23 01:50:44.836 11773 11773 D CAR.CLIENT: tearDownCarManagers() ccpw@fc0cd2
02-23 01:50:44.836 12010 22046 D GH.MultiCarCxnListener: onCarDisconnected() on binder thread. instance: pyn@3b9fca9, listener: pxx@cb2edb8
02-23 01:50:44.836 11773 11773 D CAR.CLIENT: localCarConnectionListener received onCarDisconnected()
02-23 01:50:44.836 11773 11773 D CAR.CLIENT: tearDownProjectionSessionState() ccpw@ff40c92
02-23 01:50:44.836 11773 11773 D CAR.CLIENT: tearDownCarManagers() ccpw@ff40c92
02-23 01:50:44.836 11773 11773 D CAR.CLIENT: localCarConnectionListener received onCarDisconnected()
02-23 01:50:44.836 11773 11773 D CAR.CLIENT: tearDownProjectionSessionState() ccpw@f10b3a1
02-23 01:50:44.836 11773 11773 D CAR.CLIENT: tearDownCarManagers() ccpw@f10b3a1
02-23 01:50:44.836 11773 11773 D CAR.CLIENT: localCarConnectionListener received onCarDisconnected()
02-23 01:50:44.836 11773 11773 D CAR.CLIENT: tearDownProjectionSessionState() ccpw@99758b5
02-23 01:50:44.836 11773 11773 D CAR.CLIENT: tearDownCarManagers() ccpw@99758b5
02-23 01:50:44.836 11773 11773 D CAR.CLIENT: localCarConnectionListener received onCarDisconnected()
02-23 01:50:44.836 11773 11773 D CAR.CLIENT: tearDownProjectionSessionState() ccpw@b33cbae
02-23 01:50:44.836 11773 11773 D CAR.CLIENT: tearDownCarManagers() ccpw@b33cbae
02-23 01:50:44.836 12010 12010 D CAR.CLIENT: tearDownProjectionSessionState() pye@e68a03f
02-23 01:50:44.836 12010 12010 D CAR.CLIENT: tearDownCarManagers() pye@e68a03f
02-23 01:50:44.836 12010 12010 D CAR.CLIENT: localCarConnectionListener received onCarDisconnected()
02-23 01:50:44.836 12010 12010 D CAR.CLIENT: tearDownProjectionSessionState() pye@f98e343
02-23 01:50:44.836 12010 12010 D CAR.CLIENT: tearDownCarManagers() pye@f98e343
02-23 01:50:44.836 12010 12010 D CAR.CLIENT: localCarConnectionListener received onCarDisconnected()
02-23 01:50:44.836 12010 12010 D CAR.CLIENT: tearDownProjectionSessionState() pye@972614c
02-23 01:50:44.836 12010 12010 D CAR.CLIENT: tearDownCarManagers() pye@972614c
02-23 01:50:44.836 12010 12010 D CAR.CLIENT: localCarConnectionListener received onCarDisconnected()
02-23 01:50:44.836 12010 12010 D CAR.CLIENT: tearDownProjectionSessionState() pye@81b1b0c
02-23 01:50:44.836 12010 12010 D CAR.CLIENT: tearDownCarManagers() pye@81b1b0c
02-23 01:50:44.836 12010 12010 D CAR.CLIENT: localCarConnectionListener received onCarDisconnected()
02-23 01:50:44.836 12010 12010 D CAR.CLIENT: tearDownProjectionSessionState() pye@f273616
02-23 01:50:44.836 12010 12010 D CAR.CLIENT: tearDownCarManagers() pye@f273616
02-23 01:50:44.836 12010 12010 D CAR.CLIENT: localCarConnectionListener received onCarDisconnected()
02-23 01:50:44.836 12010 12010 D CAR.CLIENT: tearDownProjectionSessionState() pye@24f0950
02-23 01:50:44.836 12010 12010 D CAR.CLIENT: tearDownCarManagers() pye@24f0950
02-23 01:50:44.836 12010 12010 D CAR.CLIENT: localCarConnectionListener received onCarDisconnected()
02-23 01:50:44.836 12010 12010 D CAR.CLIENT: tearDownProjectionSessionState() pye@c2df631
02-23 01:50:44.836 12010 12010 D CAR.CLIENT: tearDownCarManagers() pye@c2df631
02-23 01:50:44.836 12010 12010 D CAR.CLIENT: localCarConnectionListener received onCarDisconnected()
02-23 01:50:44.836 12010 12010 D CAR.CLIENT: tearDownProjectionSessionState() pye@6c31df7
02-23 01:50:44.836 12010 12010 D CAR.CLIENT: tearDownCarManagers() pye@6c31df7
02-23 01:50:44.836 12010 12010 D CAR.CLIENT: localCarConnectionListener received onCarDisconnected()
02-23 01:50:44.836 12010 12010 D CAR.CLIENT: tearDownProjectionSessionState() pye@ae7c037
02-23 01:50:44.836 12010 12010 D CAR.CLIENT: tearDownCarManagers() pye@ae7c037
02-23 01:50:44.836 12010 12010 D CAR.CLIENT: localCarConnectionListener received onCarDisconnected()
02-23 01:50:44.836 12010 12010 D CAR.CLIENT: tearDownProjectionSessionState() pye@6d79d4e
02-23 01:50:44.836 12010 12010 D CAR.CLIENT: tearDownCarManagers() pye@6d79d4e
02-23 01:50:44.836 12010 12010 D CAR.CLIENT: localCarConnectionListener received onCarDisconnected()
02-23 01:50:44.836 12010 12010 D CAR.CLIENT: tearDownProjectionSessionState() pye@3e535db
02-23 01:50:44.836 12010 12010 D CAR.CLIENT: tearDownCarManagers() pye@3e535db
02-23 01:50:44.836 12010 12010 D CAR.CLIENT: localCarConnectionListener received onCarDisconnected()
02-23 01:50:44.836 12010 12010 D CAR.CLIENT: tearDownProjectionSessionState() pye@c2e846d
02-23 01:50:44.836 12010 12010 D CAR.CLIENT: tearDownCarManagers() pye@c2e846d
02-23 01:50:44.836 12010 12010 D CAR.CLIENT: localCarConnectionListener received onCarDisconnected()
02-23 01:50:44.836 12010 12010 D CAR.CLIENT: tearDownProjectionSessionState() pye@f622364
02-23 01:50:44.836 12010 12010 D CAR.CLIENT: tearDownCarManagers() pye@f622364
02-23 01:50:44.836 12010 12010 D CAR.CLIENT: localCarConnectionListener received onCarDisconnected()
02-23 01:50:44.836 12010 12010 D CAR.CLIENT: tearDownProjectionSessionState() pye@343f35b
02-23 01:50:44.836 12010 12010 D CAR.CLIENT: tearDownCarManagers() pye@343f35b
02-23 01:50:44.836 12010 12010 D CAR.CLIENT: localCarConnectionListener received onCarDisconnected()
02-23 01:50:44.836 12010 12010 D CAR.CLIENT: tearDownProjectionSessionState() pye@ef00c12
02-23 01:50:44.836 19618 19618 I CAR.SERVICE.LITE: Car connection state changed: CONNECTED->DISCONNECTING
02-23 01:50:44.836 12010 12010 D CAR.CLIENT: tearDownCarManagers() pye@ef00c12
02-23 01:50:44.836 19618 19618 I CAR.SERVICE.LITE: Notifying car connection listeners of disconnection (0 listeners)
02-23 01:50:44.836 12010 12010 D CAR.CLIENT: localCarConnectionListener received onCarDisconnected()
02-23 01:50:44.836 12010 12010 D CAR.CLIENT: tearDownProjectionSessionState() pye@997cd47
02-23 01:50:44.836 12010 12010 D CAR.CLIENT: tearDownCarManagers() pye@997cd47
02-23 01:50:44.836 19618 19618 I CAR.SERVICE.LITE: Car connection state changed: DISCONNECTING->DISCONNECTED
02-23 01:50:44.836 12010 12010 D CAR.CLIENT: localCarConnectionListener received onCarDisconnected()
02-23 01:50:44.837 12010 12010 D CAR.CLIENT: tearDownProjectionSessionState() pye@8ff5b49
02-23 01:50:44.837 12010 12010 D CAR.CLIENT: tearDownCarManagers() pye@8ff5b49
02-23 01:50:44.837 12010 12010 D CAR.CLIENT: localCarConnectionListener received onCarDisconnected()
02-23 01:50:44.837 12010 12010 D CAR.CLIENT: tearDownProjectionSessionState() pye@fa73d8c
02-23 01:50:44.837 12010 12010 D CAR.CLIENT: tearDownCarManagers() pye@fa73d8c
02-23 01:50:44.837 12010 12010 D CAR.CLIENT: localCarConnectionListener received onCarDisconnected()
02-23 01:50:44.837 12010 12010 D CAR.CLIENT: tearDownProjectionSessionState() pye@db3a0a5
02-23 01:50:44.837 12010 12010 D CAR.CLIENT: tearDownCarManagers() pye@db3a0a5
02-23 01:50:44.837 12010 12010 D CAR.CLIENT: localCarConnectionListener received onCarDisconnected()
02-23 01:50:44.837 12010 12010 D CAR.CLIENT: tearDownProjectionSessionState() pye@80ed02f
02-23 01:50:44.837 12010 12010 D CAR.CLIENT: tearDownCarManagers() pye@80ed02f
02-23 01:50:44.837 12010 12010 D CAR.CLIENT: localCarConnectionListener received onCarDisconnected()
02-23 01:50:44.837 12010 12010 D CAR.CLIENT: tearDownProjectionSessionState() pye@faee6de
02-23 01:50:44.837 12010 12010 D CAR.CLIENT: tearDownCarManagers() pye@faee6de
02-23 01:50:44.837 12010 12010 D CAR.CLIENT: localCarConnectionListener received onCarDisconnected()
02-23 01:50:44.837 12010 12010 D CAR.CLIENT: tearDownProjectionSessionState() pye@ea2d9cc
02-23 01:50:44.837 12010 12010 D CAR.CLIENT: tearDownCarManagers() pye@ea2d9cc
02-23 01:50:44.837 12010 12010 D CAR.CLIENT: localCarConnectionListener received onCarDisconnected()
02-23 01:50:44.837 12010 12010 D CAR.CLIENT: tearDownProjectionSessionState() pye@a2c997c
02-23 01:50:44.837 12010 12010 D CAR.CLIENT: tearDownCarManagers() pye@a2c997c
02-23 01:50:44.837 12010 12010 D CAR.CLIENT: localCarConnectionListener received onCarDisconnected()
02-23 01:50:44.837 12010 12010 D CAR.CLIENT: tearDownProjectionSessionState() pye@e4a084d
02-23 01:50:44.837 12010 12010 D CAR.CLIENT: tearDownCarManagers() pye@e4a084d
02-23 01:50:44.837 12010 12010 D CAR.CLIENT: localCarConnectionListener received onCarDisconnected()
02-23 01:50:44.837 12010 12010 D CAR.CLIENT: tearDownProjectionSessionState() pye@c4f6774
02-23 01:50:44.837 12010 12010 D CAR.CLIENT: tearDownCarManagers() pye@c4f6774
02-23 01:50:44.837 12010 12010 D CAR.CLIENT: localCarConnectionListener received onCarDisconnected()
02-23 01:50:44.837 12010 12010 D CAR.CLIENT: tearDownProjectionSessionState() pye@250457c
02-23 01:50:44.837 12010 12010 D CAR.CLIENT: tearDownCarManagers() pye@250457c
02-23 01:50:44.837 12010 12010 D CAR.CLIENT: localCarConnectionListener received onCarDisconnected()
02-23 01:50:44.837 12010 12010 D CAR.CLIENT: tearDownProjectionSessionState() pye@55c3d61
02-23 01:50:44.837 12010 12010 D CAR.CLIENT: tearDownCarManagers() pye@55c3d61
02-23 01:50:44.837 12010 12010 D CAR.CLIENT: localCarConnectionListener received onCarDisconnected()
02-23 01:50:44.837 12010 12010 D CAR.CLIENT: tearDownProjectionSessionState() pye@8084f94
02-23 01:50:44.837 12010 12010 D CAR.CLIENT: tearDownCarManagers() pye@8084f94
02-23 01:50:44.837 12010 12010 D CAR.CLIENT: localCarConnectionListener received onCarDisconnected()
02-23 01:50:44.837 12010 12010 D CAR.CLIENT: tearDownProjectionSessionState() pye@109cc73
02-23 01:50:44.837 12010 12010 D CAR.CLIENT: tearDownCarManagers() pye@109cc73
02-23 01:50:44.837 12010 12010 D CAR.CLIENT: localCarConnectionListener received onCarDisconnected()
02-23 01:50:44.837 12010 12010 D CAR.CLIENT: tearDownProjectionSessionState() pye@82991e7
02-23 01:50:44.837 12010 12010 D CAR.CLIENT: tearDownCarManagers() pye@82991e7
02-23 01:50:44.837 12010 12010 D CAR.CLIENT: localCarConnectionListener received onCarDisconnected()
02-23 01:50:44.837 12010 12010 D CAR.CLIENT: tearDownProjectionSessionState() pye@4ef80f7
02-23 01:50:44.837 12010 12010 D CAR.CLIENT: tearDownCarManagers() pye@4ef80f7
02-23 01:50:44.837 12010 12010 D CAR.CLIENT: localCarConnectionListener received onCarDisconnected()
02-23 01:50:44.837 12010 12010 D CAR.CLIENT: tearDownProjectionSessionState() pye@8c99161
02-23 01:50:44.837 12010 12010 D CAR.CLIENT: tearDownCarManagers() pye@8c99161
02-23 01:50:44.837 12010 12010 D CAR.CLIENT: localCarConnectionListener received onCarDisconnected()
02-23 01:50:44.837 12010 12010 D CAR.CLIENT: tearDownProjectionSessionState() pye@c7eee98
02-23 01:50:44.837 12010 12010 D CAR.CLIENT: tearDownCarManagers() pye@c7eee98
02-23 01:50:44.837 12010 12010 D CAR.CLIENT: localCarConnectionListener received onCarDisconnected()
02-23 01:50:44.837 12010 12010 D CAR.CLIENT: tearDownProjectionSessionState() pye@f1a293
02-23 01:50:44.837 12010 12010 D CAR.CLIENT: tearDownCarManagers() pye@f1a293
02-23 01:50:44.837 12010 12010 D CAR.CLIENT: localCarConnectionListener received onCarDisconnected()
02-23 01:50:44.837 12010 12010 D CAR.CLIENT: tearDownProjectionSessionState() pye@6df9140
02-23 01:50:44.837 12010 12010 D CAR.CLIENT: tearDownCarManagers() pye@6df9140
02-23 01:50:44.837 12010 12010 D CAR.CLIENT: localCarConnectionListener received onCarDisconnected()
02-23 01:50:44.837 12010 12010 D CAR.CLIENT: tearDownProjectionSessionState() pye@70c5917
02-23 01:50:44.837 12010 12010 D CAR.CLIENT: tearDownCarManagers() pye@70c5917
02-23 01:50:44.837 12010 12010 D CAR.CLIENT: localCarConnectionListener received onCarDisconnected()
02-23 01:50:44.837 12010 12010 D CAR.CLIENT: tearDownProjectionSessionState() pye@30a53c3
02-23 01:50:44.837 12010 12010 D CAR.CLIENT: tearDownCarManagers() pye@30a53c3
02-23 01:50:44.837 12010 12010 D CAR.CLIENT: localCarConnectionListener received onCarDisconnected()
02-23 01:50:44.837 12010 12010 D CAR.CLIENT: tearDownProjectionSessionState() pye@2e045cd
02-23 01:50:44.837 12010 12010 D CAR.CLIENT: tearDownCarManagers() pye@2e045cd
02-23 01:50:44.837 12010 12010 D CAR.CLIENT: localCarConnectionListener received onCarDisconnected()
02-23 01:50:44.837 12010 12010 D CAR.CLIENT: tearDownProjectionSessionState() pye@e5b9dba
02-23 01:50:44.837 12010 12010 D CAR.CLIENT: tearDownCarManagers() pye@e5b9dba
02-23 01:50:44.837 12010 12010 D CAR.CLIENT: localCarConnectionListener received onCarDisconnected()
02-23 01:50:44.837 12010 12010 D CAR.CLIENT: tearDownProjectionSessionState() pye@db68829
02-23 01:50:44.837 12010 12010 D CAR.CLIENT: tearDownCarManagers() pye@db68829
02-23 01:50:44.837 12010 12010 D CAR.CLIENT: localCarConnectionListener received onCarDisconnected()
02-23 01:50:44.837 12010 12010 D CAR.CLIENT: tearDownProjectionSessionState() pye@361a473
02-23 01:50:44.837 12010 12010 D CAR.CLIENT: tearDownCarManagers() pye@361a473
02-23 01:50:44.837 12010 12010 D CAR.CLIENT: localCarConnectionListener received onCarDisconnected()
02-23 01:50:44.837 12010 12010 D CAR.CLIENT: tearDownProjectionSessionState() pye@b6b176
02-23 01:50:44.837 12010 12010 D CAR.CLIENT: tearDownCarManagers() pye@b6b176
02-23 01:50:44.837 12010 12010 D CAR.CLIENT: localCarConnectionListener received onCarDisconnected()
02-23 01:50:44.837 12010 12010 D CAR.CLIENT: tearDownProjectionSessionState() pye@1649eea
02-23 01:50:44.837 12010 12010 D CAR.CLIENT: tearDownCarManagers() pye@1649eea
02-23 01:50:44.837 12010 12010 D CAR.CLIENT: localCarConnectionListener received onCarDisconnected()
02-23 01:50:44.837 12010 12010 D CAR.CLIENT: tearDownProjectionSessionState() pye@725e364
02-23 01:50:44.837 12010 12010 D CAR.CLIENT: tearDownCarManagers() pye@725e364
02-23 01:50:44.837 12010 12010 D CAR.CLIENT: localCarConnectionListener received onCarDisconnected()
02-23 01:50:44.837 12010 12010 D CAR.CLIENT: tearDownProjectionSessionState() pye@a0405c4
02-23 01:50:44.837 12010 12010 D CAR.CLIENT: tearDownCarManagers() pye@a0405c4
02-23 01:50:44.837 12010 12010 D CAR.CLIENT: localCarConnectionListener received onCarDisconnected()
02-23 01:50:44.837 12010 12010 D CAR.CLIENT: tearDownProjectionSessionState() pye@da01c62
02-23 01:50:44.837 12010 12010 D CAR.CLIENT: tearDownCarManagers() pye@da01c62
02-23 01:50:44.837 12010 12010 D CAR.CLIENT: localCarConnectionListener received onCarDisconnected()
02-23 01:50:44.837 12010 12010 D CAR.CLIENT: tearDownProjectionSessionState() pye@66ebe47
02-23 01:50:44.837 12010 12010 D CAR.CLIENT: tearDownCarManagers() pye@66ebe47
02-23 01:50:44.837 12010 12010 D CAR.CLIENT: localCarConnectionListener received onCarDisconnected()
02-23 01:50:44.837 12010 12010 D CAR.CLIENT: tearDownProjectionSessionState() pye@36ba97d
02-23 01:50:44.837 12010 12010 D CAR.CLIENT: tearDownCarManagers() pye@36ba97d
02-23 01:50:44.837 12010 12010 D CAR.CLIENT: localCarConnectionListener received onCarDisconnected()
02-23 01:50:44.837 12010 12010 D CAR.CLIENT: tearDownProjectionSessionState() pye@89b5778
02-23 01:50:44.837 12010 12010 D CAR.CLIENT: tearDownCarManagers() pye@89b5778
02-23 01:50:44.837 12010 12010 D CAR.CLIENT: localCarConnectionListener received onCarDisconnected()
02-23 01:50:44.837 12010 12010 D CAR.CLIENT: tearDownProjectionSessionState() pye@c66a604
02-23 01:50:44.837 12010 12010 D CAR.CLIENT: tearDownCarManagers() pye@c66a604
02-23 01:50:44.837 12010 12010 D CAR.CLIENT: localCarConnectionListener received onCarDisconnected()
02-23 01:50:44.837 12010 12010 D CAR.CLIENT: tearDownProjectionSessionState() pye@f2a691d
02-23 01:50:44.837 12010 12010 D CAR.CLIENT: tearDownCarManagers() pye@f2a691d
02-23 01:50:44.837 12010 12010 D CAR.CLIENT: localCarConnectionListener received onCarDisconnected()
02-23 01:50:44.837 12010 12010 D CAR.CLIENT: tearDownProjectionSessionState() pye@2c02afe
02-23 01:50:44.837 12010 12010 D CAR.CLIENT: tearDownCarManagers() pye@2c02afe
02-23 01:50:44.837 12010 12010 D CAR.CLIENT: localCarConnectionListener received onCarDisconnected()
02-23 01:50:44.837 12010 12010 D CAR.CLIENT: tearDownProjectionSessionState() pye@e2bf573
02-23 01:50:44.837 12010 12010 D CAR.CLIENT: tearDownCarManagers() pye@e2bf573
02-23 01:50:44.837 12010 12010 D CAR.CLIENT: localCarConnectionListener received onCarDisconnected()
02-23 01:50:44.837 12010 12010 D CAR.CLIENT: tearDownProjectionSessionState() pye@ed1984b
02-23 01:50:44.837 12010 12010 D CAR.CLIENT: tearDownCarManagers() pye@ed1984b
02-23 01:50:44.837 12010 12010 D CAR.CLIENT: localCarConnectionListener received onCarDisconnected()
02-23 01:50:44.837 12010 12010 D CAR.CLIENT: tearDownProjectionSessionState() pye@854a507
02-23 01:50:44.837 12010 12010 D CAR.CLIENT: tearDownCarManagers() pye@854a507
02-23 01:50:44.837 12010 12010 D CAR.CLIENT: localCarConnectionListener received onCarDisconnected()
02-23 01:50:44.837 12010 12010 D CAR.CLIENT: tearDownProjectionSessionState() pye@71cf7f2
02-23 01:50:44.837 12010 12010 D CAR.CLIENT: tearDownCarManagers() pye@71cf7f2
02-23 01:50:44.837 12010 12010 D CAR.CLIENT: localCarConnectionListener received onCarDisconnected()
02-23 01:50:44.837 12010 12010 D CAR.CLIENT: tearDownProjectionSessionState() pye@d848856
02-23 01:50:44.837 12010 12010 D CAR.CLIENT: tearDownCarManagers() pye@d848856
02-23 01:50:44.837 12010 12010 D CAR.CLIENT: localCarConnectionListener received onCarDisconnected()
02-23 01:50:44.837 12010 12010 D CAR.CLIENT: tearDownProjectionSessionState() pye@d90d5c6
02-23 01:50:44.837 12010 12010 D CAR.CLIENT: tearDownCarManagers() pye@d90d5c6
02-23 01:50:44.837 12010 12010 D CAR.CLIENT: localCarConnectionListener received onCarDisconnected()
02-23 01:50:44.837 12010 12010 D CAR.CLIENT: tearDownProjectionSessionState() pye@2397b2f
02-23 01:50:44.837 12010 12010 D CAR.CLIENT: tearDownCarManagers() pye@2397b2f
02-23 01:50:44.837 12010 12010 D CAR.CLIENT: localCarConnectionListener received onCarDisconnected()
02-23 01:50:44.837 12010 12010 D CAR.CLIENT: tearDownProjectionSessionState() pye@113acb
02-23 01:50:44.837 12010 12010 D CAR.CLIENT: tearDownCarManagers() pye@113acb
02-23 01:50:44.837 12010 12010 D CAR.CLIENT: localCarConnectionListener received onCarDisconnected()
02-23 01:50:44.837 12010 12010 D CAR.CLIENT: tearDownProjectionSessionState() pye@250e6f
02-23 01:50:44.837 12010 12010 D CAR.CLIENT: tearDownCarManagers() pye@250e6f
02-23 01:50:44.837 12010 12010 D CAR.CLIENT: localCarConnectionListener received onCarDisconnected()
02-23 01:50:44.837 12010 12010 D CAR.CLIENT: tearDownProjectionSessionState() pye@f3753dd
02-23 01:50:44.837 12010 12010 D CAR.CLIENT: tearDownCarManagers() pye@f3753dd
02-23 01:50:44.837 12010 12010 D CAR.CLIENT: localCarConnectionListener received onCarDisconnected()
02-23 01:50:44.837 12010 12010 D CAR.CLIENT: tearDownProjectionSessionState() pye@e569f5d
02-23 01:50:44.837 12010 12010 D CAR.CLIENT: tearDownCarManagers() pye@e569f5d
02-23 01:50:44.837 12010 12010 D CAR.CLIENT: localCarConnectionListener received onCarDisconnected()
02-23 01:50:44.837 12010 12010 D CAR.CLIENT: tearDownProjectionSessionState() pye@4ee9263
02-23 01:50:44.837 12010 12010 D CAR.CLIENT: tearDownCarManagers() pye@4ee9263
02-23 01:50:44.837 12010 12010 D CAR.CLIENT: localCarConnectionListener received onCarDisconnected()
02-23 01:50:44.837 12010 12010 D CAR.CLIENT: tearDownProjectionSessionState() pye@17e50da
02-23 01:50:44.837 12010 12010 D CAR.CLIENT: tearDownCarManagers() pye@17e50da
02-23 01:50:44.837 12010 12010 D CAR.CLIENT: localCarConnectionListener received onCarDisconnected()
02-23 01:50:44.837 12010 12010 D CAR.CLIENT: tearDownProjectionSessionState() pye@d3e9422
02-23 01:50:44.837 12010 12010 D CAR.CLIENT: tearDownCarManagers() pye@d3e9422
02-23 01:50:44.837 12010 12010 D CAR.CLIENT: localCarConnectionListener received onCarDisconnected()
02-23 01:50:44.837 12010 12010 D CAR.CLIENT: tearDownProjectionSessionState() pye@d58af67
02-23 01:50:44.837 12010 12010 D CAR.CLIENT: tearDownCarManagers() pye@d58af67
02-23 01:50:44.837 12010 12010 D CAR.CLIENT: localCarConnectionListener received onCarDisconnected()
02-23 01:50:44.837 12010 12010 D CAR.CLIENT: tearDownProjectionSessionState() pye@72a6efb
02-23 01:50:44.837 12010 12010 D CAR.CLIENT: tearDownCarManagers() pye@72a6efb
02-23 01:50:44.837 12010 12010 D CAR.CLIENT: localCarConnectionListener received onCarDisconnected()
02-23 01:50:44.837 12010 12010 D CAR.CLIENT: tearDownProjectionSessionState() pye@b49ed39
02-23 01:50:44.837 12010 12010 D CAR.CLIENT: tearDownCarManagers() pye@b49ed39
02-23 01:50:44.837 12010 12010 D CAR.CLIENT: localCarConnectionListener received onCarDisconnected()
02-23 01:50:44.837 12010 12010 D CAR.CLIENT: tearDownProjectionSessionState() pye@c8a2abc
02-23 01:50:44.837 12010 12010 D CAR.CLIENT: tearDownCarManagers() pye@c8a2abc
02-23 01:50:44.837 12010 12010 D CAR.CLIENT: localCarConnectionListener received onCarDisconnected()
02-23 01:50:44.837 12010 12010 D CAR.CLIENT: tearDownProjectionSessionState() pye@c81c204
02-23 01:50:44.837 12010 12010 D CAR.CLIENT: tearDownCarManagers() pye@c81c204
02-23 01:50:44.837 12010 12010 D CAR.CLIENT: localCarConnectionListener received onCarDisconnected()
02-23 01:50:44.837 12010 12010 D CAR.CLIENT: tearDownProjectionSessionState() pye@d50770
02-23 01:50:44.837 12010 12010 D CAR.CLIENT: tearDownCarManagers() pye@d50770
02-23 01:50:44.837 12010 12010 D CAR.CLIENT: localCarConnectionListener received onCarDisconnected()
02-23 01:50:44.837 12010 12010 D CAR.CLIENT: tearDownProjectionSessionState() pye@a97db2b
02-23 01:50:44.838 12010 12010 D CAR.CLIENT: tearDownCarManagers() pye@a97db2b
02-23 01:50:44.838 12010 12010 D CAR.CLIENT: localCarConnectionListener received onCarDisconnected()
02-23 01:50:44.838 12010 12010 D CAR.CLIENT: tearDownProjectionSessionState() pye@66d1a8e
02-23 01:50:44.838 12010 12010 D CAR.CLIENT: tearDownCarManagers() pye@66d1a8e
02-23 01:50:44.838 12010 12010 D CAR.CLIENT: localCarConnectionListener received onCarDisconnected()
02-23 01:50:44.838 12010 12010 D CAR.CLIENT: tearDownProjectionSessionState() pye@bd5b36d
02-23 01:50:44.838 12010 12010 D CAR.CLIENT: tearDownCarManagers() pye@bd5b36d
02-23 01:50:44.838 12010 12010 D CAR.CLIENT: localCarConnectionListener received onCarDisconnected()
02-23 01:50:44.838 12010 12010 D CAR.CLIENT: tearDownProjectionSessionState() pye@8e70529
02-23 01:50:44.838 12010 12010 D CAR.CLIENT: tearDownCarManagers() pye@8e70529
02-23 01:50:44.838 12010 12010 D CAR.CLIENT: localCarConnectionListener received onCarDisconnected()
02-23 01:50:44.838 12010 12010 D CAR.CLIENT: tearDownProjectionSessionState() pye@9984ffe
02-23 01:50:44.838 12010 12010 D CAR.CLIENT: tearDownCarManagers() pye@9984ffe
02-23 01:50:44.838 12010 12010 D CAR.CLIENT: localCarConnectionListener received onCarDisconnected()
02-23 01:50:44.838 12010 12010 D CAR.CLIENT: tearDownProjectionSessionState() pye@7f443a1
02-23 01:50:44.838 12010 12010 D CAR.CLIENT: tearDownCarManagers() pye@7f443a1
02-23 01:50:44.838 12010 12010 D CAR.CLIENT: localCarConnectionListener received onCarDisconnected()
02-23 01:50:44.838 12010 12010 D CAR.CLIENT: tearDownProjectionSessionState() pye@76e1483
02-23 01:50:44.838 12010 12010 D CAR.CLIENT: tearDownCarManagers() pye@76e1483
02-23 01:50:44.838 12010 12010 D CAR.CLIENT: localCarConnectionListener received onCarDisconnected()
02-23 01:50:44.838 12010 12010 D CAR.CLIENT: tearDownProjectionSessionState() pye@6d2a6eb
02-23 01:50:44.838 12010 12010 D CAR.CLIENT: tearDownCarManagers() pye@6d2a6eb
02-23 01:50:44.838 12010 12010 D CAR.CLIENT: localCarConnectionListener received onCarDisconnected()
02-23 01:50:44.838 12010 12010 D CAR.CLIENT: tearDownProjectionSessionState() pye@c432a8a
02-23 01:50:44.838 12010 12010 D CAR.CLIENT: tearDownCarManagers() pye@c432a8a
02-23 01:50:44.838 12010 12010 D CAR.AUDIO: handleCarDisconnection
02-23 01:50:44.838 12010 12010 D CAR.AUDIO.RECORD: CarAudioRecord stop while not started
02-23 01:50:44.838 12010 12021 D GH.MultiCarCxnListener: onCarDisconnected() on binder thread. instance: pyn@939c38f, listener: pxx@b1d12ee
02-23 01:50:44.840 19618 19618 I CAR.SERVICE.LITE: stopped foreground service
02-23 01:50:44.841 19618 19618 I CAR.TOKEN: Disconnecting pof@90dd0fa (cx attempt: 1).
02-23 01:50:44.841 19618 19618 I GH.GhCarClientCtor: Disconnecting GearheadCarClientConnector.
02-23 01:50:44.841 19618 19618 I GH.GhCarClientCtor: Unbinding service connection.
02-23 01:50:44.841 12010 12010 D CAR.AUDIO.RECORD: CarAudioRecord released
02-23 01:50:44.841 19618 19618 I CAR.TOKEN: Disconnected pyk@55592fc using class pye@208744712/class pyh@199906987 (cx attempt 1)
02-23 01:50:44.843 12010 12010 D CAR.AudioDiagnosticsMgr: Unregistered audio stream diagnostics listener from car service.
02-23 01:50:44.845 19618 19618 I GH.CarClientManager: Disconnecting CarClientToken and resetting state
02-23 01:50:44.845 19618 19618 I CAR.TOKEN: Disconnecting pof@a0b2324 (cx attempt: 1).
02-23 01:50:44.845 19618 19618 I GH.GhCarClientCtor: Disconnecting GearheadCarClientConnector.
02-23 01:50:44.845 19618 19618 I GH.GhCarClientCtor: Unbinding service connection.
02-23 01:50:44.845 21855 21896 I GH.ConnLoggerV2: Session 7bdbf25b-9c23-458c-9bb7-27434b9831e6, event 1090, detail OptionalInt.empty, WIRELESS_SETUP_SHARED_SERVICE_DESTROYED, at 383333906 
02-23 01:50:44.845 19618 19618 I CAR.TOKEN: Disconnected pyk@3208d85 using class pye@173615170/class pyh@223026829 (cx attempt 1)
02-23 01:50:44.846 19618 19618 W GH.CarClientManager: Illegal state transition from CLIENT_CONNECTED to UNINITIALIZED! Allowing anyway.
02-23 01:50:44.846 19618 19618 I GH.CarClientManager: Transition from CLIENT_CONNECTED to UNINITIALIZED.
02-23 01:50:44.846 19618 19618 I GH.WifiPreflight: Sending Close Broadcast
02-23 01:50:44.847 12010 12010 D CAR.AudioDiagnosticsMgr: Unregistered microphone diagnostics listener from car service.
02-23 01:50:44.847 12010 12010 D CAR.BT  : handleCarDisconnection
02-23 01:50:44.847 12010 12010 D CAR.MSG : handleCarDisconnection
02-23 01:50:44.847 12010 12010 D CAR.SENSOR: handleCarDisconnection
02-23 01:50:44.847 12010 12010 D GH.PrxyActStartHndlr: Clearing local CarActivityStartListener null
02-23 01:50:44.847 12010 12010 D GH.PrxyActStartLstnr: Clearing local CarActivityStartListener null
02-23 01:50:44.847 12010 12010 D GH.PrxyActLfecycleLstnr: Clearing local CarActivityLifecycleEventListener null
02-23 01:50:44.847 12010 12010 D CAR.BT  : CarBluetoothClientHandlerCallback.handleMessage: msg code=7
02-23 01:50:44.847 12010 12010 D CAR.CLIENT: localCarConnectionListener received onCarDisconnected()
02-23 01:50:44.847 12010 12010 D CAR.CLIENT: tearDownProjectionSessionState() pye@de3ac65
02-23 01:50:44.847 12010 12010 D CAR.CLIENT: tearDownCarManagers() pye@de3ac65
02-23 01:50:44.847 12010 12010 D CAR.CLIENT: localCarConnectionListener received onCarDisconnected()
02-23 01:50:44.847 12010 12010 D CAR.CLIENT: tearDownProjectionSessionState() pye@541697f
02-23 01:50:44.847 12010 12010 D CAR.CLIENT: tearDownCarManagers() pye@541697f
02-23 01:50:44.847 12010 12010 D CAR.CLIENT: localCarConnectionListener received onCarDisconnected()
02-23 01:50:44.847 12010 12010 D CAR.CLIENT: tearDownProjectionSessionState() pye@584a910
02-23 01:50:44.847 12010 12010 D CAR.CLIENT: tearDownCarManagers() pye@584a910
02-23 01:50:44.847 12010 12010 D CAR.CLIENT: localCarConnectionListener received onCarDisconnected()
02-23 01:50:44.847 12010 12010 D CAR.CLIENT: tearDownProjectionSessionState() pye@51caad2
02-23 01:50:44.847 12010 12010 D CAR.CLIENT: tearDownCarManagers() pye@51caad2
02-23 01:50:44.847 12010 12010 D CAR.CLIENT: localCarConnectionListener received onCarDisconnected()
02-23 01:50:44.847 12010 12010 D CAR.CLIENT: tearDownProjectionSessionState() pye@8bb0aff
02-23 01:50:44.847 12010 12010 D CAR.CLIENT: tearDownCarManagers() pye@8bb0aff
02-23 01:50:44.847 12010 12010 D CAR.CLIENT: localCarConnectionListener received onCarDisconnected()
02-23 01:50:44.847 12010 12010 D CAR.CLIENT: tearDownProjectionSessionState() pye@533426d
02-23 01:50:44.847 12010 12010 D CAR.CLIENT: tearDownCarManagers() pye@533426d
02-23 01:50:44.849 19618 19618 W CAR.SERVICE: Critical error 3 detail: 50 msg: io error
02-23 01:50:44.850 19618 19618 W CAR.SERVICE: Critical error 18 detail: 54 msg: Failed to read message
02-23 01:50:44.851 19618 31806 I GH.GhCarClientCtor: Bound to startup service, got Car Service: ipb@aa187de
02-23 01:50:44.851 19618 19618 I GH.CarConnSession: Tearing down
02-23 01:50:44.851 21855 21896 I GH.ConnLoggerV2: Session 7bdbf25b-9c23-458c-9bb7-27434b9831e6, from IDLE, to SHUTDOWN, reason WIRELESS_SERVICE_SHUT_DOWN at time 383333915.
02-23 01:50:44.851 19618 19618 I CAR.AUDIO.FOCUS: Stop audio focus handler
02-23 01:50:44.851 19618 19618 W CAR.AUDIO.FOCUS: Car audio focus handler didn't start or already stopped
02-23 01:50:44.851 19618 19618 I CAR.AUDIO.FOCUS: Stop audio focus handler
02-23 01:50:44.852 19618 19618 W CAR.AUDIO.FOCUS: Car audio focus handler didn't start or already stopped
02-23 01:50:44.852 19618 19618 I GH.WIRELESS.CDM: Dispatching disappear request to CDM
02-23 01:50:44.852  3048  7704 I CDM_AssociationStore: Updating new association=[Association{mId=3, mUserId=0, mPackageName='com.google.android.projection.gearhead', mDeviceMacAddress=null, mDisplayName='AA-Wireless', mDeviceProfile='android.app.role.SYSTEM_AUTOMOTIVE_PROJECTION', mSelfManaged=true, mAssociatedDevice=null, mNotifyOnDeviceNearby=false, mRevoked=false, mPending=false, mTimeApprovedMs=Wed Apr 23 15:53:26 CDT 2025, mLastTimeConnectedMs=Mon Feb 23 01:50:44 CST 2026, mSystemDataSyncFlags=0, mDeviceId='null}]...
02-23 01:50:44.857  3048  7704 I CDM_DevicePresenceProcessor: Enable hint mode for device device profile: android.app.role.SYSTEM_AUTOMOTIVE_PROJECTION
02-23 01:50:44.857 19618 19618 I GH.CmpnDvcCtrlImpl: onDeviceDisappeared: AA-Wireless (3)
02-23 01:50:44.857 19618 19618 I CAR.TOKEN: Successfully connected pyj@667e83d using class pye@152476290/class pyh@103412173 (cx attempt 1)
02-23 01:50:44.858 19618 19618 I CAR.TOKEN: Token caller not specified, so skipping telemetry logging. Process: com.google.android.projection.gearhead:car
02-23 01:50:44.858 19618 19618 I GH.WIRELESS.CDM: CDM confirmed device disappeared
02-23 01:50:44.858 19618 19618 I GH.BtConnectionTracker: profile service disconnected. profile = 1
02-23 01:50:44.858 19618 19618 I GH.BtConnectionTracker: profile service disconnected. profile = 2
02-23 01:50:44.859 21855 21896 I GH.ConnLoggerV2: Session 7bdbf25b-9c23-458c-9bb7-27434b9831e6, event 1091, detail OptionalInt.empty, WIRELESS_CDM_DISAPPEARED, at 383333922 
02-23 01:50:46.092 21855 21896 I GH.ConnLoggerV2: Session 7bdbf25b-9c23-458c-9bb7-27434b9831e6, event 1092, detail OptionalInt.empty, WIRELESS_WIFI_STATE_DISABLED, at 383335155 
02-23 01:50:47.120 12010 12010 D GH.MdPlayerCardStateLD: timedOutAfterPlaybackStateChange: true
02-23 01:50:47.122 12010 12010 D GH.MdPlayerCardStateLD: timedOutAfterPlaybackStateChange: true
02-23 01:50:47.137 12010 12010 D GH.MdPlayerCardStateLD: timedOutAfterPlaybackStateChange: true
02-23 01:50:47.144 12010 12010 D GH.MdPlayerCardStateLD: timedOutAfterPlaybackStateChange: true
02-23 01:50:47.145 12010 12010 D GH.MdPlayerCardStateLD: timedOutAfterPlaybackStateChange: true
02-23 01:50:47.148 12010 12010 D GH.MdPlayerCardStateLD: timedOutAfterPlaybackStateChange: true
02-23 01:50:47.149 12010 12010 D GH.MdPlayerCardStateLD: timedOutAfterPlaybackStateChange: true
02-23 01:50:47.151 12010 12010 D GH.MdPlayerCardStateLD: timedOutAfterPlaybackStateChange: true
02-23 01:50:47.154 12010 12010 D GH.MdPlayerCardStateLD: timedOutAfterPlaybackStateChange: true
02-23 01:50:47.157 12010 12010 D GH.MdPlayerCardStateLD: timedOutAfterPlaybackStateChange: true
02-23 01:50:47.160 12010 12010 D GH.MdPlayerCardStateLD: timedOutAfterPlaybackStateChange: true
02-23 01:50:47.162 12010 12010 D GH.MdPlayerCardStateLD: timedOutAfterPlaybackStateChange: true
02-23 01:50:47.164 12010 12010 D GH.MdPlayerCardStateLD: timedOutAfterPlaybackStateChange: true
