02-23 15:29:21.747 10068 10068 E GH.LocalICSCallAdapter: getCalls - not actioning - bound: false, null: false
02-23 15:29:21.749 10068 10068 D GH.LifetimeManager: Stopping kgp@d5a6aaf
02-23 15:29:21.749 10068 10068 D GH.LifetimeManager: Stopping pce@d9c4401
02-23 15:29:21.749 10068 10068 D GH.LifetimeManager: Stopping mnh@b89628e
02-23 15:29:21.749 10068 10068 D GH.LifetimeManager: Stopping vtt@578a24b
02-23 15:29:21.749 10068 10068 D GH.CarClientManager: unregistered listener vtv@d6dc541
02-23 15:29:21.750 10068 10068 D GH.LifetimeManager: Stopping lrd@4465e8
02-23 15:29:21.750 10068 10068 D GH.LifetimeManager: Stopping pcm@35c02da
02-23 15:29:21.753  7555  7950 I CAR.TOKEN: Disconnected ccqi@3774c65 using class ccpw@174551976/class ccqf@47939531 (cx attempt 1)
02-23 15:29:21.755 10068 10068 D GH.LifetimeManager: Stopping lro@77037ce
02-23 15:29:21.756 10068 10068 D CAR.CLIENT: Multi-region client enabled. UnregisterCarDisplayLayoutUpdateCompleteListener
02-23 15:29:21.756 10068 10068 D GH.LifetimeManager: Stopping pet@db3ccd0
02-23 15:29:21.757 10068 10068 D GH.SharedServiceConnect: unbind() [bound:true]
02-23 15:29:21.758  8265  8572 I GH.ConnLoggerV2: Session 5851743f-9a41-456a-989f-68cc53452524, event 874, detail OptionalInt.empty, PROJECTION_MODE_ENDED, at 20964608 
02-23 15:29:21.759 10068 10068 D GH.LifetimeManager: Stopped mismatched lifetime services
02-23 15:29:21.759 10068 10068 D GH.LifetimeManager: Stopping lhm@b815d15
02-23 15:29:21.759 10068 10068 D GH.LifetimeManager: Stopping jdq@3b81e
02-23 15:29:21.760 10068 10068 D GH.LifetimeManager: Stopping nae@e2a20a0
02-23 15:29:21.762 10068 10068 D GH.LifetimeManager: Stopping lcq@59c2646
02-23 15:29:21.763 10068 10068 D GH.LifetimeManager: Stopping kwa@d5cc888
02-23 15:29:21.763 10068 10068 D GH.AMLoader: Revoked AGSA permissions to 0 uris.
02-23 15:29:21.763 10068 10068 D GH.LifetimeManager: Stopping TemplateCallingAppProvider
02-23 15:29:21.763 10068 10068 D GH.LifetimeManager: Stopping mql@ed600a5
02-23 15:29:21.763 10068 10068 D GH.LifetimeManager: Stopping kwk@f942e0f
02-23 15:29:21.763 10068 10068 D GH.LifetimeManager: Stopping lcf@30c976e
02-23 15:29:21.763 10068 10068 D GH.LifetimeManager: Stopping kra@b973f1f
02-23 15:29:21.763 10068 10068 D GH.LifetimeManager: Stopping kqc@7fb3bc5
02-23 15:29:21.763 10068 10068 D GH.LifetimeManager: Stopping kro@6220c6b
02-23 15:29:21.763 10068 10068 D GH.LifetimeManager: Stopping kqg@a158c14
02-23 15:29:21.764 10068 10068 D GH.LifetimeManager: Stopping kpg@d6ef337
02-23 15:29:21.764 10068 10068 D GH.LifetimeManager: Stopping kpg@d6ef337
02-23 15:29:21.764 10068 10068 D GH.LifetimeManager: Stopping kri@5e79623
02-23 15:29:21.764 10068 10068 D GH.LifetimeManager: Stopping kqa@456bf4a
02-23 15:29:21.765 10068 10068 D GH.MediaAutoplayManager: Key (was_last_drive_short_and_eligible) committed to: false
02-23 15:29:21.765 10068 10068 D GH.LifetimeManager: Lifetime services stopped
02-23 15:29:21.766 10068 10068 D GH.SYS.GhSystem: stop
02-23 15:29:21.768 10068 10068 D GH.CarClientManager: stop
02-23 15:29:21.768 10068 10068 I GH.CarClientManager: Disconnecting CarClientToken and resetting state
02-23 15:29:21.769 10068 10068 I CAR.TOKEN: Disconnecting pof@e865359 (cx attempt: 4).
02-23 15:29:21.769 10068 10068 D CAR.CLIENT: Unregistering CarConnectionListener jhf@9de1491 with multiplex listener pyn@3a2387e
02-23 15:29:21.769 10068 10068 D GH.MultiCarCxnListener: Unregistering listener. instance: pyn@3a2387e, listener: jhf@9de1491
02-23 15:29:21.769 10068 10068 I GH.GhCarClientCtor: Disconnecting GearheadCarClientConnector.
02-23 15:29:21.769 10068 10068 I GH.GhCarClientCtor: Unbinding service connection.
02-23 15:29:21.770  8265  8287 I GH.RatingPromptManager: User is not eligible to see the rating prompt.
02-23 15:29:21.771 10068 10068 I CAR.TOKEN: Disconnected pyk@fb153de using class pye@41524018/class pyh@185255741 (cx attempt 4)
02-23 15:29:21.771 10068 10068 W GH.CarClientManager: Illegal state transition from CLIENT_CONNECTED_AND_CAR_DISCONNECTED to UNINITIALIZED! Allowing anyway.
02-23 15:29:21.771 10068 10068 I GH.CarClientManager: Transition from CLIENT_CONNECTED_AND_CAR_DISCONNECTED to UNINITIALIZED.
02-23 15:29:21.772 10068 10068 D GH.CarClientManager: unregistered listener khn@1d0ca3
02-23 15:29:21.772 10068 10068 D GH.CarClientManager: calling onCarDisconnected on myr@cedf894
02-23 15:29:21.772 10068 10068 D GH.CarClientManager: calling onCarDisconnected on kml@5f0e838
02-23 15:29:21.772 10068 10068 D GH.CarClientManager: calling onCarDisconnected on vtv@d6dc541
02-23 15:29:21.772 10068 10068 D GH.PassengerModeUiContr: Car disconnected
02-23 15:29:21.772 10068 10068 D GH.CarClientManager: calling onCarDisconnected on vuh@718d3f4
02-23 15:29:21.772 10068 10068 D GH.CarClientManager: calling onCarDisconnected on ozw@f672d6a
02-23 15:29:21.772 10068 10068 D GH.CarClientManager: stop
02-23 15:29:21.772 10068 10068 I GH.CarClientManager: Disconnecting CarClientToken and resetting state
02-23 15:29:21.772 10068 10068 W GH.CarClientManager: Illegal state transition from UNINITIALIZED to UNINITIALIZED! Allowing anyway.
02-23 15:29:21.772 10068 10068 I GH.CarClientManager: Transition from UNINITIALIZED to UNINITIALIZED.
02-23 15:29:21.773 10068 10068 D CAR.CLIENT: localCarConnectionListener received onCarDisconnected()
02-23 15:29:21.773 10068 10068 D CAR.CLIENT: tearDownProjectionSessionState() pye@6a01eef
02-23 15:29:21.773 10068 10068 D CAR.CLIENT: tearDownCarManagers() pye@6a01eef
02-23 15:29:21.773 10068 10068 D CAR.SENSOR: handleCarDisconnection
02-23 15:29:21.773 10068 10068 D CAR.CLIENT: Multi-display client enabled. Get ICarDisplay for: CarDisplayId{displayId=0}
02-23 15:29:21.774  8265  8287 I GH.CsatRateLimiter: Not eligible for CSAT - too soon since last impression
02-23 15:29:21.779 10068 10068 D CAR.CLIENT: Multi-display client enabled. Get ICarDisplay for: CarDisplayId{displayId=0}
02-23 15:29:21.780 10068 10068 D GH.MpCarDispUpdateLstnr: Clearing local CarDisplayLayoutUpdateCompleteListener {rfz@2c03fce}
02-23 15:29:21.780 10068 10068 D GH.DemandClientService: unregisterCallbacks
02-23 15:29:21.781 10068 10068 D GH.DemandClientService: onUnbind
02-23 15:29:21.781 10068 10068 D GH.DemandClientService: onDestroy
02-23 15:29:21.781 10068 10068 D CAR.CLIENT.PLS: Projection end
02-23 15:29:21.781 10068 10068 I GH.GhLifecycleService: onProjectionEnd()
02-23 15:29:21.781 10068 10068 W GH.PreflightManager: Preflight not in progress!
02-23 15:29:21.781 10068 10068 I GH.ThemingManager: onProjectionEnd
02-23 15:29:21.782 10068 10068 I GH.PrimaryColorProvider: onProjectionEnd
02-23 15:29:21.785 10068 10068 D CAR.CLIENT.WM.WIN: Dashboard onWindowRemoved
02-23 15:29:21.785 10068 10068 D CAR.CLIENT.WM.WIN: GhFacetBar onWindowRemoved
02-23 15:29:21.800 10068 10068 D GH.GearheadService: onDestroy
02-23 15:29:21.800 10068 10068 D GH.CarClientManager: unregistered listener ozw@f672d6a
02-23 15:29:21.801 10068 10068 D GH.SharedNotifications: Status: #onListenerServiceDestroyed, Clients: 0, Clients requiring NLS: 0, State: 4, NLS class: com.google.android.projection.gearhead/com.google.android.gearhead.notifications.SharedNotificationListenerManager$ListenerService, Stored NLS instance: 108442265, Event NLS instance: 108442265
02-23 15:29:21.801 10068 10068 D GH.SharedNotifications: onListenerServiceDestroyed
02-23 15:29:21.816  8624   530 E GH.WPP.IO: Failed to read 4 bytes at offset 0
02-23 15:29:21.816  8624   530 E GH.WPP.IO: java.io.IOException: bt socket closed, read return: -1
02-23 15:29:21.816  8624   530 E GH.WPP.IO: 	at android.bluetooth.BluetoothSocket.read(BluetoothSocket.java:678)
02-23 15:29:21.816  8624   530 E GH.WPP.IO: 	at android.bluetooth.BluetoothInputStream.read(BluetoothInputStream.java:91)
02-23 15:29:21.816  8624   530 E GH.WPP.IO: 	at jnh.a(SourceFile:21)
02-23 15:29:21.816  8624   530 E GH.WPP.IO: 	at jnn.p(SourceFile:180)
02-23 15:29:21.816  8624   530 E GH.WPP.IO: 	at jnn.b(SourceFile:7)
02-23 15:29:21.816  8624   530 E GH.WPP.IO: 	at jnf.read(SourceFile:52)
02-23 15:29:21.816  8624   530 E GH.WPP.IO: 	at odi.a(SourceFile:32)
02-23 15:29:21.816  8624   530 E GH.WPP.IO: 	at odf.b(SourceFile:77)
02-23 15:29:21.816  8624   530 E GH.WPP.IO: 	at oav.run(SourceFile:41)
02-23 15:29:21.816  8624   530 E GH.WPP.IO: 	at android.os.Handler.handleCallback(Handler.java:1000)
02-23 15:29:21.816  8624   530 E GH.WPP.IO: 	at android.os.Handler.dispatchMessage(Handler.java:104)
02-23 15:29:21.816  8624   530 E GH.WPP.IO: 	at android.os.Looper.loopOnce(Looper.java:242)
02-23 15:29:21.816  8624   530 E GH.WPP.IO: 	at android.os.Looper.loop(Looper.java:362)
02-23 15:29:21.816  8624   530 E GH.WPP.IO: 	at android.os.HandlerThread.run(HandlerThread.java:85)
02-23 15:29:22.106  8624  8624 I CAR.AUDIO.MEDIA: stopAudioCaptureThread MEDIA
02-23 15:29:22.160  8624   305 I CAR.AUDIO.MEDIA: Clearing system capture queue since audio capture thread is quitting
02-23 15:29:22.163  8624  8624 I CAR.AUDIO.CHANNEL: Mark stream not ready: MEDIA
02-23 15:29:22.163  8624   303 I CAR.AUDIO.MEDIA: clearing transmission queue in bottom half
02-23 15:29:22.163  8624  8624 I CAR.AUDIO.TTS: stopAudioCaptureThread TTS
02-23 15:29:22.251  8624   312 I CAR.AUDIO.TTS: Clearing system capture queue since audio capture thread is quitting
02-23 15:29:22.252  8624  8624 I CAR.AUDIO.CHANNEL: Mark stream not ready: TTS
02-23 15:29:22.253  8624  8624 I CAR.AUDIO.SYSTEM: stopAudioCaptureThread SYSTEM
02-23 15:29:22.253  8624  8624 I CAR.AUDIO.CHANNEL: Mark stream not ready: SYSTEM
02-23 15:29:22.253  8624   314 I CAR.AUDIO.SYSTEM: clearing transmission queue in bottom half
02-23 15:29:22.254  8624  8624 W CAR.SENSOR: Couldn't send sensor rate request when stopping sensor
02-23 15:29:22.255  8624   308 I CAR.AUDIO.TTS: clearing transmission queue in bottom half
02-23 15:29:22.257  8624  8624 I CAR.AUDIO.FOCUS: Stop audio focus handler
02-23 15:29:22.257  8624  8624 W CAR.AUDIO.FOCUS: Car audio focus handler didn't start or already stopped
02-23 15:29:22.259  8624 32762 W CAR.XFER.LITE: CAR_SERVICE_PROXY Read EOF or exception
02-23 15:29:22.259  8624 32763 I GH.MTMCByteCounter: MTMC byte counting stopped. Read 0 bytes and wrote 154 bytes over 7106 milliseconds.
02-23 15:29:22.264  8265  8572 I GH.ConnLoggerV2: Session 5851743f-9a41-456a-989f-68cc53452524, event 875, detail OptionalInt.empty, FRAMER_STOPPED, at 20965111 
02-23 15:29:22.661  8624  8624 W CAR.GAL.GAL.LITE: reader thread stuck? Trying SIGQUIT.
02-23 15:29:23.063  8624  8624 W GH.CarConnSession: Reader thread stuck.
02-23 15:29:23.064  8624 32750 I CAR.GAL.GAL.LITE: Draining all write queues since writer thread is finishing up.
02-23 15:29:23.064  8624  8624 I CAR.POOL_VIDEO: Logging in use buffers for consumer: POOL_VIDEO
02-23 15:29:23.065  8624 32748 W CAR.GAL.GAL.LITE: IO exception, dataReceived=true, isWireless=true
02-23 15:29:23.065  8624 32748 W CAR.GAL.GAL.LITE: java.net.SocketException: Socket closed
02-23 15:29:23.065  8624 32748 W CAR.GAL.GAL.LITE: 	at java.net.SocketInputStream.read(SocketInputStream.java:188)
02-23 15:29:23.065  8624 32748 W CAR.GAL.GAL.LITE: 	at java.net.SocketInputStream.read(SocketInputStream.java:143)
02-23 15:29:23.065  8624 32748 W CAR.GAL.GAL.LITE: 	at jnh.a(SourceFile:21)
02-23 15:29:23.065  8624 32748 W CAR.GAL.GAL.LITE: 	at jnn.p(SourceFile:180)
02-23 15:29:23.065  8624 32748 W CAR.GAL.GAL.LITE: 	at jnn.b(SourceFile:7)
02-23 15:29:23.065  8624 32748 W CAR.GAL.GAL.LITE: 	at jnf.read(SourceFile:52)
02-23 15:29:23.065  8624 32748 W CAR.GAL.GAL.LITE: 	at hyy.run(SourceFile:108)
02-23 15:29:23.070  8624  8624 I CAR.AUDIO.FOCUS: Stop audio focus handler
02-23 15:29:23.070  8624  8624 W CAR.AUDIO.FOCUS: Car audio focus handler didn't start or already stopped
02-23 15:29:23.072  8624  8624 I CAR.AUDIO.FOCUS: Stop audio focus handler
02-23 15:29:23.072  8624  8624 W CAR.AUDIO.FOCUS: Car audio focus handler didn't start or already stopped
02-23 15:29:23.073  8265  8572 I GH.ConnLoggerV2: Session 5851743f-9a41-456a-989f-68cc53452524, event 876, detail OptionalInt.empty, FRAMER_READ_IO_EXCEPTION, at 20965917 
02-23 15:29:23.083  8624  8624 I CAR.WM  : removing window that is already removed igd@5fd7f2d{name=com.google.android.projection.gearhead:GhFacetBar,region=CarRegionId{regionId=2131429280 carDisplayId=CarDisplayId{displayId=0}},l=1,s=5,vis=false,anim=false,isResizing=false,a=1.0,windowInsets=Rect(0, 0 - 0, 0),systemInsets=Rect(0, 0 - 0, 0),regionsCastingInsets=[],insetSideHint=1,insetBehavior=0,carDisplayConfigurationId=ab2e5861-5878-4b94-8c1b-1501e96328f2,windowDecorationParams=ProjectionWindowDecorationParams{outlineLeft=0, outlineTop=0, outlineRight=0, outlineBottom=0, corners=1, cornerRadius=0, antiAliasingType=1, showOutlinesOnlyWhenInset=false, showRoundedCornersOnlyWhenInset=false, borderWidth0},transparencyEnabled=true,stableZ=468,hasSystemLayoutZOverride=false,nonSystemOverrideLayoutZ=468{blX=730, blY=0, trX=800, trY=410, width=70, height=410, z=468, systemWindowInsets=Rect(0, 0 - 0, 0), enterAnimation=null, exitAnimation=null, focusFlags=8, visibilityFlags=0},surface=null,nupdated=0,nrendered=0,nonDrawnTouches=0,tid=0,vertices=[730, 0, 800, 410],lastRenderBounds=null}
02-23 15:29:23.083  8624  8624 I CAR.STARTUP: Handoff status true
02-23 15:29:23.083  8624  9025 I GH.WirelessStartup: handoff initiated: true
02-23 15:29:23.087  8265  8572 I GH.ConnLoggerV2: Session 5851743f-9a41-456a-989f-68cc53452524, event 877, detail OptionalInt.empty, FRAMER_READ_IO_EXCEPTION_SOCKET_CLOSED, at 20965919 
02-23 15:29:23.089  8624   543 I CAR.GAL.GAL.LITE: Car requests protocol version ian[majorVersion=1, minorVersion=7]
02-23 15:29:23.089  8624   543 I CAR.GAL.GAL.LITE: Requested protocol version ian[majorVersion=1, minorVersion=7], negotiated protocol version ian[majorVersion=1, minorVersion=7] (STATUS_SUCCESS)
02-23 15:29:23.096  8265  8572 I GH.ConnLoggerV2: Session 5851743f-9a41-456a-989f-68cc53452524, event 878, detail OptionalInt.empty, FRAMER_STARTED, at 20965935 
02-23 15:29:23.099  8624  8624 I CAR.WM  : removing window that is already removed igd@ed2d64d{name=com.google.android.projection.gearhead:Dashboard,region=CarRegionId{regionId=2131427911 carDisplayId=CarDisplayId{displayId=0}},l=1,s=5,vis=false,anim=false,isResizing=false,a=1.0,windowInsets=Rect(0, 0 - 0, 0),systemInsets=Rect(0, 0 - 0, 0),regionsCastingInsets=[],insetSideHint=1,insetBehavior=0,carDisplayConfigurationId=ab2e5861-5878-4b94-8c1b-1501e96328f2,windowDecorationParams=ProjectionWindowDecorationParams{outlineLeft=9, outlineTop=9, outlineRight=9, outlineBottom=9, corners=1, cornerRadius=0, antiAliasingType=1, showOutlinesOnlyWhenInset=false, showRoundedCornersOnlyWhenInset=false, borderWidth0},transparencyEnabled=true,stableZ=438,hasSystemLayoutZOverride=false,nonSystemOverrideLayoutZ=438{blX=0, blY=0, trX=284, trY=410, width=284, height=410, z=438, systemWindowInsets=Rect(0, 0 - 0, 0), enterAnimation=ProjectionWindowAnimation{animation=android.view.animation.AlphaAnimation@2d75dc, choreography=null, delay=0}, exitAnimation=ProjectionWindowAnimation{animation=android.view.animation.AlphaAnimation@16c66e5, choreography=null, delay=0}, focusFlags=512, visibilityFlags=0},surface=null,nupdated=0,nrendered=0,nonDrawnTouches=0,tid=0,vertices=[9, 9, 275, 401],lastRenderBounds=null}
02-23 15:29:23.102  8265  8572 I GH.ConnLoggerV2: Session 5851743f-9a41-456a-989f-68cc53452524, event 879, detail OptionalInt.empty, CONNECTION_HANDOFF_COMPLETE, at 20965934 
02-23 15:29:23.107  8624  8624 I CAR.TOKEN: Connecting pof@b815afc using class pye@136183770/class pyh@179615109 (cx attempt 1)
02-23 15:29:23.110  8624   543 W CAR.GAL.SECURITY.LITE: Phone will wait for car to send more SSL handshake data
02-23 15:29:23.110  8624   543 I CAR.GAL.SECURITY.LITE: Final result: java.nio.HeapByteBuffer[pos=0 lim=2348 cap=2348]
02-23 15:29:23.110  8624  8624 I CAR.AUDIO.AFM: Received onAudioFocusGrant. gainRequest: GAIN, requestResult: GRANTED, clientId: android.media.AudioManager@4f8513ahoo@35671eb, packageName: com.google.android.projection.gearhead, clientUid: 10162
02-23 15:29:23.111  8624  8624 I CAR.AUDIO.AFM: Not handling focus event from Gearhead AFM client.
02-23 15:29:23.111  8624  8624 I GH.WPP.CONN: Stopping Wifi Projection Protocol read and write threads
02-23 15:29:23.112  8624  8624 I GH.WIRELESS.BT: Retrying connection attempt on all channels due to WPP_SOCKET_IO_EXCEPTION
02-23 15:29:23.112  8624  8624 I GH.WIRELESS.SETUP: State changed to RFCOMM_READ_WRITE_FAILURE
02-23 15:29:23.112  8624  8624 I GH.WIRELESS.SETUP: Retrying connection attempt on all channels by restarting WPP.
02-23 15:29:23.112  8624  8624 I GH.WIRELESS.SETUP: Triggering WPP restart. Reason=WPP_SOCKET_IO_EXCEPTION
02-23 15:29:23.114  8624 32602 I GH.WPP.RFCOMM: Closing the socket
02-23 15:29:23.116  8265  8572 I GH.ConnLoggerV2: Session 5851743f-9a41-456a-989f-68cc53452524, event 880, detail OptionalInt.empty, VERSION_NEGOTIATION_STARTED, at 20965935 
02-23 15:29:23.118  8624  8624 I GH.WIRELESS.SETUP: State changed to CONNECTED_WIFI
02-23 15:29:23.118  8624  8624 I GH.WIRELESS.SETUP: Send WifiConnectStatus, status=STATUS_SUCCESS, errorMessage=Optional.empty
02-23 15:29:23.119  8624  8624 W GH.WIRELESS.BT: Dropping message of type MESSAGE_WIFI_CONNECT_STATUS_BT because connection object is empty
02-23 15:29:23.120  8624  8624 I GH.WIRELESS.SETUP: State changed to PROJECTION_INITIATED
02-23 15:29:23.120  8624  8624 I GH.WIRELESS.SETUP: Processing projection network
02-23 15:29:23.120  8624  8624 W GH.WIRELESS.SETUP: Not persisting Wi-Fi configuration.
02-23 15:29:23.120  8624  9025 I GH.WirelessNotify: Hiding wifi disabled issue from WirelessSetupNotificationManager after WiFi connected.
02-23 15:29:23.120  8624  8624 W GH.WIRELESS.SETUP: Wi-Fi frequency is not persisted: config is removed.
02-23 15:29:23.120  8624  8624 I GH.WIRELESS.SETUP: Handing off to begin TCP connection
02-23 15:29:23.123  8624  8624 I GH.CarSvcDataStorage: Using DB version: 13
02-23 15:29:23.125  8265  8572 I GH.ConnLoggerV2: Session 5851743f-9a41-456a-989f-68cc53452524, event 881, detail OptionalInt.empty, WIRELESS_WIFI_CAR_WIFI_SETUP_TORN_DOWN, at 20965941 
02-23 15:29:23.132  8624   543 I CAR.GAL.SECURITY.LITE: Peer certificate subject name: OU=01,O=JVC Kenwood,L=Hachioji,ST=Tokyo,C=JP
02-23 15:29:23.132  8624   543 I CAR.GAL.SECURITY.LITE: Peer certificate serial number: 27 (0x1b)
02-23 15:29:23.132  8624   543 I CAR.GAL.SECURITY.LITE: Valid Times:
02-23 15:29:23.132  8624   543 I CAR.GAL.SECURITY.LITE:     notBefore= Thu Jul 03 20:00:00 EDT 2014
02-23 15:29:23.132  8624   543 I CAR.GAL.SECURITY.LITE:     notAfter= Sat Apr 29 10:28:38 EDT 2045
02-23 15:29:23.134  8265  8572 I GH.ConnLoggerV2: Session 5851743f-9a41-456a-989f-68cc53452524, event 882, detail OptionalInt.empty, VERSION_NEGOTIATION_SUCCESS_WIFI, at 20965940 
02-23 15:29:23.139  8624  8624 I GH.WIRELESS.SETUP: Requesting GAL socket, callback=5
02-23 15:29:23.141  8265  8572 I GH.ConnLoggerV2: Session 5851743f-9a41-456a-989f-68cc53452524, event 883, detail OptionalInt.empty, VERSION_NEGOTIATION_SUCCESS, at 20965942 
02-23 15:29:23.143  8624  9025 I CAR.STARTUP: Checking handoff interest for component com.google.android.projection.gearhead/com.google.android.apps.auto.carservice.service.impl.GearheadCarStartupService
02-23 15:29:23.146  8624  9025 I CAR.STARTUP: Successfully bound to component com.google.android.projection.gearhead/com.google.android.apps.auto.carservice.service.impl.GearheadCarStartupService
02-23 15:29:23.147  8624  8624 I GH.CarConnSession: Tearing down
02-23 15:29:23.147  8624  8624 I CAR.AUDIO.FOCUS: Stop audio focus handler
02-23 15:29:23.147  8624  8624 W CAR.AUDIO.FOCUS: Car audio focus handler didn't start or already stopped
02-23 15:29:23.148  8265  8572 I GH.ConnLoggerV2: Session 5851743f-9a41-456a-989f-68cc53452524, event 884, detail OptionalInt.empty, WIRELESS_RFCOMM_READ_ERROR, at 20965962 
02-23 15:29:23.148  8624  8624 I CAR.AUDIO.FOCUS: Stop audio focus handler
02-23 15:29:23.148  8624  8624 W CAR.AUDIO.FOCUS: Car audio focus handler didn't start or already stopped
02-23 15:29:23.151  8624  8624 I CAR.CAM : component: GmmCarProjectionService; Service is null, ignoring updateInsets
02-23 15:29:23.151 10068 10068 D GH.GhLifetimeService: registerProjectionLifetimeCallback(callback:qjc@d160366)
02-23 15:29:23.152  8624  8624 I GH.CarSvcDataStorage: Using DB version: 13
02-23 15:29:23.155  8624  8624 I GH.WIRELESS.SETUP: No WPP on TCP configuration found in storage for the head unit, will not start WPP on TCP.
02-23 15:29:23.157  8624  8624 I GH.WIRELESS.SETUP: Starting manager of type: RFCOMM
02-23 15:29:23.158  8624   564 I GH.GhCarClientCtor: Bound to startup service, got Car Service: ipb@6c88a0
02-23 15:29:23.158  8624  8624 I GH.WIRELESS.SETUP: State changed to CONNECTING_RFCOMM
02-23 15:29:23.160  8624  8624 I CAR.STARTUP: Service available
02-23 15:29:23.160  8624  8624 W CAR.SERVICE: Critical error 18 detail: 54 msg: Failed to read message
02-23 15:29:23.163  8265  8572 I GH.ConnLoggerV2: Session 5851743f-9a41-456a-989f-68cc53452524, event 885, detail OptionalInt.empty, WIRELESS_RFCOMM_SOCKET_CLOSED, at 20965963 
02-23 15:29:23.165  8624 32602 I GH.WPP.RFCOMM: Connecting the socket
02-23 15:29:23.165  8624 32602 I GH.WIRELESS.BT: Creating rfcomm socket for device: DC:A6:32:E7:5A:FF and uuid: 4de17a00-52cb-11e6-bdf4-0800200c9a66
02-23 15:29:23.166  8624  9025 I GH.CAR  : isInterestedInHandoff - initialized
02-23 15:29:23.166  8624  9025 I GH.CAR  : Interested in handoff -7748641957405346321: true
02-23 15:29:23.166  8624  9025 I CAR.STARTUP: onStartupServiceAvailable - IStartup interest is true for ComponentInfo{com.google.android.projection.gearhead/com.google.android.apps.auto.carservice.service.impl.GearheadCarStartupService}
02-23 15:29:23.166  8624  9025 I GH.WirelessStartup: Interested in handoff com.google.android.projection.gearhead/com.google.android.apps.auto.carservice.service.impl.GearheadCarStartupService true
02-23 15:29:23.167  8624  9025 I GH.WirelessStartup: Interested in handoff - start handoff
02-23 15:29:23.168  8624  8624 I CAR.TOKEN: Successfully connected pyj@719de56 using class pye@136183770/class pyh@179615109 (cx attempt 1)
02-23 15:29:23.169  8624  8624 I CAR.TOKEN: Token caller not specified, so skipping telemetry logging. Process: com.google.android.projection.gearhead:car
02-23 15:29:23.169  8624  9025 I CAR.STARTUP: Handing off session -7748641957405346321 (2)
02-23 15:29:23.169  8624  9025 I GH.CAR  : Handoff session -7748641957405346321 (connection type: 2)
02-23 15:29:23.169  8624  9025 I GH.CAR  : Projection runs in proxy. Update iCar to the proxy.
02-23 15:29:23.169  8624  9025 I GH.CAR  : Handling wifi handoff 10.0.0.1:5288 (SSID: <unknown ssid>, BSSID: 02:00:00:00:00:00, MAC: 02:00:00:00:00:00, IP: /10.0.0.23, Security type: 2, Supplicant state: COMPLETED, Wi-Fi standard: 5, RSSI: -45, Link speed: 6Mbps, Tx Link speed: 6Mbps, Max Supported Tx Link speed: 96Mbps, Rx Link speed: 6Mbps, Max Supported Rx Link speed: 96Mbps, Frequency: 5180MHz, Net ID: -1, Metered hint: false, score: 60, isUsable: true, CarrierMerged: false, SubscriptionId: -1, IsPrimary: -1, Trusted: true, Restricted: false, Ephemeral: true, OEM paid: false, OEM private: false, OSU AP: false, FQDN: <none>, Provider friendly name: <none>, Requesting package name: <none><none>MLO Information: , Is TID-To-Link negotiation supported by the AP: false, AP MLD Address: <none>, AP MLO Link Id: <none>, AP MLO Affiliated links: <none>)
02-23 15:29:23.171  8265  8572 I GH.ConnLoggerV2: Session 5851743f-9a41-456a-989f-68cc53452524, event 886, detail OptionalInt[4], WIRELESS_SETUP_WPP_RESTART_WITH_DELAY, at 20965964 
02-23 15:29:23.173  8624   566 I CAR.SETUP.WIFI: Creating socket, attempt 0
02-23 15:29:23.173  8624   566 I CAR.SETUP.WIFI: Creating socket.
02-23 15:29:23.176  8265  8572 I GH.ConnLoggerV2: Session 5851743f-9a41-456a-989f-68cc53452524, event 887, detail OptionalInt[-1238149766], WIRELESS_SETUP_WPP_RESTART, at 20965965 
02-23 15:29:23.179  8624  8624 I GH.CarSvcDataStorage: Using DB version: 13
02-23 15:29:23.192  8624  8624 I CAR.FRX.CHECKS: shouldSkipLegacyFrxForCakewalk false, frx not required, exiting early
02-23 15:29:23.192  8624  8624 I GH.CarConnSession: Putting shouldSkipLegacyFrxForCakewalk=false into metadata bundle
02-23 15:29:23.192  8624  8624 I CAR.FRX.CHECKS: Deciding where to run FRX (GMS vs. GH):
02-23 15:29:23.192  8624  8624 I CAR.FRX.CHECKS: isFrxRequired=false
02-23 15:29:23.192  8624  8624 I CAR.FRX.CHECKS: shouldRunLegacyFrx=true
02-23 15:29:23.192  8624  8624 I CAR.FRX.CHECKS: isOsCompatible=true
02-23 15:29:23.192  8624  8624 I CAR.FRX.CHECKS: areApplicationsFullyUpdated=true
02-23 15:29:23.192  8624  8624 I GH.CarConnSession: Hand off FRX
02-23 15:29:23.193  8624  8624 I CAR.STARTUP: Handoff service discovery complete 9
02-23 15:29:23.194  8624   566 I CAR.SETUP.WIFI: Socket connected to 10.0.0.1:5288
02-23 15:29:23.197  8265  8572 I GH.ConnLoggerV2: Session 5851743f-9a41-456a-989f-68cc53452524, event 888, detail OptionalInt[6], WIRELESS_WIFI_PROJECTION_PROTOCOL_SEND_MESSAGE_DROPPED_NO_CONNECTION_RFCOMM, at 20965969 
02-23 15:29:23.198  8624  9025 I GH.WIRELESS.SETUP: Received GAL socket result, callback=4, result=INSTANCE
02-23 15:29:23.201  8624  9025 I GH.WirelessStartup: Socket completed. Success: true. SocketResult needed additional handling: true
02-23 15:29:23.201  8624  9025 I GH.WirelessStartup: Handoff complete. Interested component: com.google.android.projection.gearhead/com.google.android.apps.auto.carservice.service.impl.GearheadCarStartupService. Success: true.
02-23 15:29:23.201  8624  9025 I GH.WirelessStartup: Handoff success with 9 services
02-23 15:29:23.201  8624  9025 I GH.WirelessStartup: Starting transfer for handoff.
02-23 15:29:23.207  8624  8624 I GH.CarConnSession: Transfer for handoff with userAuthorized (true)
02-23 15:29:23.212  8265  8572 I GH.ConnLoggerV2: Session 5851743f-9a41-456a-989f-68cc53452524, event 889, detail OptionalInt.empty, WIRELESS_WIFI_PROJECTION_PROTOCOL_RFCOMM_CONNECT_STATUS_SENT, at 20965970 
02-23 15:29:23.220  8624   566 I GH.CAR  : Wifi socket connect event: status = 1, socket retry count = 0, network retry count = 0, error code = 0, connection time = 47 ms
02-23 15:29:23.221  8624  8624 I CAR.SERVICE: Car connection state changed: DISCONNECTED->CONNECTING
02-23 15:29:23.222  8624  8624 I CAR.POOL_VIDEO: Initializing managed buffer pools with direct buffers
02-23 15:29:23.223  8265  8572 I GH.ConnLoggerV2: Session 5851743f-9a41-456a-989f-68cc53452524, event 890, detail OptionalInt.empty, WIRELESS_CONNECTED_WIFI, at 20965971 
02-23 15:29:23.238  8624  8624 I CAR.AUTH: Package com.google.android.projection.gearhead for uid 10162: isGoogleSigned = [INVALID: format=%b, type=xto, value=true], isPackageAllowed = [INVALID: format=%b, type=xto, value=false]
02-23 15:29:23.238  8624  8624 E CAR.AUTH: Call from UID 10162 is not allowed.
02-23 15:29:23.245  8624  8624 I CAR.SERVICE.LITE: Overriding delegate with new Lite CarServiceBinder, sessionId: 3379921525589141128, connectionType: 2
02-23 15:29:23.245  8265  8572 I GH.ConnLoggerV2: Session 5851743f-9a41-456a-989f-68cc53452524, event 891, detail OptionalInt.empty, WIRELESS_WIFI_PROJECTION_INITIATED, at 20965976 
02-23 15:29:23.245  8624  8624 I CAR.SERVICE.LITE: Updating receiver callback and sessionId for connectionType: 2
02-23 15:29:23.246  8624  8624 I GH.CAR  : Starting wifi connection: Socket[address=/10.0.0.1,port=5288,localPort=44394]
02-23 15:29:23.248  8624  8935 I GH.CarConnSessMgr: Starting car connection for session -7748641957405346321 of type 2
02-23 15:29:23.258  8624  8624 I GH.CmpnDvcCtrlImpl: onDeviceAppeared: Android Auto (2)
02-23 15:29:23.260  8624   573 I GH.CAR  : Resume session 3379921525589141128
02-23 15:29:23.265  8265  8572 I GH.ConnLoggerV2: Session 5851743f-9a41-456a-989f-68cc53452524, from WIFI_SETUP, to LAUNCHING_PROJECTION, reason PROJECTION_INITIATED at time 20966115.
02-23 15:29:23.268  8624  8935 I GH.CarConnSessMgr: Teardown called for session 3379921525589141128, current session is 3379921525589141128
02-23 15:29:23.268  8624  8624 W CAR.STARTUP: Protocol error 1001 (0): Teardown existing session due to new connection.
02-23 15:29:23.268  8624  9025 W GH.WirelessStartup: ProjectionErrorCode = 1001, ProjectionErrorDetail = 0, Teardown existing session due to new connection.
02-23 15:29:23.268  8624  9025 W GH.WirelessStartup: Critical error encountered, attempting to handle result.
02-23 15:29:23.268  8624  9025 I GH.WIRELESS.SETUP: Received GAL socket result, callback=4, result=INSTANCE
02-23 15:29:23.270  8624  8624 I GH.CmpnDvcCtrlImpl: onDeviceDisappeared: Android Auto (2)
02-23 15:29:23.271  8624  8935 I GH.CarConnSessMgr: Tearing down active session
02-23 15:29:23.271  8624  8935 I GH.CarConnSessMgr: Revoking active session
02-23 15:29:23.272 10068 12208 D GH.MultiCarCxnListener: Already disconnected on binder thread. Not notifying listeners. instance: pyn@89b541d
02-23 15:29:23.272  8624  8935 I GH.CarConnSession: canCarServiceLiteHandleMigration true; isMigrationFlagEnabled true
02-23 15:29:23.272 10068 10100 D GH.MultiCarCxnListener: Already disconnected on binder thread. Not notifying listeners. instance: pyn@3a2387e
02-23 15:29:23.272 10068 21781 D GH.MultiCarCxnListener: Already disconnected on binder thread. Not notifying listeners. instance: pyn@caa288a
02-23 15:29:23.273 10068 11068 D GH.MultiCarCxnListener: Already disconnected on binder thread. Not notifying listeners. instance: pyn@4956d1b
02-23 15:29:23.274  8624  8624 I GH.CarConnSession: Tearing down
02-23 15:29:23.274  8624  8624 I CAR.SERVICE: Car connection state changed: CONNECTING->DISCONNECTING
02-23 15:29:23.275  8624  8624 I CAR.SERVICE: Not ready for clients, so not notifying car connection listeners of disconnection (15 listeners). Last state was CONNECTING
02-23 15:29:23.275  8624  8624 W CAR.SERVICE: null lifecycleServiceConnection, so can't tell it projection is being torn down
02-23 15:29:23.275  8624  8624 W CAR.SERVICE: null recoveryLifecycleServiceConnection, so can't tell it projection is being torn down
02-23 15:29:23.275  8265  8572 I GH.ConnLoggerV2: Session 5851743f-9a41-456a-989f-68cc53452524, event 892, detail OptionalInt[-45], WIRELESS_WIFI_STARTUP_MANAGER_DIRECT_HANDOFF_STARTED, at 20965992 
02-23 15:29:23.275  8624  8624 I CAR.SERVICE: Car connection state changed: DISCONNECTING->DISCONNECTED
02-23 15:29:23.278  8624  8624 I CAR.SYS : Failed to release automotive projection.
02-23 15:29:23.278  8624  8624 W CAR.SERVICE: null lifecycleServiceConnection, so can't tell it projection is ending
02-23 15:29:23.278  8624  8624 W CAR.SERVICE: null recoveryLifecycleServiceConnection, so can't tell it projection is ending
02-23 15:29:23.279  8624  8624 I CAR.AUDIO.FOCUS: Stop audio focus handler
02-23 15:29:23.279  8624  8624 W CAR.AUDIO.FOCUS: Car audio focus handler didn't start or already stopped
02-23 15:29:23.282  8265  8572 I GH.ConnLoggerV2: Session 5851743f-9a41-456a-989f-68cc53452524, event 893, detail OptionalInt.empty, SSL_NEGOTIATION_SUCCESS_WIFI, at 20965993 
02-23 15:29:23.282  8624  8624 I CAR.AUDIO.FOCUS: Stop audio focus handler
02-23 15:29:23.282  8624  8624 W CAR.AUDIO.FOCUS: Car audio focus handler didn't start or already stopped
02-23 15:29:23.284  8624  8935 I CAR.GAL.SECURITY.LITE: Successfully initialized SSL context for protocol: TLSv1.2 using provider: GmsCore_OpenSSL
02-23 15:29:23.285  8624  8935 I CAR.GAL.GAL.LITE: Creating per-channel priority writer thread.
02-23 15:29:23.286  8624  8935 I CAR.GAL.GAL.LITE: Creating PerChannelQueue for channel 0
02-23 15:29:23.287  8624  8935 I GH.CAR.ProxyEP.LITE: Proxy created for channel 0
02-23 15:29:23.288  8624  8935 I GH.CarConnSessMgr: Resume of session 3379921525589141128 instead of -7748641957405346321
02-23 15:29:23.289  8265  8572 I GH.ConnLoggerV2: Session 5851743f-9a41-456a-989f-68cc53452524, event 894, detail OptionalInt.empty, SSL_SUCCESS, at 20965994 
02-23 15:29:23.306  8265  8572 I GH.ConnLoggerV2: Session 5851743f-9a41-456a-989f-68cc53452524, event 895, detail OptionalInt.empty, WIRELESS_WIFI_PROJECTION_PROTOCOL_RFCOMM_CONNECTION_ATTEMPT_STARTING, at 20966008 
02-23 15:29:23.306  8265  8572 I GH.StartupMeasure: logEvent GEARHEAD_WIRELESS_CONTROL_CHANNEL_CONNECT_ATTEMPT_RFCOMM=PT5H49M26.008S
02-23 15:29:23.313  8265  8572 I GH.ConnLoggerV2: Session 5851743f-9a41-456a-989f-68cc53452524, event 896, detail OptionalInt.empty, WIRELESS_RFCOMM_CONNECTION_RUNNABLE_DEQUEUED, at 20966010 
02-23 15:29:23.326  8265  8572 I GH.ConnLoggerV2: Session 5851743f-9a41-456a-989f-68cc53452524, event 897, detail OptionalInt.empty, WIRELESS_CONNECTING_RFCOMM, at 20966012 
02-23 15:29:23.332  8265  8572 I GH.ConnLoggerV2: Session 5851743f-9a41-456a-989f-68cc53452524, event 898, detail OptionalInt.empty, SDP_REQUEST_SENT, at 20966013 
02-23 15:29:23.344  8265  8572 I GH.ConnLoggerV2: Session 5851743f-9a41-456a-989f-68cc53452524, event 899, detail OptionalInt.empty, WIRELESS_WIFI_STARTUP_MANAGER_ON_INTERESTED_IN_HANDOFF, at 20966017 
02-23 15:29:23.349  8265  8572 I GH.ConnLoggerV2: Session 5851743f-9a41-456a-989f-68cc53452524, event 900, detail OptionalInt.empty, CONNECTION_HANDOFF_TO_GEARHEAD_STARTED, at 20966019 
02-23 15:29:23.359  8624   576 W CAR.VALIDATOR: Package DENIED; Uses for TEMPLATE not defined [com.google.android.googlequicksearchbox]
02-23 15:29:23.367  8265  8572 I GH.ConnLoggerV2: Session 5851743f-9a41-456a-989f-68cc53452524, event 901, detail OptionalInt.empty, WIRELESS_WIFI_CAR_WIFI_SETUP_INITIALIZED, at 20966022 
02-23 15:29:23.382  8265  8572 I GH.ConnLoggerV2: Session 5851743f-9a41-456a-989f-68cc53452524, event 902, detail OptionalInt.empty, SDP_RESPONSE_RECEIVED_WIFI, at 20966024 
02-23 15:29:23.390  8265  8572 I GH.ConnLoggerV2: Session 5851743f-9a41-456a-989f-68cc53452524, event 903, detail OptionalInt.empty, WIRELESS_WIFI_SOCKET_CONNECTING, at 20966026 
02-23 15:29:23.397  8265  8572 I GH.ConnLoggerV2: Session 5851743f-9a41-456a-989f-68cc53452524, event 904, detail OptionalInt.empty, SDP_RESPONSE_RECEIVED, at 20966028 
02-23 15:29:23.402  8624   576 W CAR.VALIDATOR: Package DENIED; Uses for MEDIA not defined [com.google.android.youtube]
02-23 15:29:23.404  8624   576 W CAR.VALIDATOR: Package DENIED; Uses for MEDIA not defined [com.zhiliaoapp.musically]
02-23 15:29:23.412  8265  8572 I GH.ConnLoggerV2: Session 5851743f-9a41-456a-989f-68cc53452524, event 905, detail OptionalInt.empty, GEARHEAD_PROJECTION_ENABLED, at 20966043 
02-23 15:29:23.412  8265  8572 I GH.StartupMeasure: logEvent GEARHEAD_PROJECTION_ENABLED=PT5H49M26.043S
02-23 15:29:23.412  8265  8572 I GH.StartupMeasure: logEvent GEARHEAD_PROJECTION_ENABLED=PT5H49M26.043S
02-23 15:29:23.418  8265  8572 I GH.ConnLoggerV2: Session 5851743f-9a41-456a-989f-68cc53452524, event 906, detail OptionalInt[-45], WIRELESS_WIFI_STARTUP_MANAGER_ON_HANDOFF_COMPLETE, at 20966046 
02-23 15:29:23.427  8265  8572 I GH.ConnLoggerV2: Session 5851743f-9a41-456a-989f-68cc53452524, event 907, detail OptionalInt.empty, WIRELESS_GAL_SOCKET_CONNECTED, at 20966049 
02-23 15:29:23.432  8265  8572 I GH.ConnLoggerV2: Session 5851743f-9a41-456a-989f-68cc53452524, event 908, detail OptionalInt.empty, AUTHORIZATION_STARTED, at 20966053 
02-23 15:29:23.442  8265  8572 I GH.ConnLoggerV2: Session 5851743f-9a41-456a-989f-68cc53452524, event 909, detail OptionalInt.empty, WIRELESS_WIFI_SOCKET_CONNECTED, at 20966045 
02-23 15:29:23.449  8265  8572 I GH.ConnLoggerV2: Session 5851743f-9a41-456a-989f-68cc53452524, event 910, detail OptionalInt.empty, CAR_CONNECTION_CDM_REQUESTED, at 20966099 
02-23 15:29:23.458  8265  8572 I GH.ConnLoggerV2: Session 5851743f-9a41-456a-989f-68cc53452524, event 911, detail OptionalInt.empty, CAR_CONNECTION_CDM_APPROVED, at 20966109 
02-23 15:29:23.462  8265  8572 I GH.ConnLoggerV2: Session 5851743f-9a41-456a-989f-68cc53452524, event 912, detail OptionalInt.empty, CAR_CONNECTION_STARTING_NEW_SESSION_OVER_ACTIVE_SESSION, at 20966115 
02-23 15:29:23.466  8265  8572 I GH.ConnLoggerV2: Session 5851743f-9a41-456a-989f-68cc53452524, event 913, detail OptionalInt.empty, WIRELESS_GAL_SOCKET_DISCONNECTED, at 20966119 
02-23 15:29:23.471  8265  8572 I GH.ConnLoggerV2: Session 5851743f-9a41-456a-989f-68cc53452524, event 914, detail OptionalInt.empty, WIRELESS_GAL_SOCKET_FAILED_WHILE_ANOTHER_WAS_PENDING, at 20966122 
02-23 15:29:23.474  8265  8572 I GH.ConnLoggerV2: Session 5851743f-9a41-456a-989f-68cc53452524, event 915, detail OptionalInt.empty, FRAMER_STOPPED, at 20966135 
02-23 15:29:23.687  8624  8624 W CAR.GAL.GAL.LITE: reader thread stuck? Trying SIGQUIT.
02-23 15:29:24.088  8624  8624 W GH.CarConnSession: Reader thread stuck.
02-23 15:29:24.088  8624   563 I CAR.GAL.GAL.LITE: Draining all write queues since writer thread is finishing up.
02-23 15:29:24.088  8624  8624 I CAR.POOL_VIDEO: Logging in use buffers for consumer: POOL_VIDEO
02-23 15:29:24.089  8624   542 W CAR.GAL.GAL.LITE: IO exception, dataReceived=true, isWireless=true
02-23 15:29:24.089  8624   542 W CAR.GAL.GAL.LITE: java.net.SocketException: Socket closed
02-23 15:29:24.089  8624   542 W CAR.GAL.GAL.LITE: 	at java.net.SocketInputStream.read(SocketInputStream.java:188)
02-23 15:29:24.089  8624   542 W CAR.GAL.GAL.LITE: 	at java.net.SocketInputStream.read(SocketInputStream.java:143)
02-23 15:29:24.089  8624   542 W CAR.GAL.GAL.LITE: 	at jnh.a(SourceFile:21)
02-23 15:29:24.089  8624   542 W CAR.GAL.GAL.LITE: 	at jnn.p(SourceFile:180)
02-23 15:29:24.089  8624   542 W CAR.GAL.GAL.LITE: 	at jnn.b(SourceFile:7)
02-23 15:29:24.089  8624   542 W CAR.GAL.GAL.LITE: 	at jnf.read(SourceFile:52)
02-23 15:29:24.089  8624   542 W CAR.GAL.GAL.LITE: 	at hyy.run(SourceFile:108)
02-23 15:29:24.094  8624  8624 I CAR.AUDIO.FOCUS: Stop audio focus handler
02-23 15:29:24.094  8624  8624 W CAR.AUDIO.FOCUS: Car audio focus handler didn't start or already stopped
02-23 15:29:24.095  8265  8572 I GH.ConnLoggerV2: Session 5851743f-9a41-456a-989f-68cc53452524, event 916, detail OptionalInt.empty, FRAMER_READ_IO_EXCEPTION, at 20966941 
02-23 15:29:24.096  8624  8624 I CAR.AUDIO.FOCUS: Stop audio focus handler
02-23 15:29:24.096  8624  8624 W CAR.AUDIO.FOCUS: Car audio focus handler didn't start or already stopped
02-23 15:29:24.100  8265  8572 I GH.ConnLoggerV2: Session 5851743f-9a41-456a-989f-68cc53452524, event 917, detail OptionalInt.empty, FRAMER_READ_IO_EXCEPTION_SOCKET_CLOSED, at 20966947 
02-23 15:29:24.103  8624  8624 I GH.WPP.CONN: Creating the transport in order to start listening
02-23 15:29:24.103  8624  8624 I GH.WPP.RFCOMM: Creating the IO stream
02-23 15:29:24.103  8624  8624 I GH.WPP.RFCOMM: IO stream will sleep for 10 ms instead of flushing after each write.  SDK: 34
02-23 15:29:24.104  8624  8624 I GH.WPP.RFCOMM: Creating the transport
02-23 15:29:24.104  8624   590 I GH.WPP.TRANSPORT: Transport starting
02-23 15:29:24.105  8624  8624 I GH.WIRELESS.SETUP: State changed to CONNECTED_RFCOMM
02-23 15:29:24.106  8265  8572 I GH.ConnLoggerV2: Session 5851743f-9a41-456a-989f-68cc53452524, event 918, detail OptionalInt.empty, WIRELESS_WIFI_PROJECTION_PROTOCOL_RFCOMM_SOCKET_CONNECTED, at 20966954 
02-23 15:29:24.107  8624  8624 I GH.WIRELESS.SETUP: Scheduling WPP first message timeout trigger to execute in 12000 milliseconds, attempt: 7
02-23 15:29:24.108  8624  8624 I CAR.STARTUP: Handoff status true
02-23 15:29:24.108  8624  9025 I GH.WirelessStartup: handoff initiated: true
02-23 15:29:24.110  8624   582 I CAR.GAL.GAL.LITE: Car requests protocol version ian[majorVersion=1, minorVersion=7]
02-23 15:29:24.110  8624   582 I CAR.GAL.GAL.LITE: Requested protocol version ian[majorVersion=1, minorVersion=7], negotiated protocol version ian[majorVersion=1, minorVersion=7] (STATUS_SUCCESS)
02-23 15:29:24.110  8624   590 E GH.WPP.IO: Failed to read 4 bytes at offset 0
02-23 15:29:24.110  8624   590 E GH.WPP.IO: java.io.IOException: bt socket closed, read return: -1
02-23 15:29:24.110  8624   590 E GH.WPP.IO: 	at android.bluetooth.BluetoothSocket.read(BluetoothSocket.java:678)
02-23 15:29:24.110  8624   590 E GH.WPP.IO: 	at android.bluetooth.BluetoothInputStream.read(BluetoothInputStream.java:91)
02-23 15:29:24.110  8624   590 E GH.WPP.IO: 	at jnh.a(SourceFile:21)
02-23 15:29:24.110  8624   590 E GH.WPP.IO: 	at jnn.p(SourceFile:180)
02-23 15:29:24.110  8624   590 E GH.WPP.IO: 	at jnn.b(SourceFile:7)
02-23 15:29:24.110  8624   590 E GH.WPP.IO: 	at jnf.read(SourceFile:52)
02-23 15:29:24.110  8624   590 E GH.WPP.IO: 	at odi.a(SourceFile:32)
02-23 15:29:24.110  8624   590 E GH.WPP.IO: 	at odf.b(SourceFile:77)
02-23 15:29:24.110  8624   590 E GH.WPP.IO: 	at oav.run(SourceFile:41)
02-23 15:29:24.110  8624   590 E GH.WPP.IO: 	at android.os.Handler.handleCallback(Handler.java:1000)
02-23 15:29:24.110  8624   590 E GH.WPP.IO: 	at android.os.Handler.dispatchMessage(Handler.java:104)
02-23 15:29:24.110  8624   590 E GH.WPP.IO: 	at android.os.Looper.loopOnce(Looper.java:242)
02-23 15:29:24.110  8624   590 E GH.WPP.IO: 	at android.os.Looper.loop(Looper.java:362)
02-23 15:29:24.110  8624   590 E GH.WPP.IO: 	at android.os.HandlerThread.run(HandlerThread.java:85)
02-23 15:29:24.111  8265  8572 I GH.ConnLoggerV2: Session 5851743f-9a41-456a-989f-68cc53452524, event 919, detail OptionalInt.empty, WIRELESS_CONNECTED_RFCOMM, at 20966956 
02-23 15:29:24.111 10068 10068 D GH.GhLifetimeService: registerProjectionLifetimeCallback(callback:qjc@e4cb6a7)
02-23 15:29:24.113  8624  8624 I GH.WIRELESS.SETUP: Received WifiStartRequest, reason=n/a
02-23 15:29:24.113  8624  8624 I GH.WIRELESS.SETUP: Start request received, setting user intention.
02-23 15:29:24.113  8624  8624 W GH.WIRELESS.SETUP: Trying to proceed with WifiStartRequest before we received WifiVersionRequest
02-23 15:29:24.114  8624  8624 I GH.WIRELESS.SETUP: State changed to WIFI_PROJECTION_START_REQUESTED
02-23 15:29:24.115  8624  8624 I GH.WIRELESS.SETUP: Send WifiStartResponse, protocol=RFCOMM, status=STATUS_SUCCESS
02-23 15:29:24.115  8624  9025 I GH.WifiPreflight: Sending Close Broadcast
02-23 15:29:24.116  8624  8624 I GH.WirelessNetRequest: Add callback key=nck@eaa824a value=WSEM.Callback@d3aee90
02-23 15:29:24.116  8624  8624 I GH.WirelessNetRequest: Network is already connected
02-23 15:29:24.117  8624  8624 I GH.WPP.CONN: Stopping Wifi Projection Protocol read and write threads
02-23 15:29:24.118  8624  8624 I GH.WIRELESS.BT: Retrying connection attempt on all channels due to WPP_SOCKET_IO_EXCEPTION
02-23 15:29:24.118  8624  8624 I GH.WIRELESS.SETUP: State changed to RFCOMM_READ_WRITE_FAILURE
02-23 15:29:24.118  8624  8624 I GH.WIRELESS.SETUP: Retrying connection attempt on all channels by restarting WPP.
02-23 15:29:24.118  8624  8624 I GH.WIRELESS.SETUP: Triggering WPP restart. Reason=WPP_SOCKET_IO_EXCEPTION
02-23 15:29:24.119  8624 32599 I GH.WPP.RFCOMM: Closing the socket
02-23 15:29:24.120  8624  8624 I CAR.SERVICE.LITE: Car connection state changed: CONNECTED->DISCONNECTING
02-23 15:29:24.120  8624  8624 I CAR.SERVICE.LITE: Notifying car connection listeners of disconnection (0 listeners)
02-23 15:29:24.120  8624  8624 I CAR.SERVICE.LITE: Car connection state changed: DISCONNECTING->DISCONNECTED
02-23 15:29:24.121  8265  8572 I GH.ConnLoggerV2: Session 5851743f-9a41-456a-989f-68cc53452524, event 920, detail OptionalInt.empty, FRAMER_STARTED, at 20966959 
02-23 15:29:24.125  8624   582 W CAR.GAL.SECURITY.LITE: Phone will wait for car to send more SSL handshake data
02-23 15:29:24.125  8624   582 I CAR.GAL.SECURITY.LITE: Final result: java.nio.HeapByteBuffer[pos=0 lim=2348 cap=2348]
02-23 15:29:24.126  8624  8624 I CAR.SERVICE.LITE: stopped foreground service
02-23 15:29:24.126  8624   589 E GH.WPP.IO: Failed to write 4 bytes at offset 0
02-23 15:29:24.126  8624   589 E GH.WPP.IO: java.io.IOException: Broken pipe
02-23 15:29:24.126  8624   589 E GH.WPP.IO: 	at android.net.LocalSocketImpl.writeba_native(Native Method)
02-23 15:29:24.126  8624   589 E GH.WPP.IO: 	at android.net.LocalSocketImpl.-$$Nest$mwriteba_native(Unknown Source:0)
02-23 15:29:24.126  8624   589 E GH.WPP.IO: 	at android.net.LocalSocketImpl$SocketOutputStream.write(LocalSocketImpl.java:144)
02-23 15:29:24.126  8624   589 E GH.WPP.IO: 	at android.bluetooth.BluetoothSocket.write(BluetoothSocket.java:713)
02-23 15:29:24.126  8624   589 E GH.WPP.IO: 	at android.bluetooth.BluetoothOutputStream.write(BluetoothOutputStream.java:79)
02-23 15:29:24.126  8624   589 E GH.WPP.IO: 	at jnh.a(SourceFile:54)
02-23 15:29:24.126  8624   589 E GH.WPP.IO: 	at jnn.p(SourceFile:180)
02-23 15:29:24.126  8624   589 E GH.WPP.IO: 	at jnn.b(SourceFile:7)
02-23 15:29:24.126  8624   589 E GH.WPP.IO: 	at jni.write(SourceFile:17)
02-23 15:29:24.126  8624   589 E GH.WPP.IO: 	at odf.a(SourceFile:237)
02-23 15:29:24.126  8624   589 E GH.WPP.IO: 	at oaq.run(SourceFile:1095)
02-23 15:29:24.126  8624   589 E GH.WPP.IO: 	at android.os.Handler.handleCallback(Handler.java:1000)
02-23 15:29:24.126  8624   589 E GH.WPP.IO: 	at android.os.Handler.dispatchMessage(Handler.java:104)
02-23 15:29:24.126  8624   589 E GH.WPP.IO: 	at android.os.Looper.loopOnce(Looper.java:242)
02-23 15:29:24.126  8624   589 E GH.WPP.IO: 	at android.os.Looper.loop(Looper.java:362)
02-23 15:29:24.126  8624   589 E GH.WPP.IO: 	at android.os.HandlerThread.run(HandlerThread.java:85)
02-23 15:29:24.127  8624   589 E GH.WPP.IO: Failed to write 6 bytes at offset 0
02-23 15:29:24.127  8624   589 E GH.WPP.IO: java.io.IOException: socket closed
02-23 15:29:24.127  8624   589 E GH.WPP.IO: 	at android.net.LocalSocketImpl$SocketOutputStream.write(LocalSocketImpl.java:139)
02-23 15:29:24.127  8624   589 E GH.WPP.IO: 	at android.bluetooth.BluetoothSocket.write(BluetoothSocket.java:713)
02-23 15:29:24.127  8624   589 E GH.WPP.IO: 	at android.bluetooth.BluetoothOutputStream.write(BluetoothOutputStream.java:79)
02-23 15:29:24.127  8624   589 E GH.WPP.IO: 	at jnh.a(SourceFile:54)
02-23 15:29:24.127  8624   589 E GH.WPP.IO: 	at jnn.p(SourceFile:180)
02-23 15:29:24.127  8624   589 E GH.WPP.IO: 	at jnn.b(SourceFile:7)
02-23 15:29:24.127  8624   589 E GH.WPP.IO: 	at jni.write(SourceFile:17)
02-23 15:29:24.127  8624   589 E GH.WPP.IO: 	at odf.a(SourceFile:237)
02-23 15:29:24.127  8624   589 E GH.WPP.IO: 	at oaq.run(SourceFile:1095)
02-23 15:29:24.127  8624   589 E GH.WPP.IO: 	at android.os.Handler.handleCallback(Handler.java:1000)
02-23 15:29:24.127  8624   589 E GH.WPP.IO: 	at android.os.Handler.dispatchMessage(Handler.java:104)
02-23 15:29:24.127  8624   589 E GH.WPP.IO: 	at android.os.Looper.loopOnce(Looper.java:242)
02-23 15:29:24.127  8624   589 E GH.WPP.IO: 	at android.os.Looper.loop(Looper.java:362)
02-23 15:29:24.127  8624   589 E GH.WPP.IO: 	at android.os.HandlerThread.run(HandlerThread.java:85)
02-23 15:29:24.127  8624  8624 I GH.CarSvcDataStorage: Using DB version: 13
02-23 15:29:24.129  8624  8624 I GH.WIRELESS.SETUP: No WPP on TCP configuration found in storage for the head unit, will not start WPP on TCP.
02-23 15:29:24.129  8265  8572 I GH.ConnLoggerV2: Session 5851743f-9a41-456a-989f-68cc53452524, event 921, detail OptionalInt.empty, CONNECTION_HANDOFF_COMPLETE, at 20966959 
02-23 15:29:24.130  8624  8624 I GH.WIRELESS.SETUP: Starting manager of type: RFCOMM
02-23 15:29:24.131  8624  8624 I GH.WIRELESS.SETUP: State changed to CONNECTING_RFCOMM
02-23 15:29:24.135  8624 32599 I GH.WPP.RFCOMM: Connecting the socket
02-23 15:29:24.135  8624 32599 I GH.WIRELESS.BT: Creating rfcomm socket for device: DC:A6:32:E7:5A:FF and uuid: 4de17a00-52cb-11e6-bdf4-0800200c9a66
02-23 15:29:24.137  8265  8572 I GH.ConnLoggerV2: Session 5851743f-9a41-456a-989f-68cc53452524, event 922, detail OptionalInt.empty, VERSION_NEGOTIATION_STARTED, at 20966960 
02-23 15:29:24.141  8265  8572 I GH.ConnLoggerV2: Session 5851743f-9a41-456a-989f-68cc53452524, event 923, detail OptionalInt.empty, WIRELESS_WIFI_CAR_WIFI_SETUP_TORN_DOWN, at 20966961 
02-23 15:29:24.147  8265  8572 I GH.ConnLoggerV2: Session 5851743f-9a41-456a-989f-68cc53452524, event 924, detail OptionalInt.empty, VERSION_NEGOTIATION_SUCCESS_WIFI, at 20966961 
02-23 15:29:24.148  8624   582 I CAR.GAL.SECURITY.LITE: Peer certificate subject name: OU=01,O=JVC Kenwood,L=Hachioji,ST=Tokyo,C=JP
02-23 15:29:24.148  8624   582 I CAR.GAL.SECURITY.LITE: Peer certificate serial number: 27 (0x1b)
02-23 15:29:24.148  8624   582 I CAR.GAL.SECURITY.LITE: Valid Times:
02-23 15:29:24.148  8624   582 I CAR.GAL.SECURITY.LITE:     notBefore= Thu Jul 03 20:00:00 EDT 2014
02-23 15:29:24.149  8624   582 I CAR.GAL.SECURITY.LITE:     notAfter= Sat Apr 29 10:28:38 EDT 2045
02-23 15:29:24.152  8265  8572 I GH.ConnLoggerV2: Session 5851743f-9a41-456a-989f-68cc53452524, event 925, detail OptionalInt.empty, WIRELESS_WIFI_PROJECTION_PROTOCOL_RFCOMM_START_REQUEST_RECEIVED, at 20966962 
02-23 15:29:24.152  8265  8572 I GH.StartupMeasure: logEvent GEARHEAD_WIRELESS_START_REQUEST_RECEIVED_RFCOMM=PT5H49M26.962S
02-23 15:29:24.159  8265  8572 I GH.ConnLoggerV2: Session 5851743f-9a41-456a-989f-68cc53452524, event 926, detail OptionalInt.empty, VERSION_NEGOTIATION_SUCCESS, at 20966964 
02-23 15:29:24.165  8265  8572 I GH.ConnLoggerV2: Session 5851743f-9a41-456a-989f-68cc53452524, event 927, detail OptionalInt.empty, WIRELESS_WIFI_VERSION_NOT_REQUESTED, at 20966964 
02-23 15:29:24.171  8624  8624 I GH.CarSvcDataStorage: Using DB version: 13
02-23 15:29:24.179  8624  8624 I CAR.FRX.CHECKS: shouldSkipLegacyFrxForCakewalk false, frx not required, exiting early
02-23 15:29:24.179  8624  8624 I GH.CarConnSession: Putting shouldSkipLegacyFrxForCakewalk=false into metadata bundle
02-23 15:29:24.179  8624  8624 I CAR.FRX.CHECKS: Deciding where to run FRX (GMS vs. GH):
02-23 15:29:24.179  8624  8624 I CAR.FRX.CHECKS: isFrxRequired=false
02-23 15:29:24.179  8624  8624 I CAR.FRX.CHECKS: shouldRunLegacyFrx=true
02-23 15:29:24.179  8624  8624 I CAR.FRX.CHECKS: isOsCompatible=true
