02-23 01:50:23.141 19618 30152 I CAR.WM.Vsync: Rebasing VSync to 383312206311920 -- 289111316143790
02-23 01:50:36.576 12010 12010 D GH.RailHotSeatView: com.google.android.projection.gearhead:id/hotseat_one global layout change, rebinding
02-23 01:50:36.576 12010 12010 D GH.RailHotSeatView: com.google.android.projection.gearhead:id/hotseat_one binding to HotseatItem(icon=Icon(typ=APP_ICON componentName=ComponentInfo{com.google.android.apps.maps/com.google.android.apps.gmm.car.GmmCarProjectionService}), componentName=ComponentInfo{com.google.android.apps.maps/com.google.android.apps.gmm.car.GmmCarProjectionService}, badgeIcon=null, imageInfo=null, disabled=false, onClick=kkp@f195de1)
02-23 01:50:36.576 12010 12010 D GH.RailHotSeatView: com.google.android.projection.gearhead:id/hotseat_one not laid out, listenerRegistered=false, waiting
02-23 01:50:36.576 12010 12010 D GH.RailHotSeatView: com.google.android.projection.gearhead:id/hotseat_two global layout change, rebinding
02-23 01:50:36.576 12010 12010 D GH.RailHotSeatView: com.google.android.projection.gearhead:id/hotseat_two binding to HotseatItem(icon=Icon(typ=APP_ICON componentName=ComponentInfo{au.com.shiftyjelly.pocketcasts/au.com.shiftyjelly.pocketcasts.repositories.playback.PlaybackService}), componentName=ComponentInfo{au.com.shiftyjelly.pocketcasts/au.com.shiftyjelly.pocketcasts.repositories.playback.PlaybackService}, badgeIcon=null, imageInfo=null, disabled=false, onClick=mgt@c44557d)
02-23 01:50:36.576 12010 12010 D GH.RailHotSeatView: com.google.android.projection.gearhead:id/hotseat_two not laid out, listenerRegistered=false, waiting
02-23 01:50:36.577 12010 12010 D GH.RailHotSeatView: com.google.android.projection.gearhead:id/hotseat_three global layout change, rebinding
02-23 01:50:36.577 12010 12010 D GH.RailHotSeatView: com.google.android.projection.gearhead:id/hotseat_three binding to HotseatItem(icon=Icon(typ=APP_ICON componentName=ComponentInfo{com.google.android.projection.gearhead/com.google.android.projection.gearhead.telecom.TelecomService}), componentName=ComponentInfo{com.google.android.projection.gearhead/com.google.android.projection.gearhead.telecom.TelecomService}, badgeIcon=null, imageInfo=null, disabled=false, onClick=mgt@445cc79)
02-23 01:50:36.577 12010 12010 D GH.RailHotSeatView: com.google.android.projection.gearhead:id/hotseat_three not laid out, listenerRegistered=false, waiting
02-23 01:50:36.577 12010 12010 D GH.RailHotSeatView: com.google.android.projection.gearhead:id/hotseat_four global layout change, rebinding
02-23 01:50:36.577 12010 12010 D GH.RailHotSeatView: com.google.android.projection.gearhead:id/hotseat_four binding to HotseatItem(icon=Icon(typ=APP_ICON componentName=ComponentInfo{com.google.android.projection.gearhead/com.google.android.apps.auto.components.settings.ui.CarSettingsService}), componentName=ComponentInfo{com.google.android.projection.gearhead/com.google.android.apps.auto.components.settings.ui.CarSettingsService}, badgeIcon=null, imageInfo=null, disabled=false, onClick=mgt@80fbe1f)
02-23 01:50:36.577 12010 12010 D GH.RailHotSeatView: com.google.android.projection.gearhead:id/hotseat_four not laid out, listenerRegistered=false, waiting
02-23 01:50:41.455 21855 21855 I GH.WifiBluetoothRcvr: Connection action: android.bluetooth.headset.profile.action.CONNECTION_STATE_CHANGED, device XX:XX:XX:XX:5A:FF
02-23 01:50:41.456 21855 21855 I GH.WifiBluetoothRcvr: Wireless projection is available on this phone.
02-23 01:50:41.458 21855 21855 I GH.WifiBluetoothRcvr: Processing connection state change for XX:XX:XX:XX:5A:FF. Action android.bluetooth.headset.profile.action.CONNECTION_STATE_CHANGED has state 3
02-23 01:50:41.466 21855 21855 I GH.WifiBluetoothRcvr: Connection action: android.bluetooth.a2dp.profile.action.CONNECTION_STATE_CHANGED, device XX:XX:XX:XX:5A:FF
02-23 01:50:41.467 21855 21855 I GH.WifiBluetoothRcvr: Wireless projection is available on this phone.
02-23 01:50:41.467 21855 21855 I GH.WifiBluetoothRcvr: Processing connection state change for XX:XX:XX:XX:5A:FF. Action android.bluetooth.a2dp.profile.action.CONNECTION_STATE_CHANGED has state 3
02-23 01:50:41.469 21855 21855 I GH.WifiBluetoothRcvr: Connection action: android.bluetooth.headset.profile.action.CONNECTION_STATE_CHANGED, device XX:XX:XX:XX:5A:FF
02-23 01:50:41.469 19618 19618 I CAR.BT_RCVR.LITE: Stop CarStartupService
02-23 01:50:41.469 12010 12010 D CAR.BT  : CarBluetoothClientHandlerCallback.handleMessage: msg code=6
02-23 01:50:41.470 21855 21855 I GH.WifiBluetoothRcvr: Wireless projection is available on this phone.
02-23 01:50:41.470 21855 21855 I GH.WifiBluetoothRcvr: Processing connection state change for XX:XX:XX:XX:5A:FF. Action android.bluetooth.headset.profile.action.CONNECTION_STATE_CHANGED has state 0
02-23 01:50:41.470 21855 21896 I GH.ConnLoggerV2: Session 7bdbf25b-9c23-458c-9bb7-27434b9831e6, event 1070, detail OptionalInt.empty, ANDROID_AUTO_BLUETOOTH_HEADSET_DISCONNECTED, at 383330535 
02-23 01:50:41.472 21855 21855 I GH.WifiBluetoothRcvr: Connection action: android.bluetooth.a2dp.profile.action.CONNECTION_STATE_CHANGED, device XX:XX:XX:XX:5A:FF
02-23 01:50:41.473 21855 21855 I GH.WifiBluetoothRcvr: Wireless projection is available on this phone.
02-23 01:50:41.473 21855 21855 I GH.WifiBluetoothRcvr: Processing connection state change for XX:XX:XX:XX:5A:FF. Action android.bluetooth.a2dp.profile.action.CONNECTION_STATE_CHANGED has state 0
02-23 01:50:41.480 21855 21896 I GH.ConnLoggerV2: Session 7bdbf25b-9c23-458c-9bb7-27434b9831e6, event 1071, detail OptionalInt.empty, ANDROID_AUTO_BLUETOOTH_A2DP_DISCONNECTED, at 383330544 
02-23 01:50:41.484 19618 29790 I GH.BtConnectionTracker: profile connection removed. device = XX:XX:XX:XX:5A:FF
02-23 01:50:41.486 19618 19618 I GH.CurrentCarTracker: current car bluetooth connection is lost: XX:XX:XX:XX:5A:FF
02-23 01:50:41.486 19618 19618 I GH.CurrentCarTracker: current car bluetooth connection is gone: XX:XX:XX:XX:5A:FF
02-23 01:50:41.488 19618 19618 I GH.WirelessShared: Ready to stop service if required? bindCount=0 isWirelessSetupManagerActive=true
02-23 01:50:41.560 21855 21896 I GH.ConnLoggerV2: Session 7bdbf25b-9c23-458c-9bb7-27434b9831e6, event 1072, detail OptionalInt.empty, WIRELESS_SETUP_CAR_BLUETOOTH_DISAPPEAR, at 383330551 
02-23 01:50:43.892 19618 29830 E GH.WPP.IO: Failed to read 4 bytes at offset 0
02-23 01:50:43.892 19618 29830 E GH.WPP.IO: java.io.IOException: bt socket closed, read return: -1
02-23 01:50:43.892 19618 29830 E GH.WPP.IO: 	at android.bluetooth.BluetoothSocket.read(BluetoothSocket.java:1151)
02-23 01:50:43.892 19618 29830 E GH.WPP.IO: 	at android.bluetooth.BluetoothInputStream.read(BluetoothInputStream.java:88)
02-23 01:50:43.892 19618 29830 E GH.WPP.IO: 	at odi.a(SourceFile:32)
02-23 01:50:43.892 19618 29830 E GH.WPP.IO: 	at odf.b(SourceFile:77)
02-23 01:50:43.892 19618 29830 E GH.WPP.IO: 	at oav.run(SourceFile:41)
02-23 01:50:43.892 19618 29830 E GH.WPP.IO: 	at android.os.Handler.handleCallback(Handler.java:995)
02-23 01:50:43.892 19618 29830 E GH.WPP.IO: 	at android.os.Handler.dispatchMessage(Handler.java:103)
02-23 01:50:43.892 19618 29830 E GH.WPP.IO: 	at android.os.Looper.loopOnce(Looper.java:273)
02-23 01:50:43.892 19618 29830 E GH.WPP.IO: 	at android.os.Looper.loop(Looper.java:363)
02-23 01:50:43.892 19618 29830 E GH.WPP.IO: 	at android.os.HandlerThread.run(HandlerThread.java:85)
02-23 01:50:43.892 19618 19618 I GH.WPP.CONN: Stopping Wifi Projection Protocol read and write threads
02-23 01:50:43.893 19618 19618 I GH.WIRELESS.BT: Retrying connection attempt on all channels due to WPP_SOCKET_IO_EXCEPTION
02-23 01:50:43.893 19618 19618 I GH.WIRELESS.SETUP: State changed to RFCOMM_READ_WRITE_FAILURE
02-23 01:50:43.893 19618 19618 I GH.WIRELESS.SETUP: Retrying connection attempt on all channels by restarting WPP.
02-23 01:50:43.893 19618 19618 I GH.WIRELESS.SETUP: Triggering WPP restart. Reason=WPP_SOCKET_IO_EXCEPTION
02-23 01:50:43.894 21855 21896 I GH.ConnLoggerV2: Session 7bdbf25b-9c23-458c-9bb7-27434b9831e6, event 1073, detail OptionalInt.empty, WIRELESS_RFCOMM_READ_ERROR, at 383332957 
02-23 01:50:43.894 19618 31541 I GH.WPP.RFCOMM: Closing the socket
02-23 01:50:43.896 21855 21896 I GH.ConnLoggerV2: Session 7bdbf25b-9c23-458c-9bb7-27434b9831e6, event 1074, detail OptionalInt.empty, WIRELESS_RFCOMM_SOCKET_CLOSED, at 383332958 
02-23 01:50:43.901 19618 19618 I GH.CarSvcDataStorage: Using DB version: 13
02-23 01:50:43.902 21855 21896 I GH.ConnLoggerV2: Session 7bdbf25b-9c23-458c-9bb7-27434b9831e6, event 1075, detail OptionalInt.empty, ANDROID_AUTO_BLUETOOTH_DISCONNECTED, at 383332966 
02-23 01:50:43.905 19618 19618 I GH.WIRELESS.SETUP: No WPP on TCP configuration found in storage for the head unit, will not start WPP on TCP.
02-23 01:50:43.905 19618 19618 W GH.WIRELESS.SETUP: WiFi Projection Protocol cannot start as HU is not present.
02-23 01:50:43.907 19618 29790 I GH.BtConnectionTracker: acl connection removed. device = XX:XX:XX:XX:5A:FF
02-23 01:50:43.908 19618 19618 I GH.WIRELESS.SETUP: Attempting to stop.
02-23 01:50:43.908 19618 19618 I GH.WIRELESS.SETUP: WirelessSetupEventManager should stay active due to: wifi active=true, bt active=false, tcp active=false
02-23 01:50:43.909 21855 21896 I GH.ConnLoggerV2: Session 7bdbf25b-9c23-458c-9bb7-27434b9831e6, event 1076, detail OptionalInt[4], WIRELESS_SETUP_WPP_RESTART_WITH_DELAY, at 383332958 
02-23 01:50:43.911 21855 21896 I GH.ConnLoggerV2: Session 7bdbf25b-9c23-458c-9bb7-27434b9831e6, event 1077, detail OptionalInt[1258736194], WIRELESS_SETUP_WPP_RESTART, at 383332960 
02-23 01:50:43.913 21855 21896 I GH.ConnLoggerV2: Session 7bdbf25b-9c23-458c-9bb7-27434b9831e6, event 1078, detail OptionalInt.empty, WIRELESS_SETUP_WPP_HU_NOT_PRESENT, at 383332970 
02-23 01:50:43.914 21855 21896 I GH.ConnLoggerV2: Session 7bdbf25b-9c23-458c-9bb7-27434b9831e6, event 1079, detail OptionalInt[1258736194], WIRELESS_SETUP_WPP_CANCELLED, at 383332972 
02-23 01:50:44.045 21855 21896 I GH.ConnLoggerV2: Session 7bdbf25b-9c23-458c-9bb7-27434b9831e6, event 1080, detail OptionalInt.empty, WIRELESS_WIFI_STATE_DISABLING, at 383333108 
02-23 01:50:44.047 21855 21896 I GH.ConnLoggerV2: Session 7bdbf25b-9c23-458c-9bb7-27434b9831e6, event 1081, detail OptionalInt.empty, WIRELESS_WIFI_STATE_DISABLING, at 383333109 
02-23 01:50:44.088 19618 29962 W CAR.GAL.GAL.LITE: IO exception, dataReceived=true, isWireless=true
02-23 01:50:44.088 19618 29962 W CAR.GAL.GAL.LITE: java.net.SocketException: Software caused connection abort
02-23 01:50:44.088 19618 29962 W CAR.GAL.GAL.LITE: 	at java.net.SocketInputStream.socketRead0(Native Method)
02-23 01:50:44.088 19618 29962 W CAR.GAL.GAL.LITE: 	at java.net.SocketInputStream.socketRead(SocketInputStream.java:118)
02-23 01:50:44.088 19618 29962 W CAR.GAL.GAL.LITE: 	at java.net.SocketInputStream.read(SocketInputStream.java:173)
02-23 01:50:44.088 19618 29962 W CAR.GAL.GAL.LITE: 	at java.net.SocketInputStream.read(SocketInputStream.java:143)
02-23 01:50:44.088 19618 29962 W CAR.GAL.GAL.LITE: 	at hyy.run(SourceFile:108)
02-23 01:50:44.090 21855 21896 I GH.ConnLoggerV2: Session 7bdbf25b-9c23-458c-9bb7-27434b9831e6, event 1082, detail OptionalInt.empty, FRAMER_READ_IO_EXCEPTION, at 383333153 
02-23 01:50:44.091 19618 19618 W CAR.STARTUP: Protocol error 3 (52): io error
02-23 01:50:44.091 19618 19618 I CAR.CONMAN.LITE: Teardown initiated
02-23 01:50:44.091 19618 19618 I GH.CarConnSession: Tearing down
02-23 01:50:44.091 19618 29811 W GH.WirelessStartup: ProjectionErrorCode = 3, ProjectionErrorDetail = 52, io error
02-23 01:50:44.091 19618 29811 W GH.WirelessStartup: Critical error encountered, attempting to handle result.
02-23 01:50:44.091 19618 19618 I CAR.SERVICE: Car connection state changed: CONNECTED->DISCONNECTING
02-23 01:50:44.091 19618 19618 I CAR.SERVICE: Notifying car connection listeners of disconnection (174 listeners)
02-23 01:50:44.091 19618 29811 I GH.WIRELESS.SETUP: Received GAL socket result, callback=0, result=INSTANCE
02-23 01:50:44.091 19618 29984 I CAR.CONMAN.LITE: Tearing down connection
02-23 01:50:44.091 19618 29984 I GH.CAR  : Stopping session: -6388949014810226785
02-23 01:50:44.091 12010 12022 D GH.MultiCarCxnListener: onCarDisconnected() on binder thread. instance: pyn@c9374f4, listener: qho@b54c6c7
02-23 01:50:44.091 12010 21600 D GH.MultiCarCxnListener: onCarDisconnected() on binder thread. instance: pyn@297178a, listener: pxx@3699df5
02-23 01:50:44.091 12010 12022 D GH.MultiCarCxnListener: onCarDisconnected() on binder thread. instance: pyn@c9374f4, listener: pxx@4d0863
02-23 01:50:44.092 12010 14725 D GH.MultiCarCxnListener: onCarDisconnected() on binder thread. instance: pyn@2b8a475, listener: qho@cd4efac
02-23 01:50:44.092 12010 14725 D GH.MultiCarCxnListener: onCarDisconnected() on binder thread. instance: pyn@2b8a475, listener: pxx@9775a98
02-23 01:50:44.092 19618 19740 I GH.CarConnSessMgr: Teardown called for session -6388949014810226785, current session is -6388949014810226785
02-23 01:50:44.092 12010 14722 D GH.MultiCarCxnListener: onCarDisconnected() on binder thread. instance: pyn@9fd17c2, listener: qho@9531c0d
02-23 01:50:44.092 12010 14722 D GH.MultiCarCxnListener: onCarDisconnected() on binder thread. instance: pyn@9fd17c2, listener: pxx@988ee0e
02-23 01:50:44.092 12010 12022 D GH.MultiCarCxnListener: onCarDisconnected() on binder thread. instance: pyn@417898, listener: qho@5d7c27b
02-23 01:50:44.092 12010 12022 D GH.MultiCarCxnListener: onCarDisconnected() on binder thread. instance: pyn@417898, listener: pxx@c160b57
02-23 01:50:44.092 12010 12022 D GH.MultiCarCxnListener: onCarDisconnected() on binder thread. instance: pyn@a4ff628, listener: pxx@9edd304
02-23 01:50:44.092 12010 13233 D GH.MultiCarCxnListener: onCarDisconnected() on binder thread. instance: pyn@5fccfc2, listener: pxx@b1eb40d
02-23 01:50:44.092 12010 14725 D GH.MultiCarCxnListener: onCarDisconnected() on binder thread. instance: pyn@bfc2f41, listener: qho@a42ecee
02-23 01:50:44.092 12010 14725 D GH.MultiCarCxnListener: onCarDisconnected() on binder thread. instance: pyn@bfc2f41, listener: pxx@672701c
02-23 01:50:44.092 12010 12022 D GH.MultiCarCxnListener: onCarDisconnected() on binder thread. instance: pyn@645e9c, listener: pxx@da62e0f
02-23 01:50:44.092 12010 13147 D GH.MultiCarCxnListener: onCarDisconnected() on binder thread. instance: pyn@5be52fe, listener: pxx@44b8eb9
02-23 01:50:44.092 12010 12021 D GH.MultiCarCxnListener: onCarDisconnected() on binder thread. instance: pyn@7e27c4b, listener: pxx@ed711c7
02-23 01:50:44.092 12010 12010 D CAR.PROJECTION.CAHI: null.onDisconnected()
02-23 01:50:44.092 12010 12010 D CAR.PROJECTION.CAHI: null.finish()
02-23 01:50:44.092 12010 12010 D CAR.PROJECTION.CAHI: Already finishing null, ignoring duplicate finish
02-23 01:50:44.092 12010 12010 D CAR.CLIENT: localCarConnectionListener received onCarDisconnected()
02-23 01:50:44.092 12010 12010 D CAR.CLIENT: tearDownProjectionSessionState() pyt@b19d692
02-23 01:50:44.092 12010 12010 D CAR.CLIENT: tearDownCarManagers() pyt@b19d692
02-23 01:50:44.092 12010 12010 D CAR.PROJECTION.CAHI: null.onDisconnected()
02-23 01:50:44.092 12010 12010 D CAR.PROJECTION.CAHI: null.finish()
02-23 01:50:44.092 12010 12010 D CAR.PROJECTION.CAHI: Already finishing null, ignoring duplicate finish
02-23 01:50:44.092 12010 12010 D CAR.CLIENT: localCarConnectionListener received onCarDisconnected()
02-23 01:50:44.092 12010 12010 D CAR.CLIENT: tearDownProjectionSessionState() pyt@8fec7b
02-23 01:50:44.092 12010 12010 D CAR.CLIENT: tearDownCarManagers() pyt@8fec7b
02-23 01:50:44.092 12010 12010 D CAR.PROJECTION.CAHI: null.onDisconnected()
02-23 01:50:44.092 12010 12010 D CAR.PROJECTION.CAHI: null.finish()
02-23 01:50:44.092 12010 12010 D CAR.PROJECTION.CAHI: Already finishing null, ignoring duplicate finish
02-23 01:50:44.092 12010 12010 D CAR.CLIENT: localCarConnectionListener received onCarDisconnected()
02-23 01:50:44.092 12010 12010 D CAR.CLIENT: tearDownProjectionSessionState() pyt@e226c09
02-23 01:50:44.092 12010 12010 D CAR.CLIENT: tearDownCarManagers() pyt@e226c09
02-23 01:50:44.092 12010 12010 D CAR.PROJECTION.CAHI: null.onDisconnected()
02-23 01:50:44.092 12010 12010 D CAR.PROJECTION.CAHI: null.finish()
02-23 01:50:44.092 12010 12010 D CAR.PROJECTION.CAHI: Already finishing null, ignoring duplicate finish
02-23 01:50:44.092 12010 12010 D CAR.CLIENT: localCarConnectionListener received onCarDisconnected()
02-23 01:50:44.092 12010 12010 D CAR.CLIENT: tearDownProjectionSessionState() pyt@171fcd6
02-23 01:50:44.092 12010 12010 D CAR.CLIENT: tearDownCarManagers() pyt@171fcd6
02-23 01:50:44.092 12010 12010 D CAR.CLIENT: localCarConnectionListener received onCarDisconnected()
02-23 01:50:44.092 12010 12010 D CAR.CLIENT: tearDownProjectionSessionState() pye@dce0ad7
02-23 01:50:44.092 12010 12010 D CAR.CLIENT: tearDownCarManagers() pye@dce0ad7
02-23 01:50:44.092 12010 12010 D CAR.CLIENT: localCarConnectionListener received onCarDisconnected()
02-23 01:50:44.092 12010 12010 D CAR.CLIENT: tearDownProjectionSessionState() pye@2419ea4
02-23 01:50:44.092 12010 12010 D CAR.CLIENT: tearDownCarManagers() pye@2419ea4
02-23 01:50:44.092 12010 12010 D CAR.PROJECTION.CAHI: null.onDisconnected()
02-23 01:50:44.092 12010 12010 D CAR.PROJECTION.CAHI: null.finish()
02-23 01:50:44.092 12010 12010 D CAR.PROJECTION.CAHI: Already finishing null, ignoring duplicate finish
02-23 01:50:44.092 12010 12010 D CAR.CLIENT: localCarConnectionListener received onCarDisconnected()
02-23 01:50:44.092 12010 12010 D CAR.CLIENT: tearDownProjectionSessionState() pyt@9f1dead
02-23 01:50:44.092 12010 12010 D CAR.CLIENT: tearDownCarManagers() pyt@9f1dead
02-23 01:50:44.092 12010 12010 D CAR.CLIENT: localCarConnectionListener received onCarDisconnected()
02-23 01:50:44.092 12010 12010 D CAR.CLIENT: tearDownProjectionSessionState() pye@626976e
02-23 01:50:44.092 12010 12010 D CAR.CLIENT: tearDownCarManagers() pye@626976e
02-23 01:50:44.092  8910 30649 D GH.MultiCarCxnListener: onCarDisconnected() on binder thread. instance: pyn@ab789a7, listener: pxx@dec4266
02-23 01:50:44.092 12010 12010 D CAR.CLIENT: localCarConnectionListener received onCarDisconnected()
02-23 01:50:44.092 12010 12010 D CAR.CLIENT: tearDownProjectionSessionState() pye@bfbc880
02-23 01:50:44.092 12010 12010 D CAR.CLIENT: tearDownCarManagers() pye@bfbc880
02-23 01:50:44.092 12010 12010 D CAR.CLIENT: localCarConnectionListener received onCarDisconnected()
02-23 01:50:44.092 12010 12010 D CAR.CLIENT: tearDownProjectionSessionState() pye@1524fc4
02-23 01:50:44.092 12010 12010 D CAR.CLIENT: tearDownCarManagers() pye@1524fc4
02-23 01:50:44.092 12010 13147 D GH.MultiCarCxnListener: onCarDisconnected() on binder thread. instance: pyn@e0c1ce6, listener: pxx@ca51dc4
02-23 01:50:44.093 12010 12021 D GH.MultiCarCxnListener: onCarDisconnected() on binder thread. instance: pyn@32051f4, listener: qho@4c6f7c7
02-23 01:50:44.093 12010 14725 D GH.MultiCarCxnListener: onCarDisconnected() on binder thread. instance: pyn@5c24cd4, listener: pxx@dccf2a5
02-23 01:50:44.093  8910  8922 D GH.MultiCarCxnListener: onCarDisconnected() on binder thread. instance: pyn@b3d7f1f, listener: pxx@5367227
02-23 01:50:44.093  3048  7711 I CDM_AssociationStore: Updating new association=[Association{mId=4, mUserId=0, mPackageName='com.google.android.projection.gearhead', mDeviceMacAddress=null, mDisplayName='Android Auto', mDeviceProfile='android.app.role.SYSTEM_AUTOMOTIVE_PROJECTION', mSelfManaged=true, mAssociatedDevice=null, mNotifyOnDeviceNearby=false, mRevoked=false, mPending=false, mTimeApprovedMs=Wed Apr 23 15:53:34 CDT 2025, mLastTimeConnectedMs=Mon Feb 23 01:50:44 CST 2026, mSystemDataSyncFlags=0, mDeviceId='null}]...
02-23 01:50:44.093  8910  5320 D GH.MultiCarCxnListener: onCarDisconnected() on binder thread. instance: pyn@e919958, listener: pxx@8098fd1
02-23 01:50:44.093 12010 13233 D GH.MultiCarCxnListener: onCarDisconnected() on binder thread. instance: pyn@71b7e7d, listener: pxx@e6570e2
02-23 01:50:44.093  8910  5320 D GH.MultiCarCxnListener: onCarDisconnected() on binder thread. instance: pyn@17c31d0, listener: pxx@3813d93
02-23 01:50:44.093  8910 27396 D GH.MultiCarCxnListener: onCarDisconnected() on binder thread. instance: pyn@e43e389, listener: pxx@b202e90
02-23 01:50:44.093 12010 12411 D GH.MultiCarCxnListener: onCarDisconnected() on binder thread. instance: pyn@9c46b49, listener: pxx@b32fd50
02-23 01:50:44.093  8910 20805 D GH.MultiCarCxnListener: onCarDisconnected() on binder thread. instance: pyn@8001116, listener: pxx@1139631
02-23 01:50:44.093 12010 12022 D GH.MultiCarCxnListener: onCarDisconnected() on binder thread. instance: pyn@bda9227, listener: pxx@2b0ff92
02-23 01:50:44.093  8910  5321 D GH.MultiCarCxnListener: onCarDisconnected() on binder thread. instance: pyn@7ff569a, listener: pxx@9fe2f45
02-23 01:50:44.093 12010 12423 D GH.MultiCarCxnListener: onCarDisconnected() on binder thread. instance: pyn@d5429c3, listener: pxx@f1b4e36
02-23 01:50:44.093 12010 22046 D GH.MultiCarCxnListener: onCarDisconnected() on binder thread. instance: pyn@fe68579, listener: qho@cc7d519
02-23 01:50:44.093 12010 13246 D GH.MultiCarCxnListener: onCarDisconnected() on binder thread. instance: pyn@7afaeae, listener: pxx@9df4b29
02-23 01:50:44.093 12010 12020 D GH.MultiCarCxnListener: onCarDisconnected() on binder thread. instance: pyn@1616240, listener: pxx@c8bc89a
02-23 01:50:44.094  8910 28242 D GH.MultiCarCxnListener: onCarDisconnected() on binder thread. instance: pyn@6e4c26c, listener: pxx@9885628
02-23 01:50:44.094  8910 28245 D GH.MultiCarCxnListener: onCarDisconnected() on binder thread. instance: pyn@3636579, listener: pxx@b40516a
02-23 01:50:44.094 12010 14722 D GH.MultiCarCxnListener: onCarDisconnected() on binder thread. instance: pyn@a402cdf, listener: pxx@210f7e
02-23 01:50:44.094  8910  8910 D CAR.CLIENT: localCarConnectionListener received onCarDisconnected()
02-23 01:50:44.094  8910  8910 D CAR.CLIENT: tearDownProjectionSessionState() pye@b577ac1
02-23 01:50:44.094  8910  8910 D CAR.CLIENT: tearDownCarManagers() pye@b577ac1
02-23 01:50:44.094 19618 19618 I GH.CarService: onDisconnected() received
02-23 01:50:44.094 12010 27844 D GH.MultiCarCxnListener: onCarDisconnected() on binder thread. instance: pyn@9c70547, listener: pxx@c23e886
02-23 01:50:44.094  8910  8910 D CAR.CLIENT: localCarConnectionListener received onCarDisconnected()
02-23 01:50:44.094  8910  8910 D CAR.CLIENT: tearDownProjectionSessionState() pye@bca0888
02-23 01:50:44.094  8910  8910 D CAR.CLIENT: tearDownCarManagers() pye@bca0888
02-23 01:50:44.094  8910  8910 D CAR.CLIENT: localCarConnectionListener received onCarDisconnected()
02-23 01:50:44.094  8910  8910 D CAR.CLIENT: tearDownProjectionSessionState() pye@b35e282
02-23 01:50:44.094  8910  8910 D CAR.CLIENT: tearDownCarManagers() pye@b35e282
02-23 01:50:44.094  8910  8910 D CAR.CLIENT: localCarConnectionListener received onCarDisconnected()
02-23 01:50:44.094  8910  8910 D CAR.CLIENT: tearDownProjectionSessionState() pye@8eb6646
02-23 01:50:44.094  8910  8910 D CAR.CLIENT: tearDownCarManagers() pye@8eb6646
02-23 01:50:44.094 12010 12703 D GH.MultiCarCxnListener: onCarDisconnected() on binder thread. instance: pyn@5256177, listener: pxx@5ae5776
02-23 01:50:44.094  8910  8910 D CAR.CLIENT: localCarConnectionListener received onCarDisconnected()
02-23 01:50:44.094  8910 30649 D GH.MultiCarCxnListener: onCarDisconnected() on binder thread. instance: pyn@965f424, listener: pxx@ed204b7
02-23 01:50:44.094  8910  8910 D CAR.CLIENT: tearDownProjectionSessionState() pye@f83553
02-23 01:50:44.094  8910  8910 D CAR.CLIENT: tearDownCarManagers() pye@f83553
02-23 01:50:44.094  8910  8910 D CAR.CLIENT: localCarConnectionListener received onCarDisconnected()
02-23 01:50:44.094 12010 13254 D GH.MultiCarCxnListener: onCarDisconnected() on binder thread. instance: pyn@8ed2172, listener: pxx@aa239f9
02-23 01:50:44.094  8910  8910 D CAR.CLIENT: tearDownProjectionSessionState() pye@b79e2d8
02-23 01:50:44.094  8910  8910 D CAR.CLIENT: tearDownCarManagers() pye@b79e2d8
02-23 01:50:44.094  8910  8910 D CAR.CLIENT: localCarConnectionListener received onCarDisconnected()
02-23 01:50:44.094  8910  8910 D CAR.CLIENT: tearDownProjectionSessionState() pye@201a3bc
02-23 01:50:44.094  8910  8910 D CAR.CLIENT: tearDownCarManagers() pye@201a3bc
02-23 01:50:44.094  8910  8910 D CAR.CLIENT: localCarConnectionListener received onCarDisconnected()
02-23 01:50:44.094  8910  8910 D CAR.CLIENT: tearDownProjectionSessionState() pye@c3b2534
02-23 01:50:44.094  8910  8910 D CAR.CLIENT: tearDownCarManagers() pye@c3b2534
02-23 01:50:44.094  8910  8924 D GH.MultiCarCxnListener: onCarDisconnected() on binder thread. instance: pyn@f9f9071, listener: pxx@fac5e18
02-23 01:50:44.094  8910 28245 D GH.MultiCarCxnListener: onCarDisconnected() on binder thread. instance: pyn@4fcccca, listener: pxx@7f7ae79
02-23 01:50:44.094 21855 21896 I GH.ConnLoggerV2: Session 7bdbf25b-9c23-458c-9bb7-27434b9831e6, event 1083, detail OptionalInt.empty, FRAMER_READ_IO_EXCEPTION_SW_CAUSED_CONNECTION_ABORT, at 383333153 
02-23 01:50:44.095 12010  8916 D GH.MultiCarCxnListener: onCarDisconnected() on binder thread. instance: pyn@cf578c6, listener: pxx@a440ea1
02-23 01:50:44.095  8910  5321 D GH.MultiCarCxnListener: onCarDisconnected() on binder thread. instance: pyn@e2be035, listener: pxx@2e2d3e0
02-23 01:50:44.095  8910  5321 D GH.MultiCarCxnListener: onCarDisconnected() on binder thread. instance: pyn@d82eb96, listener: pxx@7699498
02-23 01:50:44.095  8910 20805 D GH.MultiCarCxnListener: onCarDisconnected() on binder thread. instance: pyn@df4e5db, listener: pxx@2595eea
02-23 01:50:44.095  8910 28242 D GH.MultiCarCxnListener: onCarDisconnected() on binder thread. instance: pyn@960c9e2, listener: pxx@94bc2ad
02-23 01:50:44.095  8910 28242 D GH.MultiCarCxnListener: onCarDisconnected() on binder thread. instance: pyn@2f4f2de, listener: pxx@87b4219
02-23 01:50:44.095  8910 30649 D GH.MultiCarCxnListener: onCarDisconnected() on binder thread. instance: pyn@8e273b5, listener: pxx@1d373ec
02-23 01:50:44.095  8910  8922 D GH.MultiCarCxnListener: onCarDisconnected() on binder thread. instance: pyn@1d4e0ed, listener: pxx@3f04c62
02-23 01:50:44.095  8910 28242 D GH.MultiCarCxnListener: onCarDisconnected() on binder thread. instance: pyn@38fb11d, listener: pxx@fb325f4
02-23 01:50:44.095  8910  5321 D GH.MultiCarCxnListener: onCarDisconnected() on binder thread. instance: pyn@8a3317, listener: pxx@de805d3
02-23 01:50:44.095 12010 13147 D GH.MultiCarCxnListener: onCarDisconnected() on binder thread. instance: pyn@e459f1f, listener: pxx@96db011
02-23 01:50:44.096 12010 13147 D GH.MultiCarCxnListener: onCarDisconnected() on binder thread. instance: pyn@667e2be, listener: qho@60e8760
02-23 01:50:44.096 12010 14725 D GH.MultiCarCxnListener: onCarDisconnected() on binder thread. instance: pyn@8ca3863, listener: pxx@f8dc692
02-23 01:50:44.096 12010 12021 D GH.MultiCarCxnListener: onCarDisconnected() on binder thread. instance: pyn@32051f4, listener: pxx@d314963
02-23 01:50:44.096 12010 14725 D GH.MultiCarCxnListener: onCarDisconnected() on binder thread. instance: pyn@faa360a, listener: qho@3742675
02-23 01:50:44.096 12010 14725 D GH.MultiCarCxnListener: onCarDisconnected() on binder thread. instance: pyn@faa360a, listener: pxx@cedb4f1
02-23 01:50:44.096 12010 12021 D GH.MultiCarCxnListener: onCarDisconnected() on binder thread. instance: pyn@ad8ce5, listener: qho@8c373dc
02-23 01:50:44.096 12010 12021 D GH.MultiCarCxnListener: onCarDisconnected() on binder thread. instance: pyn@ad8ce5, listener: pxx@101f1c8
02-23 01:50:44.096 12010 14725 D GH.MultiCarCxnListener: onCarDisconnected() on binder thread. instance: pyn@e3bca1f, listener: pxx@effd9be
02-23 01:50:44.096 12010 14725 D GH.MultiCarCxnListener: onCarDisconnected() on binder thread. instance: pyn@fc10035, listener: pxx@affe8ce
02-23 01:50:44.096 12010 12021 D GH.MultiCarCxnListener: onCarDisconnected() on binder thread. instance: pyn@b1a626c, listener: pxx@f662f38
02-23 01:50:44.096 12010 14725 D GH.MultiCarCxnListener: onCarDisconnected() on binder thread. instance: pyn@14cc33d, listener: pxx@40eac94
02-23 01:50:44.096 12010 12021 D GH.MultiCarCxnListener: onCarDisconnected() on binder thread. instance: pyn@faf0e3b, listener: qho@d3259d4
02-23 01:50:44.096 12010 14725 D GH.MultiCarCxnListener: onCarDisconnected() on binder thread. instance: pyn@88e6ab1, listener: pxx@469a376
02-23 01:50:44.096 12010 14725 D GH.MultiCarCxnListener: onCarDisconnected() on binder thread. instance: pyn@813958, listener: pxx@8680146
02-23 01:50:44.096 12010 12021 D GH.MultiCarCxnListener: onCarDisconnected() on binder thread. instance: pyn@faf0e3b, listener: pxx@7b47672
02-23 01:50:44.096 12010 12021 D GH.MultiCarCxnListener: onCarDisconnected() on binder thread. instance: pyn@13b6cca, listener: pxx@27f5312
02-23 01:50:44.096 12010 14725 D GH.MultiCarCxnListener: onCarDisconnected() on binder thread. instance: pyn@7b3ea3b, listener: pxx@d1a38ca
02-23 01:50:44.096 12010 14725 D GH.MultiCarCxnListener: onCarDisconnected() on binder thread. instance: pyn@e1c5a3, listener: pxx@1e480be
02-23 01:50:44.096 12010 12021 D GH.MultiCarCxnListener: onCarDisconnected() on binder thread. instance: pyn@ec2e7b7, listener: pxx@f510eb6
02-23 01:50:44.096 12010 14725 D GH.MultiCarCxnListener: onCarDisconnected() on binder thread. instance: pyn@7903eec, listener: pxx@2af1d9f
02-23 01:50:44.096 12010  8916 D GH.MultiCarCxnListener: onCarDisconnected() on binder thread. instance: pyn@b26093c, listener: pxx@14f5f2f
02-23 01:50:44.096 12010 14725 D GH.MultiCarCxnListener: onCarDisconnected() on binder thread. instance: pyn@114ce93, listener: qho@5891782
02-23 01:50:44.096 12010 14725 D GH.MultiCarCxnListener: onCarDisconnected() on binder thread. instance: pyn@114ce93, listener: pxx@57a92f5
02-23 01:50:44.096 12010  8916 D GH.MultiCarCxnListener: onCarDisconnected() on binder thread. instance: pyn@8765317, listener: pxx@8ab312a
02-23 01:50:44.096 12010 14725 D GH.MultiCarCxnListener: onCarDisconnected() on binder thread. instance: pyn@f0b8b96, listener: pxx@af5a74b
02-23 01:50:44.096 12010  8916 D GH.MultiCarCxnListener: onCarDisconnected() on binder thread. instance: pyn@691d011, listener: pxx@8475838
02-23 01:50:44.096 12010 14725 D GH.MultiCarCxnListener: onCarDisconnected() on binder thread. instance: pyn@27c9304, listener: pxx@326c51c
02-23 01:50:44.096 12010  8916 D GH.MultiCarCxnListener: onCarDisconnected() on binder thread. instance: pyn@a9a8e0f, listener: pxx@47bd798
02-23 01:50:44.096 12010 14725 D GH.MultiCarCxnListener: onCarDisconnected() on binder thread. instance: pyn@36bee9, listener: qho@b2a2839
02-23 01:50:44.096 12010 14725 D GH.MultiCarCxnListener: onCarDisconnected() on binder thread. instance: pyn@36bee9, listener: pxx@a6adfdf
02-23 01:50:44.096 12010  8916 D GH.MultiCarCxnListener: onCarDisconnected() on binder thread. instance: pyn@cee00ed, listener: qho@ae54c9c
02-23 01:50:44.096 12010 14725 D GH.MultiCarCxnListener: onCarDisconnected() on binder thread. instance: pyn@9eccb22, listener: pxx@30fd487
02-23 01:50:44.096  8910 28246 D GH.MultiCarCxnListener: onCarDisconnected() on binder thread. instance: pyn@27f7d48, listener: pxx@9cd2beb
02-23 01:50:44.096 12010  8916 D GH.MultiCarCxnListener: onCarDisconnected() on binder thread. instance: pyn@cee00ed, listener: pxx@f0e6ba3
02-23 01:50:44.096 12010 14725 D GH.MultiCarCxnListener: onCarDisconnected() on binder thread. instance: pyn@49b4675, listener: pxx@7f4d9ac
02-23 01:50:44.096 12010  8916 D GH.MultiCarCxnListener: onCarDisconnected() on binder thread. instance: pyn@8803459, listener: qho@e870982
02-23 01:50:44.096 12010  8916 D GH.MultiCarCxnListener: onCarDisconnected() on binder thread. instance: pyn@8803459, listener: pxx@e07a5ea
02-23 01:50:44.096  8910 30649 D GH.MultiCarCxnListener: onCarDisconnected() on binder thread. instance: pyn@95b7fa6, listener: pxx@eb46501
02-23 01:50:44.096 12010  8916 D GH.MultiCarCxnListener: onCarDisconnected() on binder thread. instance: pyn@7b1db70, listener: qho@7debdbf
02-23 01:50:44.096 12010  8916 D GH.MultiCarCxnListener: onCarDisconnected() on binder thread. instance: pyn@7b1db70, listener: pxx@d3acfd5
02-23 01:50:44.096 12010  8916 D GH.MultiCarCxnListener: onCarDisconnected() on binder thread. instance: pyn@e9f5b71, listener: pxx@cf07518
02-23 01:50:44.096 12010  8916 D GH.MultiCarCxnListener: onCarDisconnected() on binder thread. instance: pyn@3f09c7a, listener: pxx@492db1a
02-23 01:50:44.096 12010  8916 D GH.MultiCarCxnListener: onCarDisconnected() on binder thread. instance: pyn@a707903, listener: qho@71825b2
02-23 01:50:44.096 12010  8916 D GH.MultiCarCxnListener: onCarDisconnected() on binder thread. instance: pyn@a707903, listener: pxx@7deeafe
02-23 01:50:44.096 12010  8916 D GH.MultiCarCxnListener: onCarDisconnected() on binder thread. instance: pyn@bb69510, listener: pxx@ee625d3
02-23 01:50:44.096 12010  8916 D GH.MultiCarCxnListener: onCarDisconnected() on binder thread. instance: pyn@6b0776e, listener: pxx@9e57f33
02-23 01:50:44.096  8910 27399 D GH.MultiCarCxnListener: onCarDisconnected() on binder thread. instance: pyn@bd8bb2c, listener: pxx@796e2df
02-23 01:50:44.096 12010  8916 D GH.MultiCarCxnListener: onCarDisconnected() on binder thread. instance: pyn@9b13e9c, listener: pxx@a5e8a8a
02-23 01:50:44.096 12010 13254 D GH.MultiCarCxnListener: onCarDisconnected() on binder thread. instance: pyn@d7bfc2b, listener: pxx@b1f501e
02-23 01:50:44.096 12010 13254 D GH.MultiCarCxnListener: onCarDisconnected() on binder thread. instance: pyn@bd10ce8, listener: pxx@72b60b
02-23 01:50:44.096 12010 13254 D GH.MultiCarCxnListener: onCarDisconnected() on binder thread. instance: pyn@a9e6221, listener: qho@fada15c
02-23 01:50:44.096 12010 13254 D GH.MultiCarCxnListener: onCarDisconnected() on binder thread. instance: pyn@a9e6221, listener: pxx@95c9d3a
02-23 01:50:44.096 12010 13254 D GH.MultiCarCxnListener: onCarDisconnected() on binder thread. instance: pyn@8e1a888, listener: qho@b7f8b8c
02-23 01:50:44.096 12010 13254 D GH.MultiCarCxnListener: onCarDisconnected() on binder thread. instance: pyn@8e1a888, listener: pxx@608a1db
02-23 01:50:44.096 12010 13254 D GH.MultiCarCxnListener: onCarDisconnected() on binder thread. instance: pyn@2976eda, listener: pxx@c828085
02-23 01:50:44.096 12010 13254 D GH.MultiCarCxnListener: onCarDisconnected() on binder thread. instance: pyn@ddc0646, listener: qho@3dab993
02-23 01:50:44.096 12010 13254 D GH.MultiCarCxnListener: onCarDisconnected() on binder thread. instance: pyn@ddc0646, listener: pxx@13aa1c9
02-23 01:50:44.096 12010 12022 D GH.MultiCarCxnListener: onCarDisconnected() on binder thread. instance: pyn@bc3007, listener: pxx@53bf7b0
02-23 01:50:44.096 12010 12022 D GH.MultiCarCxnListener: onCarDisconnected() on binder thread. instance: pyn@2c240d2, listener: pxx@aa66ecd
02-23 01:50:44.096 12010 13246 D GH.MultiCarCxnListener: onCarDisconnected() on binder thread. instance: pyn@32cc534, listener: pxx@43c4421
02-23 01:50:44.096 12010 12022 D GH.MultiCarCxnListener: onCarDisconnected() on binder thread. instance: pyn@85dff5d, listener: pxx@cbb27ed
02-23 01:50:44.096  8910  5320 D GH.MultiCarCxnListener: onCarDisconnected() on binder thread. instance: pyn@ef08f7, listener: pxx@47fecf6
02-23 01:50:44.096 12010 13246 D GH.MultiCarCxnListener: onCarDisconnected() on binder thread. instance: pyn@f2849ec, listener: pxx@6c4749f
02-23 01:50:44.096 12010  8916 D GH.MultiCarCxnListener: onCarDisconnected() on binder thread. instance: pyn@a3360a5, listener: pxx@fd182cc
02-23 01:50:44.096 12010 12021 D GH.MultiCarCxnListener: onCarDisconnected() on binder thread. instance: pyn@e0309b3, listener: pxx@16139ae
02-23 01:50:44.096  8910 28245 D GH.MultiCarCxnListener: onCarDisconnected() on binder thread. instance: pyn@132f304, listener: pxx@c01d757
02-23 01:50:44.096  8910  8925 D GH.MultiCarCxnListener: onCarDisconnected() on binder thread. instance: pyn@345c240, listener: pxx@8e09c3
02-23 01:50:44.096 12010 14725 D GH.MultiCarCxnListener: onCarDisconnected() on binder thread. instance: pyn@24118ff, listener: qho@b20db2a
02-23 01:50:44.096 12010 14725 D GH.MultiCarCxnListener: onCarDisconnected() on binder thread. instance: pyn@24118ff, listener: pxx@cc13eb8
02-23 01:50:44.096 12010 12010 D CAR.CLIENT: localCarConnectionListener received onCarDisconnected()
02-23 01:50:44.096 12010 12010 D CAR.CLIENT: tearDownProjectionSessionState() pye@52fdf2c
02-23 01:50:44.096 12010 12010 D CAR.CLIENT: tearDownCarManagers() pye@52fdf2c
02-23 01:50:44.096  8910 20805 D GH.MultiCarCxnListener: onCarDisconnected() on binder thread. instance: pyn@a14f585, listener: pxx@73a9afc
02-23 01:50:44.096 12010 12010 D CAR.CLIENT: localCarConnectionListener received onCarDisconnected()
02-23 01:50:44.096 12010 12010 D CAR.CLIENT: tearDownProjectionSessionState() pye@f2fd3e1
02-23 01:50:44.096 12010 12010 D CAR.CLIENT: tearDownCarManagers() pye@f2fd3e1
02-23 01:50:44.096 12010 12010 D CAR.PROJECTION.CAHI: null.onDisconnected()
02-23 01:50:44.096 12010 12010 D CAR.PROJECTION.CAHI: null.finish()
02-23 01:50:44.096  8910  8924 D GH.MultiCarCxnListener: onCarDisconnected() on binder thread. instance: pyn@2c74ab1, listener: pxx@b06b5dc
02-23 01:50:44.096 12010 12010 D CAR.PROJECTION.CAHI: Already finishing null, ignoring duplicate finish
02-23 01:50:44.096 12010 12010 D CAR.CLIENT: localCarConnectionListener received onCarDisconnected()
02-23 01:50:44.096 12010 12010 D CAR.CLIENT: tearDownProjectionSessionState() pye@4a2b5e2
02-23 01:50:44.096 12010 12022 D GH.MultiCarCxnListener: onCarDisconnected() on binder thread. instance: pyn@96b00a0, listener: pxx@470898
02-23 01:50:44.096 12010 12010 D CAR.CLIENT: tearDownCarManagers() pye@4a2b5e2
02-23 01:50:44.096 12010 12010 D CAR.CLIENT: localCarConnectionListener received onCarDisconnected()
02-23 01:50:44.096 12010 12010 D CAR.CLIENT: tearDownProjectionSessionState() pye@b7e7d73
02-23 01:50:44.096 12010 12010 D CAR.CLIENT: tearDownCarManagers() pye@b7e7d73
02-23 01:50:44.096 12010 12010 D CAR.CLIENT: localCarConnectionListener received onCarDisconnected()
02-23 01:50:44.096 12010 12010 D CAR.CLIENT: tearDownProjectionSessionState() pye@a2ff0b0
02-23 01:50:44.096 12010 12010 D CAR.CLIENT: tearDownCarManagers() pye@a2ff0b0
02-23 01:50:44.096  3048  7711 I CDM_DevicePresenceProcessor: Enable hint mode for device device profile: android.app.role.SYSTEM_AUTOMOTIVE_PROJECTION
02-23 01:50:44.096 12010 12010 D CAR.CLIENT: localCarConnectionListener received onCarDisconnected()
02-23 01:50:44.096 12010 22046 D GH.MultiCarCxnListener: onCarDisconnected() on binder thread. instance: pyn@fe68579, listener: pxx@4d205c2
02-23 01:50:44.097  8910  8922 D GH.MultiCarCxnListener: onCarDisconnected() on binder thread. instance: pyn@87a2b22, listener: pxx@83c386
02-23 01:50:44.097 12010 22046 D GH.MultiCarCxnListener: onCarDisconnected() on binder thread. instance: pyn@9649dbe, listener: pxx@454c79
02-23 01:50:44.097 12010 22046 D GH.MultiCarCxnListener: onCarDisconnected() on binder thread. instance: pyn@f8f86cc, listener: pxx@e74937f
02-23 01:50:44.097 12010 13147 D GH.MultiCarCxnListener: onCarDisconnected() on binder thread. instance: pyn@667e2be, listener: pxx@e20a831
02-23 01:50:44.097  8910  8922 D GH.MultiCarCxnListener: onCarDisconnected() on binder thread. instance: pyn@374e9b3, listener: pxx@85e3a0e
02-23 01:50:44.097 12010 22046 D GH.MultiCarCxnListener: onCarDisconnected() on binder thread. instance: pyn@8f6bd15, listener: pxx@dea16ce
02-23 01:50:44.097  8910  5321 D GH.MultiCarCxnListener: onCarDisconnected() on binder thread. instance: pyn@dc4b183, listener: pxx@baff032
02-23 01:50:44.097 12010 12010 D CAR.CLIENT: tearDownProjectionSessionState() pye@906a430
02-23 01:50:44.097  8910 27396 D GH.MultiCarCxnListener: onCarDisconnected() on binder thread. instance: pyn@444ee3b, listener: pxx@d1b7bc5
02-23 01:50:44.097 12010 12010 D CAR.CLIENT: tearDownCarManagers() pye@906a430
02-23 01:50:44.097 12010 12010 D CAR.CLIENT: localCarConnectionListener received onCarDisconnected()
02-23 01:50:44.097  8910  8910 D CAR.CLIENT: localCarConnectionListener received onCarDisconnected()
02-23 01:50:44.097 11773 11784 D GH.MultiCarCxnListener: onCarDisconnected() on binder thread. instance: ccnp@24a925f, listener: ccrt@fcfafa3
02-23 01:50:44.097 12010 12010 D CAR.CLIENT: tearDownProjectionSessionState() pye@4ee0713
02-23 01:50:44.097 12010 12010 D CAR.CLIENT: tearDownCarManagers() pye@4ee0713
02-23 01:50:44.097  8910  8910 D CAR.CLIENT: tearDownProjectionSessionState() pye@91640a5
02-23 01:50:44.097 12010 12010 D CAR.CLIENT: localCarConnectionListener received onCarDisconnected()
02-23 01:50:44.097  8910  8910 D CAR.CLIENT: tearDownCarManagers() pye@91640a5
02-23 01:50:44.097 12010 12010 D CAR.CLIENT: tearDownProjectionSessionState() pye@fa27eb
02-23 01:50:44.097 12010 12010 D CAR.CLIENT: tearDownCarManagers() pye@fa27eb
02-23 01:50:44.097 11773 11784 D GH.MultiCarCxnListener: onCarDisconnected() on binder thread. instance: ccnp@24a925f, listener: ccpt@5d5bb83
02-23 01:50:44.097  8910  8910 D CAR.CLIENT: localCarConnectionListener received onCarDisconnected()
02-23 01:50:44.097 12010 12010 D CAR.PROJECTION.CAHI: null.onDisconnected()
02-23 01:50:44.097  8910  8910 D CAR.CLIENT: tearDownProjectionSessionState() pye@9e67fb6
02-23 01:50:44.097 12010 12010 D CAR.PROJECTION.CAHI: null.finish()
02-23 01:50:44.097 12010 12010 D CAR.PROJECTION.CAHI: Already finishing null, ignoring duplicate finish
02-23 01:50:44.097  8910  8910 D CAR.CLIENT: tearDownCarManagers() pye@9e67fb6
02-23 01:50:44.097 12010 12010 D CAR.CLIENT: localCarConnectionListener received onCarDisconnected()
02-23 01:50:44.097 12010 12010 D CAR.CLIENT: tearDownProjectionSessionState() pye@4b97dcf
02-23 01:50:44.097 12010 12010 D CAR.CLIENT: tearDownCarManagers() pye@4b97dcf
02-23 01:50:44.097  8910  8910 D CAR.CLIENT: localCarConnectionListener received onCarDisconnected()
02-23 01:50:44.097  8910  8910 D CAR.CLIENT: tearDownProjectionSessionState() pye@530cdfb
02-23 01:50:44.097 12010 12010 D CAR.CLIENT: localCarConnectionListener received onCarDisconnected()
02-23 01:50:44.097  8910  8910 D CAR.CLIENT: tearDownCarManagers() pye@530cdfb
02-23 01:50:44.097 12010 12010 D CAR.CLIENT: tearDownProjectionSessionState() pye@afab8a9
02-23 01:50:44.097 12010 12010 D CAR.CLIENT: tearDownCarManagers() pye@afab8a9
02-23 01:50:44.097  8910  8910 D CAR.CLIENT: localCarConnectionListener received onCarDisconnected()
02-23 01:50:44.097  8910  8910 D CAR.CLIENT: tearDownProjectionSessionState() pye@349dc2b
02-23 01:50:44.097 12010 12010 D CAR.CLIENT: localCarConnectionListener received onCarDisconnected()
02-23 01:50:44.097  8910  8910 D CAR.CLIENT: tearDownCarManagers() pye@349dc2b
02-23 01:50:44.097 12010 12010 D CAR.CLIENT: tearDownProjectionSessionState() pye@9eb6561
02-23 01:50:44.097 12010 12010 D CAR.CLIENT: tearDownCarManagers() pye@9eb6561
02-23 01:50:44.097  8910  8924 D GH.MultiCarCxnListener: onCarDisconnected() on binder thread. instance: pyn@fa441cf, listener: pxx@145a22e
02-23 01:50:44.097 12010 12010 D CAR.CLIENT: localCarConnectionListener received onCarDisconnected()
02-23 01:50:44.097 12010 12010 D CAR.CLIENT: tearDownProjectionSessionState() pye@8c96d39
02-23 01:50:44.097 12010 12010 D CAR.CLIENT: tearDownCarManagers() pye@8c96d39
02-23 01:50:44.097 12010 12010 D CAR.CLIENT: localCarConnectionListener received onCarDisconnected()
02-23 01:50:44.097 12010 12010 D CAR.CLIENT: tearDownProjectionSessionState() pye@ccf7a11
02-23 01:50:44.097 12010 12010 D CAR.CLIENT: tearDownCarManagers() pye@ccf7a11
02-23 01:50:44.097 12010 12010 D CAR.CLIENT: localCarConnectionListener received onCarDisconnected()
02-23 01:50:44.097 12010 12010 D CAR.CLIENT: tearDownProjectionSessionState() pye@49d3665
02-23 01:50:44.097 12010 12010 D CAR.CLIENT: tearDownCarManagers() pye@49d3665
02-23 01:50:44.097 12010 12010 D CAR.PROJECTION.CAHI: null.onDisconnected()
02-23 01:50:44.097 12010 13254 D GH.MultiCarCxnListener: onCarDisconnected() on binder thread. instance: pyn@45f981e, listener: pxx@7293be1
02-23 01:50:44.097  8910  8924 D GH.MultiCarCxnListener: onCarDisconnected() on binder thread. instance: pyn@9245bc0, listener: pxx@5c91943
02-23 01:50:44.097 12010 12010 D CAR.PROJECTION.CAHI: null.finish()
02-23 01:50:44.097 12010 12010 D CAR.PROJECTION.CAHI: Already finishing null, ignoring duplicate finish
02-23 01:50:44.097 12010 12010 D CAR.CLIENT: localCarConnectionListener received onCarDisconnected()
02-23 01:50:44.097 12010 12010 D CAR.CLIENT: tearDownProjectionSessionState() pye@31041d
02-23 01:50:44.097 12010 12010 D CAR.CLIENT: tearDownCarManagers() pye@31041d
02-23 01:50:44.097 12010 12010 D CAR.CLIENT: localCarConnectionListener received onCarDisconnected()
02-23 01:50:44.097 12010 12010 D CAR.CLIENT: tearDownProjectionSessionState() pyt@1d27b92
02-23 01:50:44.097  8910 20804 D GH.MultiCarCxnListener: onCarDisconnected() on binder thread. instance: pyn@ed342be, listener: pxx@31cd9d
02-23 01:50:44.097 12010 12010 D CAR.CLIENT: tearDownCarManagers() pyt@1d27b92
02-23 01:50:44.097 12010 12010 D CAR.CLIENT: localCarConnectionListener received onCarDisconnected()
02-23 01:50:44.097 12010 12010 D CAR.CLIENT: tearDownProjectionSessionState() pye@3183708
02-23 01:50:44.097 12010 12010 D CAR.CLIENT: tearDownCarManagers() pye@3183708
02-23 01:50:44.097 12010 12010 D CAR.PROJECTION.CAHI: null.onDisconnected()
02-23 01:50:44.097 12010 12010 D CAR.PROJECTION.CAHI: null.finish()
02-23 01:50:44.097 12010 12010 D CAR.PROJECTION.CAHI: Already finishing null, ignoring duplicate finish
02-23 01:50:44.097 12010 12010 D CAR.CLIENT: localCarConnectionListener received onCarDisconnected()
02-23 01:50:44.097 12010 12010 D CAR.CLIENT: tearDownProjectionSessionState() pyt@b824498
02-23 01:50:44.097 12010 12010 D CAR.CLIENT: tearDownCarManagers() pyt@b824498
02-23 01:50:44.097 12010 12010 D CAR.PROJECTION.CAHI: null.onDisconnected()
02-23 01:50:44.097 12010 12010 D CAR.PROJECTION.CAHI: null.finish()
02-23 01:50:44.097 12010 12010 D CAR.PROJECTION.CAHI: Already finishing null, ignoring duplicate finish
02-23 01:50:44.097 12010 12010 D CAR.CLIENT: localCarConnectionListener received onCarDisconnected()
02-23 01:50:44.097 12010 12010 D CAR.CLIENT: tearDownProjectionSessionState() pyt@4b6a26b
02-23 01:50:44.097 12010 12010 D CAR.CLIENT: tearDownCarManagers() pyt@4b6a26b
02-23 01:50:44.097 12010 12010 D CAR.CLIENT: localCarConnectionListener received onCarDisconnected()
02-23 01:50:44.097 12010 12010 D CAR.CLIENT: tearDownProjectionSessionState() pye@297f879
02-23 01:50:44.097 12010 12010 D CAR.CLIENT: tearDownCarManagers() pye@297f879
02-23 01:50:44.097 12010 12010 D CAR.CLIENT: localCarConnectionListener received onCarDisconnected()
02-23 01:50:44.097 12010 12010 D CAR.CLIENT: tearDownProjectionSessionState() pye@a5157c7
02-23 01:50:44.097 12010 12010 D CAR.CLIENT: tearDownCarManagers() pye@a5157c7
02-23 01:50:44.097 12010 12010 D CAR.CLIENT: localCarConnectionListener received onCarDisconnected()
02-23 01:50:44.097 12010 12010 D CAR.CLIENT: tearDownProjectionSessionState() pye@469d35c
02-23 01:50:44.097 12010 12010 D CAR.CLIENT: tearDownCarManagers() pye@469d35c
02-23 01:50:44.097 12010 12010 D CAR.CLIENT: localCarConnectionListener received onCarDisconnected()
02-23 01:50:44.097 12010 12010 D CAR.CLIENT: tearDownProjectionSessionState() pye@da198e7
02-23 01:50:44.097 12010 12010 D CAR.CLIENT: tearDownCarManagers() pye@da198e7
02-23 01:50:44.097 12010 12010 D CAR.SENSOR: handleCarDisconnection
02-23 01:50:44.097 12010 13254 D GH.MultiCarCxnListener: onCarDisconnected() on binder thread. instance: pyn@f7fd532, listener: pxx@fbda93d
02-23 01:50:44.097  8910 20804 D GH.MultiCarCxnListener: onCarDisconnected() on binder thread. instance: pyn@54a6e0f, listener: pxx@47152a4
02-23 01:50:44.098 11773 11773 D CAR.PROJECTION.CAHI: cheq.onDisconnected()
02-23 01:50:44.098 11773 11773 D CAR.PROJECTION.CAHI: cheq.finish()
02-23 01:50:44.098  8910  8910 D CAR.CLIENT: localCarConnectionListener received onCarDisconnected()
02-23 01:50:44.098  8910  8910 D CAR.CLIENT: tearDownProjectionSessionState() pye@ac9fc7a
02-23 01:50:44.098  8910  8910 D CAR.CLIENT: tearDownCarManagers() pye@ac9fc7a
02-23 01:50:44.098  8910  8910 D CAR.CLIENT: localCarConnectionListener received onCarDisconnected()
02-23 01:50:44.098  8910  8910 D CAR.CLIENT: tearDownProjectionSessionState() pye@f67a0d2
02-23 01:50:44.098  8910  8910 D CAR.CLIENT: tearDownCarManagers() pye@f67a0d2
02-23 01:50:44.098  8910  8910 D CAR.CLIENT: localCarConnectionListener received onCarDisconnected()
02-23 01:50:44.098  8910  8910 D CAR.CLIENT: tearDownProjectionSessionState() pye@6f4e6d5
02-23 01:50:44.098  8910  8910 D CAR.CLIENT: tearDownCarManagers() pye@6f4e6d5
02-23 01:50:44.098  8910  8910 D CAR.CLIENT: localCarConnectionListener received onCarDisconnected()
02-23 01:50:44.098  8910  8910 D CAR.CLIENT: tearDownProjectionSessionState() pye@81543c4
02-23 01:50:44.098  8910  8910 D CAR.CLIENT: tearDownCarManagers() pye@81543c4
02-23 01:50:44.098  8910  8910 D CAR.CLIENT: localCarConnectionListener received onCarDisconnected()
02-23 01:50:44.098  8910  8910 D CAR.CLIENT: tearDownProjectionSessionState() pye@cd6ad60
02-23 01:50:44.098  8910  8910 D CAR.CLIENT: tearDownCarManagers() pye@cd6ad60
02-23 01:50:44.098  8910  8910 D CAR.CLIENT: localCarConnectionListener received onCarDisconnected()
02-23 01:50:44.098  8910  8910 D CAR.CLIENT: tearDownProjectionSessionState() pye@dda069f
02-23 01:50:44.098  8910  8910 D CAR.CLIENT: tearDownCarManagers() pye@dda069f
02-23 01:50:44.098  8910  8910 D CAR.CLIENT: localCarConnectionListener received onCarDisconnected()
02-23 01:50:44.098  8910  8910 D CAR.CLIENT: tearDownProjectionSessionState() pye@bed1459
02-23 01:50:44.098  8910  8910 D CAR.CLIENT: tearDownCarManagers() pye@bed1459
02-23 01:50:44.098  8910  8910 D CAR.CLIENT: localCarConnectionListener received onCarDisconnected()
