02-23 15:29:21.207  8624  8624 I GH.WIRELESS.SETUP: State changed to RFCOMM_READ_WRITE_FAILURE
02-23 15:29:21.207  8624  8624 I GH.WIRELESS.SETUP: Retrying connection attempt on all channels by restarting WPP.
02-23 15:29:21.208  8624  8624 I GH.WIRELESS.SETUP: Triggering WPP restart. Reason=WPP_SOCKET_IO_EXCEPTION
02-23 15:29:21.211  8265  8572 I GH.ConnLoggerV2: Session 5851743f-9a41-456a-989f-68cc53452524, event 839, detail OptionalInt.empty, WIRELESS_RFCOMM_READ_ERROR, at 20964057 
02-23 15:29:21.213  8624 32599 I GH.WPP.RFCOMM: Closing the socket
02-23 15:29:21.213  8624  8624 I GH.CarSvcDataStorage: Using DB version: 13
02-23 15:29:21.216  8624  8624 I GH.WIRELESS.SETUP: No WPP on TCP configuration found in storage for the head unit, will not start WPP on TCP.
02-23 15:29:21.218  8624  8624 I GH.WIRELESS.SETUP: Starting manager of type: RFCOMM
02-23 15:29:21.219  8624  8624 I GH.WIRELESS.SETUP: State changed to CONNECTING_RFCOMM
02-23 15:29:21.222  8265  8572 I GH.ConnLoggerV2: Session 5851743f-9a41-456a-989f-68cc53452524, event 840, detail OptionalInt.empty, WIRELESS_RFCOMM_SOCKET_CLOSED, at 20964060 
02-23 15:29:21.223  8624 32599 I GH.WPP.RFCOMM: Connecting the socket
02-23 15:29:21.223  8624 32599 I GH.WIRELESS.BT: Creating rfcomm socket for device: DC:A6:32:E7:5A:FF and uuid: 4de17a00-52cb-11e6-bdf4-0800200c9a66
02-23 15:29:21.227  8265  8572 I GH.ConnLoggerV2: Session 5851743f-9a41-456a-989f-68cc53452524, event 841, detail OptionalInt[4], WIRELESS_SETUP_WPP_RESTART_WITH_DELAY, at 20964059 
02-23 15:29:21.234  8265  8572 I GH.ConnLoggerV2: Session 5851743f-9a41-456a-989f-68cc53452524, event 842, detail OptionalInt[-1109576286], WIRELESS_SETUP_WPP_RESTART, at 20964063 
02-23 15:29:21.238  8265  8572 I GH.ConnLoggerV2: Session 5851743f-9a41-456a-989f-68cc53452524, event 843, detail OptionalInt.empty, WIRELESS_WIFI_PROJECTION_PROTOCOL_RFCOMM_CONNECTION_ATTEMPT_STARTING, at 20964069 
02-23 15:29:21.238  8265  8572 I GH.StartupMeasure: logEvent GEARHEAD_WIRELESS_CONTROL_CHANNEL_CONNECT_ATTEMPT_RFCOMM=PT5H49M24.069S
02-23 15:29:21.246  8265  8572 I GH.ConnLoggerV2: Session 5851743f-9a41-456a-989f-68cc53452524, event 844, detail OptionalInt.empty, WIRELESS_CONNECTING_RFCOMM, at 20964070 
02-23 15:29:21.248  8265  8572 I GH.ConnLoggerV2: Session 5851743f-9a41-456a-989f-68cc53452524, event 845, detail OptionalInt[-1109576286], WIRELESS_SETUP_WPP_ALREADY_PROJECTING, at 20964071 
02-23 15:29:21.254  8265  8572 I GH.ConnLoggerV2: Session 5851743f-9a41-456a-989f-68cc53452524, event 846, detail OptionalInt.empty, WIRELESS_RFCOMM_CONNECTION_RUNNABLE_DEQUEUED, at 20964071 
02-23 15:29:21.369  8624  8624 I GH.WIRELESS.SETUP: State changed to CONNECTED_WIFI
02-23 15:29:21.369  8624  8624 I GH.WIRELESS.SETUP: Send WifiConnectStatus, status=STATUS_SUCCESS, errorMessage=Optional.empty
02-23 15:29:21.370  8624  8624 W GH.WIRELESS.BT: Dropping message of type MESSAGE_WIFI_CONNECT_STATUS_BT because connection object is empty
02-23 15:29:21.372  8265  8572 I GH.ConnLoggerV2: Session 5851743f-9a41-456a-989f-68cc53452524, event 847, detail OptionalInt[6], WIRELESS_WIFI_PROJECTION_PROTOCOL_SEND_MESSAGE_DROPPED_NO_CONNECTION_RFCOMM, at 20964220 
02-23 15:29:21.372  8624  8624 I GH.WIRELESS.SETUP: State changed to PROJECTION_INITIATED
02-23 15:29:21.373  8624  8624 I GH.WIRELESS.SETUP: Processing projection network
02-23 15:29:21.373  8624  8624 W GH.WIRELESS.SETUP: Not persisting Wi-Fi configuration.
02-23 15:29:21.373  8624  9025 I GH.WirelessNotify: Hiding wifi disabled issue from WirelessSetupNotificationManager after WiFi connected.
02-23 15:29:21.374  8624  8624 W GH.WIRELESS.SETUP: Wi-Fi frequency is not persisted: config is removed.
02-23 15:29:21.374  8624  8624 I GH.WIRELESS.SETUP: Handing off to begin TCP connection
02-23 15:29:21.377  8265  8572 I GH.ConnLoggerV2: Session 5851743f-9a41-456a-989f-68cc53452524, event 848, detail OptionalInt.empty, WIRELESS_WIFI_PROJECTION_PROTOCOL_RFCOMM_CONNECT_STATUS_SENT, at 20964222 
02-23 15:29:21.377  8624  8624 I GH.CarSvcDataStorage: Using DB version: 13
02-23 15:29:21.386  8624  8624 I GH.WIRELESS.SETUP: Requesting GAL socket, callback=4
02-23 15:29:21.387  8265  8572 I GH.ConnLoggerV2: Session 5851743f-9a41-456a-989f-68cc53452524, event 849, detail OptionalInt.empty, WIRELESS_CONNECTED_WIFI, at 20964224 
02-23 15:29:21.391  8624  9025 I CAR.STARTUP: Checking handoff interest for component com.google.android.projection.gearhead/com.google.android.apps.auto.carservice.service.impl.GearheadCarStartupService
02-23 15:29:21.391  8624  8624 I GH.WPP.CONN: Creating the transport in order to start listening
02-23 15:29:21.391  8624  8624 I GH.WPP.RFCOMM: Creating the IO stream
02-23 15:29:21.391  8624  8624 I GH.WPP.RFCOMM: IO stream will sleep for 10 ms instead of flushing after each write.  SDK: 34
02-23 15:29:21.391  8624  8624 I GH.WPP.RFCOMM: Creating the transport
02-23 15:29:21.393  8624  8624 I GH.WIRELESS.SETUP: State changed to CONNECTED_RFCOMM
02-23 15:29:21.394  8624  9025 I CAR.STARTUP: Successfully bound to component com.google.android.projection.gearhead/com.google.android.apps.auto.carservice.service.impl.GearheadCarStartupService
02-23 15:29:21.397  8624  8624 I GH.WIRELESS.SETUP: Scheduling WPP first message timeout trigger to execute in 12000 milliseconds, attempt: 6
02-23 15:29:21.397  8624   530 I GH.WPP.TRANSPORT: Transport starting
02-23 15:29:21.397  8624  8624 I CAR.STARTUP: Service available
02-23 15:29:21.397  8265  8572 I GH.ConnLoggerV2: Session 5851743f-9a41-456a-989f-68cc53452524, event 850, detail OptionalInt.empty, WIRELESS_WIFI_PROJECTION_INITIATED, at 20964231 
02-23 15:29:21.397  8624  9025 I GH.CAR  : isInterestedInHandoff - initialized
02-23 15:29:21.397  8624  9025 I GH.CAR  : Interested in handoff 3379921525589141128: true
02-23 15:29:21.397  8624  9025 I CAR.STARTUP: onStartupServiceAvailable - IStartup interest is true for ComponentInfo{com.google.android.projection.gearhead/com.google.android.apps.auto.carservice.service.impl.GearheadCarStartupService}
02-23 15:29:21.398  8624  9025 I GH.WirelessStartup: Interested in handoff com.google.android.projection.gearhead/com.google.android.apps.auto.carservice.service.impl.GearheadCarStartupService true
02-23 15:29:21.400  8624  9025 I GH.WirelessStartup: Interested in handoff - start handoff
02-23 15:29:21.403  8624  9025 I CAR.STARTUP: Handing off session 3379921525589141128 (2)
02-23 15:29:21.403  8624  9025 I GH.CAR  : Handoff session 3379921525589141128 (connection type: 2)
02-23 15:29:21.403  8265  8572 I GH.ConnLoggerV2: Session 5851743f-9a41-456a-989f-68cc53452524, from WIFI_SETUP, to LAUNCHING_PROJECTION, reason PROJECTION_INITIATED at time 20964254.
02-23 15:29:21.403  8624  9025 I GH.CAR  : Projection runs in proxy. Update iCar to the proxy.
02-23 15:29:21.403  8624  9025 I GH.CAR  : Handling wifi handoff 10.0.0.1:5288 (SSID: <unknown ssid>, BSSID: 02:00:00:00:00:00, MAC: 02:00:00:00:00:00, IP: /10.0.0.23, Security type: 2, Supplicant state: COMPLETED, Wi-Fi standard: 5, RSSI: -45, Link speed: 6Mbps, Tx Link speed: 6Mbps, Max Supported Tx Link speed: 96Mbps, Rx Link speed: 6Mbps, Max Supported Rx Link speed: 96Mbps, Frequency: 5180MHz, Net ID: -1, Metered hint: false, score: 60, isUsable: true, CarrierMerged: false, SubscriptionId: -1, IsPrimary: -1, Trusted: true, Restricted: false, Ephemeral: true, OEM paid: false, OEM private: false, OSU AP: false, FQDN: <none>, Provider friendly name: <none>, Requesting package name: <none><none>MLO Information: , Is TID-To-Link negotiation supported by the AP: false, AP MLD Address: <none>, AP MLO Link Id: <none>, AP MLO Affiliated links: <none>)
02-23 15:29:21.409  8265  8572 I GH.ConnLoggerV2: Session 5851743f-9a41-456a-989f-68cc53452524, event 851, detail OptionalInt[-45], WIRELESS_WIFI_STARTUP_MANAGER_DIRECT_HANDOFF_STARTED, at 20964240 
02-23 15:29:21.412  8624   531 I CAR.SETUP.WIFI: Creating socket, attempt 0
02-23 15:29:21.414  8265  8572 I GH.ConnLoggerV2: Session 5851743f-9a41-456a-989f-68cc53452524, event 852, detail OptionalInt.empty, WIRELESS_WIFI_PROJECTION_PROTOCOL_RFCOMM_SOCKET_CONNECTED, at 20964241 
02-23 15:29:21.414  8624   531 I CAR.SETUP.WIFI: Creating socket.
02-23 15:29:21.421  8265  8572 I GH.ConnLoggerV2: Session 5851743f-9a41-456a-989f-68cc53452524, event 853, detail OptionalInt.empty, WIRELESS_CONNECTED_RFCOMM, at 20964247 
02-23 15:29:21.424  8624  8624 I GH.WIRELESS.SETUP: Received WifiStartRequest, reason=n/a
02-23 15:29:21.425  8624  8624 I GH.WIRELESS.SETUP: Start request received, setting user intention.
02-23 15:29:21.425  8624  8624 W GH.WIRELESS.SETUP: Trying to proceed with WifiStartRequest before we received WifiVersionRequest
02-23 15:29:21.427  8624  8624 I GH.WIRELESS.SETUP: State changed to WIFI_PROJECTION_START_REQUESTED
02-23 15:29:21.428  8624  9025 I GH.WifiPreflight: Sending Close Broadcast
02-23 15:29:21.430  8624  8624 I GH.WIRELESS.SETUP: Send WifiStartResponse, protocol=RFCOMM, status=STATUS_SUCCESS
02-23 15:29:21.430  8624   531 I CAR.SETUP.WIFI: Socket connected to 10.0.0.1:5288
02-23 15:29:21.433  8624  8624 I GH.WirelessNetRequest: Add callback key=nck@eaa824a value=WSEM.Callback@ed600a5
02-23 15:29:21.434  8624  8624 I GH.WirelessNetRequest: Network is already connected
02-23 15:29:21.434  8265  8572 I GH.ConnLoggerV2: Session 5851743f-9a41-456a-989f-68cc53452524, event 854, detail OptionalInt.empty, WIRELESS_WIFI_STARTUP_MANAGER_ON_INTERESTED_IN_HANDOFF, at 20964249 
02-23 15:29:21.435  8624   531 I GH.CAR  : Wifi socket connect event: status = 1, socket retry count = 0, network retry count = 0, error code = 0, connection time = 28 ms
02-23 15:29:21.435  8624  8624 I GH.CAR  : Starting wifi connection: Socket[address=/10.0.0.1,port=5288,localPort=44384]
02-23 15:29:21.436  8624  8935 I GH.CarConnSessMgr: Starting car connection for session 3379921525589141128 of type 2
02-23 15:29:21.445  8265  8572 I GH.ConnLoggerV2: Session 5851743f-9a41-456a-989f-68cc53452524, event 855, detail OptionalInt.empty, CONNECTION_HANDOFF_TO_GEARHEAD_STARTED, at 20964253 
02-23 15:29:21.452  8624  8624 W CAR.STARTUP: Protocol error 1001 (0): Teardown existing session due to new connection.
02-23 15:29:21.452  8624  8935 I GH.CarConnSessMgr: Teardown called for session 3790951653492670547, current session is 3790951653492670547
02-23 15:29:21.452  8624  9025 W GH.WirelessStartup: ProjectionErrorCode = 1001, ProjectionErrorDetail = 0, Teardown existing session due to new connection.
02-23 15:29:21.452  8624  9025 W GH.WirelessStartup: Critical error encountered, attempting to handle result.
02-23 15:29:21.453  8624  9025 I GH.WIRELESS.SETUP: Received GAL socket result, callback=3, result=INSTANCE
02-23 15:29:21.457  8265  8572 I GH.ConnLoggerV2: Session 5851743f-9a41-456a-989f-68cc53452524, event 856, detail OptionalInt.empty, WIRELESS_WIFI_CAR_WIFI_SETUP_INITIALIZED, at 20964256 
02-23 15:29:21.460  8624  8624 I GH.WIRELESS.SETUP: Info response received. Received credentials=WifiConfiguration(ssid=OpenAutoProdigy, bssid=DC:A6:32:E7:5A:FE, securityMode=WPA2_PERSONAL, mostRecentlyUsedFrequenciesMhz=[]), cached credentials=Optional.empty, networkState=REQUESTED
02-23 15:29:21.460  8624  8624 I GH.WirelessNetRequest: Add callback key=nck@eaa824a value=WSEM.Callback@86f9c2b
02-23 15:29:21.463  8624  8624 I GH.WirelessNetRequest: Network is already connected
02-23 15:29:21.463  8624  8624 I GH.WirelessNetRequest: Reachability check is in progress, no further action needed
02-23 15:29:21.464  8624  8624 I GH.CmpnDvcCtrlImpl: onDeviceDisappeared: Android Auto (2)
02-23 15:29:21.466  8265  8572 I GH.ConnLoggerV2: Session 5851743f-9a41-456a-989f-68cc53452524, event 857, detail OptionalInt.empty, WIRELESS_WIFI_SOCKET_CONNECTING, at 20964269 
02-23 15:29:21.467  8624  8935 I GH.CarConnSessMgr: Tearing down active session
02-23 15:29:21.468  8624  8935 I GH.CarConnSessMgr: Revoking active session
02-23 15:29:21.469 10068 21781 D GH.MultiCarCxnListener: onCarDisconnected() on binder thread. instance: pyn@3a2387e, listener: pxx@c619a39
02-23 15:29:21.469  8624  8935 I GH.CarConnSession: canCarServiceLiteHandleMigration true; isMigrationFlagEnabled true
02-23 15:29:21.469 10068 21781 D GH.MultiCarCxnListener: onCarDisconnected() on binder thread. instance: pyn@3a2387e, listener: jhf@9de1491
02-23 15:29:21.469 10068 12208 D GH.MultiCarCxnListener: onCarDisconnected() on binder thread. instance: pyn@caa288a, listener: pxx@68a52f5
02-23 15:29:21.469  8624  8624 I GH.CarConnSession: Tearing down
02-23 15:29:21.470 10068 11068 D GH.MultiCarCxnListener: onCarDisconnected() on binder thread. instance: pyn@89b541d, listener: pxx@6eb74f4
02-23 15:29:21.470 10068 10100 D GH.MultiCarCxnListener: onCarDisconnected() on binder thread. instance: pyn@4956d1b, listener: pxx@9167b2a
02-23 15:29:21.470  8624  8624 I CAR.SERVICE: Car connection state changed: CONNECTED->DISCONNECTING
02-23 15:29:21.471  8624  8624 I CAR.SERVICE: Notifying car connection listeners of disconnection (15 listeners)
02-23 15:29:21.472 10068 10068 D CAR.CLIENT: localCarConnectionListener received onCarDisconnected()
02-23 15:29:21.472 10068 10068 D CAR.CLIENT: tearDownProjectionSessionState() pye@2799b32
02-23 15:29:21.472 10068 10068 D CAR.CLIENT: tearDownCarManagers() pye@2799b32
02-23 15:29:21.472 10068 10068 D CAR.AUDIO: handleCarDisconnection
02-23 15:29:21.472 10068 10068 D CAR.AUDIO.RECORD: CarAudioRecord stop while not started
02-23 15:29:21.473 10068 10068 D CAR.AUDIO.RECORD: CarAudioRecord released
02-23 15:29:21.473 10068 10068 D CAR.BT  : handleCarDisconnection
02-23 15:29:21.473 10068 10068 D CAR.MSG : handleCarDisconnection
02-23 15:29:21.473 10355   334 D GH.MultiCarCxnListener: onCarDisconnected() on binder thread. instance: pyn@d288087, listener: pxx@efd48c6
02-23 15:29:21.474 10068 10068 D CAR.SENSOR: handleCarDisconnection
02-23 15:29:21.474 10355 10355 D CAR.CLIENT: localCarConnectionListener received onCarDisconnected()
02-23 15:29:21.474 10355 10355 D CAR.CLIENT: tearDownProjectionSessionState() pye@3491ea1
02-23 15:29:21.474  8624  8624 I GH.CarService: onDisconnected() received
02-23 15:29:21.474 10068 10068 D CAR.CLIENT.WM.WIN: GhFacetBar removeWindow
02-23 15:29:21.474 10355 10355 D CAR.CLIENT: tearDownCarManagers() pye@3491ea1
02-23 15:29:21.475 10068 10068 D CAR.CLIENT.WM.WIN: teardown(): GhFacetBar
02-23 15:29:21.475 10068 11068 D GH.MultiCarCxnListener: onCarDisconnected() on binder thread. instance: pyn@3205909, listener: qho@f770a10
02-23 15:29:21.476 10068 12208 D GH.MultiCarCxnListener: onCarDisconnected() on binder thread. instance: pyn@e555730, listener: pxx@cdc1c73
02-23 15:29:21.476 10068 21781 D GH.MultiCarCxnListener: onCarDisconnected() on binder thread. instance: pyn@4c76a17, listener: pxx@a269e96
02-23 15:29:21.476 10068 10100 D GH.MultiCarCxnListener: onCarDisconnected() on binder thread. instance: pyn@e7f7166, listener: qho@88e05c1
02-23 15:29:21.476 10068 10100 D GH.MultiCarCxnListener: onCarDisconnected() on binder thread. instance: pyn@e7f7166, listener: pxx@2813df2
02-23 15:29:21.476 10068 11068 D GH.MultiCarCxnListener: onCarDisconnected() on binder thread. instance: pyn@3205909, listener: pxx@bec7cc5
02-23 15:29:21.476 10355   334 D GH.MultiCarCxnListener: onCarDisconnected() on binder thread. instance: pyn@d4ab6fa, listener: pxx@7935525
02-23 15:29:21.477 10068 12208 D GH.MultiCarCxnListener: onCarDisconnected() on binder thread. instance: pyn@1c6be01, listener: pxx@d0487e8
02-23 15:29:21.477 10355 10355 D CAR.CLIENT: localCarConnectionListener received onCarDisconnected()
02-23 15:29:21.478 10355 10355 D CAR.CLIENT: tearDownProjectionSessionState() pye@67e351c
02-23 15:29:21.478 10355 11314 D GH.MultiCarCxnListener: onCarDisconnected() on binder thread. instance: pyn@65e2f20, listener: pxx@3029e23
02-23 15:29:21.478 10355 10355 D CAR.CLIENT: tearDownCarManagers() pye@67e351c
02-23 15:29:21.479 10355   334 D GH.MultiCarCxnListener: onCarDisconnected() on binder thread. instance: pyn@da5ea73, listener: pxx@43fb6e2
02-23 15:29:21.479 10355 10355 D CAR.CLIENT: localCarConnectionListener received onCarDisconnected()
02-23 15:29:21.479 10355 10355 D CAR.CLIENT: tearDownProjectionSessionState() pye@4f52b52
02-23 15:29:21.480 10068 11068 D CAR.CLIENT.PLS: onProjectionTearDown on binder thread
02-23 15:29:21.480 10355 10355 D CAR.CLIENT: tearDownCarManagers() pye@4f52b52
02-23 15:29:21.480 10355   334 D CAR.CLIENT.PLS: onProjectionTearDown on binder thread
02-23 15:29:21.480 10355 10355 D CAR.CLIENT: localCarConnectionListener received onCarDisconnected()
02-23 15:29:21.481 10355 10355 D CAR.CLIENT: tearDownProjectionSessionState() pye@bce43ad
02-23 15:29:21.481  8624  8624 I CAR.CAM : Forwarding media key KeyEvent { action=ACTION_DOWN, keyCode=KEYCODE_MEDIA_PAUSE, scanCode=0, metaState=0, flags=0x0, repeatCount=0, eventTime=0, downTime=0, deviceId=-1, source=0x0, displayId=-1 }
02-23 15:29:21.482 10068 12208 D GH.MultiCarCxnListener: onCarDisconnected() on binder thread. instance: pyn@f628c85, listener: pxx@7742dfc
02-23 15:29:21.482 10355 10355 D CAR.CLIENT: tearDownCarManagers() pye@bce43ad
02-23 15:29:21.483  8624  8624 I CAR.CAM : Forwarding media key KeyEvent { action=ACTION_UP, keyCode=KEYCODE_MEDIA_PAUSE, scanCode=0, metaState=0, flags=0x0, repeatCount=0, eventTime=0, downTime=0, deviceId=-1, source=0x0, displayId=-1 }
02-23 15:29:21.483 10355 10355 D CAR.CLIENT.PLS: Projection teardown
02-23 15:29:21.484  8624  8624 I CAR.SERVICE: Car connection state changed: DISCONNECTING->DISCONNECTED
02-23 15:29:21.485  8265  8572 I GH.ConnLoggerV2: Session 5851743f-9a41-456a-989f-68cc53452524, event 858, detail OptionalInt.empty, WIRELESS_WIFI_PROJECTION_PROTOCOL_RFCOMM_START_REQUEST_RECEIVED, at 20964274 
02-23 15:29:21.485 10355 10355 D CAR.CLIENT.PLS: Projection unlinkToDeath true
02-23 15:29:21.485  8265  8572 I GH.StartupMeasure: logEvent GEARHEAD_WIRELESS_START_REQUEST_RECEIVED_RFCOMM=PT5H49M24.274S
02-23 15:29:21.486  8624  8624 I CAR.SYS : Successfully released automotive projection.
02-23 15:29:21.487  8624  8935 I CAR.GAL.SECURITY.LITE: Successfully initialized SSL context for protocol: TLSv1.2 using provider: GmsCore_OpenSSL
02-23 15:29:21.488  8624  8935 I CAR.GAL.GAL.LITE: Creating per-channel priority writer thread.
02-23 15:29:21.488  8624  8624 I CAR.CAM : makeBackground for component ComponentInfo{com.google.android.apps.maps/com.google.android.apps.gmm.car.GmmCarProjectionService}
02-23 15:29:21.490  8624  8935 I CAR.GAL.GAL.LITE: Creating PerChannelQueue for channel 0
02-23 15:29:21.490  8624  8935 I GH.CAR.ProxyEP.LITE: Proxy created for channel 0
02-23 15:29:21.491  8624  8624 I CAR.CAM : Unbinding from GmmCarProjectionService
02-23 15:29:21.507 10068 10068 D CAR.CLIENT.WM.WIN: Dashboard removeWindow
02-23 15:29:21.508 10068 10068 D CAR.CLIENT.WM.WIN: teardown(): Dashboard
02-23 15:29:21.511  8265  8572 I GH.ConnLoggerV2: Session 5851743f-9a41-456a-989f-68cc53452524, event 859, detail OptionalInt.empty, WIRELESS_PROJECTION_REQUESTED_WHILE_GAL_SOCKET_CONNECTED, at 20964275 
02-23 15:29:21.531  8624  8624 I CAR.IME : Resetting input manager
02-23 15:29:21.538  8265  8572 I GH.ConnLoggerV2: Session 5851743f-9a41-456a-989f-68cc53452524, event 860, detail OptionalInt.empty, WIRELESS_WIFI_VERSION_NOT_REQUESTED, at 20964276 
02-23 15:29:21.539 10068 21781 D CAR.CLIENT.PLS: onProjectionEnd on binder thread
02-23 15:29:21.552 10355   334 D CAR.CLIENT.PLS: onProjectionEnd on binder thread
02-23 15:29:21.561  8265  8572 I GH.ConnLoggerV2: Session 5851743f-9a41-456a-989f-68cc53452524, event 861, detail OptionalInt.empty, WIRELESS_WIFI_PROJECTION_REQUESTED_BY_HU_WITHOUT_REASON, at 20964276 
02-23 15:29:21.562 10068 10068 D CAR.CLIENT: Multi-display client enabled. Get ICarDisplay for: CarDisplayId{displayId=0}
02-23 15:29:21.563 10068 10068 D CAR.CLIENT: Multi-display client enabled. Get ICarDisplay for: CarDisplayId{displayId=0}
02-23 15:29:21.565 10068 10068 D GH.PrxyActStartHndlr: Clearing local CarActivityStartListener loq@25d8e29
02-23 15:29:21.566 10068 10068 D GH.PrxyActStartLstnr: Clearing local CarActivityStartListener lop@f728284
02-23 15:29:21.566 10068 10068 D GH.PrxyActLfecycleLstnr: Clearing local CarActivityLifecycleEventListener rfz@d588d87
02-23 15:29:21.567 10068 10068 D CAR.BT  : CarBluetoothClientHandlerCallback.handleMessage: msg code=7
02-23 15:29:21.567 10068 10068 D GH.CarClientManager: CarConnectionListener onDisconnected(). isProjected: true
02-23 15:29:21.567 10355 10355 D CAR.CLIENT.PLS: Projection end
02-23 15:29:21.567 10068 10068 I GH.CarClientManager: Received onDisconnected callback, but ignoring since lifecycle will inform us of car disconnect
02-23 15:29:21.567 10068 10068 D CAR.CLIENT: localCarConnectionListener received onCarDisconnected()
02-23 15:29:21.567 10068 10068 D CAR.CLIENT: tearDownProjectionSessionState() pye@78e627e
02-23 15:29:21.567 10068 10068 D CAR.CLIENT: tearDownCarManagers() pye@78e627e
02-23 15:29:21.567 10068 10068 D CAR.CLIENT: localCarConnectionListener received onCarDisconnected()
02-23 15:29:21.567 10068 10068 D CAR.CLIENT: tearDownProjectionSessionState() pye@eabeae1
02-23 15:29:21.567 10068 10068 D CAR.CLIENT: tearDownCarManagers() pye@eabeae1
02-23 15:29:21.568 10068 10068 D CAR.CLIENT: localCarConnectionListener received onCarDisconnected()
02-23 15:29:21.568 10068 10068 D CAR.CLIENT: tearDownProjectionSessionState() pye@769cfff
02-23 15:29:21.568 10068 10068 D CAR.CLIENT: tearDownCarManagers() pye@769cfff
02-23 15:29:21.575 10068 10068 D CAR.PROJECTION.CAHI: null.onDisconnected()
02-23 15:29:21.576 10068 10068 D CAR.PROJECTION.CAHI: null.finish()
02-23 15:29:21.576 10068 10068 D CAR.PROJECTION.CAHI: null.onDisconnected()
02-23 15:29:21.576 10068 10068 D CAR.PROJECTION.CAHI: null.finish()
02-23 15:29:21.576 10068 10068 D CAR.CLIENT: localCarConnectionListener received onCarDisconnected()
02-23 15:29:21.576 10068 10068 D CAR.CLIENT: tearDownProjectionSessionState() pyt@d343cfd
02-23 15:29:21.576 10068 10068 D CAR.CLIENT: tearDownCarManagers() pyt@d343cfd
02-23 15:29:21.576 10068 10068 D CAR.CLIENT: localCarConnectionListener received onCarDisconnected()
02-23 15:29:21.576  8624  8624 I CAR.AUDIO.FOCUS: Stop audio focus handler
02-23 15:29:21.576 10068 10068 D CAR.CLIENT: tearDownProjectionSessionState() pyt@7aab73c
02-23 15:29:21.576 10068 10068 D CAR.CLIENT: tearDownCarManagers() pyt@7aab73c
02-23 15:29:21.576  8624  8624 I CAR.AUDIO.CHANNEL: disabling stream: MEDIA, had focus: false
02-23 15:29:21.576 10068 10068 D CAR.CLIENT: localCarConnectionListener received onCarDisconnected()
02-23 15:29:21.576  8624  8624 I CAR.AUDIO.CHANNEL: disabling stream: TTS, had focus: false
02-23 15:29:21.576 10068 10068 D CAR.CLIENT: tearDownProjectionSessionState() pye@fade9b1
02-23 15:29:21.576  8624  8624 I CAR.AUDIO.CHANNEL: disabling stream: SYSTEM, had focus: true
02-23 15:29:21.576 10068 10068 D CAR.CLIENT: tearDownCarManagers() pye@fade9b1
02-23 15:29:21.577 10068 10068 D CAR.CLIENT: localCarConnectionListener received onCarDisconnected()
02-23 15:29:21.577 10068 10068 D CAR.CLIENT: tearDownProjectionSessionState() pye@68770e2
02-23 15:29:21.577  8624 32760 I CAR.AUDIO.AFM: Request android audio focus on exit
02-23 15:29:21.577 10068 10068 D CAR.CLIENT: tearDownCarManagers() pye@68770e2
02-23 15:29:21.577 10068 10068 D CAR.CLIENT: localCarConnectionListener received onCarDisconnected()
02-23 15:29:21.578 10068 10068 D CAR.CLIENT: tearDownProjectionSessionState() pye@eab3d0b
02-23 15:29:21.578 10068 10068 D CAR.CLIENT: tearDownCarManagers() pye@eab3d0b
02-23 15:29:21.578 10068 10068 D CAR.CLIENT.PLS: Projection teardown
02-23 15:29:21.579 10068 10068 D CAR.CLIENT.PLS: Projection unlinkToDeath true
02-23 15:29:21.579 10068 10068 I GH.GhLifecycleService: onProjectionTearDown()
02-23 15:29:21.579 10068 10068 I GH.CarClientManager: onCarDisconnectedViaLifecycle
02-23 15:29:21.579 10068 10068 I GH.CarClientManager: CarClientToken is in state CLIENT_CONNECTED_AND_CAR_CONNECTED; running onCarDisconnected()
02-23 15:29:21.579 10068 10068 I GH.CarClientManager: car disconnected. isProjected: true
02-23 15:29:21.580 10068 10068 W GH.CarClientManager: Illegal state transition from CLIENT_CONNECTED_AND_CAR_CONNECTED to CLIENT_CONNECTED_AND_CAR_DISCONNECTED! Allowing anyway.
02-23 15:29:21.580 10068 10068 I GH.CarClientManager: Transition from CLIENT_CONNECTED_AND_CAR_CONNECTED to CLIENT_CONNECTED_AND_CAR_DISCONNECTED.
02-23 15:29:21.580 10068 10068 D GH.CarClientManager: notifyListenersOnCarDisconnected entered
02-23 15:29:21.583  8265  8572 I GH.ConnLoggerV2: Session 5851743f-9a41-456a-989f-68cc53452524, event 862, detail OptionalInt.empty, WIRELESS_WIFI_PROJECTION_PROTOCOL_RFCOMM_INFO_REQUEST_SENT, at 20964278 
02-23 15:29:21.585 10068 10068 D GH.CarClientManager: calling onCarDisconnected on jhl@6f91ff6
02-23 15:29:21.585 10068 10068 D GH.CarClientManager: calling onCarDisconnected on ncl@e13bff7
02-23 15:29:21.585 10068 10068 D GH.CarClientManager: calling onCarDisconnected on ndf@5b257d4
02-23 15:29:21.585 10068 10068 D GH.CarClientManager: calling onCarDisconnected on jhp@6216cfa
02-23 15:29:21.585 10068 10068 D GH.MdPlayerCardStateLD: cardState: NO_APP
02-23 15:29:21.586 10068 10068 D GH.MediaSugPvdr: Use Assistant media suggestions
02-23 15:29:21.586 10068 10068 D GH.MediaSugPvdr: Use Assistant media suggestions
02-23 15:29:21.592 10068 10068 E GH.MediaLiveDataFns: createIsBrowserSearchableData indicated car token disconnect
02-23 15:29:21.603  8265  8572 I GH.ConnLoggerV2: Session 5851743f-9a41-456a-989f-68cc53452524, event 863, detail OptionalInt.empty, WIRELESS_WIFI_PROJECTION_PROTOCOL_RFCOMM_START_RESPONSE_SENT, at 20964281 
02-23 15:29:21.604  8624 32616 W CAR.CAM : Ignoring unexpected message continuation in GmmCarProjectionService: head null; got FINISH null
02-23 15:29:21.605 10068 10068 D GH.MdPlayerCardStateLD: connectionTimeoutHasElapsed: false
02-23 15:29:21.605 10068 10068 D GH.MdPlayerCardStateLD: timedOutAfterPlaybackStateChange: false
02-23 15:29:21.608 10068 10068 D GH.MediaModel: Controller in state DISCONNECTED_OUT_OF_CONNECTION_LIFECYCLE. Not notifying listeners
02-23 15:29:21.609  8265  8572 I GH.ConnLoggerV2: Session 5851743f-9a41-456a-989f-68cc53452524, event 864, detail OptionalInt.empty, WIRELESS_WIFI_SOCKET_CONNECTED, at 20964281 
02-23 15:29:21.612 10068 10068 D GH.MediaBCConnection: onInactive component=ComponentInfo{com.google.android.apps.youtube.music/com.google.android.apps.youtube.music.mediabrowser.MusicBrowserService}
02-23 15:29:21.612 10068 10068 D GH.MediaBCConnection: disconnectFromBrowser component=ComponentInfo{com.google.android.apps.youtube.music/com.google.android.apps.youtube.music.mediabrowser.MusicBrowserService}
02-23 15:29:21.613 10068 10068 D GH.MediaModel: Browser in state DISCONNECTED_OUT_OF_CONNECTION_LIFECYCLE. Not notifying listeners
02-23 15:29:21.614  8265  8572 I GH.ConnLoggerV2: Session 5851743f-9a41-456a-989f-68cc53452524, event 865, detail OptionalInt.empty, WIRELESS_WIFI_PROJECTION_REQUESTED, at 20964281 
02-23 15:29:21.614 10068 10068 D GH.MediaModel: Controller in state DISCONNECTED_OUT_OF_CONNECTION_LIFECYCLE. Not notifying listeners
02-23 15:29:21.615 10068 10068 D GH.MediaModel: Browser in state DISCONNECTED_OUT_OF_CONNECTION_LIFECYCLE. Not notifying listeners
02-23 15:29:21.616 10068 10068 D GH.MediaModel: Controller in state DISCONNECTED_OUT_OF_CONNECTION_LIFECYCLE. Not notifying listeners
02-23 15:29:21.617 10068 10068 D GH.MediaModel: Browser in state DISCONNECTED_OUT_OF_CONNECTION_LIFECYCLE. Not notifying listeners
02-23 15:29:21.623 10068 10068 D GH.MdPlayerCardStateLD: connectionTimeoutHasElapsed: false
02-23 15:29:21.623 10068 10068 D GH.MdPlayerCardStateLD: cardState: LOADING
02-23 15:29:21.624 10068 10068 D GH.MdPlayerCardStateLD: timedOutAfterPlaybackStateChange: false
02-23 15:29:21.624 10068 10068 D GH.MdPlayerCardStateLD: cardState: NO_APP
02-23 15:29:21.624 10068 10068 D GH.MediaSugPvdr: Use Assistant media suggestions
02-23 15:29:21.625  8265  8572 I GH.ConnLoggerV2: Session 5851743f-9a41-456a-989f-68cc53452524, event 866, detail OptionalInt.empty, WIRELESS_WIFI_CACHED_CREDENTIALS_USED, at 20964285 
02-23 15:29:21.626 10068 10068 D GH.MediaSugPvdr: Use Assistant media suggestions
02-23 15:29:21.633 10068 10068 D GH.MediaActiveBrowsConn: unsubscribe componentName=com.google.android.apps.youtube.music/.mediabrowser.MusicBrowserService id=com.google.android.projection.gearhead
02-23 15:29:21.635  8265  8572 I GH.ConnLoggerV2: Session 5851743f-9a41-456a-989f-68cc53452524, event 867, detail OptionalInt.empty, WIRELESS_WIFI_PROJECTION_REQUEST_CANCELED, at 20964284 
02-23 15:29:21.636 10068 10068 D GH.MediaSuggNotifier: Removing media suggestion observer.
02-23 15:29:21.636 10068 10068 D GH.Assistant.SignalLD: buildMbsComponentName: component=ComponentInfo{com.google.android.apps.youtube.music/com.google.android.apps.youtube.music.mediabrowser.MusicBrowserService}
02-23 15:29:21.636 10068 10068 D GH.Assistant.SignalLD: Car client token is null, returning same component=ComponentInfo{com.google.android.apps.youtube.music/com.google.android.apps.youtube.music.mediabrowser.MusicBrowserService}
02-23 15:29:21.636 10068 10068 D GH.MediaBCConnection: onInactive component=ComponentInfo{com.google.android.apps.youtube.music/com.google.android.apps.youtube.music.mediabrowser.MusicBrowserService}
02-23 15:29:21.637 10068 10068 D GH.MediaBCConnection: disconnectFromBrowser component=ComponentInfo{com.google.android.apps.youtube.music/com.google.android.apps.youtube.music.mediabrowser.MusicBrowserService}
02-23 15:29:21.638 10068 10068 D GH.MediaBCConnection: onActive component=ComponentInfo{com.google.android.apps.youtube.music/com.google.android.apps.youtube.music.mediabrowser.MusicBrowserService}
02-23 15:29:21.638 10068 10068 D GH.MediaBCConnection: connectToBrowser component=ComponentInfo{com.google.android.apps.youtube.music/com.google.android.apps.youtube.music.mediabrowser.MusicBrowserService}
02-23 15:29:21.639 10068 10068 D GH.MediaSugPvdr: Returning 0 Assistant media suggestions, componentName: null
02-23 15:29:21.639 10068 10068 D GH.MediaSugPvdr: Returning 0 Assistant media suggestions, componentName: null
02-23 15:29:21.640  8265  8572 I GH.ConnLoggerV2: Session 5851743f-9a41-456a-989f-68cc53452524, from LAUNCHING_PROJECTION, to WIFI_SETUP, reason WIFI_START_REQUEST_RECEIVED at time 20964490.
02-23 15:29:21.640 10068 10068 D GH.MediaBCConnection: onInactive component=ComponentInfo{com.google.android.apps.youtube.music/com.google.android.apps.youtube.music.mediabrowser.MusicBrowserService}
02-23 15:29:21.641 10068 10068 D GH.MediaBCConnection: disconnectFromBrowser component=ComponentInfo{com.google.android.apps.youtube.music/com.google.android.apps.youtube.music.mediabrowser.MusicBrowserService}
02-23 15:29:21.641 10068 10068 D GH.CarClientManager: calling onCarDisconnected on iqx@909aa34
02-23 15:29:21.641 10068 10068 D GH.CarClientManager: calling onCarDisconnected on iqx@3de4176
02-23 15:29:21.641 10068 10068 D GH.CarClientManager: calling onCarDisconnected on khn@1d0ca3
02-23 15:29:21.641 10068 10068 I GH.LifetimeManager: Disconnected from Android Auto car
02-23 15:29:21.641 10068 10068 D GH.GHLifetimeManager: onCarConnectedUpdate, isPhysicalCarConnected: false, isPhysicalCarConnectedStateChanged: true
02-23 15:29:21.641 10068 10068 I GH.LifetimeManager: stop(transitionToProjected=false, disconnectFromCarService=true)
02-23 15:29:21.642 10068 10068 D GH.SupprNotifType: computeSuppressedType app=ProjectionApp(appKey=AppKey(componentName=ComponentInfo{com.google.android.apps.maps/com.google.android.apps.gmm.car.GmmCarProjectionService}, profileType=PERSONAL), appCategory=NAVIGATION, isParkedOnly=false, isImmersiveApp=false, isNativeApp=false)
02-23 15:29:21.642 10068 10068 D GH.SupprNotifType: computeSuppressedType app=ProjectionApp(appKey=AppKey(componentName=ComponentInfo{com.google.android.apps.maps/com.google.android.apps.gmm.car.GmmCarProjectionService}, profileType=PERSONAL), appCategory=NAVIGATION, isParkedOnly=false, isImmersiveApp=false, isNativeApp=false)
02-23 15:29:21.642 10068 10068 D GH.SupprNotifType: computeSuppressedType app=ProjectionApp(appKey=AppKey(componentName=ComponentInfo{com.google.android.apps.maps/com.google.android.apps.gmm.car.GmmCarProjectionService}, profileType=PERSONAL), appCategory=NAVIGATION, isParkedOnly=false, isImmersiveApp=false, isNativeApp=false)
02-23 15:29:21.642 10068 10068 D GH.SupprNotifType: computeSuppressedType app=ProjectionApp(appKey=AppKey(componentName=ComponentInfo{com.google.android.apps.maps/com.google.android.apps.gmm.car.GmmCarProjectionService}, profileType=PERSONAL), appCategory=NAVIGATION, isParkedOnly=false, isImmersiveApp=false, isNativeApp=false)
02-23 15:29:21.643 10068 10068 D GH.SupprNotifType: Coolwalk Suppressed Notification: [SuppressedNotificationData(type=NAVIGATION, componentName=null)]
02-23 15:29:21.643 10068 10068 D GH.OngoingNotifLD: updateHighestPriorityOngoing suppressedEntries=[SuppressedNotificationData(type=NAVIGATION, componentName=null)] notifications=[]
02-23 15:29:21.643 10068 10068 D GH.OngoingNotifLD: setting highest priority ongoing to null
02-23 15:29:21.643 10068 10068 D GH.DashboardButtonOptn: currentButtonOption:(DASHBOARD) isDashboardShowing:(false) isDashboardSupported:(true)
02-23 15:29:21.643 10068 10068 D GH.GhRailFrg: Update Back Button from LAUNCHER to DASHBOARD
02-23 15:29:21.649 10068 10068 D GH.RailHotseatLD: Nav hotseat type NAV_FULLSCREEN
02-23 15:29:21.649 10068 10068 D GH.RailHotseatLD: Main content covering maps: false
02-23 15:29:21.649 10068 10068 D GH.RailHotseatLD: Nav hotseat type DASHBOARD
02-23 15:29:21.650 10068 10068 D GH.Assistant.Suggestion: cancelAllNotifications(): notificationIdMap={}
02-23 15:29:21.651  8265  8572 I GH.ConnLoggerV2: Session 5851743f-9a41-456a-989f-68cc53452524, event 868, detail OptionalInt.empty, CAR_CONNECTION_STARTING_NEW_SESSION_OVER_ACTIVE_SESSION, at 20964298 
02-23 15:29:21.654  8265  8572 I GH.ConnLoggerV2: Session 5851743f-9a41-456a-989f-68cc53452524, event 869, detail OptionalInt.empty, WIRELESS_GAL_SOCKET_DISCONNECTED, at 20964304 
02-23 15:29:21.656 10068 10068 D GH.LifetimeManager: Stopping lifetime services
02-23 15:29:21.656 10068 10068 D GH.LifetimeManager: Stopping lzv@688f6f3
02-23 15:29:21.656 10068 10068 D GH.LifetimeManager: Stopping mnd@81bec57
02-23 15:29:21.657 10068 10068 D GH.LifetimeManager: Stopping mdi@a2e505f
02-23 15:29:21.657 10068 10068 D GH.LifetimeManager: Stopping mlz@d3e89bd
02-23 15:29:21.657 10068 10068 D GH.LifetimeManager: Stopping lns@41b5b67
02-23 15:29:21.657 10068 10068 D GH.LifetimeManager: Stopping lcv@d38a268
02-23 15:29:21.658 10068 10068 D GH.LifetimeManager: Stopping mty@b99cb5a
02-23 15:29:21.658 10068 10068 D GH.LifetimeManager: Stopping com.google.android.apps.auto.components.firstdrive.HelloFromAutoManager@6e25a7c
02-23 15:29:21.658 10068 10068 W GH.StreamItemManager: Listener was not registered: kyl@172d92b
02-23 15:29:21.658 10068 10068 I GH.Hello: Stopped.
02-23 15:29:21.658 10068 10068 D GH.LifetimeManager: Stopping lce@266b749
02-23 15:29:21.659 10068 10068 D GH.LifetimeManager: Stopping ndh@ec992e4
02-23 15:29:21.659 10068 10068 D GH.ThermalMitigation: Unregistering thermal status listener
02-23 15:29:21.659 10068 10068 D GH.LifetimeManager: Stopping mrf@a99e677
02-23 15:29:21.659  8265  8572 I GH.ConnLoggerV2: Session 5851743f-9a41-456a-989f-68cc53452524, event 870, detail OptionalInt.empty, WIRELESS_GAL_SOCKET_FAILED_WHILE_ANOTHER_WAS_PENDING, at 20964307 
02-23 15:29:21.660 10068 10068 D GH.HunPresenterBase: update viewTearingDown=false view=null model=HeadsUpViewModel[notificationKey=EMPTY_MODEL isUserDismissible=falselargeIcon=null smallIcon=null contentIcon=null titleText= descText= contentIntent=null action1=null action2=null action3=null dismissAction=mqm@5d10721 templateType=SIMPLE backgroundColor=null themeId=2132149933 TC=TC[context=UNKNOWN_CONTEXT, pkg=null] isWorkData=false itemCount=0focusTarget=NONE]
02-23 15:29:21.660 10068 10068 D GH.HunPresenter: recycleHost, nothing currently showing
02-23 15:29:21.660 10068 10068 D GH.LifetimeManager: Stopping nix@833fb38
02-23 15:29:21.660 10068 10068 D GH.LifetimeManager: Stopping mdj@a5da5d9
02-23 15:29:21.661 10068 10068 D GH.UserInterruptMgr: stop
02-23 15:29:21.661 10068 10068 D GH.LifetimeManager: Stopping vty@2794820
02-23 15:29:21.661 10068 10068 D GH.LifetimeManager: Stopping lac@aa67b23
02-23 15:29:21.661 10068 10068 D GH.LifetimeManager: Stopping kzm@97a5c52
02-23 15:29:21.661 10068 10068 D GH.LifetimeManager: Stopping mxq@fbf58dd
02-23 15:29:21.661 10068 10068 D GH.LifetimeManager: Stopping lop@f728284
02-23 15:29:21.661 10068 10068 D GH.ActivityTracker: Logging stop for car region CarRegionId{regionId=2131428812 carDisplayId=CarDisplayId{displayId=0}} current app ProjectionApp(appKey=AppKey(componentName=ComponentInfo{com.google.android.apps.maps/com.google.android.apps.gmm.car.GmmCarProjectionService}, profileType=PERSONAL), appCategory=NAVIGATION, isParkedOnly=false, isImmersiveApp=false, isNativeApp=false)
02-23 15:29:21.662 10068 10068 D CAR.CLIENT: Multi-display client enabled. UnregisterCarActivityLifecycleEventListener
02-23 15:29:21.663 10068 10068 D GH.LifetimeManager: Stopping ity@9e90f16
02-23 15:29:21.663 10068 10068 D GH.LifetimeManager: Stopping lah@129cc31
02-23 15:29:21.663 10068 10068 D GH.GhNavFocusManager: Stopping NavigationFocusManager
02-23 15:29:21.663 10068 10068 I GH.GhNavFocusManager: setFocus previous=RELEASED current=RELEASED
02-23 15:29:21.663 10068 10068 D GH.LifetimeManager: Stopping mpw@fd430c1
02-23 15:29:21.663 10068 10068 D CAR.CLIENT: UnregisterCarActivityLifecycleEventProcessor
02-23 15:29:21.663 10068 10068 D GH.CallManager: removeCarCallListener(vuk@e8a4706)
02-23 15:29:21.663 10068 10068 D GH.CarClientManager: unregistered listener vuh@718d3f4
02-23 15:29:21.664 10068 10068 D GH.MicContentProv: stop
02-23 15:29:21.664 10068 10068 I GH.CarMicRecorder: Stop recording.
02-23 15:29:21.665 10068   442 D GH.CarMicRecorder: No clean up needed. Output stream was already closed.
02-23 15:29:21.667 10068 10068 D GH.LifetimeManager: Stopping lri@f8e2de1
02-23 15:29:21.668 10068 10068 D GH.LifetimeManager: Stopping vts@d141c56
02-23 15:29:21.668 10068 10068 I GH.SysChromeController: removeChrome
02-23 15:29:21.668 10068 10068 D GH.GhFacetBarCtrl: cleanUpAllFacetBars
02-23 15:29:21.669 10068 10068 D GH.AbsFragmentHost: finish(): mgo
02-23 15:29:21.669 10068 11068 D GH.GhNavDataManager: Navigation status changed from 0 to 2, will update the navigation summary
02-23 15:29:21.669 10068 11068 E GH.GhNavDataManager: Car client is not connected to car
02-23 15:29:21.671 10068 11068 E GH.GhNavDataManager: Car client is not connected to car
02-23 15:29:21.671  8265  8572 I GH.ConnLoggerV2: Session 5851743f-9a41-456a-989f-68cc53452524, event 871, detail OptionalInt.empty, WIRELESS_WIFI_PROJECTION_PROTOCOL_RFCOMM_INFO_RESPONSE_RECEIVED, at 20964308 
02-23 15:29:21.674 10068 10068 D GH.CallManager: removeCarCallListener(mxs@fa06120)
02-23 15:29:21.677 10068 10068 D GH.GhRailFrg: onDetach
02-23 15:29:21.677 10068 10068 D GH.GhRailFrg: Remove OnPreDrawListener
02-23 15:29:21.677  8265  8572 I GH.ConnLoggerV2: Session 5851743f-9a41-456a-989f-68cc53452524, event 872, detail OptionalInt.empty, WIRELESS_RFCOMM_INFO_RESPONSE_RECEIVED, at 20964310 
02-23 15:29:21.677 10068 10068 W CAR.WM  : removeView inflater not found! : mrj@4f39865
02-23 15:29:21.677 10068 10068 D GH.AbsFragmentHost: finish() completed: mgo
02-23 15:29:21.678 10068 10068 D GH.LifetimeManager: Stopping vng@98fc671
02-23 15:29:21.678 10068 10068 D GH.LifetimeManager: Stopping jvw@ba1958f
02-23 15:29:21.678 10068 10068 D GH.LifetimeManager: Stopping koy@899a69
02-23 15:29:21.678 10068 10068 D GH.LifetimeManager: Stopping liq@760f4f0
02-23 15:29:21.680 10068 10068 D GH.LifetimeManager: Stopping kpg@d6ef337
02-23 15:29:21.680 10068 10068 D GH.LifetimeManager: Stopping kpg@d6ef337
02-23 15:29:21.681 10068 10068 D GH.LifetimeManager: Stopping kid@2651484
02-23 15:29:21.681 10068 10068 D GH.LifetimeManager: Stopping kpg@d6ef337
02-23 15:29:21.681 10068 10068 D GH.LifetimeManager: Stopping mco@80d116
02-23 15:29:21.682 10068 10068 D GH.LifetimeManager: Stopping mhc@ffcbbcb
02-23 15:29:21.682 10068 10068 D GH.LifetimeManager: Stopping kpg@d6ef337
02-23 15:29:21.682 10068 10068 D GH.LifetimeManager: Stopping mdd@4bfa142
02-23 15:29:21.683 10068 10068 D GH.LifetimeManager: Stopping ndm@471e5f4
02-23 15:29:21.683 10068 10068 D GH.LifetimeManager: Stopping kax@e848906
02-23 15:29:21.683 10068 10068 D GH.LifetimeManager: Stopping kcj@b72c173
02-23 15:29:21.683 10068 10068 D GH.LifetimeManager: Stopping kqx@cb032
02-23 15:29:21.683 10068 10068 D GH.MediaSuggNotifier: Removing all observers.
02-23 15:29:21.684 10068 10068 D GH.LifetimeManager: Stopping lhu@2dfdde7
02-23 15:29:21.686 10068 10068 D GH.LifetimeManager: Stopping com.google.android.apps.auto.components.crossprofile.CrossProfileNotificationPromptManager@d6c3fa6
02-23 15:29:21.686 10068 10068 D GH.LifetimeManager: Stopping jfy@6a0c8f7
02-23 15:29:21.689  8265  8572 I GH.ConnLoggerV2: Session 5851743f-9a41-456a-989f-68cc53452524, event 873, detail OptionalInt.empty, PROJECTION_ENDED_WIFI, at 20964401 
02-23 15:29:21.690 10068 10068 D GH.LifetimeManager: Stopping kpg@ee0acf6
02-23 15:29:21.695 10068 10068 W GH.GHLifetimeManager: Radio set ComponentInfo{com.google.android.projection.gearhead/com.google.android.apps.auto.components.radio.RadioMediaBrowserService} to false
02-23 15:29:21.696 10068 10068 D GH.LifetimeManager: Unbinding lifetime service: [class com.google.android.projection.gearhead.service.GearheadService, class com.google.android.gearhead.appdecor.AppDecorService]
02-23 15:29:21.698 10068 10068 D GH.LifetimeManager: Stopping kpg@d6ef337
02-23 15:29:21.698 10068 10068 D GH.LifetimeManager: Stopping kpg@d6ef337
02-23 15:29:21.698 10068 10068 D GH.LifetimeManager: Stopping com.google.android.apps.auto.components.telecom.impl.DoNotDisturbCallManagerImpl@c44c393
02-23 15:29:21.698 10068 10068 I GH.DNDCallManager: stopped
02-23 15:29:21.698 10068 10068 D GH.LifetimeManager: Stopping mzk@e53efcd
02-23 15:29:21.698 10068 10068 D GH.CallManager: removeCarCallListener(mzi@25bc082)
02-23 15:29:21.698 10068 10068 D GH.LifetimeManager: Stopping kqn@849b607
02-23 15:29:21.698 10068 10068 D GH.LifetimeManager: Stopping kxk@a55540f
02-23 15:29:21.698 10068 10068 D GH.LifetimeManager: Stopping kvd@2c694e9
02-23 15:29:21.699 10068 10068 D GH.LifetimeManager: Stopping kws@97d6fb3
02-23 15:29:21.699 10068 10068 D GH.LifetimeManager: Stopping Messaging
02-23 15:29:21.699 10068 10068 D GH.LifetimeManager: Stopping kav@2d90922
02-23 15:29:21.699 10068 10068 D GH.LifetimeManager: Stopping jem@c9180b1
02-23 15:29:21.699 10068 10068 D GH.LifetimeManager: Stopping loe@a1ab43b
02-23 15:29:21.699 10068 10068 D GH.DisplayStateMonitor: Display state 2. Total duration: 20800870 ms
02-23 15:29:21.700 10068 10068 D GH.LifetimeManager: Stopping lol@2a5306c
02-23 15:29:21.700 10068 10068 D GH.LifetimeManager: Stopping com.google.android.apps.auto.components.telecom.impl.VoipUtilsImpl@cf680be
02-23 15:29:21.700 10068 10068 D GH.LifetimeManager: Stopping mze@f34db79
02-23 15:29:21.700 10068 10068 D GH.LifetimeManager: Stopping ncp@a3b5040
02-23 15:29:21.701 10068 10068 D GH.LifetimeManager: Stopping kyt@3395ad4
02-23 15:29:21.702 10068 10068 D GH.LifetimeManager: Stopping mismatched lifetime services
02-23 15:29:21.702 10068 10068 D GH.LifetimeManager: Stopping lbi@43d871a
02-23 15:29:21.702 10068 10068 D GH.NotificationProc: Stopping
02-23 15:29:21.702 10068 10068 D GH.NotificationProc: Unmuting notifications
02-23 15:29:21.707 10068 10068 D GH.SharedNotifications: Status: #removeClient, Clients: 2, Clients requiring NLS: 2, State: 3, NLS class: com.google.android.projection.gearhead/com.google.android.gearhead.notifications.SharedNotificationListenerManager$ListenerService, Stored NLS instance: 108442265, Event NLS instance: 0
02-23 15:29:21.707 10068 10068 D GH.SharedNotifications: Status: #maybeRequestUnbind, Clients: 1, Clients requiring NLS: 1, State: 3, NLS class: com.google.android.projection.gearhead/com.google.android.gearhead.notifications.SharedNotificationListenerManager$ListenerService, Stored NLS instance: 108442265, Event NLS instance: 0
02-23 15:29:21.708 10068 10068 D GH.NotifListnrStMonitor: Logging telemetry events: Total number of notifications posted 0
02-23 15:29:21.708 10068 10068 D GH.LifetimeManager: Stopping kzo@9e280a4
02-23 15:29:21.708 10068 10068 D GH.NavClientManager: disconnectFromCurrentNavProvider()
02-23 15:29:21.708 10068 10068 I GH.NavClientManager: setNavigationClient(null)
02-23 15:29:21.708 10068 10068 D GH.NavClientProxy: setClient null
02-23 15:29:21.710 10068 10068 D GH.NavProviderClientSrc: Unbinding from nav service: com.google.android.apps.gmm.car.androidauto.CarNavigationProviderService
02-23 15:29:21.710 10068 10068 I GH.NavProviderConn: cleanup()
02-23 15:29:21.716 10068 10068 D GH.StreamItemManager: cancelAll: 4
02-23 15:29:21.716 10068 10068 D GH.StreamItemManager: cancelAll: 23
02-23 15:29:21.716 10068 10068 D GH.LifetimeManager: Stopping pds@842bc0c
02-23 15:29:21.717 10068 10068 D GH.LifetimeManager: Stopping kvt@e16db3f
02-23 15:29:21.717 10068 10068 D GH.LifetimeManager: Stopping kuy@dc11c99
02-23 15:29:21.717 10068 10068 D GH.LifetimeManager: Stopping lby@28cf012
02-23 15:29:21.717 10068 10068 D GH.SharedNotifications: Status: #removeClient, Clients: 1, Clients requiring NLS: 1, State: 3, NLS class: com.google.android.projection.gearhead/com.google.android.gearhead.notifications.SharedNotificationListenerManager$ListenerService, Stored NLS instance: 108442265, Event NLS instance: 0
02-23 15:29:21.717 10068 10068 D GH.SharedNotifications: Status: #maybeRequestUnbind, Clients: 0, Clients requiring NLS: 0, State: 3, NLS class: com.google.android.projection.gearhead/com.google.android.gearhead.notifications.SharedNotificationListenerManager$ListenerService, Stored NLS instance: 108442265, Event NLS instance: 0
02-23 15:29:21.718 10068 10068 D GH.AndroidSystem: #requestUnbindNotificationListener
02-23 15:29:21.724 10068 10068 D GH.LifetimeManager: Stopping pcy@8e38261
02-23 15:29:21.724 10068 10068 D GH.DemandController: stop
02-23 15:29:21.724 10068 10068 D GH.DemandController: closeDemandSpace with cancel trigger INTERRUPTED, currentInternalState=CLOSED
02-23 15:29:21.724 10068 10068 W GH.DemandController: Ignoring closeDemandSpace since it is already closed or pending, internalState: CLOSED
02-23 15:29:21.725 10068 10068 D GH.DemandController: No state update. Still state CLOSED, open trigger UNKNOWN
02-23 15:29:21.725 10068 10068 D GH.CallManager: removeCarCallListener(pcu@cfb9274)
02-23 15:29:21.730 10068 10068 D GH.LifetimeManager: Stopping jza@8e1c049
02-23 15:29:21.730 10068 10068 I GH.Assistant.Controller: stop
02-23 15:29:21.731 10068 10068 D GH.Assistant.Suggestion: cancelAllNotifications(): notificationIdMap={}
02-23 15:29:21.732 10068 10068 I GH.AssistantUtils: AssistantSession:
02-23 15:29:21.732 10068 10068 I GH.AssistantUtils: Assistant Event: {
02-23 15:29:21.732 10068 10068 I GH.AssistantUtils: 	Event Type: LOGGING_SESSION_INFO
02-23 15:29:21.732 10068 10068 I GH.AssistantUtils: 	Voice Session Trigger: UNKNOWN_TRIGGER
02-23 15:29:21.732 10068 10068 I GH.AssistantUtils: 	Session Duration Millis: 0
02-23 15:29:21.732 10068 10068 I GH.AssistantUtils: 	Voice Session Type: UNKNOWN_TYPE
02-23 15:29:21.732 10068 10068 I GH.AssistantUtils: 	Api Version: -1
02-23 15:29:21.732 10068 10068 I GH.AssistantUtils: 	Session Events: {
02-23 15:29:21.732 10068 10068 I GH.AssistantUtils: 		Session Event: {
02-23 15:29:21.732 10068 10068 I GH.AssistantUtils: 			Time Since Assistant Session Start Millis: 0
02-23 15:29:21.732 10068 10068 I GH.AssistantUtils: 			Event: AUDIO_RECORDER_STOP_STARTED
02-23 15:29:21.732 10068 10068 I GH.AssistantUtils: 		}
02-23 15:29:21.732 10068 10068 I GH.AssistantUtils: 		Session Event: {
02-23 15:29:21.732 10068 10068 I GH.AssistantUtils: 			Time Since Assistant Session Start Millis: 0
02-23 15:29:21.732 10068 10068 I GH.AssistantUtils: 			Event: AUDIO_RECORDER_STOP_ALREADY_STOPPED
02-23 15:29:21.732 10068 10068 I GH.AssistantUtils: 		}
02-23 15:29:21.732 10068 10068 I GH.AssistantUtils: 	}
02-23 15:29:21.732 10068 10068 I GH.AssistantUtils: }
02-23 15:29:21.732 10068 10068 D GH.LifetimeManager: Stopping kiq@c99ac4d
02-23 15:29:21.732 10068 10068 D GH.LifetimeManager: Stopping kmm@33e177f
02-23 15:29:21.736  7555  7950 I CAR.TOKEN: Disconnecting ccnf@f136a9a (cx attempt: 1).
02-23 15:29:21.736  7555  7950 I GH.GhCarClientCtor: Disconnecting GearheadCarClientConnector.
02-23 15:29:21.736  7555  7950 I GH.GhCarClientCtor: Unbinding service connection.
02-23 15:29:21.741 10068 10068 D GH.MediaModel: stop()
02-23 15:29:21.742 10068 10068 D GH.CarClientManager: unregistered listener kml@5f0e838
02-23 15:29:21.742 10068 10068 D GH.LifetimeManager: Stopping klu@62f5969
02-23 15:29:21.742 10068 10068 D GH.LifetimeManager: Stopping koh@daa8033
02-23 15:29:21.742 10068 10068 D GH.CallManager: removeCarCallListener(mzq@89b4986)
02-23 15:29:21.743 10068 10068 D GH.LifetimeManager: Stopping mdw@b05bbb7
02-23 15:29:21.743 10068 10068 D GH.LifetimeManager: Stopping pfm@3d794fb
02-23 15:29:21.743 10068 10068 D GH.SimToNSAdapter: stopping
02-23 15:29:21.744 10068 10068 D GH.MediaModel: stop()
02-23 15:29:21.745 10068 10068 D GH.LifetimeManager: Stopping mpg@588f8f5
02-23 15:29:21.746 10068 10068 D GH.LifetimeManager: Stopping pew@98f39df
02-23 15:29:21.746 10068 10068 D GH.LifetimeManager: Stopping mys@20772a6
02-23 15:29:21.747 10068 10068 D GH.CarClientManager: unregistered listener myr@cedf894
02-23 15:29:21.747 10068 10068 E GH.LocalICSCallAdapter: getCalls - not actioning - bound: false, null: false
