02-23 01:50:44.184 12010 12010 D GH.CarClientManager: calling onCarDisconnected on iqx@c00f0de
02-23 01:50:44.184 12010 12010 D GH.CarClientManager: calling onCarDisconnected on iqx@37dbd1e
02-23 01:50:44.184 12010 12010 D GH.CarClientManager: calling onCarDisconnected on iqx@3921311
02-23 01:50:44.184 12010 12010 D GH.CarClientManager: calling onCarDisconnected on iqx@2ea264e
02-23 01:50:44.184 12010 12010 D GH.CarClientManager: calling onCarDisconnected on iqx@cbd27c0
02-23 01:50:44.184 12010 12010 D GH.CarClientManager: calling onCarDisconnected on iqx@62b48a8
02-23 01:50:44.184 12010 12010 D GH.CarClientManager: calling onCarDisconnected on iqx@d4734a7
02-23 01:50:44.184 12010 12010 D GH.CarClientManager: calling onCarDisconnected on iqx@96e5723
02-23 01:50:44.184 12010 12010 D GH.CarClientManager: calling onCarDisconnected on iqx@79f5a49
02-23 01:50:44.184 12010 12010 D GH.CarClientManager: calling onCarDisconnected on iqx@6126100
02-23 01:50:44.184 12010 12010 D GH.CarClientManager: calling onCarDisconnected on iqx@8391a51
02-23 01:50:44.184 12010 12010 D GH.CarClientManager: calling onCarDisconnected on khn@752a6c8
02-23 01:50:44.184 12010 12010 I GH.LifetimeManager: Disconnected from Android Auto car
02-23 01:50:44.185 12010 12010 D GH.GHLifetimeManager: onCarConnectedUpdate, isPhysicalCarConnected: false, isPhysicalCarConnectedStateChanged: true
02-23 01:50:44.185 12010 12010 I GH.LifetimeManager: stop(transitionToProjected=false, disconnectFromCarService=true)
02-23 01:50:44.187 12010 12010 D GH.Assistant.Suggestion: cancelAllNotifications(): notificationIdMap={}
02-23 01:50:44.202 19618  9398 W CAR.CAM : Ignoring unexpected message continuation in GmmCarProjectionService: head null; got FINISH null
02-23 01:50:44.286 12010 12010 D GH.LifetimeManager: Stopping lifetime services
02-23 01:50:44.286 12010 12010 D GH.LifetimeManager: Stopping lzv@3c10188
02-23 01:50:44.286 12010 12010 D GH.LifetimeManager: Stopping mnd@f1d079c
02-23 01:50:44.286 12010 12010 D GH.LifetimeManager: Stopping mdi@6bc3c04
02-23 01:50:44.286 12010 12010 D GH.LifetimeManager: Stopping mlz@82c9dca
02-23 01:50:44.287 12010 12010 D GH.LifetimeManager: Stopping lns@b11eb6c
02-23 01:50:44.287 12010 12010 D GH.LifetimeManager: Stopping lcv@12966c3
02-23 01:50:44.287 12010 12010 D GH.LifetimeManager: Stopping mty@f5d337d
02-23 01:50:44.287 12010 12010 D GH.LifetimeManager: Stopping com.google.android.apps.auto.components.firstdrive.HelloFromAutoManager@5e5ff27
02-23 01:50:44.287 12010 12010 W GH.StreamItemManager: Listener was not registered: kyl@33e0135
02-23 01:50:44.287 12010 12010 I GH.Hello: Stopped.
02-23 01:50:44.287 12010 12010 D GH.LifetimeManager: Stopping lce@ececf28
02-23 01:50:44.287 12010 12010 D GH.LifetimeManager: Stopping ndh@1f74e10
02-23 01:50:44.287 12010 12010 D GH.ThermalMitigation: Unregistering thermal status listener
02-23 01:50:44.287 12010 12010 D GH.LifetimeManager: Stopping mrf@14222d3
02-23 01:50:44.288 12010 12010 D GH.HunPresenterBase: update viewTearingDown=false view=null model=HeadsUpViewModel[notificationKey=EMPTY_MODEL isUserDismissible=falselargeIcon=null smallIcon=null contentIcon=null titleText= descText= contentIntent=null action1=null action2=null action3=null dismissAction=mqm@c0abe6b templateType=SIMPLE backgroundColor=null themeId=2132149933 TC=TC[context=UNKNOWN_CONTEXT, pkg=null] isWorkData=false itemCount=0focusTarget=NONE]
02-23 01:50:44.288 12010 12010 D GH.HunPresenter: recycleHost, nothing currently showing
02-23 01:50:44.288 12010 12010 D GH.LifetimeManager: Stopping nix@5901a37
02-23 01:50:44.288 12010 12010 D GH.LifetimeManager: Stopping mdj@e09fe5e
02-23 01:50:44.288 12010 12010 D GH.UserInterruptMgr: stop
02-23 01:50:44.288 12010 12010 D GH.LifetimeManager: Stopping vty@8d74b99
02-23 01:50:44.288 12010 12010 D GH.LifetimeManager: Stopping lac@b5eece0
02-23 01:50:44.288 12010 12010 D GH.LifetimeManager: Stopping kzm@a3cbae3
02-23 01:50:44.288 12010 12010 D GH.LifetimeManager: Stopping mxq@e06c312
02-23 01:50:44.288 12010 12010 D GH.LifetimeManager: Stopping lop@f4ad42d
02-23 01:50:44.288 12010 12010 D GH.ActivityTracker: Logging stop for car region CarRegionId{regionId=2131428812 carDisplayId=CarDisplayId{displayId=0}} current app ProjectionApp(appKey=AppKey(componentName=ComponentInfo{com.google.android.apps.maps/com.google.android.apps.gmm.car.GmmCarProjectionService}, profileType=PERSONAL), appCategory=NAVIGATION, isParkedOnly=false, isImmersiveApp=false, isNativeApp=false)
02-23 01:50:44.289 12010 12010 D GH.PrxyActStartLstnr: Unregistering local CarActivityStartListener lop@f4ad42d
02-23 01:50:44.289 12010 12010 D CAR.CLIENT: Multi-display client enabled. UnregisterCarActivityLifecycleEventListener
02-23 01:50:44.289 12010 12010 D GH.PrxyActLfecycleLstnr: Unregistering local CarActivityLifecycleEventListener rfz@30e6d74
02-23 01:50:44.289 12010 12010 D GH.LifetimeManager: Stopping ity@f19a457
02-23 01:50:44.289 12010 12010 D GH.LifetimeManager: Stopping lah@5059d6
02-23 01:50:44.289 12010 12010 D GH.GhNavFocusManager: Stopping NavigationFocusManager
02-23 01:50:44.289 12010 12010 I GH.GhNavFocusManager: setFocus previous=RELEASED current=RELEASED
02-23 01:50:44.289 12010 12010 D GH.LifetimeManager: Stopping mpw@b84db26
02-23 01:50:44.289 12010 12010 D CAR.CLIENT: UnregisterCarActivityLifecycleEventProcessor
02-23 01:50:44.289 12010 12010 D GH.PrxyActStartHndlr: Unregistering local CarActivityStartListener loq@1018746
02-23 01:50:44.290 12010 12010 D GH.CallManager: removeCarCallListener(vuk@a74dffa)
02-23 01:50:44.290 12010 12010 D GH.CarClientManager: unregistered listener vuh@cbc5808
02-23 01:50:44.290 12010 12010 D GH.MicContentProv: stop
02-23 01:50:44.290 12010 12010 I GH.CarMicRecorder: Stop recording.
02-23 01:50:44.290 12010 30205 D GH.CarMicRecorder: No clean up needed. Output stream was already closed.
02-23 01:50:44.290 12010 12010 D GH.LifetimeManager: Stopping lri@dd88225
02-23 01:50:44.290 12010 12010 D GH.LifetimeManager: Stopping vts@83e6bbb
02-23 01:50:44.290 12010 12010 I GH.SysChromeController: removeChrome
02-23 01:50:44.291 12010 12010 D GH.GhFacetBarCtrl: cleanUpAllFacetBars
02-23 01:50:44.291 12010 12010 D GH.AbsFragmentHost: finish(): mgo
02-23 01:50:44.293 12010 12010 D GH.CallManager: removeCarCallListener(mxs@452ceae)
02-23 01:50:44.293 12010 12010 D GH.NDirector: setMediaHunListener l=null
02-23 01:50:44.299 12010 12010 D GH.GhRailFrg: onDetach
02-23 01:50:44.299 12010 12010 D GH.GhRailFrg: Remove OnPreDrawListener
02-23 01:50:44.300 12010 12010 D CAR.CLIENT.WM.WIN: GhFacetBar removeWindow
02-23 01:50:44.300 12010 12010 D CAR.CLIENT.WM.WIN: teardown(): GhFacetBar
02-23 01:50:44.308 12010 12010 D GH.AbsFragmentHost: finish() completed: mgo
02-23 01:50:44.310 12010 12010 D GH.LifetimeManager: Stopping vng@e1fd04a
02-23 01:50:44.312 12010 12010 D GH.LifetimeManager: Stopping jvw@9a931be
02-23 01:50:44.312 12010 12010 D GH.LifetimeManager: Stopping koy@ab85940
02-23 01:50:44.312 12010 12010 D GH.LifetimeManager: Stopping liq@609cc3
02-23 01:50:44.313 12010 12010 D GH.LifetimeManager: Stopping kpg@64eb15
02-23 01:50:44.313 12010 12010 D GH.LifetimeManager: Stopping kpg@64eb15
02-23 01:50:44.313 12010 12010 D GH.LifetimeManager: Stopping kid@4f5d527
02-23 01:50:44.313 12010 12010 D GH.LifetimeManager: Stopping kpg@64eb15
02-23 01:50:44.313 12010 12010 D GH.LifetimeManager: Stopping mco@616fa41
02-23 01:50:44.313 12010 12010 D GH.LifetimeManager: Stopping mhc@4bf8f4b
02-23 01:50:44.314 12010 12010 D GH.LifetimeManager: Stopping kpg@64eb15
02-23 01:50:44.314 12010 12010 D GH.LifetimeManager: Stopping mdd@40ce2c2
02-23 01:50:44.314 12010 12010 D GH.LifetimeManager: Stopping ndm@c198b74
02-23 01:50:44.314 12010 12010 D GH.LifetimeManager: Stopping kax@f35286
02-23 01:50:44.314 12010 12010 D GH.LifetimeManager: Stopping kcj@574e4f3
02-23 01:50:44.314 12010 12010 D GH.LifetimeManager: Stopping kqx@177107c
02-23 01:50:44.314 12010 12010 D GH.MediaSuggNotifier: Removing all observers.
02-23 01:50:44.314 12010 12010 D GH.LifetimeManager: Stopping lhu@1305549
02-23 01:50:44.316 12010 12010 D GH.LifetimeManager: Stopping com.google.android.apps.auto.components.crossprofile.CrossProfileNotificationPromptManager@2944f50
02-23 01:50:44.316 12010 12010 D GH.LifetimeManager: Stopping jfy@6fcb19e
02-23 01:50:44.317 12010 12010 D GH.LifetimeManager: Stopping kpg@463c3d9
02-23 01:50:44.317 12010 12010 W GH.GHLifetimeManager: Radio set ComponentInfo{com.google.android.projection.gearhead/com.google.android.apps.auto.components.radio.RadioMediaBrowserService} to false
02-23 01:50:44.318 12010 12010 D GH.LifetimeManager: Unbinding lifetime service: [class com.google.android.projection.gearhead.service.GearheadService, class com.google.android.gearhead.appdecor.AppDecorService]
02-23 01:50:44.320 12010 12010 D GH.LifetimeManager: Stopping kpg@64eb15
02-23 01:50:44.320 12010 12010 D GH.LifetimeManager: Stopping kpg@64eb15
02-23 01:50:44.320 12010 12010 D GH.LifetimeManager: Stopping com.google.android.apps.auto.components.telecom.impl.DoNotDisturbCallManagerImpl@a024951
02-23 01:50:44.320 12010 12010 I GH.DNDCallManager: stopped
02-23 01:50:44.320 12010 12010 D GH.LifetimeManager: Stopping mzk@6f9e3db
02-23 01:50:44.320 12010 12010 D GH.CallManager: removeCarCallListener(mzi@234ee78)
02-23 01:50:44.320 12010 12010 D GH.LifetimeManager: Stopping kqn@2d16865
02-23 01:50:44.320 12010 12010 D GH.LifetimeManager: Stopping kxk@559d0ad
02-23 01:50:44.320 12010 12010 D GH.LifetimeManager: Stopping kvd@c42cd7
02-23 01:50:44.320 12010 12010 D GH.LifetimeManager: Stopping kws@f48be71
02-23 01:50:44.320 12010 12010 D GH.LifetimeManager: Stopping Messaging
02-23 01:50:44.320 12010 12010 D GH.LifetimeManager: Stopping kav@8a58418
02-23 01:50:44.320 12010 12010 D GH.LifetimeManager: Stopping jem@a4100df
02-23 01:50:44.320 12010 12010 D GH.LifetimeManager: Stopping loe@4e12139
02-23 01:50:44.320 12010 12010 D GH.DisplayStateMonitor: Display state 1. Total duration: 496553 ms
02-23 01:50:44.321 12010 12010 D GH.DisplayStateMonitor: Display state 2. Total duration: 21117444 ms
02-23 01:50:44.321 12010 12010 D GH.DisplayStateMonitor: Display state 3. Total duration: 1082268 ms
02-23 01:50:44.321 12010 12010 D GH.DisplayStateMonitor: Display state 4. Total duration: 19915551 ms
02-23 01:50:44.321 12010 12010 D GH.LifetimeManager: Stopping lol@c666632
02-23 01:50:44.321 12010 12010 D GH.LifetimeManager: Stopping com.google.android.apps.auto.components.telecom.impl.VoipUtilsImpl@d915394
02-23 01:50:44.321 12010 12010 D GH.LifetimeManager: Stopping mze@c7a7be7
02-23 01:50:44.321 12010 12010 D GH.LifetimeManager: Stopping ncp@47695a6
02-23 01:50:44.321 12010 12010 D GH.LifetimeManager: Stopping kyt@20ef5da
02-23 01:50:44.322 12010 12010 D GH.LifetimeManager: Stopping mismatched lifetime services
02-23 01:50:44.322 12010 12010 D GH.LifetimeManager: Stopping lbi@679fb93
02-23 01:50:44.322 12010 12010 D GH.NotificationProc: Stopping
02-23 01:50:44.322 12010 12010 D GH.NotificationProc: Unmuting notifications
02-23 01:50:44.324 12010 12010 D GH.SharedNotifications: Status: #removeClient, Clients: 2, Clients requiring NLS: 2, State: 3, NLS class: com.google.android.projection.gearhead/com.google.android.gearhead.notifications.SharedNotificationListenerManager$ListenerService, Stored NLS instance: 117853870, Event NLS instance: 0
02-23 01:50:44.324 12010 12010 D GH.SharedNotifications: Status: #maybeRequestUnbind, Clients: 1, Clients requiring NLS: 1, State: 3, NLS class: com.google.android.projection.gearhead/com.google.android.gearhead.notifications.SharedNotificationListenerManager$ListenerService, Stored NLS instance: 117853870, Event NLS instance: 0
02-23 01:50:44.325 12010 12010 D GH.NotifListnrStMonitor: Logging telemetry events: Total number of notifications posted 32
02-23 01:50:44.325 12010 12010 D GH.LifetimeManager: Stopping kzo@1d6ae2a
02-23 01:50:44.325 12010 12010 D GH.NavClientManager: disconnectFromCurrentNavProvider()
02-23 01:50:44.325 12010 12010 I GH.NavClientManager: setNavigationClient(null)
02-23 01:50:44.325 12010 12010 D GH.NavClientProxy: setClient null
02-23 01:50:44.328 12010 12010 D GH.NavProviderClientSrc: Unbinding from nav service: com.google.android.apps.gmm.car.androidauto.CarNavigationProviderService
02-23 01:50:44.328 12010 12010 I GH.NavProviderConn: cleanup()
02-23 01:50:44.328 12010 12010 D GH.GhNavDataManager: Navigation status changed from 0 to 2, will update the navigation summary
02-23 01:50:44.329 12010 12010 E GH.GhNavDataManager: Error while getting CarNavigationStatusManager
02-23 01:50:44.329 12010 12010 E GH.GhNavDataManager: qfa: java.lang.IllegalStateException: OutOfCarLifecycle
02-23 01:50:44.329 12010 12010 E GH.GhNavDataManager: 	at qic.c(SourceFile:123)
02-23 01:50:44.329 12010 12010 E GH.GhNavDataManager: 	at qip.a(SourceFile:27)
02-23 01:50:44.329 12010 12010 E GH.GhNavDataManager: 	at pyb.A(SourceFile:10)
02-23 01:50:44.329 12010 12010 E GH.GhNavDataManager: 	at lac.t(SourceFile:23)
02-23 01:50:44.329 12010 12010 E GH.GhNavDataManager: 	at lac.h(SourceFile:102)
02-23 01:50:44.329 12010 12010 E GH.GhNavDataManager: 	at lae.b(SourceFile:8)
02-23 01:50:44.329 12010 12010 E GH.GhNavDataManager: 	at kzt.b(SourceFile:9)
02-23 01:50:44.329 12010 12010 E GH.GhNavDataManager: 	at kzv.g(SourceFile:22)
02-23 01:50:44.329 12010 12010 E GH.GhNavDataManager: 	at kzv.e(SourceFile:3)
02-23 01:50:44.329 12010 12010 E GH.GhNavDataManager: 	at kzy.a(SourceFile:22)
02-23 01:50:44.329 12010 12010 E GH.GhNavDataManager: 	at kzw.c(SourceFile:20)
02-23 01:50:44.329 12010 12010 E GH.GhNavDataManager: 	at kzo.m(SourceFile:44)
02-23 01:50:44.329 12010 12010 E GH.GhNavDataManager: 	at kzo.dx(SourceFile:20)
02-23 01:50:44.329 12010 12010 E GH.GhNavDataManager: 	at khr.p(SourceFile:10)
02-23 01:50:44.329 12010 12010 E GH.GhNavDataManager: 	at khr.v(SourceFile:183)
02-23 01:50:44.329 12010 12010 E GH.GhNavDataManager: 	at vmq.d(SourceFile:518)
02-23 01:50:44.329 12010 12010 E GH.GhNavDataManager: 	at khr.l(SourceFile:19)
02-23 01:50:44.329 12010 12010 E GH.GhNavDataManager: 	at khn.b(SourceFile:21)
02-23 01:50:44.329 12010 12010 E GH.GhNavDataManager: 	at jhk.i(SourceFile:120)
02-23 01:50:44.329 12010 12010 E GH.GhNavDataManager: 	at jhr.l(SourceFile:44)
02-23 01:50:44.329 12010 12010 E GH.GhNavDataManager: 	at com.google.android.projection.gearhead.system.GhLifecycleService.h(SourceFile:21)
02-23 01:50:44.329 12010 12010 E GH.GhNavDataManager: 	at pwb.b(SourceFile:57)
02-23 01:50:44.329 12010 12010 E GH.GhNavDataManager: 	at pwa.handleMessage(SourceFile:69)
02-23 01:50:44.329 12010 12010 E GH.GhNavDataManager: 	at android.os.Handler.dispatchMessage(Handler.java:110)
02-23 01:50:44.329 12010 12010 E GH.GhNavDataManager: 	at android.os.Looper.loopOnce(Looper.java:273)
02-23 01:50:44.329 12010 12010 E GH.GhNavDataManager: 	at android.os.Looper.loop(Looper.java:363)
02-23 01:50:44.329 12010 12010 E GH.GhNavDataManager: 	at android.app.ActivityThread.main(ActivityThread.java:10060)
02-23 01:50:44.329 12010 12010 E GH.GhNavDataManager: 	at java.lang.reflect.Method.invoke(Native Method)
02-23 01:50:44.329 12010 12010 E GH.GhNavDataManager: 	at com.android.internal.os.RuntimeInit$MethodAndArgsCaller.run(RuntimeInit.java:632)
02-23 01:50:44.329 12010 12010 E GH.GhNavDataManager: 	at com.android.internal.os.ZygoteInit.main(ZygoteInit.java:975)
02-23 01:50:44.329 12010 12010 E GH.GhNavDataManager: Caused by: java.lang.IllegalStateException: OutOfCarLifecycle
02-23 01:50:44.329 12010 12010 E GH.GhNavDataManager: 	at android.os.Parcel.createExceptionOrNull(Parcel.java:3362)
02-23 01:50:44.329 12010 12010 E GH.GhNavDataManager: 	at android.os.Parcel.createException(Parcel.java:3338)
02-23 01:50:44.329 12010 12010 E GH.GhNavDataManager: 	at android.os.Parcel.readException(Parcel.java:3321)
02-23 01:50:44.329 12010 12010 E GH.GhNavDataManager: 	at android.os.Parcel.readException(Parcel.java:3263)
02-23 01:50:44.329 12010 12010 E GH.GhNavDataManager: 	at hkh.dZ(SourceFile:11)
02-23 01:50:44.329 12010 12010 E GH.GhNavDataManager: 	at pps.C(SourceFile:7)
02-23 01:50:44.329 12010 12010 E GH.GhNavDataManager: 	at pxm.a(SourceFile:290)
02-23 01:50:44.329 12010 12010 E GH.GhNavDataManager: 	at qdm.a(SourceFile:14)
02-23 01:50:44.329 12010 12010 E GH.GhNavDataManager: 	at pxh.call(SourceFile:240)
02-23 01:50:44.329 12010 12010 E GH.GhNavDataManager: 	at qip.a(SourceFile:1)
02-23 01:50:44.329 12010 12010 E GH.GhNavDataManager: 	... 28 more
02-23 01:50:44.332 12010 12010 D GH.StreamItemManager: cancelAll: 4
02-23 01:50:44.332 12010 12010 D GH.StreamItemManager: cancelAll: 23
02-23 01:50:44.332 12010 12010 D GH.LifetimeManager: Stopping pds@52b16d2
02-23 01:50:44.333 12010 12010 D GH.LifetimeManager: Stopping kvt@e2c6d5d
02-23 01:50:44.333 12010 12010 D GH.LifetimeManager: Stopping kuy@abd6e07
02-23 01:50:44.333 12010 12010 D GH.LifetimeManager: Stopping lby@6c1f021
02-23 01:50:44.333 12010 12010 D GH.SharedNotifications: Status: #removeClient, Clients: 1, Clients requiring NLS: 1, State: 3, NLS class: com.google.android.projection.gearhead/com.google.android.gearhead.notifications.SharedNotificationListenerManager$ListenerService, Stored NLS instance: 117853870, Event NLS instance: 0
02-23 01:50:44.333 12010 12010 D GH.SharedNotifications: Status: #maybeRequestUnbind, Clients: 0, Clients requiring NLS: 0, State: 3, NLS class: com.google.android.projection.gearhead/com.google.android.gearhead.notifications.SharedNotificationListenerManager$ListenerService, Stored NLS instance: 117853870, Event NLS instance: 0
02-23 01:50:44.333 12010 12010 D GH.AndroidSystem: #requestUnbindNotificationListener
02-23 01:50:44.335 12010 12010 D GH.NavClientProxy: getClient() called with no active provider. Returning empty client [CONTEXT ratelimit_period="1 MINUTES" skipped=78 ]
02-23 01:50:44.335 12010 12010 D GH.LifetimeManager: Stopping pcy@6ede49c
02-23 01:50:44.335 12010 12010 D GH.DemandController: stop
02-23 01:50:44.335 12010 12010 D GH.DemandController: closeDemandSpace with cancel trigger INTERRUPTED, currentInternalState=CLOSED
02-23 01:50:44.335 12010 12010 W GH.DemandController: Ignoring closeDemandSpace since it is already closed or pending, internalState: CLOSED
02-23 01:50:44.335 12010 12010 D GH.DemandController: No state update. Still state CLOSED, open trigger UNKNOWN
02-23 01:50:44.335 12010 12010 D GH.CallManager: removeCarCallListener(pcu@1455a2b)
02-23 01:50:44.336 12010 12010 D GH.LifetimeManager: Stopping jza@6a364f8
02-23 01:50:44.336 12010 12010 I GH.Assistant.Controller: stop
02-23 01:50:44.336 12010 12010 D GH.Assistant.Suggestion: cancelAllNotifications(): notificationIdMap={}
02-23 01:50:44.337 12010 12010 I GH.AssistantUtils: AssistantSession:
02-23 01:50:44.337 12010 12010 I GH.AssistantUtils: Assistant Event: {
02-23 01:50:44.337 12010 12010 I GH.AssistantUtils: 	Event Type: LOGGING_SESSION_INFO
02-23 01:50:44.337 12010 12010 I GH.AssistantUtils: 	Voice Session Trigger: UNKNOWN_TRIGGER
02-23 01:50:44.337 12010 12010 I GH.AssistantUtils: 	Session Duration Millis: 0
02-23 01:50:44.337 12010 12010 I GH.AssistantUtils: 	Voice Session Type: UNKNOWN_TYPE
02-23 01:50:44.337 12010 12010 I GH.AssistantUtils: 	Api Version: -1
02-23 01:50:44.337 12010 12010 I GH.AssistantUtils: 	Session Events: {
02-23 01:50:44.337 12010 12010 I GH.AssistantUtils: 		Session Event: {
02-23 01:50:44.337 12010 12010 I GH.AssistantUtils: 			Time Since Assistant Session Start Millis: 0
02-23 01:50:44.337 12010 12010 I GH.AssistantUtils: 			Event: AUDIO_RECORDER_STOP_STARTED
02-23 01:50:44.337 12010 12010 I GH.AssistantUtils: 		}
02-23 01:50:44.337 12010 12010 I GH.AssistantUtils: 		Session Event: {
02-23 01:50:44.337 12010 12010 I GH.AssistantUtils: 			Time Since Assistant Session Start Millis: 0
02-23 01:50:44.337 12010 12010 I GH.AssistantUtils: 			Event: AUDIO_RECORDER_STOP_ALREADY_STOPPED
02-23 01:50:44.337 12010 12010 I GH.AssistantUtils: 		}
02-23 01:50:44.337 12010 12010 I GH.AssistantUtils: 	}
02-23 01:50:44.337 12010 12010 I GH.AssistantUtils: }
02-23 01:50:44.337 12010 12010 D GH.LifetimeManager: Stopping kiq@bd3140c
02-23 01:50:44.337 19618 17530 W CAR.GAL.SENSOR.LITE: sendSensorRequest on quitting channel [CONTEXT ratelimit_period="1 MINUTES" skipped=4 ]
02-23 01:50:44.337 19618 17530 W CAR.SENSOR: requestSensorStart failed
02-23 01:50:44.338 12010 12010 D GH.LifetimeManager: Stopping kmm@ed5d986
02-23 01:50:44.338 11773 11806 I CAR.TOKEN: Disconnecting ccnf@58bdd96 (cx attempt: 1).
02-23 01:50:44.338 11773 11806 D CAR.CLIENT: Unregistering CarConnectionListener chii@c767fc9 with multiplex listener ccnp@a604fe6
02-23 01:50:44.338 11773 11806 D GH.MultiCarCxnListener: Unregistering listener. instance: ccnp@a604fe6, listener: chii@c767fc9
02-23 01:50:44.338 11773 11806 I GH.GhCarClientCtor: Disconnecting GearheadCarClientConnector.
02-23 01:50:44.338 11773 11806 I GH.GhCarClientCtor: Unbinding service connection.
02-23 01:50:44.340 11773 11806 I CAR.TOKEN: Disconnected ccqi@e527e96 using class ccpw@41039108/class ccqf@34946327 (cx attempt 1)
02-23 01:50:44.342 12010 12010 D GH.MediaModel: stop()
02-23 01:50:44.342 12010 12010 D GH.CarClientManager: unregistered listener kml@b131be3
02-23 01:50:44.342 12010 12010 D GH.LifetimeManager: Stopping klu@6503c0a
02-23 01:50:44.342 12010 12010 D GH.LifetimeManager: Stopping koh@55e4fac
02-23 01:50:44.344 12010 12010 D GH.CallManager: removeCarCallListener(mzq@f1d0d55)
02-23 01:50:44.344 12010 12010 D GH.LifetimeManager: Stopping mdw@680cf7f
02-23 01:50:44.344 12010 12010 D GH.LifetimeManager: Stopping pfm@6db952
02-23 01:50:44.344 12010 12010 D GH.SimToNSAdapter: stopping
02-23 01:50:44.345 12010 12010 D GH.MediaModel: stop()
02-23 01:50:44.346 12010 12010 D GH.LifetimeManager: Stopping mpg@92209dd
02-23 01:50:44.348 12010 12010 D GH.LifetimeManager: Stopping pew@ca869b4
02-23 01:50:44.348 12010 12010 D GH.LifetimeManager: Stopping mys@19a9b25
02-23 01:50:44.348 12010 12010 D GH.CarClientManager: unregistered listener myr@503faab
02-23 01:50:44.348 12010 12010 I GH.CallManager: getCalls: [] [CONTEXT ratelimit_period="1 MINUTES" skipped=1 ]
02-23 01:50:44.349 12010 12010 D GH.LifetimeManager: Stopping kgp@97b20aa
02-23 01:50:44.349 12010 12010 D GH.LifetimeManager: Stopping pce@e9ed31c
02-23 01:50:44.351 12010 12010 D GH.LifetimeManager: Stopping mnh@7e19795
02-23 01:50:44.351 12010 12010 D GH.LifetimeManager: Stopping vtt@34917d0
02-23 01:50:44.351 12010 12010 D GH.CarClientManager: unregistered listener vtv@7bebdef
02-23 01:50:44.351 12010 12010 D GH.PassengerModeUiContr: cancelling notification
02-23 01:50:44.352 12010 12010 D GH.LifetimeManager: Stopping lrd@427a48f
02-23 01:50:44.352 12010 12010 D GH.LifetimeManager: Stopping pcm@495f09
02-23 01:50:44.355 12010 12010 D GH.LifetimeManager: Stopping lro@ce0df0d
02-23 01:50:44.355 12010 12010 D CAR.CLIENT: Multi-region client enabled. UnregisterCarDisplayLayoutUpdateCompleteListener
02-23 01:50:44.355 12010 12010 D GH.LifetimeManager: Stopping pet@e1d3c37
02-23 01:50:44.356 21855 21896 I GH.ConnLoggerV2: Session 7bdbf25b-9c23-458c-9bb7-27434b9831e6, event 1086, detail OptionalInt.empty, PROJECTION_MODE_ENDED, at 383333420 
02-23 01:50:44.356 12010 12010 D GH.SharedServiceConnect: unbind() [bound:true]
02-23 01:50:44.357 12010 12010 D GH.LifetimeManager: Stopped mismatched lifetime services
02-23 01:50:44.357 12010 12010 D GH.LifetimeManager: Stopping lhm@6ad81a1
02-23 01:50:44.357 12010 12010 D GH.LifetimeManager: Stopping jdq@72e6dfa
02-23 01:50:44.357 12010 12010 D GH.LifetimeManager: Stopping nae@82c30ee
02-23 01:50:44.357 12010 12010 D GH.LifetimeManager: Stopping lcq@23f9516
02-23 01:50:44.357 12010 12010 D GH.LifetimeManager: Stopping kwa@324c6d8
02-23 01:50:44.357 12010 12010 D GH.AMLoader: Revoked AGSA permissions to 0 uris.
02-23 01:50:44.357 12010 12010 D GH.LifetimeManager: Stopping TemplateCallingAppProvider
02-23 01:50:44.357 12010 12010 D GH.LifetimeManager: Stopping mql@6d447b5
02-23 01:50:44.357 12010 12010 D GH.LifetimeManager: Stopping kwk@bac54f9
02-23 01:50:44.357 12010 12010 D GH.LifetimeManager: Stopping lcf@f66bfc0
02-23 01:50:44.358 12010 12010 D GH.LifetimeManager: Stopping kra@5f0a953
02-23 01:50:44.358 12010 12010 D GH.LifetimeManager: Stopping kqc@85dd619
02-23 01:50:44.358 12010 12010 D GH.LifetimeManager: Stopping kro@d4fc00b
02-23 01:50:44.359 12010 12010 D GH.LifetimeManager: Stopping kqg@f3a00e6
02-23 01:50:44.359 12010 12010 D GH.LifetimeManager: Stopping kpg@64eb15
02-23 01:50:44.359 12010 12010 D GH.LifetimeManager: Stopping kpg@64eb15
02-23 01:50:44.359 12010 12010 D GH.LifetimeManager: Stopping kri@90c0874
02-23 01:50:44.359 12010 12010 D GH.LifetimeManager: Stopping kqa@5f28f5f
02-23 01:50:44.360 12010 12010 D GH.MediaAutoplayManager: Key (was_last_drive_short_and_eligible) committed to: false
02-23 01:50:44.361 12010 12010 D GH.LifetimeManager: Stopping mmo@8e56fc6
02-23 01:50:44.361 12010 12010 D GH.ImmersiveToolbar: Finishing top toolbar
02-23 01:50:44.361 12010 12010 D GH.ImmersiveToolbar: Finishing bottom scrim
02-23 01:50:44.361 12010 12010 D GH.LifetimeManager: Lifetime services stopped
02-23 01:50:44.364 12010 12010 D GH.SYS.GhSystem: stop
02-23 01:50:44.365 12010 12010 D GH.CarClientManager: stop
02-23 01:50:44.365 12010 12010 I GH.CarClientManager: Disconnecting CarClientToken and resetting state
02-23 01:50:44.366 12010 12010 I CAR.TOKEN: Disconnecting pof@7a6ce86 (cx attempt: 68).
02-23 01:50:44.366 12010 12010 D CAR.CLIENT: Unregistering CarConnectionListener jhf@99c310c with multiplex listener pyn@f8062c4
02-23 01:50:44.366 12010 12010 D GH.MultiCarCxnListener: Unregistering listener. instance: pyn@f8062c4, listener: jhf@99c310c
02-23 01:50:44.366 12010 12010 I GH.GhCarClientCtor: Disconnecting GearheadCarClientConnector.
02-23 01:50:44.366 12010 12010 I GH.GhCarClientCtor: Unbinding service connection.
02-23 01:50:44.367 21855 23394 I GH.RatingPromptManager: User is not eligible to see the rating prompt.
02-23 01:50:44.367 12010 12010 I CAR.TOKEN: Disconnected pyk@840e2e6 using class pye@205728394/class pyh@79568117 (cx attempt 68)
02-23 01:50:44.367 12010 12010 W GH.CarClientManager: Illegal state transition from CLIENT_CONNECTED_AND_CAR_DISCONNECTED to UNINITIALIZED! Allowing anyway.
02-23 01:50:44.367 12010 12010 I GH.CarClientManager: Transition from CLIENT_CONNECTED_AND_CAR_DISCONNECTED to UNINITIALIZED.
02-23 01:50:44.367 12010 12010 D GH.CarClientManager: unregistered listener khn@752a6c8
02-23 01:50:44.367 12010 12010 D GH.CarClientManager: calling onCarDisconnected on myr@503faab
02-23 01:50:44.367 12010 12010 D GH.CarClientManager: calling onCarDisconnected on kml@b131be3
02-23 01:50:44.367 12010 12010 D GH.CarClientManager: calling onCarDisconnected on vtv@7bebdef
02-23 01:50:44.367 12010 12010 D GH.PassengerModeUiContr: Car disconnected
02-23 01:50:44.367 12010 12010 D GH.CarClientManager: calling onCarDisconnected on vuh@cbc5808
02-23 01:50:44.367 12010 12010 D GH.CarClientManager: calling onCarDisconnected on ozw@386c5c8
02-23 01:50:44.367 12010 12010 D GH.CarClientManager: stop
02-23 01:50:44.367 12010 12010 I GH.CarClientManager: Disconnecting CarClientToken and resetting state
02-23 01:50:44.367 12010 12010 W GH.CarClientManager: Illegal state transition from UNINITIALIZED to UNINITIALIZED! Allowing anyway.
02-23 01:50:44.368 12010 12010 I GH.CarClientManager: Transition from UNINITIALIZED to UNINITIALIZED.
02-23 01:50:44.368 12010 12010 D CAR.CLIENT: localCarConnectionListener received onCarDisconnected()
02-23 01:50:44.368 12010 12010 D CAR.CLIENT: tearDownProjectionSessionState() pye@417441f
02-23 01:50:44.368 12010 12010 D CAR.CLIENT: tearDownCarManagers() pye@417441f
02-23 01:50:44.368 12010 12010 D CAR.CLIENT: localCarConnectionListener received onCarDisconnected()
02-23 01:50:44.368 12010 12010 D CAR.CLIENT: tearDownProjectionSessionState() pye@c5fb153
02-23 01:50:44.368 12010 12010 D CAR.CLIENT: tearDownCarManagers() pye@c5fb153
02-23 01:50:44.368 12010 12010 D CAR.CLIENT: localCarConnectionListener received onCarDisconnected()
02-23 01:50:44.368 12010 12010 D CAR.CLIENT: tearDownProjectionSessionState() pye@5f7fa90
02-23 01:50:44.368 12010 12010 D CAR.CLIENT: tearDownCarManagers() pye@5f7fa90
02-23 01:50:44.370 21855 23394 I GH.CsatRateLimiter: Not eligible for CSAT - too soon since last impression
02-23 01:50:44.371 12010 12010 D CAR.CLIENT.PLS: Projection end
02-23 01:50:44.371 12010 12010 I GH.GhLifecycleService: onProjectionEnd()
02-23 01:50:44.371 12010 12010 W GH.PreflightManager: Preflight not in progress!
02-23 01:50:44.371 12010 12010 I GH.ThemingManager: onProjectionEnd
02-23 01:50:44.371 12010 12010 I GH.PrimaryColorProvider: onProjectionEnd
02-23 01:50:44.371 12010 12010 D GH.DemandClientService: unregisterCallbacks
02-23 01:50:44.371 12010 12010 D GH.DemandClientService: onUnbind
02-23 01:50:44.371 12010 12010 D GH.DemandClientService: onDestroy
02-23 01:50:44.371 12010 12010 D CAR.CLIENT.WM.WIN: GhFacetBar onWindowRemoved
02-23 01:50:44.372 21855  1478 I GH.HatsDownloadService: Downloading HaTS survey (8sHU3xiG80gP84nU2n30WfKSYRub).
02-23 01:50:44.378 12010 12010 D GH.GearheadService: onDestroy
02-23 01:50:44.378 19618  9398 W CAR.SENSOR: requestSensorStart failed
02-23 01:50:44.378 12010 12010 D GH.CarClientManager: unregistered listener ozw@386c5c8
02-23 01:50:44.379 12010 12010 D GH.SharedNotifications: Status: #onListenerServiceDestroyed, Clients: 0, Clients requiring NLS: 0, State: 4, NLS class: com.google.android.projection.gearhead/com.google.android.gearhead.notifications.SharedNotificationListenerManager$ListenerService, Stored NLS instance: 117853870, Event NLS instance: 117853870
02-23 01:50:44.379 12010 12010 D GH.SharedNotifications: onListenerServiceDestroyed
02-23 01:50:44.379 12010 12010 I GH.InCallService: onUnbind
02-23 01:50:44.379 12010 12010 I GH.ICarCall: onUnbind, ending ongoing calls.
02-23 01:50:44.379 12010 12010 I GH.CarCallMapper: clearCalls
02-23 01:50:44.685 19618 19618 I CAR.AUDIO.MEDIA: stopAudioCaptureThread MEDIA
02-23 01:50:44.741 19618 30033 I CAR.AUDIO.MEDIA: Clearing system capture queue since audio capture thread is quitting
02-23 01:50:44.742 19618 19618 I CAR.AUDIO.CHANNEL: Mark stream not ready: MEDIA
02-23 01:50:44.742 19618 19618 I CAR.AUDIO.TTS: stopAudioCaptureThread TTS
02-23 01:50:44.742 19618 30031 I CAR.AUDIO.MEDIA: clearing transmission queue in bottom half
02-23 01:50:44.765 21855 21855 E GH.HatsDownloadService: Failed to download HaTS survey with ID 8sHU3xiG80gP84nU2n30WfKSYRub: NO_AVAILABLE_SURVEY
02-23 01:50:44.765 21855 21855 I GH.FeedbackNotifManager: HaTS survey is available: false
02-23 01:50:44.814 19618 30043 I CAR.AUDIO.TTS: Clearing system capture queue since audio capture thread is quitting
02-23 01:50:44.815 19618 19618 I CAR.AUDIO.CHANNEL: Mark stream not ready: TTS
02-23 01:50:44.815 19618 19618 I CAR.AUDIO.SYSTEM: stopAudioCaptureThread SYSTEM
02-23 01:50:44.815 19618 30042 I CAR.AUDIO.TTS: clearing transmission queue in bottom half
02-23 01:50:44.815 19618 19618 I CAR.AUDIO.CHANNEL: Mark stream not ready: SYSTEM
02-23 01:50:44.815 19618 30045 I CAR.AUDIO.SYSTEM: clearing transmission queue in bottom half
02-23 01:50:44.815 19618 19618 W CAR.SENSOR: Couldn't send sensor rate request when stopping sensor
02-23 01:50:44.815 19618 19618 W CAR.SENSOR: Couldn't send sensor rate request when stopping sensor
02-23 01:50:44.815 19618 19618 W CAR.SENSOR: Couldn't send sensor rate request when stopping sensor
02-23 01:50:44.815 19618 19618 I CAR.AUDIO.FOCUS: Stop audio focus handler
02-23 01:50:44.815 19618 19618 W CAR.AUDIO.FOCUS: Car audio focus handler didn't start or already stopped
02-23 01:50:44.816 19618 19618 I CAR.POOL_VIDEO: Logging in use buffers for consumer: POOL_VIDEO
02-23 01:50:44.816 19618 19618 W CAR.BUF.POOL: 1 buffers of 1024 capacity in use in pool 2
02-23 01:50:44.816 19618 30020 I GH.MTMCByteCounter: MTMC byte counting stopped. Read 612 bytes and wrote 120 bytes over 1988885 milliseconds.
02-23 01:50:44.816 19618 30018 W CAR.XFER.LITE: CAR_SERVICE_PROXY Read EOF or exception
02-23 01:50:44.819 19618 19618 I CAR.AUDIO.FOCUS: Stop audio focus handler
02-23 01:50:44.819 19618 19618 W CAR.AUDIO.FOCUS: Car audio focus handler didn't start or already stopped
02-23 01:50:44.820 19618 19618 I CAR.AUDIO.FOCUS: Stop audio focus handler
02-23 01:50:44.820 19618 19618 W CAR.AUDIO.FOCUS: Car audio focus handler didn't start or already stopped
02-23 01:50:44.820 19618 19618 I GH.CmpnDvcCtrlImpl: onDeviceDisappeared: Android Auto (4)
02-23 01:50:44.820 19618 19618 W CAR.SERVICE: Critical error 3 detail: 52 msg: io error
02-23 01:50:44.820 19618 19618 W CAR.LITE.LITE: Critical protocol error 3 (52)
02-23 01:50:44.820 19618 19618 W GH.WirelessNetRequest: Lost network. lostNetwork=266, network=266
02-23 01:50:44.822 19618 19618 I GH.WIRELESS.SETUP: State changed to SHUTDOWN
02-23 01:50:44.823 21855 21896 I GH.ConnLoggerV2: Session 7bdbf25b-9c23-458c-9bb7-27434b9831e6, event 1087, detail OptionalInt.empty, WIRELESS_WIFI_NETWORK_CONNECTION_LOST, at 383333886 
02-23 01:50:44.823 19618 19618 I GH.WirelessNetRequest: unregisterRequest: removing nck@612409b, requester state: NetworkRequester{10.0.0.1:5288, requestState: DISCONNECTED}
02-23 01:50:44.823 19618 19618 I GH.WirelessNetRequest: unregisterRequest: no callbacks registered, calling stop
02-23 01:50:44.824 19618 19618 I GH.WirelessShared: Ready to stop service if required? bindCount=0 isWirelessSetupManagerActive=false
02-23 01:50:44.825 19618 19618 I GH.WirelessShared: stopped foreground service
02-23 01:50:44.825 19618 19618 I GH.WirelessShared: Stopped service request sent for startId: 5
02-23 01:50:44.825 19618 19618 I GH.WIRELESS.SETUP: Quitting worker threads.
02-23 01:50:44.825 21855 21896 I GH.ConnLoggerV2: Session 7bdbf25b-9c23-458c-9bb7-27434b9831e6, event 1088, detail OptionalInt.empty, WIRELESS_SETUP_CAR_BLUETOOTH_DISAPPEAR_BEFORE_WSEM, at 383333888 
02-23 01:50:44.825 19618 19618 I GH.WIRELESS.SETUP: Waiting for worker threads to finish.
02-23 01:50:44.826 19618 19618 I GH.WIRELESS.SETUP: Wireless setup is stopped.
02-23 01:50:44.826 19618 19618 I GH.CarConnSession: Tearing down
02-23 01:50:44.826 19618 19618 I CAR.AUDIO.FOCUS: Stop audio focus handler
02-23 01:50:44.826 19618 19618 W CAR.AUDIO.FOCUS: Car audio focus handler didn't start or already stopped
02-23 01:50:44.827 19618 19618 I CAR.AUDIO.FOCUS: Stop audio focus handler
02-23 01:50:44.827 19618 19618 W CAR.AUDIO.FOCUS: Car audio focus handler didn't start or already stopped
02-23 01:50:44.827 21855 21896 I GH.ConnLoggerV2: Session 7bdbf25b-9c23-458c-9bb7-27434b9831e6, event 1089, detail OptionalInt.empty, WIRELESS_SETUP_STOPPED, at 383333891 
02-23 01:50:44.829 19618 19618 I CAR.TOKEN: Connecting pof@f203b64 using class pye@152476290/class pyh@103412173 (cx attempt 1)
02-23 01:50:44.832 19618 19618 I CAR.AUDIO.AFM: Received onAudioFocusGrant. gainRequest: GAIN, requestResult: GRANTED, clientId: android.media.AudioManager@8fc2020hoo@de39dd9, packageName: com.google.android.projection.gearhead, clientUid: 10253
02-23 01:50:44.832 19618 19618 W CAR.AUDIO.AFM: maybeNotifyFocusStackChangeAfterDelay: handler is null, so returning.
02-23 01:50:44.833 19618 19618 I CAR.WM  : removing window that is already removed igd@d4411a8{name=com.google.android.projection.gearhead:GhFacetBar,region=CarRegionId{regionId=2131429280 carDisplayId=CarDisplayId{displayId=0}},l=1,s=5,vis=false,anim=false,isResizing=false,a=1.0,windowInsets=Rect(0, 0 - 0, 0),systemInsets=Rect(0, 0 - 0, 0),regionsCastingInsets=[],insetSideHint=1,insetBehavior=0,carDisplayConfigurationId=53f23efc-bfb1-4bd7-ac4b-faa394f40e1d,windowDecorationParams=ProjectionWindowDecorationParams{outlineLeft=0, outlineTop=0, outlineRight=0, outlineBottom=0, corners=1, cornerRadius=0, antiAliasingType=1, showOutlinesOnlyWhenInset=false, showRoundedCornersOnlyWhenInset=false, borderWidth0},transparencyEnabled=true,stableZ=468,hasSystemLayoutZOverride=false,nonSystemOverrideLayoutZ=468{blX=0, blY=0, trX=800, trY=70, width=800, height=70, z=468, systemWindowInsets=Rect(0, 0 - 0, 0), enterAnimation=null, exitAnimation=null, focusFlags=8, visibilityFlags=0},surface=null,nupdated=0,nrendered=0,nonDrawnTouches=0,tid=0,vertices=[0, 0, 800, 70],lastRenderBounds=null}
02-23 01:50:44.833 19618 19618 I GH.CarConnSession: Tearing down
02-23 01:50:44.833 19618 19618 I CAR.AUDIO.FOCUS: Stop audio focus handler
02-23 01:50:44.833 19618 19618 W CAR.AUDIO.FOCUS: Car audio focus handler didn't start or already stopped
02-23 01:50:44.833 19618 19618 I CAR.AUDIO.FOCUS: Stop audio focus handler
02-23 01:50:44.833 19618 19618 W CAR.AUDIO.FOCUS: Car audio focus handler didn't start or already stopped
02-23 01:50:44.833 19618 19740 I GH.CarConnSessMgr: Tearing down active session
02-23 01:50:44.833 19618 19740 I GH.CarConnSessMgr: Revoking active session
02-23 01:50:44.834 12010 13147 D GH.MultiCarCxnListener: onCarDisconnected() on binder thread. instance: pyn@48b6efd, listener: pxx@131af54
02-23 01:50:44.834 12010 12703 D GH.MultiCarCxnListener: onCarDisconnected() on binder thread. instance: pyn@25c646c, listener: pxx@526691f
02-23 01:50:44.834 12010 21600 D GH.MultiCarCxnListener: onCarDisconnected() on binder thread. instance: pyn@cf60167, listener: pxx@23ec126
02-23 01:50:44.834 12010 12703 D GH.MultiCarCxnListener: onCarDisconnected() on binder thread. instance: pyn@775448, listener: pxx@df1feeb
02-23 01:50:44.834 12010 21600 D GH.MultiCarCxnListener: onCarDisconnected() on binder thread. instance: pyn@6b56838, listener: pxx@92d2c9b
02-23 01:50:44.834 12010 12411 D GH.MultiCarCxnListener: onCarDisconnected() on binder thread. instance: pyn@69f3af, listener: pxx@46d6f8e
02-23 01:50:44.834 12010 12411 D GH.MultiCarCxnListener: onCarDisconnected() on binder thread. instance: pyn@812ec0b, listener: pxx@c9e217d
02-23 01:50:44.834 12010 12411 D GH.MultiCarCxnListener: onCarDisconnected() on binder thread. instance: pyn@88fdfda, listener: pxx@32695ec
02-23 01:50:44.834 12010 12411 D GH.MultiCarCxnListener: onCarDisconnected() on binder thread. instance: pyn@31c1fa6, listener: pxx@e152611
02-23 01:50:44.834 12010 13147 D GH.MultiCarCxnListener: onCarDisconnected() on binder thread. instance: pyn@cfd7f36, listener: pxx@24768d1
02-23 01:50:44.834 12010 12411 D GH.MultiCarCxnListener: onCarDisconnected() on binder thread. instance: pyn@a938501, listener: pxx@70eaa33
02-23 01:50:44.834 12010 13147 D GH.MultiCarCxnListener: onCarDisconnected() on binder thread. instance: pyn@daad183, listener: pxx@6e4f05
02-23 01:50:44.834 12010 13246 D GH.MultiCarCxnListener: onCarDisconnected() on binder thread. instance: pyn@f7c0ae8, listener: pxx@85d7117
02-23 01:50:44.834 12010 13233 D GH.MultiCarCxnListener: onCarDisconnected() on binder thread. instance: pyn@23aabfc, listener: pxx@a99d4ef
02-23 01:50:44.834 12010 12703 D GH.MultiCarCxnListener: onCarDisconnected() on binder thread. instance: pyn@73313b, listener: pxx@5be3bca
02-23 01:50:44.834 12010 13147 D GH.MultiCarCxnListener: onCarDisconnected() on binder thread. instance: pyn@87aed94, listener: pxx@b57028b
02-23 01:50:44.834 12010 13246 D GH.MultiCarCxnListener: onCarDisconnected() on binder thread. instance: pyn@5023de7, listener: pxx@a290424
02-23 01:50:44.834 12010 14722 D GH.MultiCarCxnListener: onCarDisconnected() on binder thread. instance: pyn@cf36e1e, listener: pxx@645a259
02-23 01:50:44.834 12010 21600 D GH.MultiCarCxnListener: onCarDisconnected() on binder thread. instance: pyn@421585, listener: pxx@b547b8d
02-23 01:50:44.834 12010 13147 D GH.MultiCarCxnListener: onCarDisconnected() on binder thread. instance: pyn@bdad339, listener: pxx@6882ba4
02-23 01:50:44.834 12010 12703 D GH.MultiCarCxnListener: onCarDisconnected() on binder thread. instance: pyn@532703d, listener: pxx@d94873f
02-23 01:50:44.834 12010 14722 D GH.MultiCarCxnListener: onCarDisconnected() on binder thread. instance: pyn@da9032, listener: pxx@f3978e0
02-23 01:50:44.834 12010 21600 D GH.MultiCarCxnListener: onCarDisconnected() on binder thread. instance: pyn@be34f00, listener: pxx@18df5a
02-23 01:50:44.834 12010 14722 D GH.MultiCarCxnListener: onCarDisconnected() on binder thread. instance: pyn@c69f5, listener: pxx@adfa151
02-23 01:50:44.834 12010 12703 D GH.MultiCarCxnListener: onCarDisconnected() on binder thread. instance: pyn@f9d7d7e, listener: pxx@56b4646
02-23 01:50:44.834 12010 14722 D GH.MultiCarCxnListener: onCarDisconnected() on binder thread. instance: pyn@eae5b2c, listener: pxx@64e6a28
02-23 01:50:44.834 12010 12411 D GH.MultiCarCxnListener: onCarDisconnected() on binder thread. instance: pyn@fbf02df, listener: pxx@6e409db
02-23 01:50:44.834 12010 14722 D GH.MultiCarCxnListener: onCarDisconnected() on binder thread. instance: pyn@186b071, listener: pxx@5d947f6
02-23 01:50:44.834 12010 22046 D GH.MultiCarCxnListener: onCarDisconnected() on binder thread. instance: pyn@a398a26, listener: pxx@720981
02-23 01:50:44.834 12010 14722 D GH.MultiCarCxnListener: onCarDisconnected() on binder thread. instance: pyn@60ff38a, listener: pxx@a1f5a6f
02-23 01:50:44.834 12010 12010 D CAR.CLIENT: localCarConnectionListener received onCarDisconnected()
02-23 01:50:44.834 12010 12010 D CAR.CLIENT: tearDownProjectionSessionState() pye@18b10cb
02-23 01:50:44.834 12010 12010 D CAR.CLIENT: tearDownCarManagers() pye@18b10cb
02-23 01:50:44.834 12010 12423 D GH.MultiCarCxnListener: onCarDisconnected() on binder thread. instance: pyn@b33285e, listener: pxx@da2dd99
02-23 01:50:44.834 12010 12423 D GH.MultiCarCxnListener: onCarDisconnected() on binder thread. instance: pyn@881be56, listener: pxx@5520581
02-23 01:50:44.834 12010 12010 D CAR.CLIENT: localCarConnectionListener received onCarDisconnected()
02-23 01:50:44.834 12010 12010 D CAR.CLIENT: tearDownProjectionSessionState() pye@e10780a
02-23 01:50:44.834 12010 12010 D CAR.CLIENT: tearDownCarManagers() pye@e10780a
02-23 01:50:44.834 12010 12010 D CAR.CLIENT: localCarConnectionListener received onCarDisconnected()
02-23 01:50:44.834 12010 12010 D CAR.CLIENT: tearDownProjectionSessionState() pye@b68576a
02-23 01:50:44.834 12010 12010 D CAR.CLIENT: tearDownCarManagers() pye@b68576a
02-23 01:50:44.834 12010 12010 D CAR.CLIENT: localCarConnectionListener received onCarDisconnected()
02-23 01:50:44.834 11773 32370 D GH.MultiCarCxnListener: onCarDisconnected() on binder thread. instance: ccnp@5638cdb, listener: ccpt@6830ad3
02-23 01:50:44.834 11773 23036 D GH.MultiCarCxnListener: onCarDisconnected() on binder thread. instance: ccnp@cafe378, listener: ccpt@e682faa
02-23 01:50:44.834 11773 11773 D CAR.CLIENT: localCarConnectionListener received onCarDisconnected()
02-23 01:50:44.834 11773 11773 D CAR.CLIENT: tearDownProjectionSessionState() ccpw@1128237
02-23 01:50:44.834 11773 11773 D CAR.CLIENT: tearDownCarManagers() ccpw@1128237
02-23 01:50:44.834 11773 32370 D GH.MultiCarCxnListener: onCarDisconnected() on binder thread. instance: ccnp@5029a51, listener: ccpt@f47fb8
02-23 01:50:44.834 11773 11773 D CAR.CLIENT: localCarConnectionListener received onCarDisconnected()
02-23 01:50:44.834 11773 11773 D CAR.CLIENT: tearDownProjectionSessionState() ccpw@f239c07
02-23 01:50:44.834 11773 11773 D CAR.CLIENT: tearDownCarManagers() ccpw@f239c07
02-23 01:50:44.834 11773 11773 D CAR.CLIENT: localCarConnectionListener received onCarDisconnected()
02-23 01:50:44.834 11773 11773 D CAR.CLIENT: tearDownProjectionSessionState() ccpw@18da1d9
02-23 01:50:44.834 11773 11773 D CAR.CLIENT: tearDownCarManagers() ccpw@18da1d9
02-23 01:50:44.834 11773 23036 D GH.MultiCarCxnListener: onCarDisconnected() on binder thread. instance: ccnp@c041bb7, listener: ccpt@187cd3e
02-23 01:50:44.835 11773 11773 D CAR.CLIENT: localCarConnectionListener received onCarDisconnected()
02-23 01:50:44.835 11773 11773 D CAR.CLIENT: tearDownProjectionSessionState() ccpw@23d2b54
02-23 01:50:44.835 11773 11773 D CAR.CLIENT: tearDownCarManagers() ccpw@23d2b54
02-23 01:50:44.835 11773 32371 D GH.MultiCarCxnListener: onCarDisconnected() on binder thread. instance: ccnp@4bbbf24, listener: ccpt@749c697
02-23 01:50:44.835 11773 32368 D GH.MultiCarCxnListener: onCarDisconnected() on binder thread. instance: ccnp@2058a8d, listener: ccpt@3c50fba
02-23 01:50:44.835 11773 11773 D CAR.CLIENT: localCarConnectionListener received onCarDisconnected()
02-23 01:50:44.835 11773 11773 D CAR.CLIENT: tearDownProjectionSessionState() ccpw@d4a49bb
02-23 01:50:44.835 11773 11773 D CAR.CLIENT: tearDownCarManagers() ccpw@d4a49bb
02-23 01:50:44.835 11773 11773 D CAR.CLIENT: localCarConnectionListener received onCarDisconnected()
02-23 01:50:44.835 11773 11773 D CAR.CLIENT: tearDownProjectionSessionState() ccpw@affa2d6
02-23 01:50:44.835 11773 11773 D CAR.CLIENT: tearDownCarManagers() ccpw@affa2d6
02-23 01:50:44.835 11773 22683 D GH.MultiCarCxnListener: onCarDisconnected() on binder thread. instance: ccnp@4b4bc53, listener: ccpt@cf41115
02-23 01:50:44.835 11773 14136 D GH.MultiCarCxnListener: onCarDisconnected() on binder thread. instance: ccnp@2a12442, listener: ccpt@e48cd59
02-23 01:50:44.835 11773 11773 D CAR.CLIENT: localCarConnectionListener received onCarDisconnected()
02-23 01:50:44.835 11773 11773 D CAR.CLIENT: tearDownProjectionSessionState() ccpw@6501c1e
02-23 01:50:44.835 11773 11773 D CAR.CLIENT: tearDownCarManagers() ccpw@6501c1e
02-23 01:50:44.835 11773 11773 D CAR.CLIENT: localCarConnectionListener received onCarDisconnected()
02-23 01:50:44.835 11773 11773 D CAR.CLIENT: tearDownProjectionSessionState() ccpw@9185234
02-23 01:50:44.835 11773 11773 D CAR.CLIENT: tearDownCarManagers() ccpw@9185234
02-23 01:50:44.835 11773 11785 D GH.MultiCarCxnListener: onCarDisconnected() on binder thread. instance: ccnp@d87a990, listener: ccpt@ff9d33c
02-23 01:50:44.835 11773 11773 D CAR.CLIENT: localCarConnectionListener received onCarDisconnected()
02-23 01:50:44.835 11773 11773 D CAR.CLIENT: tearDownProjectionSessionState() ccpw@1555336
02-23 01:50:44.835 11773 11773 D CAR.CLIENT: tearDownCarManagers() ccpw@1555336
02-23 01:50:44.835 12010 12010 D CAR.CLIENT: tearDownProjectionSessionState() pye@f27f12e
02-23 01:50:44.835 12010 12010 D CAR.CLIENT: tearDownCarManagers() pye@f27f12e
02-23 01:50:44.835 12010 12021 D GH.MultiCarCxnListener: onCarDisconnected() on binder thread. instance: pyn@919dbaf, listener: pxx@3cbf78e
02-23 01:50:44.835 12010 12010 D CAR.CLIENT: localCarConnectionListener received onCarDisconnected()
02-23 01:50:44.835 12010 12010 D CAR.CLIENT: tearDownProjectionSessionState() pye@1aee02a
02-23 01:50:44.835 12010 12010 D CAR.CLIENT: tearDownCarManagers() pye@1aee02a
02-23 01:50:44.835 12010 12021 D GH.MultiCarCxnListener: onCarDisconnected() on binder thread. instance: pyn@31f4beb, listener: pxx@61b2d39
02-23 01:50:44.835 11773 23042 D GH.MultiCarCxnListener: onCarDisconnected() on binder thread. instance: ccnp@dcd4289, listener: ccpt@15fed9d
02-23 01:50:44.835 12010 12010 D CAR.CLIENT: localCarConnectionListener received onCarDisconnected()
02-23 01:50:44.835 12010 12010 D CAR.CLIENT: tearDownProjectionSessionState() pye@76ceaec
02-23 01:50:44.835 12010 12021 D GH.MultiCarCxnListener: onCarDisconnected() on binder thread. instance: pyn@371d48, listener: pxx@3d3a65c
02-23 01:50:44.835 12010 12010 D CAR.CLIENT: tearDownCarManagers() pye@76ceaec
02-23 01:50:44.835 12010 12010 D CAR.CLIENT: localCarConnectionListener received onCarDisconnected()
02-23 01:50:44.835 12010 12021 D GH.MultiCarCxnListener: onCarDisconnected() on binder thread. instance: pyn@9a46906, listener: pxx@fe25300
02-23 01:50:44.835 12010 12021 D GH.MultiCarCxnListener: onCarDisconnected() on binder thread. instance: pyn@3a4bbc7, listener: pxx@f58c9d0
02-23 01:50:44.835 12010 12021 D GH.MultiCarCxnListener: onCarDisconnected() on binder thread. instance: pyn@144c5f4, listener: pxx@f968312
02-23 01:50:44.835 12010 12021 D GH.MultiCarCxnListener: onCarDisconnected() on binder thread. instance: pyn@d50d11d, listener: pxx@9c312d
02-23 01:50:44.835 12010 12021 D GH.MultiCarCxnListener: onCarDisconnected() on binder thread. instance: pyn@48e0f92, listener: pxx@c6aabfc
02-23 01:50:44.835 12010 12021 D GH.MultiCarCxnListener: onCarDisconnected() on binder thread. instance: pyn@6274d63, listener: pxx@b0a3335
02-23 01:50:44.835 11773 11785 D GH.MultiCarCxnListener: onCarDisconnected() on binder thread. instance: ccnp@9a1428e, listener: ccpt@adfb41
02-23 01:50:44.835 12010 12021 D GH.MultiCarCxnListener: onCarDisconnected() on binder thread. instance: pyn@5e24d60, listener: pxx@9214970
02-23 01:50:44.835 12010 12021 D GH.MultiCarCxnListener: onCarDisconnected() on binder thread. instance: pyn@d2e6219, listener: pxx@d52646c
02-23 01:50:44.835 12010 12021 D GH.MultiCarCxnListener: onCarDisconnected() on binder thread. instance: pyn@6f992de, listener: pxx@5a9e0ce
02-23 01:50:44.835 12010 12021 D GH.MultiCarCxnListener: onCarDisconnected() on binder thread. instance: pyn@8b75cbf, listener: pxx@dd57c47
02-23 01:50:44.835 12010 12021 D GH.MultiCarCxnListener: onCarDisconnected() on binder thread. instance: pyn@f0edf8c, listener: pxx@d3d90ba
02-23 01:50:44.835 11773 11773 D CAR.CLIENT: localCarConnectionListener received onCarDisconnected()
02-23 01:50:44.835 12010 12021 D GH.MultiCarCxnListener: onCarDisconnected() on binder thread. instance: pyn@3ba06d5, listener: pxx@825b569
02-23 01:50:44.835 11773 14136 D GH.MultiCarCxnListener: onCarDisconnected() on binder thread. instance: ccnp@3c4caaf, listener: ccpt@a863857
02-23 01:50:44.835 11773 11773 D CAR.CLIENT: tearDownProjectionSessionState() ccpw@1ed6386
02-23 01:50:44.835 11773 11773 D CAR.CLIENT: tearDownCarManagers() ccpw@1ed6386
02-23 01:50:44.835 12010 12021 D GH.MultiCarCxnListener: onCarDisconnected() on binder thread. instance: pyn@207feea, listener: pxx@dcfed0
02-23 01:50:44.835 11773 14136 D GH.MultiCarCxnListener: onCarDisconnected() on binder thread. instance: ccnp@2e5cebc, listener: ccpt@e3ef2b4
02-23 01:50:44.835 11773 11773 D CAR.CLIENT: localCarConnectionListener received onCarDisconnected()
