02-23 01:50:44.098  8910  8910 D CAR.CLIENT: tearDownProjectionSessionState() pye@7509bc7
02-23 01:50:44.098  8910  8910 D CAR.CLIENT: tearDownCarManagers() pye@7509bc7
02-23 01:50:44.098 12010 13254 D GH.MultiCarCxnListener: onCarDisconnected() on binder thread. instance: pyn@e1f6c3a, listener: pxx@9209765
02-23 01:50:44.098  8910  8910 D CAR.CLIENT: localCarConnectionListener received onCarDisconnected()
02-23 01:50:44.098  8910  8910 D CAR.CLIENT: tearDownProjectionSessionState() pye@6519d15
02-23 01:50:44.098  8910  8910 D CAR.CLIENT: tearDownCarManagers() pye@6519d15
02-23 01:50:44.098  8910  8910 D CAR.CLIENT: localCarConnectionListener received onCarDisconnected()
02-23 01:50:44.098  8910  8910 D CAR.CLIENT: tearDownProjectionSessionState() pye@88db33a
02-23 01:50:44.098  8910  8910 D CAR.CLIENT: tearDownCarManagers() pye@88db33a
02-23 01:50:44.098  8910  8910 D CAR.CLIENT: localCarConnectionListener received onCarDisconnected()
02-23 01:50:44.098  8910  8910 D CAR.CLIENT: tearDownProjectionSessionState() pye@e146ae8
02-23 01:50:44.098  8910  8910 D CAR.CLIENT: tearDownCarManagers() pye@e146ae8
02-23 01:50:44.098  8910  8910 D CAR.CLIENT: localCarConnectionListener received onCarDisconnected()
02-23 01:50:44.098  8910  8910 D CAR.CLIENT: tearDownProjectionSessionState() pye@268dd7e
02-23 01:50:44.098  8910  8910 D CAR.CLIENT: tearDownCarManagers() pye@268dd7e
02-23 01:50:44.098  8910  8910 D CAR.CLIENT: localCarConnectionListener received onCarDisconnected()
02-23 01:50:44.098  8910  8910 D CAR.CLIENT: tearDownProjectionSessionState() pye@33bf591
02-23 01:50:44.098  8910  8910 D CAR.CLIENT: tearDownCarManagers() pye@33bf591
02-23 01:50:44.098  8910  8910 D CAR.CLIENT: localCarConnectionListener received onCarDisconnected()
02-23 01:50:44.098  8910  8910 D CAR.CLIENT: tearDownProjectionSessionState() pye@5faf81e
02-23 01:50:44.098  8910  8910 D CAR.CLIENT: tearDownCarManagers() pye@5faf81e
02-23 01:50:44.098  8910  8910 D CAR.CLIENT: localCarConnectionListener received onCarDisconnected()
02-23 01:50:44.098  8910  8910 D CAR.CLIENT: tearDownProjectionSessionState() pye@f628172
02-23 01:50:44.098  8910  8910 D CAR.CLIENT: tearDownCarManagers() pye@f628172
02-23 01:50:44.098  8910  8910 D CAR.CLIENT: localCarConnectionListener received onCarDisconnected()
02-23 01:50:44.098  8910  8910 D CAR.CLIENT: tearDownProjectionSessionState() pye@af81fef
02-23 01:50:44.098  8910  8910 D CAR.CLIENT: tearDownCarManagers() pye@af81fef
02-23 01:50:44.098  8910  8910 D CAR.CLIENT: localCarConnectionListener received onCarDisconnected()
02-23 01:50:44.098  8910  8910 D CAR.CLIENT: tearDownProjectionSessionState() pye@5881007
02-23 01:50:44.098  8910  8910 D CAR.CLIENT: tearDownCarManagers() pye@5881007
02-23 01:50:44.098  8910  8910 D CAR.CLIENT: localCarConnectionListener received onCarDisconnected()
02-23 01:50:44.098  8910  8910 D CAR.CLIENT: tearDownProjectionSessionState() pye@68ba5a3
02-23 01:50:44.098  8910  8910 D CAR.CLIENT: tearDownCarManagers() pye@68ba5a3
02-23 01:50:44.098  8910  8910 D CAR.CLIENT: localCarConnectionListener received onCarDisconnected()
02-23 01:50:44.098  8910  8910 D CAR.CLIENT: tearDownProjectionSessionState() pye@9e6cc
02-23 01:50:44.098 21855 21896 I GH.ConnLoggerV2: Session 7bdbf25b-9c23-458c-9bb7-27434b9831e6, event 1084, detail OptionalInt.empty, WIRELESS_GAL_SOCKET_DISCONNECTED, at 383333155 
02-23 01:50:44.098  8910  8910 D CAR.CLIENT: tearDownCarManagers() pye@9e6cc
02-23 01:50:44.098  8910  8910 D CAR.CLIENT: localCarConnectionListener received onCarDisconnected()
02-23 01:50:44.098  8910  8910 D CAR.CLIENT: tearDownProjectionSessionState() pye@a81503d
02-23 01:50:44.098  8910  8910 D CAR.CLIENT: tearDownCarManagers() pye@a81503d
02-23 01:50:44.098  8910  8910 D CAR.CLIENT: localCarConnectionListener received onCarDisconnected()
02-23 01:50:44.098  8910  8910 D CAR.CLIENT: tearDownProjectionSessionState() pye@4cf4221
02-23 01:50:44.098  8910  8910 D CAR.CLIENT: tearDownCarManagers() pye@4cf4221
02-23 01:50:44.098  8910  8910 D CAR.CLIENT: localCarConnectionListener received onCarDisconnected()
02-23 01:50:44.098  8910  8910 D CAR.CLIENT: tearDownProjectionSessionState() pye@edca9
02-23 01:50:44.098  8910  8910 D CAR.CLIENT: tearDownCarManagers() pye@edca9
02-23 01:50:44.098  8910  8910 D CAR.CLIENT: localCarConnectionListener received onCarDisconnected()
02-23 01:50:44.098  8910  8910 D CAR.CLIENT: tearDownProjectionSessionState() pye@a6a1ef2
02-23 01:50:44.098  8910  8910 D CAR.CLIENT: tearDownCarManagers() pye@a6a1ef2
02-23 01:50:44.098  8910  8910 D CAR.CLIENT: localCarConnectionListener received onCarDisconnected()
02-23 01:50:44.098  8910  8910 D CAR.CLIENT: tearDownProjectionSessionState() pye@cd39e9c
02-23 01:50:44.098  8910  8910 D CAR.CLIENT: tearDownCarManagers() pye@cd39e9c
02-23 01:50:44.098  8910  8910 D CAR.CLIENT: localCarConnectionListener received onCarDisconnected()
02-23 01:50:44.098  8910  8910 D CAR.CLIENT: tearDownProjectionSessionState() pye@8a8f8ff
02-23 01:50:44.098  8910  8910 D CAR.CLIENT: tearDownCarManagers() pye@8a8f8ff
02-23 01:50:44.098 12010 13254 D GH.MultiCarCxnListener: onCarDisconnected() on binder thread. instance: pyn@32a0a42, listener: pxx@92a488d
02-23 01:50:44.099 12010 22046 D GH.MultiCarCxnListener: onCarDisconnected() on binder thread. instance: pyn@39443b8, listener: pxx@9f2b72d
02-23 01:50:44.099  8910 27396 D GH.MultiCarCxnListener: onCarDisconnected() on binder thread. instance: pyn@b3d76e, listener: pxx@cbc4c6b
02-23 01:50:44.099 12010 12022 D GH.MultiCarCxnListener: onCarDisconnected() on binder thread. instance: pyn@b131591, listener: pxx@f696403
02-23 01:50:44.099 19618 19618 I CAR.CAM : Forwarding media key KeyEvent { action=ACTION_DOWN, keyCode=KEYCODE_MEDIA_PAUSE, scanCode=0, metaState=0, flags=0x0, repeatCount=0, eventTime=0, downTime=0, deviceId=-1, source=0x0, displayId=-1 }
02-23 01:50:44.099  8910  8910 D CAR.CLIENT: localCarConnectionListener received onCarDisconnected()
02-23 01:50:44.099  8910  8910 D CAR.CLIENT: tearDownProjectionSessionState() pye@4bcdf5d
02-23 01:50:44.099  8910  8910 D CAR.CLIENT: tearDownCarManagers() pye@4bcdf5d
02-23 01:50:44.099 11773 11773 D CAR.PROJECTION.CAHI: cheq.moveActivityToState() from: STOPPED to: INITIALIZING
02-23 01:50:44.099 12010 14725 D CAR.CLIENT.PLS: onProjectionTearDown on binder thread
02-23 01:50:44.099 12010 13147 D GH.MultiCarCxnListener: onCarDisconnected() on binder thread. instance: pyn@9ffad35, listener: pxx@3a3a36c
02-23 01:50:44.099 12010 13254 D GH.MultiCarCxnListener: onCarDisconnected() on binder thread. instance: pyn@18461b, listener: pxx@21a7b9b
02-23 01:50:44.100 19618 19618 I CAR.CAM : Forwarding media key KeyEvent { action=ACTION_UP, keyCode=KEYCODE_MEDIA_PAUSE, scanCode=0, metaState=0, flags=0x0, repeatCount=0, eventTime=0, downTime=0, deviceId=-1, source=0x0, displayId=-1 }
02-23 01:50:44.100 12010 12423 D GH.MultiCarCxnListener: onCarDisconnected() on binder thread. instance: pyn@1e9182a, listener: pxx@ec388e5
02-23 01:50:44.100 12010 12010 D CAR.CLIENT: Multi-display client enabled. Get ICarDisplay for: CarDisplayId{displayId=0}
02-23 01:50:44.101 19618 19618 I CAR.SERVICE: Car connection state changed: DISCONNECTING->DISCONNECTED
02-23 01:50:44.101 19618 19618 I CAR.SERVICE: Removing callback requestVideoFocusRunnable
02-23 01:50:44.101  8910  5321 D CAR.CLIENT.PLS: onProjectionTearDown on binder thread
02-23 01:50:44.101  8910 20804 D GH.MultiCarCxnListener: onCarDisconnected() on binder thread. instance: pyn@b6e3b70, listener: pxx@3dc2129
02-23 01:50:44.101  8910  8910 D CAR.CLIENT.PLS: Projection teardown
02-23 01:50:44.101  8910  8924 D GH.MultiCarCxnListener: onCarDisconnected() on binder thread. instance: pyn@cab9ee9, listener: pxx@95c753f
02-23 01:50:44.101  8910  8910 D CAR.CLIENT.PLS: Projection unlinkToDeath true
02-23 01:50:44.101  8910  8910 D CAR.CLIENT: localCarConnectionListener received onCarDisconnected()
02-23 01:50:44.101  8910  8910 D CAR.CLIENT: tearDownProjectionSessionState() pye@1da782a
02-23 01:50:44.101  8910  8910 D CAR.CLIENT: tearDownCarManagers() pye@1da782a
02-23 01:50:44.101  8910  8910 D CAR.CLIENT: localCarConnectionListener received onCarDisconnected()
02-23 01:50:44.101  8910  8910 D CAR.CLIENT: tearDownProjectionSessionState() pye@4ff60a0
02-23 01:50:44.101  8910  8910 D CAR.CLIENT: tearDownCarManagers() pye@4ff60a0
02-23 01:50:44.101 12010 12010 D CAR.CLIENT: Multi-display client enabled. Get ICarDisplay for: CarDisplayId{displayId=0}
02-23 01:50:44.102 12010 12010 D GH.MpCarDispUpdateLstnr: Clearing local CarDisplayLayoutUpdateCompleteListener {rfz@58406a6}
02-23 01:50:44.102 19618 19618 I CAR.SYS : Successfully released automotive projection.
02-23 01:50:44.102 12010 12010 D CAR.PROJECTION.CAHI: null.onDisconnected()
02-23 01:50:44.102 12010 12010 D CAR.PROJECTION.CAHI: null.finish()
02-23 01:50:44.102 12010 12010 D CAR.PROJECTION.CAHI: Already finishing null, ignoring duplicate finish
02-23 01:50:44.102 12010 12010 D CAR.CLIENT: localCarConnectionListener received onCarDisconnected()
02-23 01:50:44.102 12010 12010 D CAR.CLIENT: tearDownProjectionSessionState() pye@101a963
02-23 01:50:44.102 12010 12010 D CAR.CLIENT: tearDownCarManagers() pye@101a963
02-23 01:50:44.102 12010 12010 D CAR.CLIENT: localCarConnectionListener received onCarDisconnected()
02-23 01:50:44.102 12010 12010 D CAR.CLIENT: tearDownProjectionSessionState() pye@d6ec948
02-23 01:50:44.102 12010 12010 D CAR.CLIENT: tearDownCarManagers() pye@d6ec948
02-23 01:50:44.102 12010 12010 D CAR.CLIENT: localCarConnectionListener received onCarDisconnected()
02-23 01:50:44.102 12010 12010 D CAR.CLIENT: tearDownProjectionSessionState() pyt@4161e19
02-23 01:50:44.102 12010 12010 D CAR.CLIENT: tearDownCarManagers() pyt@4161e19
02-23 01:50:44.102 12010 12010 D CAR.CLIENT: localCarConnectionListener received onCarDisconnected()
02-23 01:50:44.102 12010 12010 D CAR.CLIENT: tearDownProjectionSessionState() pye@ac47751
02-23 01:50:44.102 12010 12010 D CAR.CLIENT: tearDownCarManagers() pye@ac47751
02-23 01:50:44.102 12010 12010 D CAR.CLIENT: localCarConnectionListener received onCarDisconnected()
02-23 01:50:44.102 12010 12010 D CAR.CLIENT: tearDownProjectionSessionState() pye@feb7c35
02-23 01:50:44.102 12010 12010 D CAR.CLIENT: tearDownCarManagers() pye@feb7c35
02-23 01:50:44.102 12010 12010 D CAR.CLIENT: localCarConnectionListener received onCarDisconnected()
02-23 01:50:44.102 12010 12010 D CAR.CLIENT: tearDownProjectionSessionState() pye@5198e19
02-23 01:50:44.102 12010 12010 D CAR.CLIENT: tearDownCarManagers() pye@5198e19
02-23 01:50:44.102 12010 12010 D CAR.CLIENT: localCarConnectionListener received onCarDisconnected()
02-23 01:50:44.102 12010 12010 D CAR.CLIENT: tearDownProjectionSessionState() pye@5798651
02-23 01:50:44.102 12010 12010 D CAR.CLIENT: tearDownCarManagers() pye@5798651
02-23 01:50:44.102 12010 12010 D CAR.CLIENT: localCarConnectionListener received onCarDisconnected()
02-23 01:50:44.102 12010 12010 D CAR.CLIENT: tearDownProjectionSessionState() pye@5a64b3e
02-23 01:50:44.102 12010 12010 D CAR.CLIENT: tearDownCarManagers() pye@5a64b3e
02-23 01:50:44.102 12010 12010 D CAR.PROJECTION.CAHI: null.onDisconnected()
02-23 01:50:44.102 12010 12010 D CAR.PROJECTION.CAHI: null.finish()
02-23 01:50:44.102 12010 12010 D CAR.PROJECTION.CAHI: Already finishing null, ignoring duplicate finish
02-23 01:50:44.102 12010 12010 D CAR.CLIENT: localCarConnectionListener received onCarDisconnected()
02-23 01:50:44.102 12010 12010 D CAR.CLIENT: tearDownProjectionSessionState() pye@81f590e
02-23 01:50:44.102 12010 12010 D CAR.CLIENT: tearDownCarManagers() pye@81f590e
02-23 01:50:44.102 12010 12010 D CAR.CLIENT: localCarConnectionListener received onCarDisconnected()
02-23 01:50:44.102 12010 12010 D CAR.CLIENT: tearDownProjectionSessionState() pyt@3c7882c
02-23 01:50:44.102 12010 12010 D CAR.CLIENT: tearDownCarManagers() pyt@3c7882c
02-23 01:50:44.102 12010 12010 D CAR.CLIENT: localCarConnectionListener received onCarDisconnected()
02-23 01:50:44.102 12010 12010 D CAR.CLIENT: tearDownProjectionSessionState() pye@30ea960
02-23 01:50:44.102 12010 12010 D CAR.CLIENT: tearDownCarManagers() pye@30ea960
02-23 01:50:44.102 12010 12010 D CAR.CLIENT: localCarConnectionListener received onCarDisconnected()
02-23 01:50:44.102 12010 12010 D CAR.CLIENT: tearDownProjectionSessionState() pye@1fcaea
02-23 01:50:44.102 12010 12010 D CAR.CLIENT: tearDownCarManagers() pye@1fcaea
02-23 01:50:44.102 12010 12010 D CAR.CLIENT: localCarConnectionListener received onCarDisconnected()
02-23 01:50:44.102 12010 12010 D CAR.CLIENT: tearDownProjectionSessionState() pye@f10dc9b
02-23 01:50:44.102 12010 12010 D CAR.CLIENT: tearDownCarManagers() pye@f10dc9b
02-23 01:50:44.102 12010 12010 D CAR.CLIENT: localCarConnectionListener received onCarDisconnected()
02-23 01:50:44.102 12010 12010 D CAR.CLIENT: tearDownProjectionSessionState() pye@d2bf2d5
02-23 01:50:44.102 12010 12010 D CAR.CLIENT: tearDownCarManagers() pye@d2bf2d5
02-23 01:50:44.102 12010 12010 D CAR.CLIENT: localCarConnectionListener received onCarDisconnected()
02-23 01:50:44.102 12010 12010 D CAR.CLIENT: tearDownProjectionSessionState() pye@fc0d1db
02-23 01:50:44.102 12010 12010 D CAR.CLIENT: tearDownCarManagers() pye@fc0d1db
02-23 01:50:44.102 12010 12010 D CAR.PROJECTION.CAHI: null.onDisconnected()
02-23 01:50:44.102 12010 12010 D CAR.PROJECTION.CAHI: null.finish()
02-23 01:50:44.102 12010 12010 D CAR.PROJECTION.CAHI: Already finishing null, ignoring duplicate finish
02-23 01:50:44.102 12010 12010 D CAR.CLIENT: localCarConnectionListener received onCarDisconnected()
02-23 01:50:44.102 12010 12010 D CAR.CLIENT: tearDownProjectionSessionState() pyt@84b31f4
02-23 01:50:44.102 12010 12010 D CAR.CLIENT: tearDownCarManagers() pyt@84b31f4
02-23 01:50:44.102 12010 12010 D CAR.PROJECTION.CAHI: null.onDisconnected()
02-23 01:50:44.102 12010 12010 D CAR.PROJECTION.CAHI: null.finish()
02-23 01:50:44.102 12010 12010 D CAR.PROJECTION.CAHI: Already finishing null, ignoring duplicate finish
02-23 01:50:44.102 12010 12010 D CAR.CLIENT: localCarConnectionListener received onCarDisconnected()
02-23 01:50:44.102 12010 12010 D CAR.CLIENT: tearDownProjectionSessionState() pye@f6c4478
02-23 01:50:44.102 12010 12010 D CAR.CLIENT: tearDownCarManagers() pye@f6c4478
02-23 01:50:44.102 12010 12010 D CAR.CLIENT: localCarConnectionListener received onCarDisconnected()
02-23 01:50:44.102 12010 12010 D CAR.CLIENT: tearDownProjectionSessionState() pyt@7f4cd1d
02-23 01:50:44.102 12010 12010 D CAR.CLIENT: tearDownCarManagers() pyt@7f4cd1d
02-23 01:50:44.102 12010 12010 D CAR.CLIENT: localCarConnectionListener received onCarDisconnected()
02-23 01:50:44.102 12010 12010 D CAR.CLIENT: tearDownProjectionSessionState() pye@92e6b5f
02-23 01:50:44.102 12010 12010 D CAR.CLIENT: tearDownCarManagers() pye@92e6b5f
02-23 01:50:44.102 12010 12010 D CAR.PROJECTION.CAHI: null.onDisconnected()
02-23 01:50:44.102 12010 12010 D CAR.PROJECTION.CAHI: null.finish()
02-23 01:50:44.102 12010 12010 D CAR.PROJECTION.CAHI: Already finishing null, ignoring duplicate finish
02-23 01:50:44.102 12010 12010 D CAR.CLIENT: localCarConnectionListener received onCarDisconnected()
02-23 01:50:44.102 12010 12010 D CAR.CLIENT: tearDownProjectionSessionState() pyt@b285b92
02-23 01:50:44.102 12010 12010 D CAR.CLIENT: tearDownCarManagers() pyt@b285b92
02-23 01:50:44.102 12010 12010 D CAR.PROJECTION.CAHI: null.onDisconnected()
02-23 01:50:44.102 12010 12010 D CAR.PROJECTION.CAHI: null.finish()
02-23 01:50:44.102 12010 12010 D CAR.PROJECTION.CAHI: Already finishing null, ignoring duplicate finish
02-23 01:50:44.102 12010 12010 D CAR.CLIENT: localCarConnectionListener received onCarDisconnected()
02-23 01:50:44.102 12010 12010 D CAR.CLIENT: tearDownProjectionSessionState() pyt@ac5e751
02-23 01:50:44.102 12010 12010 D CAR.CLIENT: tearDownCarManagers() pyt@ac5e751
02-23 01:50:44.102 12010 12010 D CAR.CLIENT: localCarConnectionListener received onCarDisconnected()
02-23 01:50:44.102 12010 12010 D CAR.CLIENT: tearDownProjectionSessionState() pye@12ae0fb
02-23 01:50:44.102 12010 12010 D CAR.CLIENT: tearDownCarManagers() pye@12ae0fb
02-23 01:50:44.102 19618 19618 I CAR.CAM : makeBackground for component ComponentInfo{com.google.android.apps.maps/com.google.android.apps.gmm.car.GmmCarProjectionService}
02-23 01:50:44.102 12010 12010 D CAR.CLIENT: localCarConnectionListener received onCarDisconnected()
02-23 01:50:44.102 12010 12010 D CAR.CLIENT: tearDownProjectionSessionState() pye@d1b9963
02-23 01:50:44.102 12010 12010 D CAR.CLIENT: tearDownCarManagers() pye@d1b9963
02-23 01:50:44.103 12010 12010 D CAR.PROJECTION.CAHI: null.onDisconnected()
02-23 01:50:44.103 12010 12010 D CAR.PROJECTION.CAHI: null.finish()
02-23 01:50:44.103 12010 12010 D CAR.PROJECTION.CAHI: Already finishing null, ignoring duplicate finish
02-23 01:50:44.103 12010 12010 D CAR.CLIENT: localCarConnectionListener received onCarDisconnected()
02-23 01:50:44.103 12010 12010 D CAR.CLIENT: tearDownProjectionSessionState() pyt@eaf86b9
02-23 01:50:44.103 12010 12010 D CAR.CLIENT: tearDownCarManagers() pyt@eaf86b9
02-23 01:50:44.103 12010 12010 D CAR.CLIENT: localCarConnectionListener received onCarDisconnected()
02-23 01:50:44.103 12010 12010 D CAR.CLIENT: tearDownProjectionSessionState() pye@17843c2
02-23 01:50:44.103 12010 12010 D CAR.CLIENT: tearDownCarManagers() pye@17843c2
02-23 01:50:44.103 12010 12010 D CAR.CLIENT: localCarConnectionListener received onCarDisconnected()
02-23 01:50:44.103 12010 12010 D CAR.CLIENT: tearDownProjectionSessionState() pye@4e37960
02-23 01:50:44.103 12010 12010 D CAR.CLIENT: tearDownCarManagers() pye@4e37960
02-23 01:50:44.103 12010 12010 D CAR.CLIENT: localCarConnectionListener received onCarDisconnected()
02-23 01:50:44.103 12010 12010 D CAR.CLIENT: tearDownProjectionSessionState() pye@aec9ede
02-23 01:50:44.103 12010 12010 D CAR.CLIENT: tearDownCarManagers() pye@aec9ede
02-23 01:50:44.103 12010 12010 D CAR.CLIENT: localCarConnectionListener received onCarDisconnected()
02-23 01:50:44.103 12010 12010 D CAR.CLIENT: tearDownProjectionSessionState() pye@cdb78bf
02-23 01:50:44.103 12010 12010 D CAR.CLIENT: tearDownCarManagers() pye@cdb78bf
02-23 01:50:44.103 12010 12010 D CAR.CLIENT: localCarConnectionListener received onCarDisconnected()
02-23 01:50:44.103 12010 12010 D CAR.CLIENT: tearDownProjectionSessionState() pye@ec891da
02-23 01:50:44.103 12010 12010 D CAR.CLIENT: tearDownCarManagers() pye@ec891da
02-23 01:50:44.103 12010 12010 D CAR.PROJECTION.CAHI: null.onDisconnected()
02-23 01:50:44.103 12010 12010 D CAR.PROJECTION.CAHI: null.finish()
02-23 01:50:44.103 12010 12010 D CAR.PROJECTION.CAHI: Already finishing null, ignoring duplicate finish
02-23 01:50:44.103 12010 12010 D CAR.CLIENT: localCarConnectionListener received onCarDisconnected()
02-23 01:50:44.103 12010 12010 D CAR.CLIENT: tearDownProjectionSessionState() pyt@af6cb8c
02-23 01:50:44.103 12010 12010 D CAR.CLIENT: tearDownCarManagers() pyt@af6cb8c
02-23 01:50:44.103 12010 12010 D CAR.PROJECTION.CAHI: null.onDisconnected()
02-23 01:50:44.103 12010 12010 D CAR.PROJECTION.CAHI: null.finish()
02-23 01:50:44.103 12010 12010 D CAR.PROJECTION.CAHI: Already finishing null, ignoring duplicate finish
02-23 01:50:44.103 12010 12010 D CAR.CLIENT: localCarConnectionListener received onCarDisconnected()
02-23 01:50:44.103 12010 12010 D CAR.CLIENT: tearDownProjectionSessionState() pyt@76182d5
02-23 01:50:44.103 12010 12010 D CAR.CLIENT: tearDownCarManagers() pyt@76182d5
02-23 01:50:44.103 12010 12010 D CAR.CLIENT: localCarConnectionListener received onCarDisconnected()
02-23 01:50:44.103 12010 12010 D CAR.CLIENT: tearDownProjectionSessionState() pye@e0b71fc
02-23 01:50:44.103 12010 12010 D CAR.CLIENT: tearDownCarManagers() pye@e0b71fc
02-23 01:50:44.103 12010 12010 D CAR.PROJECTION.CAHI: null.onDisconnected()
02-23 01:50:44.103 12010 12010 D CAR.PROJECTION.CAHI: null.finish()
02-23 01:50:44.103 12010 12010 D CAR.PROJECTION.CAHI: Already finishing null, ignoring duplicate finish
02-23 01:50:44.103 12010 12010 D CAR.CLIENT: localCarConnectionListener received onCarDisconnected()
02-23 01:50:44.103 12010 12010 D CAR.CLIENT: tearDownProjectionSessionState() pye@5834ede
02-23 01:50:44.103 12010 12010 D CAR.CLIENT: tearDownCarManagers() pye@5834ede
02-23 01:50:44.103 12010 12010 D CAR.CLIENT: localCarConnectionListener received onCarDisconnected()
02-23 01:50:44.103 12010 12010 D CAR.CLIENT: tearDownProjectionSessionState() pye@8a468bf
02-23 01:50:44.103 12010 12010 D CAR.CLIENT: tearDownCarManagers() pye@8a468bf
02-23 01:50:44.103 12010 12010 D CAR.CLIENT: localCarConnectionListener received onCarDisconnected()
02-23 01:50:44.103 12010 12010 D CAR.CLIENT: tearDownProjectionSessionState() pye@d0b1478
02-23 01:50:44.103 12010 12010 D CAR.CLIENT: tearDownCarManagers() pye@d0b1478
02-23 01:50:44.103 12010 12010 D CAR.CLIENT: localCarConnectionListener received onCarDisconnected()
02-23 01:50:44.103 12010 12010 D CAR.CLIENT: tearDownProjectionSessionState() pye@ba7abb6
02-23 01:50:44.103 12010 12010 D CAR.CLIENT: tearDownCarManagers() pye@ba7abb6
02-23 01:50:44.103 12010 12010 D CAR.CLIENT: localCarConnectionListener received onCarDisconnected()
02-23 01:50:44.103 12010 12010 D CAR.CLIENT: tearDownProjectionSessionState() pye@7ee9e3e
02-23 01:50:44.103 12010 12010 D CAR.CLIENT: tearDownCarManagers() pye@7ee9e3e
02-23 01:50:44.103 12010 12010 D CAR.CLIENT: localCarConnectionListener received onCarDisconnected()
02-23 01:50:44.103 12010 12010 D CAR.CLIENT: tearDownProjectionSessionState() pye@8a4fb8c
02-23 01:50:44.103 12010 12010 D CAR.CLIENT: tearDownCarManagers() pye@8a4fb8c
02-23 01:50:44.103 12010 12010 D CAR.CLIENT: localCarConnectionListener received onCarDisconnected()
02-23 01:50:44.103 12010 12010 D CAR.CLIENT: tearDownProjectionSessionState() pye@af1f506
02-23 01:50:44.103 12010 12010 D CAR.CLIENT: tearDownCarManagers() pye@af1f506
02-23 01:50:44.103 12010 12010 D CAR.PROJECTION.CAHI: null.onDisconnected()
02-23 01:50:44.103 12010 12010 D CAR.PROJECTION.CAHI: null.finish()
02-23 01:50:44.103 12010 12010 D CAR.PROJECTION.CAHI: Already finishing null, ignoring duplicate finish
02-23 01:50:44.103 12010 12010 D CAR.CLIENT: localCarConnectionListener received onCarDisconnected()
02-23 01:50:44.103 12010 12010 D CAR.CLIENT: tearDownProjectionSessionState() pyt@5717aea
02-23 01:50:44.103 12010 12010 D CAR.CLIENT: tearDownCarManagers() pyt@5717aea
02-23 01:50:44.103 12010 12010 D CAR.CLIENT: localCarConnectionListener received onCarDisconnected()
02-23 01:50:44.103 12010 12010 D CAR.CLIENT: tearDownProjectionSessionState() pye@e190024
02-23 01:50:44.103 12010 12010 D CAR.CLIENT: tearDownCarManagers() pye@e190024
02-23 01:50:44.103 12010 12010 D CAR.CLIENT: localCarConnectionListener received onCarDisconnected()
02-23 01:50:44.103 12010 12010 D CAR.CLIENT: tearDownProjectionSessionState() pyt@858e1db
02-23 01:50:44.103 12010 12010 D CAR.CLIENT: tearDownCarManagers() pyt@858e1db
02-23 01:50:44.103 12010 12010 D CAR.CLIENT: localCarConnectionListener received onCarDisconnected()
02-23 01:50:44.103 12010 12010 D CAR.CLIENT: tearDownProjectionSessionState() pyt@cba4e2e
02-23 01:50:44.103 12010 12010 D CAR.CLIENT: tearDownCarManagers() pyt@cba4e2e
02-23 01:50:44.103 12010 12010 D CAR.CLIENT: localCarConnectionListener received onCarDisconnected()
02-23 01:50:44.103 12010 12010 D CAR.CLIENT: tearDownProjectionSessionState() pye@672e540
02-23 01:50:44.103 12010 12010 D CAR.CLIENT: tearDownCarManagers() pye@672e540
02-23 01:50:44.103 12010 12010 D CAR.CLIENT: localCarConnectionListener received onCarDisconnected()
02-23 01:50:44.103 12010 12010 D CAR.CLIENT: tearDownProjectionSessionState() pye@e88378d
02-23 01:50:44.103 12010 12010 D CAR.CLIENT: tearDownCarManagers() pye@e88378d
02-23 01:50:44.103 12010 12010 D CAR.CLIENT: localCarConnectionListener received onCarDisconnected()
02-23 01:50:44.103 12010 12010 D CAR.CLIENT: tearDownProjectionSessionState() pyt@4a11f3a
02-23 01:50:44.103 12010 12010 D CAR.CLIENT: tearDownCarManagers() pyt@4a11f3a
02-23 01:50:44.103 12010 12010 D CAR.CLIENT: localCarConnectionListener received onCarDisconnected()
02-23 01:50:44.103 12010 12010 D CAR.CLIENT: tearDownProjectionSessionState() pye@4facd42
02-23 01:50:44.103 12010 12010 D CAR.CLIENT: tearDownCarManagers() pye@4facd42
02-23 01:50:44.103 12010 12010 D CAR.CLIENT: localCarConnectionListener received onCarDisconnected()
02-23 01:50:44.103 12010 12010 D CAR.CLIENT: tearDownProjectionSessionState() pye@179c0b7
02-23 01:50:44.103 12010 12010 D CAR.CLIENT: tearDownCarManagers() pye@179c0b7
02-23 01:50:44.103 12010 12010 D CAR.CLIENT: localCarConnectionListener received onCarDisconnected()
02-23 01:50:44.103 12010 12010 D CAR.CLIENT: tearDownProjectionSessionState() pye@fbb6a94
02-23 01:50:44.103 12010 12010 D CAR.CLIENT: tearDownCarManagers() pye@fbb6a94
02-23 01:50:44.103 12010 12010 D CAR.CLIENT: localCarConnectionListener received onCarDisconnected()
02-23 01:50:44.103 12010 12010 D CAR.CLIENT: tearDownProjectionSessionState() pye@f4a185c
02-23 01:50:44.103 12010 12010 D CAR.CLIENT: tearDownCarManagers() pye@f4a185c
02-23 01:50:44.103 12010 12010 D CAR.CLIENT: localCarConnectionListener received onCarDisconnected()
02-23 01:50:44.103 12010 12010 D CAR.CLIENT: tearDownProjectionSessionState() pye@ea4b524
02-23 01:50:44.103 12010 12010 D CAR.CLIENT: tearDownCarManagers() pye@ea4b524
02-23 01:50:44.103 12010 12010 D CAR.CLIENT: localCarConnectionListener received onCarDisconnected()
02-23 01:50:44.103 12010 12010 D CAR.CLIENT: tearDownProjectionSessionState() pye@44dbf89
02-23 01:50:44.103 12010 12010 D CAR.CLIENT: tearDownCarManagers() pye@44dbf89
02-23 01:50:44.103 12010 12010 D CAR.CLIENT: localCarConnectionListener received onCarDisconnected()
02-23 01:50:44.103 12010 12010 D CAR.CLIENT: tearDownProjectionSessionState() pye@26c7b8e
02-23 01:50:44.103 12010 12010 D CAR.CLIENT: tearDownCarManagers() pye@26c7b8e
02-23 01:50:44.103 12010 12010 D CAR.CLIENT.PLS: Projection teardown
02-23 01:50:44.103 12010 12010 D CAR.CLIENT.PLS: Projection unlinkToDeath true
02-23 01:50:44.104 12010 12010 I GH.GhLifecycleService: onProjectionTearDown()
02-23 01:50:44.104 19618 19618 I CAR.CAM : Unbinding from GmmCarProjectionService
02-23 01:50:44.104 12010 12010 I GH.CarClientManager: onCarDisconnectedViaLifecycle
02-23 01:50:44.104 12010 12010 I GH.CarClientManager: CarClientToken is in state CLIENT_CONNECTED_AND_CAR_CONNECTED; running onCarDisconnected()
02-23 01:50:44.104 12010 12010 I GH.CarClientManager: car disconnected. isProjected: true
02-23 01:50:44.104 12010 12010 W GH.CarClientManager: Illegal state transition from CLIENT_CONNECTED_AND_CAR_CONNECTED to CLIENT_CONNECTED_AND_CAR_DISCONNECTED! Allowing anyway.
02-23 01:50:44.104 12010 12010 I GH.CarClientManager: Transition from CLIENT_CONNECTED_AND_CAR_CONNECTED to CLIENT_CONNECTED_AND_CAR_DISCONNECTED.
02-23 01:50:44.104 12010 12010 D GH.CarClientManager: notifyListenersOnCarDisconnected entered
02-23 01:50:44.104 12010 12010 D GH.CarClientManager: calling onCarDisconnected on jhl@9baba55
02-23 01:50:44.104 12010 12010 D GH.CarClientManager: calling onCarDisconnected on ncl@c056c6a
02-23 01:50:44.104 12010 12010 D GH.CarClientManager: calling onCarDisconnected on ndf@34f476f
02-23 01:50:44.104 12010 12010 D GH.CarClientManager: calling onCarDisconnected on iqx@7e6ca36
02-23 01:50:44.104 12010 12010 D GH.CarClientManager: calling onCarDisconnected on jhp@ff5b557
02-23 01:50:44.104 12010 12010 D GH.MdPlayerCardStateLD: cardState: NO_APP
02-23 01:50:44.104 12010 12010 D GH.MediaSugPvdr: Use Assistant media suggestions
02-23 01:50:44.104 12010 12010 D GH.MediaSugPvdr: Use Assistant media suggestions
02-23 01:50:44.104 12010 12010 D GH.MdPlayerCardStateLD: isMediaSuggestionAvailable: false
02-23 01:50:44.108 12010 12010 D GH.MdPlayerCardStateLD: cardState: NO_APP
02-23 01:50:44.108 12010 12010 D GH.MediaSugPvdr: Use Assistant media suggestions
02-23 01:50:44.108 19618 19618 I CAR.CAM : makeBackground for component null
02-23 01:50:44.108 19618 19618 I CAR.CAM : Already unbound, not making background
02-23 01:50:44.109 19618 19618 I CAR.CAM : Unbinding from VoicePlateCarService
02-23 01:50:44.109 12010 12010 D GH.MediaSugPvdr: Use Assistant media suggestions
02-23 01:50:44.109 12010 12010 D GH.MdPlayerCardStateLD: isMediaSuggestionAvailable: false
02-23 01:50:44.109 12010 12010 D GH.MdPlayerCardStateLD: cardState: NO_APP
02-23 01:50:44.109 12010 12010 D GH.MediaSugPvdr: Use Assistant media suggestions
02-23 01:50:44.109 12010 12010 D GH.MediaSugPvdr: Use Assistant media suggestions
02-23 01:50:44.109 12010 12010 D GH.MdPlayerCardStateLD: isMediaSuggestionAvailable: false
02-23 01:50:44.109 12010 12010 D GH.MdPlayerCardStateLD: cardState: NO_APP
02-23 01:50:44.109 12010 12010 D GH.MediaSugPvdr: Use Assistant media suggestions
02-23 01:50:44.109 12010 12010 D GH.MediaSugPvdr: Use Assistant media suggestions
02-23 01:50:44.109 12010 12010 D GH.MdPlayerCardStateLD: isMediaSuggestionAvailable: false
02-23 01:50:44.109 12010 12010 D GH.MdPlayerCardStateLD: cardState: NO_APP
02-23 01:50:44.109 12010 12010 D GH.MediaSugPvdr: Use Assistant media suggestions
02-23 01:50:44.109 12010 12010 D GH.MediaSugPvdr: Use Assistant media suggestions
02-23 01:50:44.109 12010 12010 D GH.MdPlayerCardStateLD: isMediaSuggestionAvailable: false
02-23 01:50:44.109 12010 12010 D GH.MdPlayerCardStateLD: cardState: NO_APP
02-23 01:50:44.109 12010 12010 D GH.MediaSugPvdr: Use Assistant media suggestions
02-23 01:50:44.109 12010 12010 D GH.MediaSugPvdr: Use Assistant media suggestions
02-23 01:50:44.109 19618 29966 I CAR.GAL.GAL.LITE: Exception received: 
02-23 01:50:44.109 19618 29966 I CAR.GAL.GAL.LITE: java.net.SocketException: Socket closed
02-23 01:50:44.109 19618 29966 I CAR.GAL.GAL.LITE: 	at java.net.SocketOutputStream.socketWrite(SocketOutputStream.java:119)
02-23 01:50:44.109 19618 29966 I CAR.GAL.GAL.LITE: 	at java.net.SocketOutputStream.write(SocketOutputStream.java:156)
02-23 01:50:44.109 19618 29966 I CAR.GAL.GAL.LITE: 	at java.io.BufferedOutputStream.flushBuffer(BufferedOutputStream.java:81)
02-23 01:50:44.109 19618 29966 I CAR.GAL.GAL.LITE: 	at java.io.BufferedOutputStream.flush(BufferedOutputStream.java:142)
02-23 01:50:44.109 19618 29966 I CAR.GAL.GAL.LITE: 	at iac.run(SourceFile:25)
02-23 01:50:44.109 19618 29966 E CAR.GAL.GAL.LITE: WriterThread: exiting due to IO error
02-23 01:50:44.109 12010 12010 D GH.MdPlayerCardStateLD: isMediaSuggestionAvailable: false
02-23 01:50:44.109 12010 12010 D GH.MdPlayerCardStateLD: cardState: NO_APP
02-23 01:50:44.109 12010 12010 D GH.MediaSugPvdr: Use Assistant media suggestions
02-23 01:50:44.109 12010 12010 D GH.MediaSugPvdr: Use Assistant media suggestions
02-23 01:50:44.109 12010 12010 D GH.MdPlayerCardStateLD: isMediaSuggestionAvailable: false
02-23 01:50:44.109 12010 12010 D GH.MdPlayerCardStateLD: cardState: NO_APP
02-23 01:50:44.109 12010 12010 D GH.MediaSugPvdr: Use Assistant media suggestions
02-23 01:50:44.109 12010 12010 D GH.MediaSugPvdr: Use Assistant media suggestions
02-23 01:50:44.109 12010 12010 D GH.MdPlayerCardStateLD: isMediaSuggestionAvailable: false
02-23 01:50:44.109 12010 12010 D GH.MdPlayerCardStateLD: cardState: NO_APP
02-23 01:50:44.109 12010 12010 D GH.MediaSugPvdr: Use Assistant media suggestions
02-23 01:50:44.109 12010 12010 D GH.MediaSugPvdr: Use Assistant media suggestions
02-23 01:50:44.109 12010 12010 D GH.MdPlayerCardStateLD: isMediaSuggestionAvailable: false
02-23 01:50:44.109 12010 12010 D GH.MdPlayerCardStateLD: cardState: NO_APP
02-23 01:50:44.109 12010 12010 D GH.MediaSugPvdr: Use Assistant media suggestions
02-23 01:50:44.109 12010 12010 D GH.MediaSugPvdr: Use Assistant media suggestions
02-23 01:50:44.109 12010 12010 D GH.MdPlayerCardStateLD: isMediaSuggestionAvailable: false
02-23 01:50:44.109 12010 12010 D GH.MdPlayerCardStateLD: cardState: NO_APP
02-23 01:50:44.109 12010 12010 D GH.MediaSugPvdr: Use Assistant media suggestions
02-23 01:50:44.109 12010 12010 D GH.MediaSugPvdr: Use Assistant media suggestions
02-23 01:50:44.109 12010 12010 D GH.MdPlayerCardStateLD: isMediaSuggestionAvailable: false
02-23 01:50:44.109 12010 12010 D GH.MdPlayerCardStateLD: cardState: NO_APP
02-23 01:50:44.109 12010 12010 D GH.MediaSugPvdr: Use Assistant media suggestions
02-23 01:50:44.109 12010 12010 D GH.MediaSugPvdr: Use Assistant media suggestions
02-23 01:50:44.110 12010 12010 D GH.MdPlayerCardStateLD: isMediaSuggestionAvailable: false
02-23 01:50:44.110 12010 12010 D GH.MdPlayerCardStateLD: cardState: NO_APP
02-23 01:50:44.110 12010 12010 D GH.MediaSugPvdr: Use Assistant media suggestions
02-23 01:50:44.110 12010 12010 D GH.MediaSugPvdr: Use Assistant media suggestions
02-23 01:50:44.110 12010 12010 D GH.MdPlayerCardStateLD: isMediaSuggestionAvailable: false
02-23 01:50:44.110 12010 12010 D GH.MdPlayerCardStateLD: cardState: NO_APP
02-23 01:50:44.110 12010 12010 D GH.MediaSugPvdr: Use Assistant media suggestions
02-23 01:50:44.110 12010 12010 D GH.MediaSugPvdr: Use Assistant media suggestions
02-23 01:50:44.110 12010 12010 D GH.MdPlayerCardStateLD: isMediaSuggestionAvailable: false
02-23 01:50:44.110 12010 12010 D GH.MdPlayerCardStateLD: cardState: NO_APP
02-23 01:50:44.110 19618  9398 W CAR.CAM : Ignoring unexpected message continuation in VoicePlateCarService: head null; got FINISH null
02-23 01:50:44.110 12010 12010 D GH.MediaSugPvdr: Use Assistant media suggestions
02-23 01:50:44.110 12010 12010 D GH.MediaSugPvdr: Use Assistant media suggestions
02-23 01:50:44.110 12010 12010 D GH.MdPlayerCardStateLD: isMediaSuggestionAvailable: false
02-23 01:50:44.110 12010 12010 D GH.MdPlayerCardStateLD: cardState: NO_APP
02-23 01:50:44.110 12010 12010 D GH.MediaSugPvdr: Use Assistant media suggestions
02-23 01:50:44.110 12010 12010 D GH.MediaSugPvdr: Use Assistant media suggestions
02-23 01:50:44.110 12010 12010 D GH.MdPlayerCardStateLD: isMediaSuggestionAvailable: false
02-23 01:50:44.110 12010 12010 D GH.MdPlayerCardStateLD: cardState: NO_APP
02-23 01:50:44.110 12010 12010 D GH.MediaSugPvdr: Use Assistant media suggestions
02-23 01:50:44.110 12010 12010 D GH.MediaSugPvdr: Use Assistant media suggestions
02-23 01:50:44.110 12010 12010 D GH.MdPlayerCardStateLD: isMediaSuggestionAvailable: false
02-23 01:50:44.110 12010 12010 D GH.MdPlayerCardStateLD: cardState: NO_APP
02-23 01:50:44.110 12010 12010 D GH.MediaSugPvdr: Use Assistant media suggestions
02-23 01:50:44.110 12010 12010 D GH.MediaSugPvdr: Use Assistant media suggestions
02-23 01:50:44.110 12010 12010 D GH.MdPlayerCardStateLD: isMediaSuggestionAvailable: false
02-23 01:50:44.110 12010 12010 D GH.MdPlayerCardStateLD: cardState: NO_APP
02-23 01:50:44.110 12010 12010 D GH.MediaSugPvdr: Use Assistant media suggestions
02-23 01:50:44.110 12010 12010 D GH.MediaSugPvdr: Use Assistant media suggestions
02-23 01:50:44.110 12010 12010 D GH.MdPlayerCardStateLD: isMediaSuggestionAvailable: false
02-23 01:50:44.110 11773 11773 D CAR.CLIENT: localCarConnectionListener received onCarDisconnected()
02-23 01:50:44.110 11773 11773 D CAR.CLIENT: tearDownProjectionSessionState() ccqr@a420bd6
02-23 01:50:44.110 11773 11773 D CAR.CLIENT: tearDownCarManagers() ccqr@a420bd6
02-23 01:50:44.110 11773 11773 D CAR.CLIENT: Multi-display client enabled. Get ICarDisplay for: CarDisplayId{displayId=0}
02-23 01:50:44.113 11773 11773 D CAR.PROJECTION.CAHI: cheq.onUnbind()
02-23 01:50:44.113 11773 11773 D CAR.PROJECTION.CAHI: cheq.destroyPresentationAndVirtualDisplay()
02-23 01:50:44.114 12010 12010 E GH.MediaLiveDataFns: createIsBrowserSearchableData indicated car token disconnect
02-23 01:50:44.115 11773 11773 D CAR.PROJECTION.CAHI: cheq.onDestroy()
02-23 01:50:44.115 11773 11773 D CAR.INPUT: destroy
02-23 01:50:44.115 11773 11773 D CAR.PROJECTION.CAHI: cheq.destroyPresentationAndVirtualDisplay()
02-23 01:50:44.116 19618 19618 I CAR.IME : Resetting input manager
02-23 01:50:44.116 12010 12010 D GH.MediaModel: Controller in state DISCONNECTED_OUT_OF_CONNECTION_LIFECYCLE. Not notifying listeners
02-23 01:50:44.117 12010 12010 D GH.MediaModel: Browser in state DISCONNECTED_OUT_OF_CONNECTION_LIFECYCLE. Not notifying listeners
02-23 01:50:44.117 12010 13254 D CAR.CLIENT.PLS: onProjectionEnd on binder thread
02-23 01:50:44.120 12010 12010 D GH.MdPlayerCardStateLD: isMediaSessionValid: false
02-23 01:50:44.120 12010 12010 D GH.MdPlayerCardStateLD: connectionTimeoutHasElapsed: false
02-23 01:50:44.120 12010 12010 D GH.MdPlayerCardStateLD: timedOutAfterPlaybackStateChange: false
02-23 01:50:44.122 12010 12010 D GH.MdPlayerCardStateLD: isMediaSessionValid: false
02-23 01:50:44.122 12010 12010 D GH.MdPlayerCardStateLD: connectionTimeoutHasElapsed: false
02-23 01:50:44.122 12010 12010 D GH.MdPlayerCardStateLD: timedOutAfterPlaybackStateChange: false
02-23 01:50:44.135 12010 12010 D GH.MdPlayerCardStateLD: isMediaSessionValid: false
02-23 01:50:44.136 12010 12010 D GH.MdPlayerCardStateLD: connectionTimeoutHasElapsed: false
02-23 01:50:44.136 12010 12010 D GH.MdPlayerCardStateLD: timedOutAfterPlaybackStateChange: false
02-23 01:50:44.136  8910  5321 D CAR.CLIENT.PLS: onProjectionEnd on binder thread
02-23 01:50:44.137  8910  8910 D CAR.CLIENT.PLS: Projection end
02-23 01:50:44.142 21855 21896 I GH.ConnLoggerV2: Session 7bdbf25b-9c23-458c-9bb7-27434b9831e6, event 1085, detail OptionalInt.empty, PROJECTION_ENDED_WIFI, at 383333185 
02-23 01:50:44.144 12010 12010 D GH.MdPlayerCardStateLD: isMediaSessionValid: false
02-23 01:50:44.144 12010 12010 D GH.MdPlayerCardStateLD: connectionTimeoutHasElapsed: false
02-23 01:50:44.144 12010 12010 D GH.MdPlayerCardStateLD: timedOutAfterPlaybackStateChange: false
02-23 01:50:44.145 12010 12010 D GH.MdPlayerCardStateLD: isMediaSessionValid: false
02-23 01:50:44.145 12010 12010 D GH.MdPlayerCardStateLD: connectionTimeoutHasElapsed: false
02-23 01:50:44.145 12010 12010 D GH.MdPlayerCardStateLD: timedOutAfterPlaybackStateChange: false
02-23 01:50:44.145 19618 19618 I CAR.AUDIO.FOCUS: Stop audio focus handler
02-23 01:50:44.145 19618 19618 I CAR.AUDIO.CHANNEL: disabling stream: MEDIA, had focus: false
02-23 01:50:44.145 19618 19618 I CAR.AUDIO.CHANNEL: disabling stream: TTS, had focus: false
02-23 01:50:44.146 19618 19618 I CAR.AUDIO.CHANNEL: disabling stream: SYSTEM, had focus: true
02-23 01:50:44.146 19618 30015 I CAR.AUDIO.AFM: Request android audio focus on exit
02-23 01:50:44.148 12010 12010 D GH.MdPlayerCardStateLD: isMediaSessionValid: false
02-23 01:50:44.148 12010 12010 D GH.MdPlayerCardStateLD: connectionTimeoutHasElapsed: false
02-23 01:50:44.148 12010 12010 D GH.MdPlayerCardStateLD: timedOutAfterPlaybackStateChange: false
02-23 01:50:44.149 12010 12010 D GH.MdPlayerCardStateLD: isMediaSessionValid: false
02-23 01:50:44.149 12010 12010 D GH.MdPlayerCardStateLD: connectionTimeoutHasElapsed: false
02-23 01:50:44.149 12010 12010 D GH.MdPlayerCardStateLD: timedOutAfterPlaybackStateChange: false
02-23 01:50:44.151 12010 12010 D GH.MdPlayerCardStateLD: isMediaSessionValid: false
02-23 01:50:44.151 12010 12010 D GH.MdPlayerCardStateLD: connectionTimeoutHasElapsed: false
02-23 01:50:44.151 12010 12010 D GH.MdPlayerCardStateLD: timedOutAfterPlaybackStateChange: false
02-23 01:50:44.152 12010 12010 D GH.MdPlayerCardStateLD: isMediaSessionValid: false
02-23 01:50:44.152 12010 12010 D GH.MdPlayerCardStateLD: connectionTimeoutHasElapsed: false
02-23 01:50:44.154 12010 12010 D GH.MdPlayerCardStateLD: timedOutAfterPlaybackStateChange: false
02-23 01:50:44.157 12010 12010 D GH.MdPlayerCardStateLD: isMediaSessionValid: false
02-23 01:50:44.157 12010 12010 D GH.MdPlayerCardStateLD: connectionTimeoutHasElapsed: false
02-23 01:50:44.157 12010 12010 D GH.MdPlayerCardStateLD: timedOutAfterPlaybackStateChange: false
02-23 01:50:44.160 12010 12010 D GH.MdPlayerCardStateLD: isMediaSessionValid: false
02-23 01:50:44.160 12010 12010 D GH.MdPlayerCardStateLD: connectionTimeoutHasElapsed: false
02-23 01:50:44.160 12010 12010 D GH.MdPlayerCardStateLD: timedOutAfterPlaybackStateChange: false
02-23 01:50:44.162 12010 12010 D GH.MdPlayerCardStateLD: isMediaSessionValid: false
02-23 01:50:44.162 12010 12010 D GH.MdPlayerCardStateLD: connectionTimeoutHasElapsed: false
02-23 01:50:44.162 12010 12010 D GH.MdPlayerCardStateLD: timedOutAfterPlaybackStateChange: false
02-23 01:50:44.163 12010 12010 D GH.MdPlayerCardStateLD: isMediaSessionValid: false
02-23 01:50:44.163 12010 12010 D GH.MdPlayerCardStateLD: connectionTimeoutHasElapsed: false
02-23 01:50:44.163 12010 12010 D GH.MdPlayerCardStateLD: timedOutAfterPlaybackStateChange: false
02-23 01:50:44.164 12010 12010 D GH.MdPlayerCardStateLD: isMediaSessionValid: false
02-23 01:50:44.164 12010 12010 D GH.MdPlayerCardStateLD: connectionTimeoutHasElapsed: false
02-23 01:50:44.164 12010 12010 D GH.MdPlayerCardStateLD: timedOutAfterPlaybackStateChange: false
02-23 01:50:44.165 12010 12010 D GH.MdPlayerCardStateLD: isMediaSessionValid: false
02-23 01:50:44.165 12010 12010 D GH.MdPlayerCardStateLD: connectionTimeoutHasElapsed: false
02-23 01:50:44.165 12010 12010 D GH.MdPlayerCardStateLD: timedOutAfterPlaybackStateChange: false
02-23 01:50:44.166 12010 12010 D GH.MdPlayerCardStateLD: isMediaSessionValid: false
02-23 01:50:44.166 12010 12010 D GH.MdPlayerCardStateLD: connectionTimeoutHasElapsed: false
02-23 01:50:44.166 12010 12010 D GH.MdPlayerCardStateLD: timedOutAfterPlaybackStateChange: false
02-23 01:50:44.166 12010 12010 D GH.MdPlayerCardStateLD: isMediaSessionValid: false
02-23 01:50:44.166 12010 12010 D GH.MdPlayerCardStateLD: connectionTimeoutHasElapsed: false
02-23 01:50:44.166 12010 12010 D GH.MdPlayerCardStateLD: timedOutAfterPlaybackStateChange: false
02-23 01:50:44.167 12010 12010 D GH.MdPlayerCardStateLD: isMediaSessionValid: false
02-23 01:50:44.167 12010 12010 D GH.MdPlayerCardStateLD: connectionTimeoutHasElapsed: false
02-23 01:50:44.167 12010 12010 D GH.MdPlayerCardStateLD: timedOutAfterPlaybackStateChange: false
02-23 01:50:44.168 12010 12010 D GH.MdPlayerCardStateLD: isMediaSessionValid: false
02-23 01:50:44.168 12010 12010 D GH.MdPlayerCardStateLD: connectionTimeoutHasElapsed: false
02-23 01:50:44.168 12010 12010 D GH.MdPlayerCardStateLD: timedOutAfterPlaybackStateChange: false
02-23 01:50:44.168 12010 12010 D GH.MediaModel: Controller in state DISCONNECTED_OUT_OF_CONNECTION_LIFECYCLE. Not notifying listeners
02-23 01:50:44.168 12010 12010 D GH.MediaModel: Browser in state DISCONNECTED_OUT_OF_CONNECTION_LIFECYCLE. Not notifying listeners
02-23 01:50:44.169 12010 12010 D GH.MediaModel: Controller in state DISCONNECTED_OUT_OF_CONNECTION_LIFECYCLE. Not notifying listeners
02-23 01:50:44.170 12010 12010 D GH.MediaModel: Browser in state DISCONNECTED_OUT_OF_CONNECTION_LIFECYCLE. Not notifying listeners
02-23 01:50:44.170 12010 12010 D GH.MediaModel: Controller in state DISCONNECTED_OUT_OF_CONNECTION_LIFECYCLE. Not notifying listeners
02-23 01:50:44.170 12010 12010 D GH.MediaModel: Browser in state DISCONNECTED_OUT_OF_CONNECTION_LIFECYCLE. Not notifying listeners
02-23 01:50:44.171 12010 12010 D GH.MediaModel: Controller in state DISCONNECTED_OUT_OF_CONNECTION_LIFECYCLE. Not notifying listeners
02-23 01:50:44.171 12010 12010 D GH.MediaModel: Browser in state DISCONNECTED_OUT_OF_CONNECTION_LIFECYCLE. Not notifying listeners
02-23 01:50:44.172 12010 12010 D GH.MediaModel: Controller in state DISCONNECTED_OUT_OF_CONNECTION_LIFECYCLE. Not notifying listeners
02-23 01:50:44.172 12010 12010 D GH.MediaModel: Browser in state DISCONNECTED_OUT_OF_CONNECTION_LIFECYCLE. Not notifying listeners
02-23 01:50:44.172 12010 12010 D GH.MediaModel: Controller in state DISCONNECTED_OUT_OF_CONNECTION_LIFECYCLE. Not notifying listeners
02-23 01:50:44.173 12010 12010 D GH.MediaModel: Browser in state DISCONNECTED_OUT_OF_CONNECTION_LIFECYCLE. Not notifying listeners
02-23 01:50:44.173 12010 12010 D GH.MediaModel: Controller in state DISCONNECTED_OUT_OF_CONNECTION_LIFECYCLE. Not notifying listeners
02-23 01:50:44.176 12010 12010 D GH.MediaModel: Browser in state DISCONNECTED_OUT_OF_CONNECTION_LIFECYCLE. Not notifying listeners
02-23 01:50:44.176 12010 12010 D GH.MediaModel: Controller in state DISCONNECTED_OUT_OF_CONNECTION_LIFECYCLE. Not notifying listeners
02-23 01:50:44.177 12010 12010 D GH.MediaModel: Browser in state DISCONNECTED_OUT_OF_CONNECTION_LIFECYCLE. Not notifying listeners
02-23 01:50:44.177 12010 12010 D GH.MediaModel: Controller in state DISCONNECTED_OUT_OF_CONNECTION_LIFECYCLE. Not notifying listeners
02-23 01:50:44.177 12010 12010 D GH.MediaModel: Browser in state DISCONNECTED_OUT_OF_CONNECTION_LIFECYCLE. Not notifying listeners
02-23 01:50:44.177 12010 12010 D GH.MediaModel: Controller in state DISCONNECTED_OUT_OF_CONNECTION_LIFECYCLE. Not notifying listeners
02-23 01:50:44.177 12010 12010 D GH.MediaModel: Browser in state DISCONNECTED_OUT_OF_CONNECTION_LIFECYCLE. Not notifying listeners
02-23 01:50:44.177 12010 12010 D GH.MediaModel: Controller in state DISCONNECTED_OUT_OF_CONNECTION_LIFECYCLE. Not notifying listeners
02-23 01:50:44.178 12010 12010 D GH.MediaModel: Browser in state DISCONNECTED_OUT_OF_CONNECTION_LIFECYCLE. Not notifying listeners
02-23 01:50:44.178 12010 12010 D GH.MediaSugPvdr: Returning 0 Assistant media suggestions, componentName: ComponentInfo{au.com.shiftyjelly.pocketcasts/au.com.shiftyjelly.pocketcasts.repositories.playback.PlaybackService}
02-23 01:50:44.182 12010 12010 D GH.MediaActiveBrowsConn: unsubscribe componentName=au.com.shiftyjelly.pocketcasts/.repositories.playback.PlaybackService id=__ROOT__
02-23 01:50:44.182 12010 12010 D GH.Assistant.SignalLD: buildMbsComponentName: component=ComponentInfo{au.com.shiftyjelly.pocketcasts/au.com.shiftyjelly.pocketcasts.repositories.playback.PlaybackService}
02-23 01:50:44.182 12010 12010 D GH.Assistant.SignalLD: Car client token is null, returning same component=ComponentInfo{au.com.shiftyjelly.pocketcasts/au.com.shiftyjelly.pocketcasts.repositories.playback.PlaybackService}
02-23 01:50:44.182 12010 12010 D GH.MediaBCConnection: onInactive component=ComponentInfo{au.com.shiftyjelly.pocketcasts/au.com.shiftyjelly.pocketcasts.repositories.playback.PlaybackService}
02-23 01:50:44.182 12010 12010 D GH.MediaBCConnection: disconnectFromBrowser component=ComponentInfo{au.com.shiftyjelly.pocketcasts/au.com.shiftyjelly.pocketcasts.repositories.playback.PlaybackService}
02-23 01:50:44.183 12010 12010 D GH.MediaBCConnection: onActive component=ComponentInfo{au.com.shiftyjelly.pocketcasts/au.com.shiftyjelly.pocketcasts.repositories.playback.PlaybackService}
02-23 01:50:44.183 12010 12010 D GH.MediaBCConnection: connectToBrowser component=ComponentInfo{au.com.shiftyjelly.pocketcasts/au.com.shiftyjelly.pocketcasts.repositories.playback.PlaybackService}
02-23 01:50:44.183 12010 12010 D GH.MediaSugPvdr: Returning 0 Assistant media suggestions, componentName: null
02-23 01:50:44.183 12010 12010 D GH.MediaSugPvdr: Returning 0 Assistant media suggestions, componentName: null
02-23 01:50:44.183 12010 12010 D GH.MediaSugPvdr: Returning 0 Assistant media suggestions, componentName: null
02-23 01:50:44.183 12010 12010 D GH.MediaSugPvdr: Returning 0 Assistant media suggestions, componentName: null
02-23 01:50:44.183 12010 12010 D GH.MediaSugPvdr: Returning 0 Assistant media suggestions, componentName: null
02-23 01:50:44.183 12010 12010 D GH.MediaSugPvdr: Returning 0 Assistant media suggestions, componentName: null
02-23 01:50:44.183 12010 12010 D GH.MediaSugPvdr: Returning 0 Assistant media suggestions, componentName: null
02-23 01:50:44.183 12010 12010 D GH.MediaSugPvdr: Returning 0 Assistant media suggestions, componentName: null
02-23 01:50:44.183 12010 12010 D GH.MediaSugPvdr: Returning 0 Assistant media suggestions, componentName: null
02-23 01:50:44.183 12010 12010 D GH.MediaSugPvdr: Returning 0 Assistant media suggestions, componentName: null
02-23 01:50:44.183 12010 12010 D GH.MediaSugPvdr: Returning 0 Assistant media suggestions, componentName: null
02-23 01:50:44.183 12010 12010 D GH.MediaSugPvdr: Returning 0 Assistant media suggestions, componentName: null
02-23 01:50:44.184 12010 12010 D GH.MediaSugPvdr: Returning 0 Assistant media suggestions, componentName: null
02-23 01:50:44.184 12010 12010 D GH.MediaSugPvdr: Returning 0 Assistant media suggestions, componentName: null
02-23 01:50:44.184 12010 12010 D GH.MediaSugPvdr: Returning 0 Assistant media suggestions, componentName: null
02-23 01:50:44.184 12010 12010 D GH.MediaSugPvdr: Returning 0 Assistant media suggestions, componentName: null
02-23 01:50:44.184 12010 12010 D GH.MediaSugPvdr: Returning 0 Assistant media suggestions, componentName: null
02-23 01:50:44.184 12010 12010 D GH.MediaSugPvdr: Returning 0 Assistant media suggestions, componentName: null
02-23 01:50:44.184 12010 12010 D GH.MediaSugPvdr: Returning 0 Assistant media suggestions, componentName: null
02-23 01:50:44.184 12010 12010 D GH.MediaBCConnection: onInactive component=ComponentInfo{au.com.shiftyjelly.pocketcasts/au.com.shiftyjelly.pocketcasts.repositories.playback.PlaybackService}
02-23 01:50:44.184 12010 12010 D GH.MediaBCConnection: disconnectFromBrowser component=ComponentInfo{au.com.shiftyjelly.pocketcasts/au.com.shiftyjelly.pocketcasts.repositories.playback.PlaybackService}
02-23 01:50:44.184 12010 12010 D GH.CarClientManager: calling onCarDisconnected on iqx@c3f2c0f
02-23 01:50:44.184 12010 12010 D GH.CarClientManager: calling onCarDisconnected on iqx@e1ffc1b
02-23 01:50:44.184 12010 12010 D GH.CarClientManager: calling onCarDisconnected on iqx@482b1fb
02-23 01:50:44.184 12010 12010 D GH.CarClientManager: calling onCarDisconnected on iqx@251b966
02-23 01:50:44.184 12010 12010 D GH.CarClientManager: calling onCarDisconnected on iqx@3189231
02-23 01:50:44.184 12010 12010 D GH.CarClientManager: calling onCarDisconnected on iqx@4ba10a0
02-23 01:50:44.184 12010 12010 D GH.CarClientManager: calling onCarDisconnected on iqx@9f26717
02-23 01:50:44.184 12010 12010 D GH.CarClientManager: calling onCarDisconnected on iqx@c271479
