02-23 15:29:27.970  8624   854 E CAR.SETUP.WIFI: java.net.ConnectException: failed to connect to /10.0.0.1 (port 5288) from /10.0.0.23 (port 40816) after 10000ms: isConnected failed: ECONNREFUSED (Connection refused)
02-23 15:29:27.970  8624   854 E CAR.SETUP.WIFI: 	at libcore.io.IoBridge.isConnected(IoBridge.java:347)
02-23 15:29:27.970  8624   854 E CAR.SETUP.WIFI: 	at libcore.io.IoBridge.connectErrno(IoBridge.java:237)
02-23 15:29:27.970  8624   854 E CAR.SETUP.WIFI: 	at libcore.io.IoBridge.connect(IoBridge.java:179)
02-23 15:29:27.970  8624   854 E CAR.SETUP.WIFI: 	at java.net.PlainSocketImpl.socketConnect(PlainSocketImpl.java:142)
02-23 15:29:27.970  8624   854 E CAR.SETUP.WIFI: 	at java.net.AbstractPlainSocketImpl.doConnect(AbstractPlainSocketImpl.java:390)
02-23 15:29:27.970  8624   854 E CAR.SETUP.WIFI: 	at java.net.AbstractPlainSocketImpl.connectToAddress(AbstractPlainSocketImpl.java:230)
02-23 15:29:27.970  8624   854 E CAR.SETUP.WIFI: 	at java.net.AbstractPlainSocketImpl.connect(AbstractPlainSocketImpl.java:212)
02-23 15:29:27.970  8624   854 E CAR.SETUP.WIFI: 	at java.net.SocksSocketImpl.connect(SocksSocketImpl.java:436)
02-23 15:29:27.970  8624   854 E CAR.SETUP.WIFI: 	at java.net.Socket.connect(Socket.java:646)
02-23 15:29:27.970  8624   854 E CAR.SETUP.WIFI: 	at idi.run(SourceFile:98)
02-23 15:29:27.970  8624   854 E CAR.SETUP.WIFI: 	at java.util.concurrent.Executors$RunnableAdapter.call(Executors.java:487)
02-23 15:29:27.970  8624   854 E CAR.SETUP.WIFI: 	at java.util.concurrent.FutureTask.run(FutureTask.java:264)
02-23 15:29:27.970  8624   854 E CAR.SETUP.WIFI: 	at java.util.concurrent.ScheduledThreadPoolExecutor$ScheduledFutureTask.run(ScheduledThreadPoolExecutor.java:307)
02-23 15:29:27.970  8624   854 E CAR.SETUP.WIFI: 	at java.util.concurrent.ThreadPoolExecutor.runWorker(ThreadPoolExecutor.java:1145)
02-23 15:29:27.970  8624   854 E CAR.SETUP.WIFI: 	at java.util.concurrent.ThreadPoolExecutor$Worker.run(ThreadPoolExecutor.java:644)
02-23 15:29:27.970  8624   854 E CAR.SETUP.WIFI: 	at java.lang.Thread.run(Thread.java:1012)
02-23 15:29:27.970  8624   854 E CAR.SETUP.WIFI: Caused by: android.system.ErrnoException: isConnected failed: ECONNREFUSED (Connection refused)
02-23 15:29:27.970  8624   854 E CAR.SETUP.WIFI: 	at libcore.io.IoBridge.isConnected(IoBridge.java:334)
02-23 15:29:27.970  8624   854 E CAR.SETUP.WIFI: 	... 15 more
02-23 15:29:27.970  8624   854 I CAR.SETUP.WIFI: Closing old socket
02-23 15:29:27.971  8624   854 E CAR.SETUP.WIFI: Exhausted all socket retry attempts
02-23 15:29:27.974  8624  8624 E GH.CAR  : Critical error 3 (5): Couldn't connect to receiver socket
02-23 15:29:27.974  8624  8624 W CAR.STARTUP: Protocol error 3 (5): Couldn't connect to receiver socket
02-23 15:29:27.974  8624  8935 I GH.CarConnSessMgr: Teardown called for session 8110146282334562221, current session is null
02-23 15:29:27.974  8624  8624 I GH.CAR  : Wifi socket connect event: status = 2, socket retry count = 3, network retry count = 0, error code = 301, connection time = null ms
02-23 15:29:27.974  8624  9025 W GH.WirelessStartup: ProjectionErrorCode = 3, ProjectionErrorDetail = 5, Couldn't connect to receiver socket
02-23 15:29:27.974  8624  9025 W GH.WirelessStartup: Critical error encountered, attempting to handle result.
02-23 15:29:27.974  8624  9025 I GH.WIRELESS.SETUP: Received GAL socket result, callback=8, result=INSTANCE
02-23 15:29:27.975  8624   854 I CAR.SETUP.WIFI: Cancelled socket reconnect future
02-23 15:29:27.975  8624  9025 I CAR.STARTUP: Tearing down car connection
02-23 15:29:27.975  8624  9025 I GH.CAR  : Stopping session: 8110146282334562221
02-23 15:29:27.976  8624  8935 I GH.CarConnSessMgr: Teardown called for session 8110146282334562221, current session is null
02-23 15:29:27.977  8624  8624 I GH.WIRELESS.SETUP: Ignoring restart wpp request with connection failure reason: GAL_SOCKET_CONNECTION_FAILED as the prior request is already in progress.
02-23 15:29:27.979  8265  8572 I GH.ConnLoggerV2: Session 5851743f-9a41-456a-989f-68cc53452524, event 1084, detail OptionalInt.empty, WIRELESS_WIFI_SOCKET_CONNECTION_FAILED, at 20970823 
02-23 15:29:27.981  8265  8572 I GH.ConnLoggerV2: Session 5851743f-9a41-456a-989f-68cc53452524, event 1085, detail OptionalInt.empty, WIRELESS_WIFI_SOCKET_CONNECTION_FAILED_LAST_ATTEMPT, at 20970824 
02-23 15:29:27.986  8265  8572 I GH.ConnLoggerV2: Session 5851743f-9a41-456a-989f-68cc53452524, event 1086, detail OptionalInt.empty, WIRELESS_GAL_SOCKET_DISCONNECTED, at 20970825 
02-23 15:29:27.991  8265  8572 I GH.ConnLoggerV2: Session 5851743f-9a41-456a-989f-68cc53452524, event 1087, detail OptionalInt.empty, WIRELESS_WIFI_CAR_WIFI_SETUP_TORN_DOWN, at 20970826 
02-23 15:29:27.995  8265  8572 I GH.ConnLoggerV2: Session 5851743f-9a41-456a-989f-68cc53452524, event 1088, detail OptionalInt[3], WIRELESS_SETUP_WPP_RESTART_REQUEST_DEBOUNCED, at 20970828 
02-23 15:29:30.375  8624  8624 I CAR.SERVICE.LITE: Detected charge only
02-23 15:29:30.379  8265  8572 I GH.ConnLoggerV2: Session 5851743f-9a41-456a-989f-68cc53452524, event 1089, detail OptionalInt.empty, USB_ISSUE_CHARGE_ONLY_DETECTED, at 20973227 
02-23 15:29:30.490  8624  8624 I GH.CarSvcDataStorage: Using DB version: 13
02-23 15:29:30.494  8624  8624 I GH.WIRELESS.SETUP: No WPP on TCP configuration found in storage for the head unit, will not start WPP on TCP.
02-23 15:29:30.497  8624  8624 I GH.WIRELESS.SETUP: Starting manager of type: RFCOMM
02-23 15:29:30.498  8624  8624 I GH.WIRELESS.SETUP: State changed to CONNECTING_RFCOMM
02-23 15:29:30.502  8265  8572 I GH.ConnLoggerV2: Session 5851743f-9a41-456a-989f-68cc53452524, event 1090, detail OptionalInt.empty, WIRELESS_WIFI_PROJECTION_PROTOCOL_RFCOMM_CONNECTION_ATTEMPT_STARTING, at 20973348 
02-23 15:29:30.503  8265  8572 I GH.StartupMeasure: logEvent GEARHEAD_WIRELESS_CONTROL_CHANNEL_CONNECT_ATTEMPT_RFCOMM=PT5H49M33.348S
02-23 15:29:30.506  8624 32599 I GH.WPP.RFCOMM: Connecting the socket
02-23 15:29:30.506  8624 32599 I GH.WIRELESS.BT: Creating rfcomm socket for device: DC:A6:32:E7:5A:FF and uuid: 4de17a00-52cb-11e6-bdf4-0800200c9a66
02-23 15:29:30.506  8265  8572 I GH.ConnLoggerV2: Session 5851743f-9a41-456a-989f-68cc53452524, event 1091, detail OptionalInt.empty, WIRELESS_RFCOMM_CONNECTION_RUNNABLE_DEQUEUED, at 20973352 
02-23 15:29:30.512  8265  8572 I GH.ConnLoggerV2: Session 5851743f-9a41-456a-989f-68cc53452524, event 1092, detail OptionalInt.empty, WIRELESS_CONNECTING_RFCOMM, at 20973355 
02-23 15:29:30.584  8624  8624 I GH.WIRELESS.BT: Connecting Bluetooth RFCOMM socket failed with IOException.
02-23 15:29:30.584  8624  8624 I GH.WIRELESS.BT: java.io.IOException: read failed, socket might closed or timeout, read ret: -1
02-23 15:29:30.584  8624  8624 I GH.WIRELESS.BT: 	at android.bluetooth.BluetoothSocket.readAll(BluetoothSocket.java:925)
02-23 15:29:30.584  8624  8624 I GH.WIRELESS.BT: 	at android.bluetooth.BluetoothSocket.readInt(BluetoothSocket.java:939)
02-23 15:29:30.584  8624  8624 I GH.WIRELESS.BT: 	at android.bluetooth.BluetoothSocket.connect(BluetoothSocket.java:503)
02-23 15:29:30.584  8624  8624 I GH.WIRELESS.BT: 	at ocz.h(SourceFile:134)
02-23 15:29:30.584  8624  8624 I GH.WIRELESS.BT: 	at ocy.k(SourceFile:5)
02-23 15:29:30.584  8624  8624 I GH.WIRELESS.BT: 	at nwv.a(SourceFile:43)
02-23 15:29:30.584  8624  8624 I GH.WIRELESS.BT: 	at jnn.p(SourceFile:180)
02-23 15:29:30.584  8624  8624 I GH.WIRELESS.BT: 	at jnn.b(SourceFile:7)
02-23 15:29:30.584  8624  8624 I GH.WIRELESS.BT: 	at ocy.h(SourceFile:13)
02-23 15:29:30.584  8624  8624 I GH.WIRELESS.BT: 	at rfz.u(SourceFile:5)
02-23 15:29:30.584  8624  8624 I GH.WIRELESS.BT: 	at ocu.e(SourceFile:15)
02-23 15:29:30.584  8624  8624 I GH.WIRELESS.BT: 	at ocw.e(SourceFile:3)
02-23 15:29:30.584  8624  8624 I GH.WIRELESS.BT: 	at nyq.a(SourceFile:39)
02-23 15:29:30.584  8624  8624 I GH.WIRELESS.BT: 	at fis.fq(SourceFile:67)
02-23 15:29:30.584  8624  8624 I GH.WIRELESS.BT: 	at adna.v(SourceFile:12)
02-23 15:29:30.584  8624  8624 I GH.WIRELESS.BT: 	at agua.run(SourceFile:112)
02-23 15:29:30.584  8624  8624 I GH.WIRELESS.BT: 	at java.util.concurrent.ThreadPoolExecutor.runWorker(ThreadPoolExecutor.java:1145)
02-23 15:29:30.584  8624  8624 I GH.WIRELESS.BT: 	at java.util.concurrent.ThreadPoolExecutor$Worker.run(ThreadPoolExecutor.java:644)
02-23 15:29:30.584  8624  8624 I GH.WIRELESS.BT: 	at java.lang.Thread.run(Thread.java:1012)
02-23 15:29:30.584  8624  8624 I GH.WIRELESS.BT: Rfcomm socket connection failed, restarting WPP using HU presence tracker.
02-23 15:29:30.585  8624  8624 I GH.WIRELESS.SETUP: Retrying connection attempt on all channels by restarting WPP.
02-23 15:29:30.585  8624  8624 I GH.WIRELESS.SETUP: Triggering WPP restart. Reason=RFCOMM_SOCKET_CONNECTION_FAILED
02-23 15:29:30.586  8265  8572 I GH.ConnLoggerV2: Session 5851743f-9a41-456a-989f-68cc53452524, event 1093, detail OptionalInt.empty, WIRELESS_BT_SOCKET_CONNECT_FAILED, at 20973433 
02-23 15:29:30.588  8624 32603 I GH.WPP.RFCOMM: Closing the socket
02-23 15:29:30.594  8265  8572 I GH.ConnLoggerV2: Session 5851743f-9a41-456a-989f-68cc53452524, event 1094, detail OptionalInt.empty, WIRELESS_RFCOMM_SOCKET_CLOSED, at 20973437 
02-23 15:29:30.599  8265  8572 I GH.ConnLoggerV2: Session 5851743f-9a41-456a-989f-68cc53452524, event 1095, detail OptionalInt[1], WIRELESS_SETUP_WPP_RESTART_WITH_DELAY, at 20973437 
02-23 15:29:35.590  8624  8624 I GH.CarSvcDataStorage: Using DB version: 13
02-23 15:29:35.594  8624  8624 I GH.WIRELESS.SETUP: No WPP on TCP configuration found in storage for the head unit, will not start WPP on TCP.
02-23 15:29:35.597  8624  8624 I GH.WIRELESS.SETUP: Starting manager of type: RFCOMM
02-23 15:29:35.598  8624  8624 I GH.WIRELESS.SETUP: State changed to CONNECTING_RFCOMM
02-23 15:29:35.603  8265  8572 I GH.ConnLoggerV2: Session 5851743f-9a41-456a-989f-68cc53452524, event 1096, detail OptionalInt.empty, WIRELESS_WIFI_PROJECTION_PROTOCOL_RFCOMM_CONNECTION_ATTEMPT_STARTING, at 20978448 
02-23 15:29:35.603  8265  8572 I GH.StartupMeasure: logEvent GEARHEAD_WIRELESS_CONTROL_CHANNEL_CONNECT_ATTEMPT_RFCOMM=PT5H49M38.448S
02-23 15:29:35.604  8624 32603 I GH.WPP.RFCOMM: Connecting the socket
02-23 15:29:35.604  8624 32603 I GH.WIRELESS.BT: Creating rfcomm socket for device: DC:A6:32:E7:5A:FF and uuid: 4de17a00-52cb-11e6-bdf4-0800200c9a66
02-23 15:29:35.607  8265  8572 I GH.ConnLoggerV2: Session 5851743f-9a41-456a-989f-68cc53452524, event 1097, detail OptionalInt.empty, WIRELESS_RFCOMM_CONNECTION_RUNNABLE_DEQUEUED, at 20978450 
02-23 15:29:35.613  8265  8572 I GH.ConnLoggerV2: Session 5851743f-9a41-456a-989f-68cc53452524, event 1098, detail OptionalInt.empty, WIRELESS_CONNECTING_RFCOMM, at 20978454 
02-23 15:29:36.208  8624  8624 I GH.WIRELESS.BT: Connecting Bluetooth RFCOMM socket failed with IOException.
02-23 15:29:36.208  8624  8624 I GH.WIRELESS.BT: java.io.IOException: read failed, socket might closed or timeout, read ret: -1
02-23 15:29:36.208  8624  8624 I GH.WIRELESS.BT: 	at android.bluetooth.BluetoothSocket.readAll(BluetoothSocket.java:925)
02-23 15:29:36.208  8624  8624 I GH.WIRELESS.BT: 	at android.bluetooth.BluetoothSocket.readInt(BluetoothSocket.java:939)
02-23 15:29:36.208  8624  8624 I GH.WIRELESS.BT: 	at android.bluetooth.BluetoothSocket.connect(BluetoothSocket.java:503)
02-23 15:29:36.208  8624  8624 I GH.WIRELESS.BT: 	at ocz.h(SourceFile:134)
02-23 15:29:36.208  8624  8624 I GH.WIRELESS.BT: 	at ocy.k(SourceFile:5)
02-23 15:29:36.208  8624  8624 I GH.WIRELESS.BT: 	at nwv.a(SourceFile:43)
02-23 15:29:36.208  8624  8624 I GH.WIRELESS.BT: 	at jnn.p(SourceFile:180)
02-23 15:29:36.208  8624  8624 I GH.WIRELESS.BT: 	at jnn.b(SourceFile:7)
02-23 15:29:36.208  8624  8624 I GH.WIRELESS.BT: 	at ocy.h(SourceFile:13)
02-23 15:29:36.208  8624  8624 I GH.WIRELESS.BT: 	at rfz.u(SourceFile:5)
02-23 15:29:36.208  8624  8624 I GH.WIRELESS.BT: 	at ocu.e(SourceFile:15)
02-23 15:29:36.208  8624  8624 I GH.WIRELESS.BT: 	at ocw.e(SourceFile:3)
02-23 15:29:36.208  8624  8624 I GH.WIRELESS.BT: 	at nyq.a(SourceFile:39)
02-23 15:29:36.208  8624  8624 I GH.WIRELESS.BT: 	at fis.fq(SourceFile:67)
02-23 15:29:36.208  8624  8624 I GH.WIRELESS.BT: 	at adna.v(SourceFile:12)
02-23 15:29:36.208  8624  8624 I GH.WIRELESS.BT: 	at agua.run(SourceFile:112)
02-23 15:29:36.208  8624  8624 I GH.WIRELESS.BT: 	at java.util.concurrent.ThreadPoolExecutor.runWorker(ThreadPoolExecutor.java:1145)
02-23 15:29:36.208  8624  8624 I GH.WIRELESS.BT: 	at java.util.concurrent.ThreadPoolExecutor$Worker.run(ThreadPoolExecutor.java:644)
02-23 15:29:36.208  8624  8624 I GH.WIRELESS.BT: 	at java.lang.Thread.run(Thread.java:1012)
02-23 15:29:36.208  8624  8624 I GH.WIRELESS.BT: Rfcomm socket connection failed, restarting WPP using HU presence tracker.
02-23 15:29:36.209  8624  8624 I GH.WIRELESS.SETUP: Retrying connection attempt on all channels by restarting WPP.
02-23 15:29:36.209  8624  8624 I GH.WIRELESS.SETUP: Triggering WPP restart. Reason=RFCOMM_SOCKET_CONNECTION_FAILED
02-23 15:29:36.210  8265  8572 I GH.ConnLoggerV2: Session 5851743f-9a41-456a-989f-68cc53452524, event 1099, detail OptionalInt.empty, WIRELESS_BT_SOCKET_CONNECT_FAILED, at 20979058 
02-23 15:29:36.212  8624 32599 I GH.WPP.RFCOMM: Closing the socket
02-23 15:29:36.215  8265  8572 I GH.ConnLoggerV2: Session 5851743f-9a41-456a-989f-68cc53452524, event 1100, detail OptionalInt.empty, WIRELESS_RFCOMM_SOCKET_CLOSED, at 20979061 
02-23 15:29:36.220  8265  8572 I GH.ConnLoggerV2: Session 5851743f-9a41-456a-989f-68cc53452524, event 1101, detail OptionalInt[1], WIRELESS_SETUP_WPP_RESTART_WITH_DELAY, at 20979060 
02-23 15:29:37.361  8265  8572 I GH.ConnLoggerV2: Session 5851743f-9a41-456a-989f-68cc53452524, event 1102, detail OptionalInt.empty, SESSION_CONNECTED, at 20980211 
02-23 15:29:41.214  8624  8624 I GH.CarSvcDataStorage: Using DB version: 13
02-23 15:29:41.218  8624  8624 I GH.WIRELESS.SETUP: No WPP on TCP configuration found in storage for the head unit, will not start WPP on TCP.
02-23 15:29:41.220  8624  8624 I GH.WIRELESS.SETUP: Starting manager of type: RFCOMM
02-23 15:29:41.222  8624  8624 I GH.WIRELESS.SETUP: State changed to CONNECTING_RFCOMM
02-23 15:29:41.225  8265  8572 I GH.ConnLoggerV2: Session 5851743f-9a41-456a-989f-68cc53452524, event 1103, detail OptionalInt.empty, WIRELESS_WIFI_PROJECTION_PROTOCOL_RFCOMM_CONNECTION_ATTEMPT_STARTING, at 20984071 
02-23 15:29:41.226  8265  8572 I GH.StartupMeasure: logEvent GEARHEAD_WIRELESS_CONTROL_CHANNEL_CONNECT_ATTEMPT_RFCOMM=PT5H49M44.071S
02-23 15:29:41.228  8624 32599 I GH.WPP.RFCOMM: Connecting the socket
02-23 15:29:41.229  8624 32599 I GH.WIRELESS.BT: Creating rfcomm socket for device: DC:A6:32:E7:5A:FF and uuid: 4de17a00-52cb-11e6-bdf4-0800200c9a66
02-23 15:29:41.229  8265  8572 I GH.ConnLoggerV2: Session 5851743f-9a41-456a-989f-68cc53452524, event 1104, detail OptionalInt.empty, WIRELESS_RFCOMM_CONNECTION_RUNNABLE_DEQUEUED, at 20984076 
02-23 15:29:41.239  8265  8572 I GH.ConnLoggerV2: Session 5851743f-9a41-456a-989f-68cc53452524, event 1105, detail OptionalInt.empty, WIRELESS_CONNECTING_RFCOMM, at 20984077 
02-23 15:29:41.345  8624  8624 I GH.WIRELESS.BT: Connecting Bluetooth RFCOMM socket failed with IOException.
02-23 15:29:41.345  8624  8624 I GH.WIRELESS.BT: java.io.IOException: read failed, socket might closed or timeout, read ret: -1
02-23 15:29:41.345  8624  8624 I GH.WIRELESS.BT: 	at android.bluetooth.BluetoothSocket.readAll(BluetoothSocket.java:925)
02-23 15:29:41.345  8624  8624 I GH.WIRELESS.BT: 	at android.bluetooth.BluetoothSocket.readInt(BluetoothSocket.java:939)
02-23 15:29:41.345  8624  8624 I GH.WIRELESS.BT: 	at android.bluetooth.BluetoothSocket.connect(BluetoothSocket.java:503)
02-23 15:29:41.345  8624  8624 I GH.WIRELESS.BT: 	at ocz.h(SourceFile:134)
02-23 15:29:41.345  8624  8624 I GH.WIRELESS.BT: 	at ocy.k(SourceFile:5)
02-23 15:29:41.345  8624  8624 I GH.WIRELESS.BT: 	at nwv.a(SourceFile:43)
02-23 15:29:41.345  8624  8624 I GH.WIRELESS.BT: 	at jnn.p(SourceFile:180)
02-23 15:29:41.345  8624  8624 I GH.WIRELESS.BT: 	at jnn.b(SourceFile:7)
02-23 15:29:41.345  8624  8624 I GH.WIRELESS.BT: 	at ocy.h(SourceFile:13)
02-23 15:29:41.345  8624  8624 I GH.WIRELESS.BT: 	at rfz.u(SourceFile:5)
02-23 15:29:41.345  8624  8624 I GH.WIRELESS.BT: 	at ocu.e(SourceFile:15)
02-23 15:29:41.345  8624  8624 I GH.WIRELESS.BT: 	at ocw.e(SourceFile:3)
02-23 15:29:41.345  8624  8624 I GH.WIRELESS.BT: 	at nyq.a(SourceFile:39)
02-23 15:29:41.345  8624  8624 I GH.WIRELESS.BT: 	at fis.fq(SourceFile:67)
02-23 15:29:41.345  8624  8624 I GH.WIRELESS.BT: 	at adna.v(SourceFile:12)
02-23 15:29:41.345  8624  8624 I GH.WIRELESS.BT: 	at agua.run(SourceFile:112)
02-23 15:29:41.345  8624  8624 I GH.WIRELESS.BT: 	at java.util.concurrent.ThreadPoolExecutor.runWorker(ThreadPoolExecutor.java:1145)
02-23 15:29:41.345  8624  8624 I GH.WIRELESS.BT: 	at java.util.concurrent.ThreadPoolExecutor$Worker.run(ThreadPoolExecutor.java:644)
02-23 15:29:41.345  8624  8624 I GH.WIRELESS.BT: 	at java.lang.Thread.run(Thread.java:1012)
02-23 15:29:41.346  8624  8624 I GH.WIRELESS.BT: Rfcomm socket connection failed, restarting WPP using HU presence tracker.
02-23 15:29:41.346  8624  8624 I GH.WIRELESS.SETUP: Retrying connection attempt on all channels by restarting WPP.
02-23 15:29:41.346  8624  8624 I GH.WIRELESS.SETUP: Triggering WPP restart. Reason=RFCOMM_SOCKET_CONNECTION_FAILED
02-23 15:29:41.348  8624 32603 I GH.WPP.RFCOMM: Closing the socket
02-23 15:29:41.348  8265  8572 I GH.ConnLoggerV2: Session 5851743f-9a41-456a-989f-68cc53452524, event 1106, detail OptionalInt.empty, WIRELESS_BT_SOCKET_CONNECT_FAILED, at 20984195 
02-23 15:29:41.351  8265  8572 I GH.ConnLoggerV2: Session 5851743f-9a41-456a-989f-68cc53452524, event 1107, detail OptionalInt.empty, WIRELESS_RFCOMM_SOCKET_CLOSED, at 20984197 
02-23 15:29:41.356  8265  8572 I GH.ConnLoggerV2: Session 5851743f-9a41-456a-989f-68cc53452524, event 1108, detail OptionalInt[1], WIRELESS_SETUP_WPP_RESTART_WITH_DELAY, at 20984197 
