02-23 15:29:24.179  8624  8624 I CAR.FRX.CHECKS: areApplicationsFullyUpdated=true
02-23 15:29:24.179  8624  8624 I GH.CarConnSession: Hand off FRX
02-23 15:29:24.180  8624  8624 I CAR.STARTUP: Handoff service discovery complete 9
02-23 15:29:24.181  8265  8572 I GH.ConnLoggerV2: Session 5851743f-9a41-456a-989f-68cc53452524, event 928, detail OptionalInt.empty, WIRELESS_WIFI_PROJECTION_REQUESTED_BY_HU_WITHOUT_REASON, at 20966965 
02-23 15:29:24.183  8624  9025 I GH.WIRELESS.SETUP: Received GAL socket result, callback=5, result=INSTANCE
02-23 15:29:24.184  8624  9025 I GH.WirelessStartup: Socket completed. Success: true. SocketResult needed additional handling: true
02-23 15:29:24.184  8624  9025 I GH.WirelessStartup: Handoff complete. Interested component: com.google.android.projection.gearhead/com.google.android.apps.auto.carservice.service.impl.GearheadCarStartupService. Success: true.
02-23 15:29:24.185  8624  9025 I GH.WirelessStartup: Handoff success with 9 services
02-23 15:29:24.185  8624  9025 I GH.WirelessStartup: Starting transfer for handoff.
02-23 15:29:24.189  8624  8624 I GH.CarConnSession: Transfer for handoff with userAuthorized (true)
02-23 15:29:24.205  8265  8572 I GH.ConnLoggerV2: Session 5851743f-9a41-456a-989f-68cc53452524, event 929, detail OptionalInt.empty, WIRELESS_WIFI_PROJECTION_PROTOCOL_RFCOMM_INFO_REQUEST_SENT, at 20966965 
02-23 15:29:24.207  8624  8624 I CAR.SERVICE: Car connection state changed: DISCONNECTED->CONNECTING
02-23 15:29:24.208  8624  8624 I CAR.POOL_VIDEO: Initializing managed buffer pools with direct buffers
02-23 15:29:24.211  8624  8624 I CAR.AUTH: Package com.google.android.projection.gearhead for uid 10162: isGoogleSigned = [INVALID: format=%b, type=xto, value=true], isPackageAllowed = [INVALID: format=%b, type=xto, value=false]
02-23 15:29:24.211  8624  8624 E CAR.AUTH: Call from UID 10162 is not allowed.
02-23 15:29:24.216  8265  8572 I GH.ConnLoggerV2: Session 5851743f-9a41-456a-989f-68cc53452524, event 930, detail OptionalInt.empty, WIRELESS_WIFI_PROJECTION_PROTOCOL_RFCOMM_START_RESPONSE_SENT, at 20966966 
02-23 15:29:24.219  8624  8624 I CAR.SERVICE.LITE: Overriding delegate with new Lite CarServiceBinder, sessionId: -7748641957405346321, connectionType: 2
02-23 15:29:24.219  8624  8624 I CAR.SERVICE.LITE: Updating receiver callback and sessionId for connectionType: 2
02-23 15:29:24.223  8624  8624 I GH.WPP.CONN: Creating the transport in order to start listening
02-23 15:29:24.224  8624  8624 I GH.WPP.RFCOMM: Creating the IO stream
02-23 15:29:24.224  8624  8624 I GH.WPP.RFCOMM: IO stream will sleep for 10 ms instead of flushing after each write.  SDK: 34
02-23 15:29:24.224  8624  8624 I GH.WPP.RFCOMM: Creating the transport
02-23 15:29:24.225  8265  8572 I GH.ConnLoggerV2: Session 5851743f-9a41-456a-989f-68cc53452524, event 931, detail OptionalInt.empty, WIRELESS_WIFI_PROJECTION_REQUESTED, at 20966967 
02-23 15:29:24.230  8624  8624 I GH.WIRELESS.SETUP: State changed to CONNECTED_RFCOMM
02-23 15:29:24.232  8624   614 I GH.WPP.TRANSPORT: Transport starting
02-23 15:29:24.235  8265  8572 I GH.ConnLoggerV2: Session 5851743f-9a41-456a-989f-68cc53452524, event 932, detail OptionalInt.empty, WIRELESS_WIFI_CACHED_CREDENTIALS_USED, at 20966967 
02-23 15:29:24.237  8624  8624 I GH.WIRELESS.SETUP: Scheduling WPP first message timeout trigger to execute in 12000 milliseconds, attempt: 8
02-23 15:29:24.237  8624   610 I GH.CAR  : Resume session -7748641957405346321
02-23 15:29:24.238  8624  8624 I CAR.STARTUP: Resume complete with status true
02-23 15:29:24.239  8624  9025 I GH.WirelessStartup: Car setup no longer needed
02-23 15:29:24.239  8624  9025 I GH.WirelessStartup: Connection handoff complete
02-23 15:29:24.242  8624  8624 I CAR.GAL.SECURITY.LITE: Successfully initialized SSL context for protocol: TLSv1.2 using provider: GmsCore_OpenSSL
02-23 15:29:24.243  8624  8624 I CAR.GAL.GAL.LITE: Adding service (Service id=2 type=SensorSourceService {sensors=[type=10,type=13,type=1,type=2,type=19,type=20,] locationCharacterization=0 fuelType=[] evConnectorType=[]} )
02-23 15:29:24.244  8624  8624 I CAR.GAL.GAL.LITE: Adding service (Service id=8 type=BluetoothService { carAddress=DC:A6:32:E7:5A:FF supportedPairingMethods=[4,]})
02-23 15:29:24.244  8624  8624 I CAR.GAL.GAL.LITE: onChannelOpened: 0
02-23 15:29:24.247  8265  8572 I GH.ConnLoggerV2: Session 5851743f-9a41-456a-989f-68cc53452524, event 933, detail OptionalInt.empty, WIRELESS_WIFI_PROJECTION_REQUEST_CANCELED, at 20966968 
02-23 15:29:24.254  8624  8624 I CAR.SERVICE.LITE: started foreground service
02-23 15:29:24.254  8624  8624 I CAR.SERVICE.LITE: Car connection state changed: DISCONNECTED->CONNECTING
02-23 15:29:24.261  8624   611 W CAR.VALIDATOR: Package DENIED; Uses for TEMPLATE not defined [com.google.android.googlequicksearchbox]
02-23 15:29:24.266  8265  8572 I GH.ConnLoggerV2: Session 5851743f-9a41-456a-989f-68cc53452524, event 934, detail OptionalInt.empty, WIRELESS_RFCOMM_READ_ERROR, at 20966968 
02-23 15:29:24.278  8265  8572 I GH.ConnLoggerV2: Session 5851743f-9a41-456a-989f-68cc53452524, from LAUNCHING_PROJECTION, to WIFI_SETUP, reason WIFI_START_REQUEST_RECEIVED at time 20967128.
02-23 15:29:24.293  8624  8624 I CAR.BT.LITE: handleTransition: Entering into state STATE_WAITING_FOR_ENDPOINT_READY BluetoothFsmStateType=BT_FSM_STATE_WAITING_FOR_ENDPOINT_READY, previous event EVENT_SERVICE_INITIALIZED, BluetoothFsmEventType=BT_FSM_EVENT_SERVICE_INITIALIZED
02-23 15:29:24.293  8265  8572 I GH.ConnLoggerV2: Session 5851743f-9a41-456a-989f-68cc53452524, event 935, detail OptionalInt.empty, WIRELESS_RFCOMM_SOCKET_CLOSED, at 20966969 
02-23 15:29:24.294  8624  8624 W CAR.BT.SVC.LITE: disabling A2dp route while in projection
02-23 15:29:24.294  8624  8624 I CAR.BT.SVC.LITE: Routing media audio via device type 0
02-23 15:29:24.295  8624   611 W CAR.VALIDATOR: Package DENIED; Uses for MEDIA not defined [com.google.android.youtube]
02-23 15:29:24.297  8624   611 W CAR.VALIDATOR: Package DENIED; Uses for MEDIA not defined [com.zhiliaoapp.musically]
02-23 15:29:24.298  8624  8624 I CAR.BT.SVC.LITE: setting device metadata for DC:A6:32:E7:5A:FF
02-23 15:29:24.299  8265  8572 I GH.ConnLoggerV2: Session 5851743f-9a41-456a-989f-68cc53452524, event 936, detail OptionalInt[4], WIRELESS_SETUP_WPP_RESTART_WITH_DELAY, at 20966970 
02-23 15:29:24.309  8624  8624 I CAR.LITE.LITE: Start required services in lite 2
02-23 15:29:24.309  8624   610 I CAR.CONMAN.LITE: Connection start services in conman
02-23 15:29:24.310  8624   610 I CAR.XFER.LITE: CAR_SERVICE_LITE Start executor and read messages
02-23 15:29:24.311  8624  8624 I GH.WIRELESS.SETUP: Received WifiStartRequest, reason=n/a
02-23 15:29:24.311  8624   610 I GH.CAR  : Start required services with types -7748641957405346321
02-23 15:29:24.312  8624  8624 I GH.WIRELESS.SETUP: Start request received, setting user intention.
02-23 15:29:24.312  8624  8624 W GH.WIRELESS.SETUP: Trying to proceed with WifiStartRequest before we received WifiVersionRequest
02-23 15:29:24.314  8624  8935 I GH.CarConnSessMgr: Start required services
02-23 15:29:24.316  8624  8624 I GH.WIRELESS.SETUP: State changed to WIFI_PROJECTION_START_REQUESTED
02-23 15:29:24.317  8624  9025 I GH.WifiPreflight: Sending Close Broadcast
02-23 15:29:24.317  8624  8624 I GH.WIRELESS.SETUP: Send WifiStartResponse, protocol=RFCOMM, status=STATUS_SUCCESS
02-23 15:29:24.318  8624  8624 I GH.WirelessNetRequest: Add callback key=nck@eaa824a value=WSEM.Callback@92a7208
02-23 15:29:24.325  8624  8624 I GH.WirelessNetRequest: Network is already connected
02-23 15:29:24.325  8624  8624 I GH.WirelessNetRequest: Reachability check is in progress, no further action needed
02-23 15:29:24.328  8265  8572 I GH.ConnLoggerV2: Session 5851743f-9a41-456a-989f-68cc53452524, event 937, detail OptionalInt[-1902004773], WIRELESS_SETUP_WPP_RESTART, at 20966970 
02-23 15:29:24.335  8624  8624 I GH.CarConnSession: Start required services in background -7748641957405346321, session is active true
02-23 15:29:24.338  8624  8624 I CAR.AUDIO: force single channel capturing:false
02-23 15:29:24.338  8624  8624 I CAR.AUDIO: Select audio config: 0 for channel: MEDIA
02-23 15:29:24.339  8624  8624 I CAR.AUDIO.CHANNEL: enabling stream: SYSTEM, had focus: false
02-23 15:29:24.340  8624   621 I CAR.AUDIO.AFM: Requesting initial Android audio focus
02-23 15:29:24.347  8265  8572 I GH.ConnLoggerV2: Session 5851743f-9a41-456a-989f-68cc53452524, event 938, detail OptionalInt.empty, WIRELESS_WIFI_PROJECTION_PROTOCOL_RFCOMM_CONNECTION_ATTEMPT_STARTING, at 20966981 
02-23 15:29:24.348  8265  8572 I GH.StartupMeasure: logEvent GEARHEAD_WIRELESS_CONTROL_CHANNEL_CONNECT_ATTEMPT_RFCOMM=PT5H49M26.981S
02-23 15:29:24.353  8624   620 I CAR.AUDIO.CHANNEL: waitForStreamToStop: MEDIA, wait for ack: true
02-23 15:29:24.353  8624   620 I CAR.AUDIO.CHANNEL: waitForStreamToStop: TTS, wait for ack: true
02-23 15:29:24.353  8624   621 I CAR.AUDIO.FOCUS: Sending AUDIO_FOCUS_RELEASE to HU for app null due to Android focus change: LOSS
02-23 15:29:24.354  8624   621 I CAR.AUDIO.FOCUS: Send focus request to HU: AUDIO_FOCUS_RELEASE, attempt#: 1
02-23 15:29:24.354  8624   621 I CAR.GAL.AUDIO.LITE: sent audio focus request: AUDIO_FOCUS_RELEASE
02-23 15:29:24.355  8624  8624 I CAR.AUDIO: Select audio config: 0 for channel: TTS
02-23 15:29:24.356  8624  8624 I CAR.AUDIO.CHANNEL: enabling stream: SYSTEM, had focus: true
02-23 15:29:24.356  8624  8624 W CAR.AUDIO: Unsupported stream type: 1
02-23 15:29:24.356  8624  8624 W CAR.AUDIO: Failed to find 48kHz guidance config, fallback to 16KHz
02-23 15:29:24.356  8624  8624 I CAR.AUDIO: Select audio config: 0 for channel: SYSTEM
02-23 15:29:24.357  8624  8624 W CAR.AUDIO.Policy: Unsupported stream type: 1
02-23 15:29:24.357  8624  8624 I CAR.AUDIO.CHANNEL: enabling stream: SYSTEM, had focus: true
02-23 15:29:24.357  8624  8624 I GH.CAR.VIDEO: The videoCodecType to be used is: 3
02-23 15:29:24.360  8624  8624 W CAR.INPUT: No touchpad found. Using default threshold.
02-23 15:29:24.360  8624  8624 W CAR.INPUT: No touchpad found. Using default threshold.
02-23 15:29:24.361  8624  8624 I CAR.INPUT: Discovered input for display 0 with service 1: CarUiInfo (hasRotaryController: false, touchscreenType: 1, hasSearchButton: true, hasTouchpadForUiNavigation: false, hasDpad: false, isTouchpadUiAbsolute: false, touchpadMoveThresholdPx: 48, touchpadMultimoveThresholdPx: 64)
02-23 15:29:24.361  8624  8624 I CAR.SENSOR: setDisplaySourceService Setting DisplaySourceService for DefaultSensorListener
02-23 15:29:24.361  8624   582 I CAR.GAL.AUDIO.LITE: Got audio focus state from car:AUDIO_FOCUS_STATE_LOSS
02-23 15:29:24.361  8624   582 I CAR.AUDIO.FOCUS: Received focus change from HU: AUDIO_FOCUS_STATE_LOSS, unsolicited: false
02-23 15:29:24.362  8624  8624 I CAR.XFER.LITE: CAR_SERVICE_PROXY Start executor and read messages
02-23 15:29:24.362  8624  8624 I GH.CarConnSession: Create proxy end points for 8 with service type: 9
02-23 15:29:24.362  8624   621 I CAR.AUDIO.FOCUS: Handling CarAudioFocusEvent from HU: packageName=null, audioFocusRequestType=AUDIO_FOCUS_RELEASE, audioFocusStateType=AUDIO_FOCUS_STATE_LOSS, unsolicitedResponse=false, gearheadForcedResponse=false, pendingRequest=NONE
02-23 15:29:24.362  8624  8624 I GH.CarConnSession: Start services -7748641957405346321
02-23 15:29:24.362  8624   621 I CAR.AUDIO.FOCUS: changeAndroidFocus: true
02-23 15:29:24.362  8624   621 I CAR.AUDIO.AFM: Invalidate audio focus stack monitor due to car audio focus change
02-23 15:29:24.362  8624  8624 I GH.CarConnSession: Start services in proxy -([3, 4, 5, 6, 1, 2, 14, 7])
02-23 15:29:24.362  8624   621 I CAR.AUDIO.CHANNEL: disabling stream: MEDIA, had focus: false
02-23 15:29:24.363  8624  8624 I GH.CarConnSession: Start services in lite -([8])
02-23 15:29:24.363  8624   621 I CAR.AUDIO.CHANNEL: disabling stream: TTS, had focus: false
02-23 15:29:24.363  8624  8624 I GH.SelectSvcStarter: Ok to start service 3
02-23 15:29:24.363  8624   621 I CAR.AUDIO.CHANNEL: handleStreamFocusChange old state media: false tts: false, new state media: false tts: false
02-23 15:29:24.363  8624  8624 I GH.SelectSvcStarter: Ok to start service 4
02-23 15:29:24.363  8624   621 I CAR.AUDIO.CHANNEL: Audio stream 1 did not request bottom half
02-23 15:29:24.363  8624  8624 I GH.SelectSvcStarter: Ok to start service 5
02-23 15:29:24.363  8624   621 I CAR.AUDIO.CHANNEL: Audio stream 0 did not request bottom half
02-23 15:29:24.363  8624  8624 I GH.SelectSvcStarter: Ok to start service 6
02-23 15:29:24.363  8624  8624 I GH.SelectSvcStarter: Ok to start service 1
02-23 15:29:24.363  8624  8624 I GH.SelectSvcStarter: Ok to start service 2
02-23 15:29:24.363  8624  8624 I GH.SelectSvcStarter: Ok to start service 8
02-23 15:29:24.363  8624  8624 I GH.SelectSvcStarter: Ok to start service 14
02-23 15:29:24.363  8624  8624 I GH.SelectSvcStarter: Ok to start service 7
02-23 15:29:24.366  8624   624 I GH.MTMCByteCounter: MTMC byte counting started.
02-23 15:29:24.366  8624  8624 I GH.CAR.ProxyEP.LITE: Proxy created for channel 3
02-23 15:29:24.366  8624  8624 I CAR.GAL.GAL.LITE: Creating PerChannelQueue for channel 3
02-23 15:29:24.377  8624  8624 I GH.CAR.ProxyEP.LITE: Proxy created for channel 4
02-23 15:29:24.377  8624  8624 I CAR.GAL.GAL.LITE: Creating AudioPerChannelQueue for channel 4
02-23 15:29:24.378  8624  8624 I GH.CAR.ProxyEP.LITE: Proxy created for channel 5
02-23 15:29:24.378  8624  8624 I CAR.GAL.GAL.LITE: Creating AudioPerChannelQueue for channel 5
02-23 15:29:24.379  8624  8624 I GH.CAR.ProxyEP.LITE: Proxy created for channel 6
02-23 15:29:24.379  8624  8624 I CAR.GAL.GAL.LITE: Creating AudioPerChannelQueue for channel 6
02-23 15:29:24.379  8624  8624 I GH.CAR.ProxyEP.LITE: Proxy created for channel 1
02-23 15:29:24.379  8624  8624 I CAR.GAL.GAL.LITE: Creating PerChannelQueue for channel 1
02-23 15:29:24.381  8624  8624 I GH.CAR.ProxyEP.LITE: Proxy created for channel 2
02-23 15:29:24.381  8624  8624 I CAR.GAL.GAL.LITE: Creating PerChannelQueue for channel 2
02-23 15:29:24.382  8624  8624 I GH.CAR.ProxyEP.LITE: Proxy created for channel 8
02-23 15:29:24.382  8624  8624 I CAR.GAL.GAL.LITE: Creating PerChannelQueue for channel 8
02-23 15:29:24.383  8624  8624 I GH.CAR.ProxyEP.LITE: Proxy created for channel 14
02-23 15:29:24.384  8624  8624 I CAR.GAL.GAL.LITE: Creating PerChannelQueue for channel 14
02-23 15:29:24.384  8265  8572 I GH.ConnLoggerV2: Session 5851743f-9a41-456a-989f-68cc53452524, event 939, detail OptionalInt.empty, WIRELESS_RFCOMM_CONNECTION_RUNNABLE_DEQUEUED, at 20966983 
02-23 15:29:24.388  8624  8624 I GH.CAR.ProxyEP.LITE: Proxy created for channel 7
02-23 15:29:24.388  8624  8624 I CAR.GAL.GAL.LITE: Creating PerChannelQueue for channel 7
02-23 15:29:24.391  8265  8572 I GH.ConnLoggerV2: Session 5851743f-9a41-456a-989f-68cc53452524, event 940, detail OptionalInt.empty, WIRELESS_CONNECTING_RFCOMM, at 20966984 
02-23 15:29:24.391  8624   626 I CAR.GAL.GAL.LITE: onChannelOpened: 4
02-23 15:29:24.393  8624  8624 I GH.WIRELESS.SETUP: Info response received. Received credentials=WifiConfiguration(ssid=OpenAutoProdigy, bssid=DC:A6:32:E7:5A:FE, securityMode=WPA2_PERSONAL, mostRecentlyUsedFrequenciesMhz=[]), cached credentials=Optional.empty, networkState=REQUESTED
02-23 15:29:24.394  8624   614 E GH.WPP.IO: Failed to read 4 bytes at offset 0
02-23 15:29:24.394  8624   614 E GH.WPP.IO: java.io.IOException: bt socket closed, read return: -1
02-23 15:29:24.394  8624   614 E GH.WPP.IO: 	at android.bluetooth.BluetoothSocket.read(BluetoothSocket.java:678)
02-23 15:29:24.394  8624   614 E GH.WPP.IO: 	at android.bluetooth.BluetoothInputStream.read(BluetoothInputStream.java:91)
02-23 15:29:24.394  8624   614 E GH.WPP.IO: 	at jnh.a(SourceFile:21)
02-23 15:29:24.394  8624   614 E GH.WPP.IO: 	at jnn.p(SourceFile:180)
02-23 15:29:24.394  8624   614 E GH.WPP.IO: 	at jnn.b(SourceFile:7)
02-23 15:29:24.394  8624   614 E GH.WPP.IO: 	at jnf.read(SourceFile:52)
02-23 15:29:24.394  8624   614 E GH.WPP.IO: 	at odi.a(SourceFile:32)
02-23 15:29:24.394  8624   614 E GH.WPP.IO: 	at odf.b(SourceFile:77)
02-23 15:29:24.394  8624   614 E GH.WPP.IO: 	at oav.run(SourceFile:41)
02-23 15:29:24.394  8624   614 E GH.WPP.IO: 	at android.os.Handler.handleCallback(Handler.java:1000)
02-23 15:29:24.394  8624   614 E GH.WPP.IO: 	at android.os.Handler.dispatchMessage(Handler.java:104)
02-23 15:29:24.394  8624   614 E GH.WPP.IO: 	at android.os.Looper.loopOnce(Looper.java:242)
02-23 15:29:24.394  8624   614 E GH.WPP.IO: 	at android.os.Looper.loop(Looper.java:362)
02-23 15:29:24.394  8624   614 E GH.WPP.IO: 	at android.os.HandlerThread.run(HandlerThread.java:85)
02-23 15:29:24.395  8624  8624 I GH.WirelessNetRequest: Add callback key=nck@eaa824a value=WSEM.Callback@3223523
02-23 15:29:24.395  8624   625 I CAR.GAL.GAL.LITE: onChannelOpened: 3
02-23 15:29:24.397  8624  8624 I GH.WirelessNetRequest: Network is already connected
02-23 15:29:24.397  8624  8624 I GH.WirelessNetRequest: Reachability check is in progress, no further action needed
02-23 15:29:24.397  8624  8624 I GH.WPP.CONN: Stopping Wifi Projection Protocol read and write threads
02-23 15:29:24.399  8624  8624 I GH.WIRELESS.BT: Retrying connection attempt on all channels due to WPP_SOCKET_IO_EXCEPTION
02-23 15:29:24.399  8624  8624 I GH.WIRELESS.SETUP: State changed to RFCOMM_READ_WRITE_FAILURE
02-23 15:29:24.399  8624  8624 I GH.WIRELESS.SETUP: Retrying connection attempt on all channels by restarting WPP.
02-23 15:29:24.400  8624  8624 I GH.WIRELESS.SETUP: Triggering WPP restart. Reason=WPP_SOCKET_IO_EXCEPTION
02-23 15:29:24.400  8624 32603 I GH.WPP.RFCOMM: Closing the socket
02-23 15:29:24.402  8265  8572 I GH.ConnLoggerV2: Session 5851743f-9a41-456a-989f-68cc53452524, event 941, detail OptionalInt.empty, SSL_NEGOTIATION_SUCCESS_WIFI, at 20967005 
02-23 15:29:24.402  8624  8624 I GH.CarSvcDataStorage: Using DB version: 13
02-23 15:29:24.407  8624  8624 I GH.WIRELESS.SETUP: No WPP on TCP configuration found in storage for the head unit, will not start WPP on TCP.
02-23 15:29:24.409  8624  8624 I GH.WIRELESS.SETUP: Starting manager of type: RFCOMM
02-23 15:29:24.410  8624  8624 I GH.WIRELESS.SETUP: State changed to CONNECTING_RFCOMM
02-23 15:29:24.412  8265  8572 I GH.ConnLoggerV2: Session 5851743f-9a41-456a-989f-68cc53452524, event 942, detail OptionalInt.empty, SSL_SUCCESS, at 20967008 
02-23 15:29:24.414  8624 32603 I GH.WPP.RFCOMM: Connecting the socket
02-23 15:29:24.414  8624 32603 I GH.WIRELESS.BT: Creating rfcomm socket for device: DC:A6:32:E7:5A:FF and uuid: 4de17a00-52cb-11e6-bdf4-0800200c9a66
02-23 15:29:24.420  8265  8572 I GH.ConnLoggerV2: Session 5851743f-9a41-456a-989f-68cc53452524, event 943, detail OptionalInt.empty, SDP_REQUEST_SENT, at 20967010 
02-23 15:29:24.420  8624   626 I CAR.GAL.GAL.LITE: onChannelOpened: 5
02-23 15:29:24.424  8624   627 I CAR.GAL.GAL.LITE: onChannelOpened: 2
02-23 15:29:24.424  8624   626 I CAR.GAL.GAL.LITE: onChannelOpened: 6
02-23 15:29:24.424  8624   625 I CAR.GAL.GAL.LITE: onChannelOpened: 1
02-23 15:29:24.426  8624   582 I CAR.GAL.GAL.LITE: onChannelOpened: 8
02-23 15:29:24.427  8624   582 I CAR.GAL.GAL.LITE: onChannelOpened: 14
02-23 15:29:24.428  8624   628 I CAR.GAL.GAL.LITE: onChannelOpened: 7
02-23 15:29:24.428  8624  8624 I GH.SelectSvcStarter: All services have been started.
02-23 15:29:24.429  8624  8624 I GH.CarConnSession: Service start completed for -7748641957405346321
02-23 15:29:24.429  8624   626 I CAR.GAL.AUDIO.LITE: Creating MediaSourceFlowController for AUDIO_STREAM_MEDIA stream type with throttling disabled: false, maxHuAudioBufferFrames: 2147483647, maxUnackedFramesAllowed: 1
02-23 15:29:24.429  8624   626 I CAR.AUDIO.MEDIA.LITE: configMessage, MAX_UNACK: 1
02-23 15:29:24.429  8624   625 I CAR.GAL.VIDEO.LITE: Initialize video source flow controller with max unacked allowed: 10
02-23 15:29:24.430  8624   625 I CAR.GAL.VIDEO.LITE: configMessage, MAX_UNACK: 10
02-23 15:29:24.430  8624   626 I CAR.AUDIO.MEDIA: Flag that enables save audio developer setting: false
02-23 15:29:24.431  8624   625 I CAR.VIDEO: AVC Level 0x4000 fps 30 pixel 4915200
02-23 15:29:24.432  8624   625 I CAR.VIDEO: Choosing codec c2.qti.avc.encoder
02-23 15:29:24.434  8624  8624 I CAR.CONMAN.LITE: onStartRequiredServicesComplete: success=true
02-23 15:29:24.436  8624   618 I CAR.GAL.GAL.LITE: onChannelOpened: 2
02-23 15:29:24.436  8624   615 I CAR.GAL.GAL.LITE: onChannelOpened: 8
02-23 15:29:24.436  8624   626 I CAR.AUDIO.CHANNEL: Mark stream ready: MEDIA
02-23 15:29:24.436  8624   626 I CAR.AUDIO.MEDIA: AudioSourceService is ready with stream type: MEDIA
02-23 15:29:24.437  8624   626 I CAR.AUDIO.MEDIA: startSystemSoundStreaming MEDIA
02-23 15:29:24.438  8624   621 I CAR.AUDIO.FOCUS: Handling CarAudioFocusEvent from HU: packageName=null, audioFocusRequestType=null, audioFocusStateType=AUDIO_FOCUS_STATE_LOSS, unsolicitedResponse=false, gearheadForcedResponse=true, pendingRequest=NONE
02-23 15:29:24.438  8624   621 I CAR.AUDIO.FOCUS: changeAndroidFocus: true
02-23 15:29:24.438  8624   621 I CAR.AUDIO.CHANNEL: disabling stream: MEDIA, had focus: false
02-23 15:29:24.438  8624   621 I CAR.AUDIO.CHANNEL: disabling stream: TTS, had focus: false
02-23 15:29:24.438  8624   621 I CAR.AUDIO.CHANNEL: handleStreamFocusChange old state media: false tts: false, new state media: false tts: false
02-23 15:29:24.440  8624   625 I CAR.GAL.VIDEO.LITE: VideoFocus gained unsolicited=false
02-23 15:29:24.440  8624   625 I CAR.VIDEO: Video focus gained for display type: 0.
02-23 15:29:24.440  8624   625 I CAR.GAL.VIDEO.LITE: Input Focus Gained
02-23 15:29:24.441  8624   622 I CAR.VIDEO: AVC Level 0x4000 fps 30 pixel 4915200
02-23 15:29:24.441  8624   622 I CAR.VIDEO: Choosing codec c2.qti.avc.encoder
02-23 15:29:24.443  8624   621 I CAR.AUDIO.CHANNEL: Audio stream 1 did not request bottom half
02-23 15:29:24.443  8624   621 I CAR.AUDIO.CHANNEL: Audio stream 0 did not request bottom half
02-23 15:29:24.444  8624   636 I CAR.AUDIO.MEDIA: Start capturing system audio with sampling rate: 48000, buffer size: 65536, expected frame duration: 42.666667 ms
02-23 15:29:24.445  8624   636 I CAR.AUDIO.MEDIA: Creating audio record
02-23 15:29:24.445  8624   636 I CAR.AUDIO.Policy: Registering audio policy
02-23 15:29:24.445  8265  8572 I GH.ConnLoggerV2: Session 5851743f-9a41-456a-989f-68cc53452524, event 944, detail OptionalInt.empty, SDP_RESPONSE_RECEIVED_WIFI, at 20967016 
02-23 15:29:24.445  8624   626 I CAR.GAL.AUDIO.LITE: Creating MediaSourceFlowController for AUDIO_STREAM_GUIDANCE stream type with throttling disabled: false, maxHuAudioBufferFrames: 2147483647, maxUnackedFramesAllowed: 1
02-23 15:29:24.445  8624  8624 I CAR.SYS : Successfully set automotive projection.
02-23 15:29:24.445  8624   626 I CAR.AUDIO.TTS.LITE: configMessage, MAX_UNACK: 1
02-23 15:29:24.447  8624   622 I CAR.MEDIA.VIDEO: wait for encoder init [Video EncodingThread.]
02-23 15:29:24.448  8624  8624 I CAR.WM.FrameRateLimit: Frame rate change. 0 fps -> 60 fps
02-23 15:29:24.453  8265  8572 I GH.ConnLoggerV2: Session 5851743f-9a41-456a-989f-68cc53452524, event 945, detail OptionalInt.empty, SDP_RESPONSE_RECEIVED, at 20967020 
02-23 15:29:24.454  8624   626 I CAR.AUDIO.TTS: Flag that enables save audio developer setting: false
02-23 15:29:24.463  8265  8572 I GH.ConnLoggerV2: Session 5851743f-9a41-456a-989f-68cc53452524, event 946, detail OptionalInt.empty, GEARHEAD_PROJECTION_ENABLED, at 20967030 
02-23 15:29:24.463  8265  8572 I GH.StartupMeasure: logEvent GEARHEAD_PROJECTION_ENABLED=PT5H49M27.03S
02-23 15:29:24.463  8265  8572 I GH.StartupMeasure: logEvent GEARHEAD_PROJECTION_ENABLED=PT5H49M27.03S
02-23 15:29:24.468  8624   626 I CAR.AUDIO.CHANNEL: Mark stream ready: TTS
02-23 15:29:24.468  8624   626 I CAR.AUDIO.TTS: AudioSourceService is ready with stream type: TTS
02-23 15:29:24.468  8624   626 I CAR.AUDIO.TTS: startSystemSoundStreaming TTS
02-23 15:29:24.474  8624   621 I CAR.AUDIO.FOCUS: Handling CarAudioFocusEvent from HU: packageName=null, audioFocusRequestType=null, audioFocusStateType=AUDIO_FOCUS_STATE_LOSS, unsolicitedResponse=false, gearheadForcedResponse=true, pendingRequest=NONE
02-23 15:29:24.474  8624   626 I CAR.GAL.AUDIO.LITE: Creating MediaSourceFlowController for AUDIO_STREAM_SYSTEM_AUDIO stream type with throttling disabled: false, maxHuAudioBufferFrames: 2147483647, maxUnackedFramesAllowed: 1
02-23 15:29:24.474  8624   621 I CAR.AUDIO.FOCUS: changeAndroidFocus: true
02-23 15:29:24.475  8624   626 I CAR.AUDIO.TTS.LITE: configMessage, MAX_UNACK: 1
02-23 15:29:24.475  8624   621 I CAR.AUDIO.CHANNEL: disabling stream: MEDIA, had focus: false
02-23 15:29:24.475  8624   621 I CAR.AUDIO.CHANNEL: disabling stream: TTS, had focus: false
02-23 15:29:24.476  8624   621 I CAR.AUDIO.CHANNEL: handleStreamFocusChange old state media: false tts: false, new state media: false tts: false
02-23 15:29:24.479  8624   649 I CAR.AUDIO.TTS: Start capturing system audio with sampling rate: 48000, buffer size: 16384, expected frame duration: 42.666667 ms
02-23 15:29:24.479  8624   649 I CAR.AUDIO.TTS: Creating audio record
02-23 15:29:24.482  8624   626 I CAR.AUDIO.SYSTEM: Flag that enables save audio developer setting: false
02-23 15:29:24.491  8265  8572 I GH.ConnLoggerV2: Session 5851743f-9a41-456a-989f-68cc53452524, event 947, detail OptionalInt[-45], WIRELESS_WIFI_STARTUP_MANAGER_ON_HANDOFF_COMPLETE, at 20967033 
02-23 15:29:24.492  8624   626 I CAR.AUDIO.CHANNEL: Mark stream ready: SYSTEM
02-23 15:29:24.493  8624   626 I CAR.AUDIO.SYSTEM: AudioSourceService is ready with stream type: SYSTEM
02-23 15:29:24.493  8624   621 I CAR.AUDIO.CHANNEL: Audio stream 1 did not request bottom half
02-23 15:29:24.493  8624   621 I CAR.AUDIO.CHANNEL: Audio stream 0 did not request bottom half
02-23 15:29:24.498  8624   621 I CAR.AUDIO.FOCUS: Handling CarAudioFocusEvent from HU: packageName=null, audioFocusRequestType=null, audioFocusStateType=AUDIO_FOCUS_STATE_LOSS, unsolicitedResponse=false, gearheadForcedResponse=true, pendingRequest=NONE
02-23 15:29:24.498  8624   621 I CAR.AUDIO.FOCUS: changeAndroidFocus: true
02-23 15:29:24.498  8624   621 I CAR.AUDIO.CHANNEL: disabling stream: MEDIA, had focus: false
02-23 15:29:24.498  8624   621 I CAR.AUDIO.CHANNEL: disabling stream: TTS, had focus: false
02-23 15:29:24.498  8624   621 I CAR.AUDIO.CHANNEL: handleStreamFocusChange old state media: false tts: false, new state media: false tts: false
02-23 15:29:24.499  8624   621 I CAR.AUDIO.CHANNEL: Audio stream 1 did not request bottom half
02-23 15:29:24.499  8624   621 I CAR.AUDIO.CHANNEL: Audio stream 0 did not request bottom half
02-23 15:29:24.505  8624   604 I CAR.SENSOR: Requested sensor 2 not supported
02-23 15:29:24.506  8624   604 I CAR.SENSOR: Requested sensor 7 not supported
02-23 15:29:24.507  8624   604 I CAR.SENSOR: Requested sensor 6 not supported
02-23 15:29:24.528  8265  8572 I GH.ConnLoggerV2: Session 5851743f-9a41-456a-989f-68cc53452524, event 948, detail OptionalInt.empty, WIRELESS_GAL_SOCKET_CONNECTED, at 20967034 
02-23 15:29:24.546  8624   627 I CAR.SENSOR: getDayNightModeUserSetting DisplaySourceService available
02-23 15:29:24.546  8624   627 I CAR.SENSOR: getDayNightModeUserSetting getting day night mode from CarServiceSettings: car
02-23 15:29:24.546  8624   627 I CAR.SENSOR: isNightModeEnabled DAY_NIGHT_MODE_VAL_CAR returning car day night sensor night=false
02-23 15:29:24.547  8624   627 I CAR.SENSOR: getDayNightModeUserSetting DisplaySourceService available
02-23 15:29:24.547  8624   627 I CAR.SENSOR: getDayNightModeUserSetting getting day night mode from CarServiceSettings: car
02-23 15:29:24.547  8265  8572 I GH.ConnLoggerV2: Session 5851743f-9a41-456a-989f-68cc53452524, event 949, detail OptionalInt.empty, AUTHORIZATION_STARTED, at 20967036 
02-23 15:29:24.547  8624   627 I CAR.SENSOR: updateDayNightMode(source=SENSOR): userSetting=car, isNightMode=false
02-23 15:29:24.547  8624   627 I CAR.SYS : setting night mode false
02-23 15:29:24.568  8265  8572 I GH.ConnLoggerV2: Session 5851743f-9a41-456a-989f-68cc53452524, event 950, detail OptionalInt.empty, WIRELESS_WIFI_PROJECTION_PROTOCOL_RFCOMM_SOCKET_CONNECTED, at 20967071 
02-23 15:29:24.579  8265  8572 I GH.ConnLoggerV2: Session 5851743f-9a41-456a-989f-68cc53452524, event 951, detail OptionalInt.empty, WIRELESS_CONNECTED_RFCOMM, at 20967082 
02-23 15:29:24.586  8265  8572 I GH.ConnLoggerV2: Session 5851743f-9a41-456a-989f-68cc53452524, event 952, detail OptionalInt.empty, WIRELESS_WIFI_STARTUP_MANAGER_ON_CAR_SERVICE_STARTED, at 20967090 
02-23 15:29:24.594  8265  8572 I GH.ConnLoggerV2: Session 5851743f-9a41-456a-989f-68cc53452524, event 953, detail OptionalInt.empty, CAR_SERVICE_ENDPOINTS_STARTING, at 20967156 
02-23 15:29:24.599  8265  8572 I GH.ConnLoggerV2: Session 5851743f-9a41-456a-989f-68cc53452524, event 954, detail OptionalInt.empty, WIRELESS_WIFI_PROJECTION_PROTOCOL_RFCOMM_START_REQUEST_RECEIVED, at 20967161 
02-23 15:29:24.600  8265  8572 I GH.StartupMeasure: logEvent GEARHEAD_WIRELESS_START_REQUEST_RECEIVED_RFCOMM=PT5H49M27.161S
02-23 15:29:24.606 10068 10068 D GH.MdPlayerCardStateLD: timedOutAfterPlaybackStateChange: true
02-23 15:29:24.609  8624   622 I CAR.MEDIA.VIDEO: encoder init done [Video EncodingThread.]
02-23 15:29:24.611  8265  8572 I GH.ConnLoggerV2: Session 5851743f-9a41-456a-989f-68cc53452524, event 955, detail OptionalInt.empty, WIRELESS_PROJECTION_REQUESTED_WHILE_GAL_SOCKET_CONNECTED, at 20967162 
02-23 15:29:24.618  8265  8572 I GH.ConnLoggerV2: Session 5851743f-9a41-456a-989f-68cc53452524, event 956, detail OptionalInt.empty, WIRELESS_WIFI_VERSION_NOT_REQUESTED, at 20967163 
02-23 15:29:24.625 10068 10068 D GH.MdPlayerCardStateLD: timedOutAfterPlaybackStateChange: true
02-23 15:29:24.636  8265  8572 I GH.ConnLoggerV2: Session 5851743f-9a41-456a-989f-68cc53452524, event 957, detail OptionalInt.empty, WIRELESS_WIFI_PROJECTION_REQUESTED_BY_HU_WITHOUT_REASON, at 20967164 
02-23 15:29:24.649  8624   636 I CAR.BT.SVC.LITE: Routing media audio via device type 0
02-23 15:29:24.654  8265  8572 I GH.ConnLoggerV2: Session 5851743f-9a41-456a-989f-68cc53452524, event 958, detail OptionalInt.empty, GEARHEAD_ENDPOINTS_STARTING, at 20967165 
02-23 15:29:24.671  8265  8572 I GH.ConnLoggerV2: Session 5851743f-9a41-456a-989f-68cc53452524, event 959, detail OptionalInt.empty, WIRELESS_WIFI_PROJECTION_PROTOCOL_RFCOMM_INFO_REQUEST_SENT, at 20967168 
02-23 15:29:24.708  8265  8572 I GH.ConnLoggerV2: Session 5851743f-9a41-456a-989f-68cc53452524, event 960, detail OptionalInt.empty, WIRELESS_WIFI_PROJECTION_PROTOCOL_RFCOMM_START_RESPONSE_SENT, at 20967169 
02-23 15:29:24.726  8624  8624 I CAR.CAM : Using IME component ComponentInfo{com.google.android.projection.gearhead/com.google.android.projection.gearhead.input.TouchInputMethodService}
02-23 15:29:24.744  8624  8624 I CAR.WM.FrameRateLimit: Frame rate change. 60 fps -> 30 fps
02-23 15:29:24.744  8624  8624 I CAR.WM  : Setting display configuration id for CarDisplayId{displayId=0} to 4503d8cf-480b-4d05-9a8a-94ae25beeab3
02-23 15:29:24.744  8624  8624 I CAR.SERVICE: Car connection state changed: CONNECTING->PREFLIGHT
02-23 15:29:24.755  8265  8572 I GH.ConnLoggerV2: Session 5851743f-9a41-456a-989f-68cc53452524, event 961, detail OptionalInt.empty, WIRELESS_WIFI_CACHED_CREDENTIALS_USED, at 20967176 
02-23 15:29:24.760  8624  8624 I CAR.LITE.LITE: Startup complete:true
02-23 15:29:24.760  8624  8624 I CAR.LITE.LITE: Car services started
02-23 15:29:24.761  8624  8624 I CAR.BT.LITE: handleTransition: Entering into state STATE_ENABLING BluetoothFsmStateType=BT_FSM_STATE_ENABLING, previous event EVENT_ENDPOINT_READY, BluetoothFsmEventType=BT_FSM_EVENT_ENDPOINT_READY
02-23 15:29:24.762  8265  8572 I GH.ConnLoggerV2: Session 5851743f-9a41-456a-989f-68cc53452524, event 962, detail OptionalInt.empty, WIRELESS_WIFI_PROJECTION_REQUESTED, at 20967176 
02-23 15:29:24.763  8624  8624 W CAR.WM  : Input focus gained again
02-23 15:29:24.763  8624  8624 I CAR.AUDIO.AFM: Received onAudioFocusGrant. gainRequest: GAIN, requestResult: GRANTED, clientId: android.media.AudioManager@4f8513ahoo@35671eb, packageName: com.google.android.projection.gearhead, clientUid: 10162
02-23 15:29:24.764  8624  8624 I CAR.AUDIO.AFM: Not handling focus event from Gearhead AFM client.
02-23 15:29:24.769  8624  8624 I GH.WPP.CONN: Creating the transport in order to start listening
02-23 15:29:24.769  8624  8624 I GH.WPP.RFCOMM: Creating the IO stream
02-23 15:29:24.770  8624  8624 I GH.WPP.RFCOMM: IO stream will sleep for 10 ms instead of flushing after each write.  SDK: 34
02-23 15:29:24.770  8624  8624 I GH.WPP.RFCOMM: Creating the transport
02-23 15:29:24.774  8624  8624 I GH.WIRELESS.SETUP: State changed to CONNECTED_RFCOMM
02-23 15:29:24.775  8265  8572 I GH.ConnLoggerV2: Session 5851743f-9a41-456a-989f-68cc53452524, event 963, detail OptionalInt.empty, WIRELESS_WIFI_PROJECTION_REQUEST_CANCELED, at 20967186 
02-23 15:29:24.776  8624   763 I GH.WPP.TRANSPORT: Transport starting
02-23 15:29:24.778  8265  8572 I GH.ConnLoggerV2: connectivity state updated: true
02-23 15:29:24.778  8624  8624 I GH.WIRELESS.SETUP: Scheduling WPP first message timeout trigger to execute in 12000 milliseconds, attempt: 9
02-23 15:29:24.779  8624  8624 I CAR.AUDIO.AFM: Received onAudioFocusGrant. gainRequest: GAIN, requestResult: GRANTED, clientId: android.media.AudioManager@4f8513ahoo@35671eb, packageName: com.google.android.projection.gearhead, clientUid: 10162
02-23 15:29:24.779  8624  8624 I CAR.AUDIO.AFM: Not handling focus event from Gearhead AFM client.
02-23 15:29:24.779  8624  8624 I CAR.AUDIO.AFM: Received onAudioFocusGrant. gainRequest: GAIN, requestResult: GRANTED, clientId: android.media.AudioManager@4f8513ahoo@35671eb, packageName: com.google.android.projection.gearhead, clientUid: 10162
02-23 15:29:24.779  8624  8624 I CAR.AUDIO.AFM: Not handling focus event from Gearhead AFM client.
02-23 15:29:24.780  8624  8624 I CAR.WM  : Updating video configuration. isNightMode: false
02-23 15:29:24.781  8624  8624 I GH.WIRELESS.SETUP: State changed to CONNECTED_WIFI
02-23 15:29:24.781  8624  8624 I GH.WIRELESS.SETUP: Send WifiConnectStatus, status=STATUS_SUCCESS, errorMessage=Optional.empty
02-23 15:29:24.782  8624  8624 I GH.WIRELESS.SETUP: State changed to PROJECTION_INITIATED
02-23 15:29:24.782  8624  8624 I GH.WIRELESS.SETUP: Processing projection network
02-23 15:29:24.782  8624  9025 I GH.WirelessNotify: Hiding wifi disabled issue from WirelessSetupNotificationManager after WiFi connected.
02-23 15:29:24.782  8624  8624 W GH.WIRELESS.SETUP: Not persisting Wi-Fi configuration.
02-23 15:29:24.783  8624  8624 W GH.WIRELESS.SETUP: Wi-Fi frequency is not persisted: config is removed.
02-23 15:29:24.783  8624  8624 I GH.WIRELESS.SETUP: Handing off to begin TCP connection
02-23 15:29:24.785  8624   763 E GH.WPP.IO: Failed to read 4 bytes at offset 0
02-23 15:29:24.785  8624   763 E GH.WPP.IO: java.io.IOException: bt socket closed, read return: -1
02-23 15:29:24.785  8624   763 E GH.WPP.IO: 	at android.bluetooth.BluetoothSocket.read(BluetoothSocket.java:678)
02-23 15:29:24.785  8624   763 E GH.WPP.IO: 	at android.bluetooth.BluetoothInputStream.read(BluetoothInputStream.java:91)
02-23 15:29:24.785  8624   763 E GH.WPP.IO: 	at jnh.a(SourceFile:21)
02-23 15:29:24.785  8624   763 E GH.WPP.IO: 	at jnn.p(SourceFile:180)
02-23 15:29:24.785  8624   763 E GH.WPP.IO: 	at jnn.b(SourceFile:7)
02-23 15:29:24.785  8624   763 E GH.WPP.IO: 	at jnf.read(SourceFile:52)
02-23 15:29:24.785  8624   763 E GH.WPP.IO: 	at odi.a(SourceFile:32)
02-23 15:29:24.785  8624   763 E GH.WPP.IO: 	at odf.b(SourceFile:77)
02-23 15:29:24.785  8624   763 E GH.WPP.IO: 	at oav.run(SourceFile:41)
02-23 15:29:24.785  8624   763 E GH.WPP.IO: 	at android.os.Handler.handleCallback(Handler.java:1000)
02-23 15:29:24.785  8624   763 E GH.WPP.IO: 	at android.os.Handler.dispatchMessage(Handler.java:104)
02-23 15:29:24.785  8624   763 E GH.WPP.IO: 	at android.os.Looper.loopOnce(Looper.java:242)
02-23 15:29:24.785  8624   763 E GH.WPP.IO: 	at android.os.Looper.loop(Looper.java:362)
02-23 15:29:24.785  8624   763 E GH.WPP.IO: 	at android.os.HandlerThread.run(HandlerThread.java:85)
02-23 15:29:24.786  8624   758 E GH.WPP.IO: Failed to write 6 bytes at offset 0
02-23 15:29:24.786  8624   758 E GH.WPP.IO: java.io.IOException: Broken pipe
02-23 15:29:24.786  8624   758 E GH.WPP.IO: 	at android.net.LocalSocketImpl.writeba_native(Native Method)
02-23 15:29:24.786  8624   758 E GH.WPP.IO: 	at android.net.LocalSocketImpl.-$$Nest$mwriteba_native(Unknown Source:0)
02-23 15:29:24.786  8624   758 E GH.WPP.IO: 	at android.net.LocalSocketImpl$SocketOutputStream.write(LocalSocketImpl.java:144)
02-23 15:29:24.786  8624   758 E GH.WPP.IO: 	at android.bluetooth.BluetoothSocket.write(BluetoothSocket.java:713)
02-23 15:29:24.786  8624   758 E GH.WPP.IO: 	at android.bluetooth.BluetoothOutputStream.write(BluetoothOutputStream.java:79)
02-23 15:29:24.786  8624   758 E GH.WPP.IO: 	at jnh.a(SourceFile:54)
02-23 15:29:24.786  8624   758 E GH.WPP.IO: 	at jnn.p(SourceFile:180)
02-23 15:29:24.786  8624   758 E GH.WPP.IO: 	at jnn.b(SourceFile:7)
02-23 15:29:24.786  8624   758 E GH.WPP.IO: 	at jni.write(SourceFile:17)
02-23 15:29:24.786  8624   758 E GH.WPP.IO: 	at odf.a(SourceFile:237)
02-23 15:29:24.786  8624   758 E GH.WPP.IO: 	at oaq.run(SourceFile:1095)
02-23 15:29:24.786  8624   758 E GH.WPP.IO: 	at android.os.Handler.handleCallback(Handler.java:1000)
02-23 15:29:24.786  8624   758 E GH.WPP.IO: 	at android.os.Handler.dispatchMessage(Handler.java:104)
02-23 15:29:24.786  8624   758 E GH.WPP.IO: 	at android.os.Looper.loopOnce(Looper.java:242)
02-23 15:29:24.786  8624   758 E GH.WPP.IO: 	at android.os.Looper.loop(Looper.java:362)
02-23 15:29:24.786  8624   758 E GH.WPP.IO: 	at android.os.HandlerThread.run(HandlerThread.java:85)
02-23 15:29:24.786  8624  8624 I GH.CarSvcDataStorage: Using DB version: 13
02-23 15:29:24.790  8265  8572 I GH.ConnLoggerV2: Session 5851743f-9a41-456a-989f-68cc53452524, event 964, detail OptionalInt.empty, WIRELESS_WIFI_PROJECTION_PROTOCOL_RFCOMM_INFO_RESPONSE_RECEIVED, at 20967240 
02-23 15:29:24.797  8624  8624 I GH.WIRELESS.SETUP: Requesting GAL socket, callback=6
02-23 15:29:24.804  8624   649 I CAR.BT.SVC.LITE: Routing media audio via device type 0
02-23 15:29:24.805  8624  9025 I CAR.STARTUP: Checking handoff interest for component com.google.android.projection.gearhead/com.google.android.apps.auto.carservice.service.impl.GearheadCarStartupService
02-23 15:29:24.806  8624  8624 I CAR.TOKEN: Disconnecting pof@b815afc (cx attempt: 1).
02-23 15:29:24.806  8624  8624 I GH.GhCarClientCtor: Disconnecting GearheadCarClientConnector.
02-23 15:29:24.806  8624  8624 I GH.GhCarClientCtor: Unbinding service connection.
02-23 15:29:24.809  8624  9025 I CAR.STARTUP: Successfully bound to component com.google.android.projection.gearhead/com.google.android.apps.auto.carservice.service.impl.GearheadCarStartupService
02-23 15:29:24.813  8624  8624 I CAR.TOKEN: Disconnected pyk@97be85e using class pye@136183770/class pyh@179615109 (cx attempt 1)
02-23 15:29:24.814  8265  8572 I GH.ConnLoggerV2: Session 5851743f-9a41-456a-989f-68cc53452524, event 965, detail OptionalInt.empty, WIRELESS_RFCOMM_INFO_RESPONSE_RECEIVED, at 20967242 
02-23 15:29:24.818  8624  8624 I CAR.SERVICE: Process info changed com.google.android.projection.gearhead:shared:imp(0), reason(0), reason_pid(0), lru(0), uid(0)->imp(125), reason(1), reason_pid(8624), lru(0), uid(10162)
02-23 15:29:24.818  8624  8624 I CAR.SERVICE: Process info changed com.google.android.projection.gearhead:car:imp(0), reason(0), reason_pid(0), lru(0), uid(0)->imp(125), reason(0), reason_pid(0), lru(0), uid(10162)
02-23 15:29:24.819  8624  8624 I CAR.SERVICE: Process info changed com.google.android.projection.gearhead:projection:imp(0), reason(0), reason_pid(0), lru(0), uid(0)->imp(125), reason(0), reason_pid(0), lru(0), uid(10162)
02-23 15:29:24.819 10068 11068 D CAR.CLIENT.PLS: onProjectionStart on binder thread
02-23 15:29:24.822 10068 10068 D CAR.CLIENT.PLS: Projection start
02-23 15:29:24.822 10068 10068 I GH.GhLifecycleService: onProjectionStart(config:Bundle[{}])
02-23 15:29:24.822 10068 10068 D GH.GhLifecycleService: Get CarWindowManager for CarDisplayId{displayId=0}
02-23 15:29:24.823 10068 10068 I CAR.CLIENT: carModuleFeaturesCache empty, retrieving from car service.
02-23 15:29:24.823 10068 10068 D CAR.CLIENT: Multi-display client enabled. Get ICarWindowManager for: CarDisplayId{displayId=0}
02-23 15:29:24.825 10068 10068 I GH.AppIconCache: forDpi: Creating new app icon cache with DPI=140
02-23 15:29:24.827 10068 10068 I GH.AppIconFactory: AppIconFactory(): iconSize=84, iconDpi=320, displayMetrics=DisplayMetrics{density=0.875, width=720, height=1436, scaledDensity=0.875, xdpi=261.257, ydpi=260.512}
02-23 15:29:24.827 10068 10068 I CAR.CLIENT: carModuleFeaturesCache empty, retrieving from car service.
02-23 15:29:24.828  8265  8572 I GH.ConnLoggerV2: Session 5851743f-9a41-456a-989f-68cc53452524, event 966, detail OptionalInt.empty, WIRELESS_RFCOMM_READ_ERROR, at 20967248 
02-23 15:29:24.831 10068 10068 D CAR.CLIENT: Multi-display client enabled. Get ICarDisplayManager
02-23 15:29:24.831 10068 10068 D GH.Hero : Setting car control info from getHasPersistentCarControls
02-23 15:29:24.831 10068 10068 I CAR.CLIENT: carModuleFeaturesCache empty, retrieving from car service.
02-23 15:29:24.833 10068 10068 D GH.GhLifecycleService: Get CarWindowManager for CarDisplayId{displayId=0}
02-23 15:29:24.833 10068 10068 D CAR.CLIENT: Multi-display client enabled. Get ICarDisplay for: CarDisplayId{displayId=0}
02-23 15:29:24.834 10068 10068 D CAR.CLIENT: Multi-display client enabled. Get ICarDisplay for: CarDisplayId{displayId=0}
02-23 15:29:24.835 10068 10068 D CAR.CLIENT: Multi-display client enabled. Get ICarDisplay for: CarDisplayId{displayId=0}
02-23 15:29:24.836 10068 10068 I GH.DisplayLayout: displayDimensions Point(800, 410), dpi 140, contentInsets: Rect(0, 0 - 0, 0)
02-23 15:29:24.840  8265  8572 I GH.ConnLoggerV2: Session 5851743f-9a41-456a-989f-68cc53452524, event 967, detail OptionalInt.empty, WIRELESS_RFCOMM_SOCKET_CLOSED, at 20967250 
02-23 15:29:24.848  8624  8624 I CAR.SERVICE.LITE: Car connection state changed: CONNECTING->CONNECTED
02-23 15:29:24.852  8624  8624 I GH.WIRELESS.SETUP: Received WifiStartRequest, reason=n/a
02-23 15:29:24.853  8624  8624 I GH.WIRELESS.SETUP: Start request received, setting user intention.
02-23 15:29:24.853  8624  8624 W GH.WIRELESS.SETUP: Trying to proceed with WifiStartRequest before we received WifiVersionRequest
02-23 15:29:24.855  8624  8624 I GH.WIRELESS.SETUP: State changed to WIFI_PROJECTION_START_REQUESTED
02-23 15:29:24.856  8624  8624 I GH.WIRELESS.SETUP: Send WifiStartResponse, protocol=RFCOMM, status=STATUS_SUCCESS
02-23 15:29:24.857  8624   758 E GH.WPP.IO: Failed to write 4 bytes at offset 0
02-23 15:29:24.857  8624   758 E GH.WPP.IO: java.io.IOException: Broken pipe
02-23 15:29:24.857  8624   758 E GH.WPP.IO: 	at android.net.LocalSocketImpl.writeba_native(Native Method)
02-23 15:29:24.857  8624   758 E GH.WPP.IO: 	at android.net.LocalSocketImpl.-$$Nest$mwriteba_native(Unknown Source:0)
02-23 15:29:24.857  8624   758 E GH.WPP.IO: 	at android.net.LocalSocketImpl$SocketOutputStream.write(LocalSocketImpl.java:144)
02-23 15:29:24.857  8624   758 E GH.WPP.IO: 	at android.bluetooth.BluetoothSocket.write(BluetoothSocket.java:713)
02-23 15:29:24.857  8624   758 E GH.WPP.IO: 	at android.bluetooth.BluetoothOutputStream.write(BluetoothOutputStream.java:79)
02-23 15:29:24.857  8624   758 E GH.WPP.IO: 	at jnh.a(SourceFile:54)
02-23 15:29:24.857  8624   758 E GH.WPP.IO: 	at jnn.p(SourceFile:180)
02-23 15:29:24.857  8624   758 E GH.WPP.IO: 	at jnn.b(SourceFile:7)
02-23 15:29:24.857  8624   758 E GH.WPP.IO: 	at jni.write(SourceFile:17)
02-23 15:29:24.857  8624   758 E GH.WPP.IO: 	at odf.a(SourceFile:237)
02-23 15:29:24.857  8624   758 E GH.WPP.IO: 	at oaq.run(SourceFile:1095)
02-23 15:29:24.857  8624   758 E GH.WPP.IO: 	at android.os.Handler.handleCallback(Handler.java:1000)
02-23 15:29:24.857  8624   758 E GH.WPP.IO: 	at android.os.Handler.dispatchMessage(Handler.java:104)
02-23 15:29:24.857  8624   758 E GH.WPP.IO: 	at android.os.Looper.loopOnce(Looper.java:242)
02-23 15:29:24.857  8624   758 E GH.WPP.IO: 	at android.os.Looper.loop(Looper.java:362)
02-23 15:29:24.857  8624   758 E GH.WPP.IO: 	at android.os.HandlerThread.run(HandlerThread.java:85)
02-23 15:29:24.857  8265  8572 I GH.ConnLoggerV2: Session 5851743f-9a41-456a-989f-68cc53452524, event 968, detail OptionalInt[4], WIRELESS_SETUP_WPP_RESTART_WITH_DELAY, at 20967251 
02-23 15:29:24.858  8624  9025 I GH.WifiPreflight: Sending Close Broadcast
02-23 15:29:24.858  8624  8624 I GH.WirelessNetRequest: Add callback key=nck@eaa824a value=WSEM.Callback@2a7a55
02-23 15:29:24.858  8624  8624 I GH.WirelessNetRequest: Network is already connected
02-23 15:29:24.860  8624  8624 I GH.WPP.CONN: Stopping Wifi Projection Protocol read and write threads
02-23 15:29:24.861  8624  8624 I GH.WIRELESS.BT: Retrying connection attempt on all channels due to WPP_SOCKET_IO_EXCEPTION
02-23 15:29:24.862  8624  8624 I GH.WIRELESS.SETUP: State changed to RFCOMM_READ_WRITE_FAILURE
02-23 15:29:24.862  8624  8624 I GH.WIRELESS.SETUP: Retrying connection attempt on all channels by restarting WPP.
02-23 15:29:24.862  8624  8624 I GH.WIRELESS.SETUP: Triggering WPP restart. Reason=WPP_SOCKET_IO_EXCEPTION
02-23 15:29:24.862  8624   758 E GH.WPP.IO: Failed to write 6 bytes at offset 0
02-23 15:29:24.862  8624   758 E GH.WPP.IO: java.io.IOException: Broken pipe
02-23 15:29:24.862  8624   758 E GH.WPP.IO: 	at android.net.LocalSocketImpl.writeba_native(Native Method)
02-23 15:29:24.862  8624   758 E GH.WPP.IO: 	at android.net.LocalSocketImpl.-$$Nest$mwriteba_native(Unknown Source:0)
02-23 15:29:24.862  8624   758 E GH.WPP.IO: 	at android.net.LocalSocketImpl$SocketOutputStream.write(LocalSocketImpl.java:144)
02-23 15:29:24.862  8624   758 E GH.WPP.IO: 	at android.bluetooth.BluetoothSocket.write(BluetoothSocket.java:713)
02-23 15:29:24.862  8624   758 E GH.WPP.IO: 	at android.bluetooth.BluetoothOutputStream.write(BluetoothOutputStream.java:79)
02-23 15:29:24.862  8624   758 E GH.WPP.IO: 	at jnh.a(SourceFile:54)
02-23 15:29:24.862  8624   758 E GH.WPP.IO: 	at jnn.p(SourceFile:180)
02-23 15:29:24.862  8624   758 E GH.WPP.IO: 	at jnn.b(SourceFile:7)
02-23 15:29:24.862  8624   758 E GH.WPP.IO: 	at jni.write(SourceFile:17)
02-23 15:29:24.862  8624   758 E GH.WPP.IO: 	at odf.a(SourceFile:237)
02-23 15:29:24.862  8624   758 E GH.WPP.IO: 	at oaq.run(SourceFile:1095)
02-23 15:29:24.862  8624   758 E GH.WPP.IO: 	at android.os.Handler.handleCallback(Handler.java:1000)
02-23 15:29:24.862  8624   758 E GH.WPP.IO: 	at android.os.Handler.dispatchMessage(Handler.java:104)
02-23 15:29:24.862  8624   758 E GH.WPP.IO: 	at android.os.Looper.loopOnce(Looper.java:242)
02-23 15:29:24.862  8624   758 E GH.WPP.IO: 	at android.os.Looper.loop(Looper.java:362)
02-23 15:29:24.862  8624   758 E GH.WPP.IO: 	at android.os.HandlerThread.run(HandlerThread.java:85)
02-23 15:29:24.863  8624 32602 I GH.WPP.RFCOMM: Closing the socket
02-23 15:29:24.868  8624  8624 I CAR.STARTUP: Service available
02-23 15:29:24.868  8624  8624 I CAR.AUDIO.AFM: Received onAudioFocusLoss. lossReceived: LOSS_TR_CAN_DUCK, wasNotified: false, clientId: android.media.AudioManager@4f8513ahoo@35671eb, packageName: com.google.android.projection.gearhead, clientUid: 10162
02-23 15:29:24.868 10068 10068 I GH.DisplayLayout: contentArea: Rect(0, 0 - 800, 410), DisplayDimensions: Point(800, 410), VD Config: {1.0 ?mcc0mnc [en_US] ldltr sw469dp w914dp h469dp 140dpi nrml long layoutCompatNeeded land -touch -keyb/v/h -nav/h winConfig={ mBounds=Rect(0, 0 - 720, 1600) mAppBounds=Rect(0, 80 - 720, 1516) mMaxBounds=Rect(0, 0 - 720, 1600) mDisplayRotation=ROTATION_0 mWindowingMode=fullscreen mDisplayWindowingMode=fullscreen mActivityType=undefined mAlwaysOnTop=undefined mRotation=ROTATION_0} as.4 s.82 fontWeightAdjustment=0 ?spn ?gid}
02-23 15:29:24.868  8624  8624 I CAR.AUDIO.AFM: Not handling focus event from Gearhead AFM client.
02-23 15:29:24.868  8624  8624 I CAR.AUDIO.AFM: Received onAudioFocusGrant. gainRequest: GAIN_TR_MAY_DUCK, requestResult: GRANTED, clientId: android.media.AudioManager@14a9a2b, packageName: com.android.systemui, clientUid: 10359
02-23 15:29:24.869  8624  8624 I CAR.AUDIO.AFM: Not handling focus event for notifications.
02-23 15:29:24.870 10355 11314 D CAR.CLIENT.PLS: onProjectionStart on binder thread
02-23 15:29:24.870 10068 10068 I GH.DisplayLayout: ProjectionContext: {1.0 ?mcc0mnc [en_US] ldltr sw914dp w914dp h468dp 140dpi nrml long layoutCompatNeeded land -touch -keyb/v/h -nav/h winConfig={ mBounds=Rect(0, 0 - 720, 1600) mAppBounds=Rect(0, 80 - 720, 1516) mMaxBounds=Rect(0, 0 - 720, 1600) mDisplayRotation=ROTATION_0 mWindowingMode=fullscreen mDisplayWindowingMode=fullscreen mActivityType=undefined mAlwaysOnTop=undefined mRotation=ROTATION_0} as.4 s.82 fontWeightAdjustment=0 ?spn ?gid}
02-23 15:29:24.870  8624  9025 I GH.CAR  : isInterestedInHandoff - initialized
02-23 15:29:24.870  8624  9025 I GH.CAR  : Interested in handoff 1764324976328969730: true
02-23 15:29:24.870  8624  9025 I CAR.STARTUP: onStartupServiceAvailable - IStartup interest is true for ComponentInfo{com.google.android.projection.gearhead/com.google.android.apps.auto.carservice.service.impl.GearheadCarStartupService}
02-23 15:29:24.870  8624  9025 I GH.WirelessStartup: Interested in handoff com.google.android.projection.gearhead/com.google.android.apps.auto.carservice.service.impl.GearheadCarStartupService true
02-23 15:29:24.870 10068 10068 D GH.DisplayLayout: Will use layout: sys_ui_layout_canonical_vertical_rail_rhd for display with (w=914,h=468), 140 dpi, driver on Right
