02-23 02:10:04.058 12010 12010 D GH.GhLifecycleService: arRegionId=CarRegionId{regionId=0 carDisplayId=CarDisplayId{displayId=0}}, carRegionGroup=CarRegionGroup{groupId=1, carDisplayId=CarDisplayId{displayId=0}, primaryRegionOfGroup=CarRegionId{regionId=0 carDisplayId=CarDisplayId{displayId=0}}}, clientsToPreWarm=[]}, CarActivityRegionLayoutConfig{carActivityLayoutParams=CarActivityLayoutParams{width=800, height=410, leftMargin=0, topMargin=0, z=441, initialInsets=Rect(0, 0 - 0, 0), regionsCastingInsets=[CarRegionId{regionId=2131429280 carDisplayId=CarDisplayId{displayId=0}}], decoration=ProjectionWindowDecorationParams{outlineLeft=0, outlineTop=0, outlineRight=0, outlineBottom=0, corners=30, cornerRadius=24, antiAliasingType=1, showOutlinesOnlyWhenInset=false, showRoundedCornersOnlyWhenInset=false, borderWidth0}, enterFromEmptyAnimation=ProjectionWindowAnimationParams{animationResId=0, useRevealForTranslation=false, choreography=null, startOffset=0}, exitToEmptyAnimation=ProjectionWindowAnimationParams{animationResId=0, useRevealForTranslation=false, choreography=null, startOffset=0}, insetSideHint=1, insetBehavior=0}, initialIntent=Intent { (has extras) }, fallbackIntent=Intent { (has extras) }, carRegionId=CarRegionId{regionId=2131428408 carDisplayId=CarDisplayId{displayId=0}}, carRegionGroup=CarRegionGroup{groupId=1, carDisplayId=CarDisplayId{displayId=0}, primaryRegionOfGroup=CarRegionId{regionId=0 carDisplayId=CarDisplayId{displayId=0}}}, clientsToPreWarm=[]}, CarActivityRegionLayoutConfig{carActivityLayoutParams=CarActivityLayoutParams{width=800, height=340, leftMargin=0, topMargin=0, z=435, initialInsets=Rect(0, 0 - 0, 0), regionsCastingInsets=[], decoration=ProjectionWindowDecorationParams{outlineLeft=0, outlineTop=0, outlineRight=0, outlineBottom=0, corners=30, cornerRadius=24, antiAliasingType=1, showOutlinesOnlyWhenInset=false, showRoundedCornersOnlyWhenInset=false, borderWidth0}, enterFromEmptyAnimation=ProjectionWindowAnimationParams{animationResId=0, useRevealForTranslation=false, choreography=null, startOffset=0}, exitToEmptyAnimation=ProjectionWindowAnimationParams{animationResId=0, useRevealForTranslation=false, choreography=null, startOffset=0}, insetSideHint=1, insetBehavior=0}, initialIntent=Intent { (has extras) }, fallbackIntent=Intent { (has extras) }, carRegionId=CarRegionId{regionId=2131428814 carDisplayId=CarDisplayId{displayId=0}}, carRegionGroup=CarRegionGroup{groupId=1, carDisplayId=CarDisplayId{displayId=0}, primaryRegionOfGroup=CarRegionId{regionId=0 carDisplayId=CarDisplayId{displayId=0}}}, clientsToPreWarm=[]}, CarActivityRegionLayoutConfig{carActivityLayoutParams=CarActivityLayoutParams{width=800, height=340, leftMargin=0, topMargin=0, z=432, initialInsets=Rect(0, 0 - 0, 0), regionsCastingInsets=[CarRegionId{regionId=7 carDisplayId=CarDisplayId{displayId=0}}, CarRegionId{regionId=2131427911 carDisplayId=CarDisplayId{displayId=0}}], decoration=ProjectionWindowDecorationParams{outlineLeft=9, outlineTop=9, outlineRight=0, outlineBottom=0, corners=30, cornerRadius=24, antiAliasingType=1, showOutlinesOnlyWhenInset=true, showRoundedCornersOnlyWhenInset=false, borderWidth0}, enterFromEmptyAnimation=ProjectionWindowAnimationParams{animationResId=0, useRevealForTranslation=false, choreography=null, startOffset=0}, exitToEmptyAnimation=ProjectionWindowAnimationParams{animationResId=0, useRevealForTranslation=false, choreography=null, startOffset=0}, insetSideHint=1, insetBehavior=0}, initialIntent=Intent { cmp=com.google.android.apps.maps/com.google.android.apps.gmm.car.GmmCarProjectionService (has extras) }, fallbackIntent=Intent { (has extras) }, carRegionId=CarRegionId{regionId=2131428812 carDisplayId=CarDisplayId{displayId=0}}, carRegionGroup=CarRegionGroup{groupId=1, carDisplayId=CarDisplayId{displayId=0}, primaryRegionOfGroup=CarRegionId{regionId=0 carDisplayId=CarDisplayId{displayId=0}}}, clientsToPreWarm=[]}], carDisplayConfigurationId=8d4695bf-f00c-4a50-975d-42fc38cd7356}]}
02-23 02:10:04.059 12010 12010 I GH.GhLifecycleService: onPostProjectionStart()
02-23 02:10:04.059 12010 12010 I GH.PrimaryColorProvider: onProjectionStart
02-23 02:10:04.059 12010 12010 I GH.PrimaryColorProvider: Retrieved phone primary color: 0xff1a1b20
02-23 02:10:04.059 19618 19618 I CAR.SERVICE: Updated region groups: {CarRegionGroup{groupId=3, carDisplayId=CarDisplayId{displayId=0}, primaryRegionOfGroup=CarRegionId{regionId=8 carDisplayId=CarDisplayId{displayId=0}}}=[CarRegionId{regionId=8 carDisplayId=CarDisplayId{displayId=0}}, CarRegionId{regionId=7 carDisplayId=CarDisplayId{displayId=0}}], CarRegionGroup{groupId=1, carDisplayId=CarDisplayId{displayId=0}, primaryRegionOfGroup=CarRegionId{regionId=0 carDisplayId=CarDisplayId{displayId=0}}}=[CarRegionId{regionId=0 carDisplayId=CarDisplayId{displayId=0}}, CarRegionId{regionId=2131428408 carDisplayId=CarDisplayId{displayId=0}}, CarRegionId{regionId=2131428814 carDisplayId=CarDisplayId{displayId=0}}, CarRegionId{regionId=2131428812 carDisplayId=CarDisplayId{displayId=0}}]}
02-23 02:10:04.059 12010 12010 I GH.PrimaryColorProvider: Extracted seed color: 0xff1a1b20
02-23 02:10:04.060 12010 12010 I CAR.CLIENT: carModuleFeaturesCache empty, retrieving from car service.
02-23 02:10:04.060 12010 12010 I GH.ThemingManager: onProjectionStart
02-23 02:10:04.060 12010 12010 D GH.ThemingManager: Setting up theming
02-23 02:10:04.060 12010 12010 I CAR.CLIENT: carModuleFeaturesCache empty, retrieving from car service.
02-23 02:10:04.061 12010 12010 D GH.CarThemeVersionLD: Updating theming version to: 0
02-23 02:10:04.061 12010 12010 W GH.ThemingManager: Not updating theme, palette version doesn't match. Current version: 2, HU version: 0
02-23 02:10:04.061 12010 12010 I CAR.CLIENT: carModuleFeaturesCache empty, retrieving from car service.
02-23 02:10:04.061 12010 12010 D CAR.CLIENT: Multi-region client enabled. RegisterCarDisplayLayoutUpdateCompleteListener
02-23 02:10:04.061 12010 12010 D GH.MpCarDispUpdateLstnr: Registering local CarDisplayLayoutUpdateCompleteListener rfz@4b912ba
02-23 02:10:04.062 12010 12010 D CAR.CLIENT: Multi-display client enabled. Get ICarDisplay for: CarDisplayId{displayId=0}
02-23 02:10:04.062 12010 12010 D CAR.CLIENT: onClientConnected() pye@c5dd56b, registering localCarConnectionListener pxx@6bca8c8 with multiplex listener pyn@c70fd61
02-23 02:10:04.062 12010 12010 D GH.MultiCarCxnListener: Registering listener. instance: pyn@c70fd61, listener: pxx@6bca8c8
02-23 02:10:04.062 12010 12010 D CAR.CLIENT: Registering multiplex listener pyn@c70fd61 with car service
02-23 02:10:04.062 21855 21896 I GH.ConnLoggerV2: Session 7bdbf25b-9c23-458c-9bb7-27434b9831e6, event 1711, detail OptionalInt.empty, PROJECTION_LIFECYCLE_LISTENER_ON_PROJECTION_START, at 384493123 
02-23 02:10:04.062 21855 21896 I GH.StartupMeasure: logEvent PROJECTION_LIFECYCLE_LISTENER_ON_PROJECTION_START=PT106H48M13.123S
02-23 02:10:04.062 21855 21896 I GH.StartupMeasure: logEvent PROJECTION_LIFECYCLE_LISTENER_ON_PROJECTION_START=PT106H48M13.123S
02-23 02:10:04.063 19618 25789 I CAR.GAL.AUDIO.LITE: Got audio focus state from car:AUDIO_FOCUS_STATE_GAIN
02-23 02:10:04.063 19618 25789 I CAR.AUDIO.FOCUS: Received focus change from HU: AUDIO_FOCUS_STATE_GAIN, unsolicited: false
02-23 02:10:04.064 19618 25804 I CAR.AUDIO.FOCUS: Handling CarAudioFocusEvent from HU: packageName=com.google.android.projection.gearhead, audioFocusRequestType=AUDIO_FOCUS_GAIN, audioFocusStateType=AUDIO_FOCUS_STATE_GAIN, unsolicitedResponse=false, gearheadForcedResponse=false, pendingRequest=NONE
02-23 02:10:04.064 19618 25804 I CAR.AUDIO.FOCUS: changeAndroidFocus: true
02-23 02:10:04.064 19618 25804 I CAR.AUDIO.CHANNEL: enabling stream: MEDIA, had focus: false
02-23 02:10:04.064 19618 25804 I CAR.AUDIO.CHANNEL: enabling stream: TTS, had focus: false
02-23 02:10:04.064 19618 25804 I CAR.AUDIO.CHANNEL: handleStreamFocusChange old state media: false tts: false, new state media: true tts: true
02-23 02:10:04.064 19618 25804 I CAR.AUDIO.CHANNEL: Audio stream 1 did not request bottom half
02-23 02:10:04.064 19618 25804 I CAR.AUDIO.CHANNEL: Audio stream 0 did not request bottom half
02-23 02:10:04.066 19618 19618 I CAR.SERVICE: Starting preflight, legacyFrxRan: false
02-23 02:10:04.066 12010 13147 D CAR.CLIENT.PLS: onPreflightStart on binder thread
02-23 02:10:04.066 12010 12010 D CAR.CLIENT.PLS: Preflight start
02-23 02:10:04.066 12010 12010 I GH.GhLifecycleService: onPreflightStart(params:Bundle[mParcelledData.dataSize=1128]). Running preflight checks
02-23 02:10:04.066 19618 19618 I CAR.AUDIO.AFM: Received onAudioFocusLoss. lossReceived: NONE, wasNotified: false, clientId: android.media.AudioManager@8fc2020hoo@de39dd9, packageName: com.google.android.projection.gearhead, clientUid: 10253
02-23 02:10:04.066 19618 19618 I CAR.AUDIO.AFM: Processing onAudioFocusLoss. currentGrant: GAIN, invalidateByCarAudioFocusChange: false, lossReceived: NONE, packageName: com.google.android.projection.gearhead
02-23 02:10:04.066 12010 12010 D GH.GhLifecycleService: Preflight start, legacyFrxRan: false, connectionType: 2
02-23 02:10:04.066 12010 12010 D GH.PreflightManager: shouldSkipFrx=false
02-23 02:10:04.066 12010 12010 D GH.Preflight.Req: RequirementProcessor with requirements:
02-23 02:10:04.066 12010 12010 D GH.Preflight.Req: [lhb@355a086, lhd@25d47, lhe@5578974, lha@5df0e9d, lhc@db3f12]
02-23 02:10:04.066 12010 12010 D GH.PreflightDriveStatus: starting
02-23 02:10:04.067 12010 12010 D GH.PreflightDriveStatus: Updated isPhoneConfigAllowed to true
02-23 02:10:04.067 12010 12010 D GH.Preflight.Event: registered listener lfv@47d86e3
02-23 02:10:04.067 12010 12010 D GH.Preflight.Req.TOS: requirementMet:true, isTosAccepted:true, isDataNoticeAccepted:true
02-23 02:10:04.067 12010 12010 D GH.Preflight.Req.Car: isCarAuthorized=true, isKnown=true, isProjectionAllowed=true
02-23 02:10:04.067 12010 12010 D GH.Preflight.Req.Car: isMet:true
02-23 02:10:04.067 12010 12010 I GH.Preflight.Req.PLock: connectionAllowedWhileLocked is enabled
02-23 02:10:04.067 12010 12010 D GH.Preflight.Req.TOS: requirementMet:true, isTosAccepted:true, isDataNoticeAccepted:true
02-23 02:10:04.067 12010 12010 D GH.Preflight.Req.Car: isCarAuthorized=true, isKnown=true, isProjectionAllowed=true
02-23 02:10:04.067 12010 12010 D GH.Preflight.Req.Car: isMet:true
02-23 02:10:04.067 12010 12010 I GH.PreflightManager: Preflight checks passed. Completing preflight as no-op.
02-23 02:10:04.067 12010 12010 I GH.PreflightManager: tearDown
02-23 02:10:04.067 12010 12010 D GH.PreflightDriveStatus: tearDown
02-23 02:10:04.068 12010 12010 D GH.Preflight.Event: unregistered listener lfv@47d86e3
02-23 02:10:04.068 12010 12010 D GH.FrxCompletionLogger: Evaluating completion: frxRequirementsProcessed: false, allRequirementsProcessed: false
02-23 02:10:04.068 12010 12010 D GH.DisplayLayout: Display CarDisplayId{displayId=0} received update complete, setting state to ACTIVE
02-23 02:10:04.069 21855 21896 I GH.ConnLoggerV2: Session 7bdbf25b-9c23-458c-9bb7-27434b9831e6, event 1712, detail OptionalInt.empty, PREFLIGHT_STARTED, at 384493130 
02-23 02:10:04.069 21855 21896 I GH.StartupMeasure: logEvent GEARHEAD_PREFLIGHT_STARTED=PT106H48M13.13S
02-23 02:10:04.069 21855 21896 I GH.StartupMeasure: logEvent GEARHEAD_PREFLIGHT_STARTED=PT106H48M13.13S
02-23 02:10:04.073 21855 21896 I GH.ConnLoggerV2: Session 7bdbf25b-9c23-458c-9bb7-27434b9831e6, event 1713, detail OptionalInt.empty, CAR_SERVICE_VIDEO_FOCUS_GAINED, at 384493131 
02-23 02:10:04.073 21855 21896 I GH.StartupMeasure: logEvent GEARHEAD_CAR_SERVICE_VIDEO_FOCUS_GAINED=PT106H48M13.131S
02-23 02:10:04.073 21855 21896 I GH.StartupMeasure: logEvent GEARHEAD_CAR_SERVICE_VIDEO_FOCUS_GAINED=PT106H48M13.131S
02-23 02:10:04.086 19618 25804 I CAR.AUDIO.AFM: maybeNotifyFocusStackChange: currentFocusGrant: NONE, oldFocusGrant: GAIN, forceNotify: false, mostRecentPackageName: com.google.android.projection.gearhead
02-23 02:10:04.086 19618 19618 I CAR.WM.WATERMARK: Using cert serial number (0x1b) to determine watermark visibility. showWatermark: false
02-23 02:10:04.086 19618 25803 I CAR.AUDIO.CHANNEL: waitForStreamToStop: MEDIA, wait for ack: true
02-23 02:10:04.086 19618 25803 I CAR.AUDIO.CHANNEL: waitForStreamToStop: TTS, wait for ack: true
02-23 02:10:04.086 19618 19618 I CAR.WM  : Maybe showing loading screen
02-23 02:10:04.086 19618 19618 I CAR.WM.LOADING.MAN: Show for STARTUP, screen dimens DisplayParams(selectedIndex=0, codecWidth=800, codecHeight=480, fps=30, dispWidth=800, dispHeight=410, dispLeft=0, dispTop=35, dpi=140, pixelAspectRatio=1.0, decoderAdditionalDepth=4, scaledPixelAspectRatio=1.0, scaledDimensions=800x410, stableInsets=Rect(0, 0 - 0, 0), contentInsets=Rect(0, 0 - 0, 0), cutouts=[], carDisplayUiFeatures=CarDisplayUiFeatures{resizeType=0, hasClock=false, hasBatteryLevel=false, hasPhoneSignal=false, hasNativeUiAffordance=false, hasClusterTurnCard=false}), trigger duration PT0S
02-23 02:10:04.086 19618 25804 I CAR.AUDIO.FOCUS: Sending AUDIO_FOCUS_RELEASE to HU for app null due to Android focus change: LOSS
02-23 02:10:04.086 19618 25804 I CAR.AUDIO.FOCUS: Send focus request to HU: AUDIO_FOCUS_RELEASE, attempt#: 1
02-23 02:10:04.086 19618 25804 I CAR.GAL.AUDIO.LITE: sent audio focus request: AUDIO_FOCUS_RELEASE
02-23 02:10:04.087 19618 19618 I CAR.SERVICE: Preflight complete, projectionAuthorized: true
02-23 02:10:04.087 19618 19618 I CAR.SERVICE: Notifying car connection with type of 2 clients:185
02-23 02:10:04.088 19618 19618 I CAR.SERVICE: Car connection state changed: PREFLIGHT->CONNECTED
02-23 02:10:04.088 12010 13147 D GH.MultiCarCxnListener: onCarConnected() on binder thread. instance: pyn@5fccfc2, listener: pxx@b1eb40d
02-23 02:10:04.088  8910 28247 D GH.MultiCarCxnListener: onCarConnected() on binder thread. instance: pyn@ab789a7, listener: pxx@dec4266
02-23 02:10:04.088 12010 13147 D GH.MultiCarCxnListener: onCarConnected() on binder thread. instance: pyn@c9374f4, listener: qho@b54c6c7
02-23 02:10:04.088 12010 13147 D GH.MultiCarCxnListener: onCarConnected() on binder thread. instance: pyn@c9374f4, listener: pxx@4d0863
02-23 02:10:04.088 12010 12010 D CAR.CLIENT: localCarConnectionListener received onCarConnected()
02-23 02:10:04.088  8910  8910 D CAR.CLIENT: localCarConnectionListener received onCarConnected()
02-23 02:10:04.088 12010 12010 D CAR.PROJECTION.CAHI: null.onConnected()
02-23 02:10:04.088  8910 27385 D GH.MultiCarCxnListener: onCarConnected() on binder thread. instance: pyn@ed342be, listener: pxx@31cd9d
02-23 02:10:04.088  8910  8910 D CAR.CLIENT: localCarConnectionListener received onCarConnected()
02-23 02:10:04.088 12010 12010 D CAR.CLIENT: localCarConnectionListener received onCarConnected()
02-23 02:10:04.088  8910 28247 D GH.MultiCarCxnListener: onCarConnected() on binder thread. instance: pyn@f9f9071, listener: pxx@fac5e18
02-23 02:10:04.088  8910  8910 D CAR.CLIENT: localCarConnectionListener received onCarConnected()
02-23 02:10:04.088  8910 27385 D GH.MultiCarCxnListener: onCarConnected() on binder thread. instance: pyn@3636579, listener: pxx@b40516a
02-23 02:10:04.088  8910  8910 D CAR.CLIENT: localCarConnectionListener received onCarConnected()
02-23 02:10:04.088 12010 13147 D GH.MultiCarCxnListener: onCarConnected() on binder thread. instance: pyn@417898, listener: qho@5d7c27b
02-23 02:10:04.088 12010 12020 D GH.MultiCarCxnListener: onCarConnected() on binder thread. instance: pyn@2b8a475, listener: qho@cd4efac
02-23 02:10:04.088 12010 27844 D GH.MultiCarCxnListener: onCarConnected() on binder thread. instance: pyn@297178a, listener: pxx@3699df5
02-23 02:10:04.088 12010 12703 D GH.MultiCarCxnListener: onCarConnected() on binder thread. instance: pyn@7e27c4b, listener: pxx@ed711c7
02-23 02:10:04.088 19618 25937 I CAR.WM.Vsync: Rebasing VSync to 384493153417616 -- 290292262433626
02-23 02:10:04.088 12010 27844 D GH.MultiCarCxnListener: onCarConnected() on binder thread. instance: pyn@a4ff628, listener: pxx@9edd304
02-23 02:10:04.088 12010 13147 D GH.MultiCarCxnListener: onCarConnected() on binder thread. instance: pyn@417898, listener: pxx@c160b57
02-23 02:10:04.088 12010 14725 D GH.MultiCarCxnListener: onCarConnected() on binder thread. instance: pyn@9fd17c2, listener: qho@9531c0d
02-23 02:10:04.088 12010 12010 D CAR.PROJECTION.CAHI: null.onConnected()
02-23 02:10:04.088 12010 14725 D GH.MultiCarCxnListener: onCarConnected() on binder thread. instance: pyn@9fd17c2, listener: pxx@988ee0e
02-23 02:10:04.088 12010 12010 D CAR.CLIENT: localCarConnectionListener received onCarConnected()
02-23 02:10:04.089 12010 12010 D CAR.PROJECTION.CAHI: null.onConnected()
02-23 02:10:04.089 12010 27844 D GH.MultiCarCxnListener: onCarConnected() on binder thread. instance: pyn@bfc2f41, listener: qho@a42ecee
02-23 02:10:04.089 12010 27844 D GH.MultiCarCxnListener: onCarConnected() on binder thread. instance: pyn@bfc2f41, listener: pxx@672701c
02-23 02:10:04.089 12010 12020 D GH.MultiCarCxnListener: onCarConnected() on binder thread. instance: pyn@2b8a475, listener: pxx@9775a98
02-23 02:10:04.089  8910 27385 D GH.MultiCarCxnListener: onCarConnected() on binder thread. instance: pyn@345c240, listener: pxx@8e09c3
02-23 02:10:04.089 12010 12703 D GH.MultiCarCxnListener: onCarConnected() on binder thread. instance: pyn@32051f4, listener: qho@4c6f7c7
02-23 02:10:04.089 12010 12703 D GH.MultiCarCxnListener: onCarConnected() on binder thread. instance: pyn@32051f4, listener: pxx@d314963
02-23 02:10:04.089  8910  8910 D CAR.CLIENT: localCarConnectionListener received onCarConnected()
02-23 02:10:04.089 12010 27844 D GH.MultiCarCxnListener: onCarConnected() on binder thread. instance: pyn@e0c1ce6, listener: pxx@ca51dc4
02-23 02:10:04.089 12010 12423 D GH.MultiCarCxnListener: onCarConnected() on binder thread. instance: pyn@5be52fe, listener: pxx@44b8eb9
02-23 02:10:04.089 12010 14725 D GH.MultiCarCxnListener: onCarConnected() on binder thread. instance: pyn@a402cdf, listener: pxx@210f7e
02-23 02:10:04.089 12010 13147 D GH.MultiCarCxnListener: onCarConnected() on binder thread. instance: pyn@645e9c, listener: pxx@da62e0f
02-23 02:10:04.089  8910 27385 D GH.MultiCarCxnListener: onCarConnected() on binder thread. instance: pyn@b3d7f1f, listener: pxx@5367227
02-23 02:10:04.089  8910  8923 D GH.MultiCarCxnListener: onCarConnected() on binder thread. instance: pyn@e43e389, listener: pxx@b202e90
02-23 02:10:04.089  8910  8910 D CAR.CLIENT: localCarConnectionListener received onCarConnected()
02-23 02:10:04.089  8910  8910 D CAR.CLIENT: localCarConnectionListener received onCarConnected()
02-23 02:10:04.089  8910  8923 D GH.MultiCarCxnListener: onCarConnected() on binder thread. instance: pyn@6e4c26c, listener: pxx@9885628
02-23 02:10:04.089 12010 14725 D GH.MultiCarCxnListener: onCarConnected() on binder thread. instance: pyn@5c24cd4, listener: pxx@dccf2a5
02-23 02:10:04.089 12010 12423 D GH.MultiCarCxnListener: onCarConnected() on binder thread. instance: pyn@9c46b49, listener: pxx@b32fd50
02-23 02:10:04.089  8910  8910 D CAR.CLIENT: localCarConnectionListener received onCarConnected()
02-23 02:10:04.089  8910  8923 D GH.MultiCarCxnListener: onCarConnected() on binder thread. instance: pyn@e919958, listener: pxx@8098fd1
02-23 02:10:04.089 12010 13147 D GH.MultiCarCxnListener: onCarConnected() on binder thread. instance: pyn@71b7e7d, listener: pxx@e6570e2
02-23 02:10:04.089  8910  8910 D CAR.CLIENT: localCarConnectionListener received onCarConnected()
02-23 02:10:04.089 12010 12423 D GH.MultiCarCxnListener: onCarConnected() on binder thread. instance: pyn@8ed2172, listener: pxx@aa239f9
02-23 02:10:04.089 12010 13147 D GH.MultiCarCxnListener: onCarConnected() on binder thread. instance: pyn@9c70547, listener: pxx@c23e886
02-23 02:10:04.089 12010 12020 D GH.MultiCarCxnListener: onCarConnected() on binder thread. instance: pyn@bda9227, listener: pxx@2b0ff92
02-23 02:10:04.089  8910 27385 D GH.MultiCarCxnListener: onCarConnected() on binder thread. instance: pyn@7ff569a, listener: pxx@9fe2f45
02-23 02:10:04.089 12010 12423 D GH.MultiCarCxnListener: onCarConnected() on binder thread. instance: pyn@d5429c3, listener: pxx@f1b4e36
02-23 02:10:04.089  8910  8910 D CAR.CLIENT: localCarConnectionListener received onCarConnected()
02-23 02:10:04.089  8910  8923 D GH.MultiCarCxnListener: onCarConnected() on binder thread. instance: pyn@17c31d0, listener: pxx@3813d93
02-23 02:10:04.089  8910  8910 D CAR.CLIENT: localCarConnectionListener received onCarConnected()
02-23 02:10:04.089  8910  8923 D GH.MultiCarCxnListener: onCarConnected() on binder thread. instance: pyn@df4e5db, listener: pxx@2595eea
02-23 02:10:04.089  8910  8910 D CAR.CLIENT: localCarConnectionListener received onCarConnected()
02-23 02:10:04.089 12010 12010 D CAR.CLIENT: localCarConnectionListener received onCarConnected()
02-23 02:10:04.089  8910 27385 D GH.MultiCarCxnListener: onCarConnected() on binder thread. instance: pyn@791b01c, listener: pxx@1d7d58f
02-23 02:10:04.089 12010 13147 D GH.MultiCarCxnListener: onCarConnected() on binder thread. instance: pyn@cf578c6, listener: pxx@a440ea1
02-23 02:10:04.089  8910  8910 D CAR.CLIENT: localCarConnectionListener received onCarConnected()
02-23 02:10:04.089  8910 27385 D GH.MultiCarCxnListener: onCarConnected() on binder thread. instance: pyn@e2be035, listener: pxx@2e2d3e0
02-23 02:10:04.089 12010 13147 D GH.MultiCarCxnListener: onCarConnected() on binder thread. instance: pyn@7afaeae, listener: pxx@9df4b29
02-23 02:10:04.089 12010 27844 D GH.MultiCarCxnListener: onCarConnected() on binder thread. instance: pyn@e459f1f, listener: pxx@96db011
02-23 02:10:04.089 12010 14725 D GH.MultiCarCxnListener: onCarConnected() on binder thread. instance: pyn@1616240, listener: pxx@c8bc89a
02-23 02:10:04.089 12010 12703 D GH.MultiCarCxnListener: onCarConnected() on binder thread. instance: pyn@8ca3863, listener: pxx@f8dc692
02-23 02:10:04.089 12010 27844 D GH.MultiCarCxnListener: onCarConnected() on binder thread. instance: pyn@faa360a, listener: qho@3742675
02-23 02:10:04.089 12010 27844 D GH.MultiCarCxnListener: onCarConnected() on binder thread. instance: pyn@faa360a, listener: pxx@cedb4f1
02-23 02:10:04.089 12010 13147 D GH.MultiCarCxnListener: onCarConnected() on binder thread. instance: pyn@667e2be, listener: qho@60e8760
02-23 02:10:04.089 12010 13147 D GH.MultiCarCxnListener: onCarConnected() on binder thread. instance: pyn@667e2be, listener: pxx@e20a831
02-23 02:10:04.089 19618 19618 I GH.CarService: onConnected(...) received with connectionType: 2
02-23 02:10:04.089  8910  8910 D CAR.CLIENT: localCarConnectionListener received onCarConnected()
02-23 02:10:04.089 12010 12022 D GH.MultiCarCxnListener: onCarConnected() on binder thread. instance: pyn@277228, listener: pxx@ba684b
02-23 02:10:04.089 12010 12423 D GH.MultiCarCxnListener: onCarConnected() on binder thread. instance: pyn@5256177, listener: pxx@5ae5776
02-23 02:10:04.089 12010 12020 D GH.MultiCarCxnListener: onCarConnected() on binder thread. instance: pyn@fe68579, listener: qho@cc7d519
02-23 02:10:04.089  8910 27385 D GH.MultiCarCxnListener: onCarConnected() on binder thread. instance: pyn@4fcccca, listener: pxx@7f7ae79
02-23 02:10:04.089  8910  8923 D GH.MultiCarCxnListener: onCarConnected() on binder thread. instance: pyn@960c9e2, listener: pxx@94bc2ad
02-23 02:10:04.089  8910  8910 D CAR.CLIENT: localCarConnectionListener received onCarConnected()
02-23 02:10:04.089  8910  8910 D CAR.CLIENT: localCarConnectionListener received onCarConnected()
02-23 02:10:04.089 12010 12423 D GH.MultiCarCxnListener: onCarConnected() on binder thread. instance: pyn@ad8ce5, listener: qho@8c373dc
02-23 02:10:04.089 12010 12423 D GH.MultiCarCxnListener: onCarConnected() on binder thread. instance: pyn@ad8ce5, listener: pxx@101f1c8
02-23 02:10:04.089 12010 12010 D CAR.CLIENT: localCarConnectionListener received onCarConnected()
02-23 02:10:04.089 12010 12010 D CAR.CLIENT: localCarConnectionListener received onCarConnected()
02-23 02:10:04.089 12010 12010 D CAR.PROJECTION.CAHI: null.onConnected()
02-23 02:10:04.089 12010 12010 D CAR.CLIENT: localCarConnectionListener received onCarConnected()
02-23 02:10:04.089 12010 12010 D CAR.PROJECTION.CAHI: null.onConnected()
02-23 02:10:04.089 12010 12010 D CAR.CLIENT: localCarConnectionListener received onCarConnected()
02-23 02:10:04.089 12010 13147 D GH.MultiCarCxnListener: onCarConnected() on binder thread. instance: pyn@fc10035, listener: pxx@affe8ce
02-23 02:10:04.089 12010 12020 D GH.MultiCarCxnListener: onCarConnected() on binder thread. instance: pyn@fe68579, listener: pxx@4d205c2
02-23 02:10:04.089 12010 27844 D GH.MultiCarCxnListener: onCarConnected() on binder thread. instance: pyn@14cc33d, listener: pxx@40eac94
02-23 02:10:04.089 12010 12022 D GH.MultiCarCxnListener: onCarConnected() on binder thread. instance: pyn@b1a626c, listener: pxx@f662f38
02-23 02:10:04.089 12010 27844 D GH.MultiCarCxnListener: onCarConnected() on binder thread. instance: pyn@faf0e3b, listener: qho@d3259d4
02-23 02:10:04.090 12010 12010 D CAR.PROJECTION.CAHI: null.onConnected()
02-23 02:10:04.090 12010 27844 D GH.MultiCarCxnListener: onCarConnected() on binder thread. instance: pyn@faf0e3b, listener: pxx@7b47672
02-23 02:10:04.090  8910 27385 D GH.MultiCarCxnListener: onCarConnected() on binder thread. instance: pyn@965f424, listener: pxx@ed204b7
02-23 02:10:04.090 12010 27844 D GH.MultiCarCxnListener: onCarConnected() on binder thread. instance: pyn@88e6ab1, listener: pxx@469a376
02-23 02:10:04.090  8910  8923 D GH.MultiCarCxnListener: onCarConnected() on binder thread. instance: pyn@444ee3b, listener: pxx@d1b7bc5
02-23 02:10:04.090 12010 27844 D GH.MultiCarCxnListener: onCarConnected() on binder thread. instance: pyn@813958, listener: pxx@8680146
02-23 02:10:04.090  8910  8923 D GH.MultiCarCxnListener: onCarConnected() on binder thread. instance: pyn@132f304, listener: pxx@c01d757
02-23 02:10:04.090 12010 27844 D GH.MultiCarCxnListener: onCarConnected() on binder thread. instance: pyn@7b3ea3b, listener: pxx@d1a38ca
02-23 02:10:04.090  8910  8923 D GH.MultiCarCxnListener: onCarConnected() on binder thread. instance: pyn@2c74ab1, listener: pxx@b06b5dc
02-23 02:10:04.090 12010 27844 D GH.MultiCarCxnListener: onCarConnected() on binder thread. instance: pyn@ec2e7b7, listener: pxx@f510eb6
02-23 02:10:04.090 12010 27844 D GH.MultiCarCxnListener: onCarConnected() on binder thread. instance: pyn@e1c5a3, listener: pxx@1e480be
02-23 02:10:04.090  8910  8923 D GH.MultiCarCxnListener: onCarConnected() on binder thread. instance: pyn@d82eb96, listener: pxx@7699498
02-23 02:10:04.090 12010 27844 D GH.MultiCarCxnListener: onCarConnected() on binder thread. instance: pyn@b26093c, listener: pxx@14f5f2f
02-23 02:10:04.090 12010 12022 D GH.MultiCarCxnListener: onCarConnected() on binder thread. instance: pyn@13b6cca, listener: pxx@27f5312
02-23 02:10:04.090  8910  8910 D CAR.CLIENT: localCarConnectionListener received onCarConnected()
02-23 02:10:04.090  8910  8910 D CAR.CLIENT: localCarConnectionListener received onCarConnected()
02-23 02:10:04.090 12010 12010 D CAR.CLIENT: localCarConnectionListener received onCarConnected()
02-23 02:10:04.090  8910  8910 D CAR.CLIENT: localCarConnectionListener received onCarConnected()
02-23 02:10:04.090 12010 12020 D GH.MultiCarCxnListener: onCarConnected() on binder thread. instance: pyn@7903eec, listener: pxx@2af1d9f
02-23 02:10:04.090  8910  8910 D CAR.CLIENT: localCarConnectionListener received onCarConnected()
02-23 02:10:04.090 19618 25789 I CAR.GAL.AUDIO.LITE: Got audio focus state from car:AUDIO_FOCUS_STATE_LOSS
02-23 02:10:04.090 19618 25789 I CAR.AUDIO.FOCUS: Received focus change from HU: AUDIO_FOCUS_STATE_LOSS, unsolicited: false
02-23 02:10:04.090 12010 27844 D GH.MultiCarCxnListener: onCarConnected() on binder thread. instance: pyn@114ce93, listener: qho@5891782
02-23 02:10:04.090 12010 27844 D GH.MultiCarCxnListener: onCarConnected() on binder thread. instance: pyn@114ce93, listener: pxx@57a92f5
02-23 02:10:04.090 12010 12703 D GH.MultiCarCxnListener: onCarConnected() on binder thread. instance: pyn@691d011, listener: pxx@8475838
02-23 02:10:04.090 12010 12010 D CAR.CLIENT: localCarConnectionListener received onCarConnected()
02-23 02:10:04.090 19618 25804 I CAR.AUDIO.FOCUS: Handling CarAudioFocusEvent from HU: packageName=null, audioFocusRequestType=AUDIO_FOCUS_RELEASE, audioFocusStateType=AUDIO_FOCUS_STATE_LOSS, unsolicitedResponse=false, gearheadForcedResponse=false, pendingRequest=NONE
02-23 02:10:04.090 12010 12010 D CAR.CLIENT: localCarConnectionListener received onCarConnected()
02-23 02:10:04.090 19618 25804 I CAR.AUDIO.FOCUS: changeAndroidFocus: true
02-23 02:10:04.090 12010 12010 D CAR.CLIENT: localCarConnectionListener received onCarConnected()
02-23 02:10:04.090 12010 12010 D CAR.CLIENT: localCarConnectionListener received onCarConnected()
02-23 02:10:04.090 19618 25804 I CAR.AUDIO.AFM: Invalidate audio focus stack monitor due to car audio focus change
02-23 02:10:04.090 12010 12010 D CAR.CLIENT: localCarConnectionListener received onCarConnected()
02-23 02:10:04.090 12010 12010 D CAR.CLIENT: localCarConnectionListener received onCarConnected()
02-23 02:10:04.090 19618 25804 I CAR.AUDIO.CHANNEL: disabling stream: MEDIA, had focus: true
02-23 02:10:04.090 12010 12010 D CAR.CLIENT: localCarConnectionListener received onCarConnected()
02-23 02:10:04.090 19618 25804 I CAR.AUDIO.CHANNEL: disabling stream: TTS, had focus: true
02-23 02:10:04.090 12010 12010 D CAR.CLIENT: localCarConnectionListener received onCarConnected()
02-23 02:10:04.090 12010 12010 D CAR.CLIENT: localCarConnectionListener received onCarConnected()
02-23 02:10:04.090 12010 12010 D CAR.CLIENT: localCarConnectionListener received onCarConnected()
02-23 02:10:04.090 12010 21600 D GH.MultiCarCxnListener: onCarConnected() on binder thread. instance: pyn@8162743, listener: pxx@caaa4f2
02-23 02:10:04.090  8910  8923 D GH.MultiCarCxnListener: onCarConnected() on binder thread. instance: pyn@a14f585, listener: pxx@73a9afc
02-23 02:10:04.090  8910 27385 D GH.MultiCarCxnListener: onCarConnected() on binder thread. instance: pyn@8a3317, listener: pxx@de805d3
02-23 02:10:04.090 12010 12021 D GH.MultiCarCxnListener: onCarConnected() on binder thread. instance: pyn@9eccb22, listener: pxx@30fd487
02-23 02:10:04.090  8910  8925 D GH.MultiCarCxnListener: onCarConnected() on binder thread. instance: pyn@8e273b5, listener: pxx@1d373ec
02-23 02:10:04.090 19618 25804 I CAR.AUDIO.CHANNEL: handleStreamFocusChange old state media: true tts: true, new state media: false tts: false
02-23 02:10:04.090 12010 12021 D GH.MultiCarCxnListener: onCarConnected() on binder thread. instance: pyn@49b4675, listener: pxx@7f4d9ac
02-23 02:10:04.090 12010 21600 D GH.MultiCarCxnListener: onCarConnected() on binder thread. instance: pyn@8803459, listener: qho@e870982
02-23 02:10:04.090 12010 21600 D GH.MultiCarCxnListener: onCarConnected() on binder thread. instance: pyn@8803459, listener: pxx@e07a5ea
02-23 02:10:04.090  8910  8925 D GH.MultiCarCxnListener: onCarConnected() on binder thread. instance: pyn@ef08f7, listener: pxx@47fecf6
02-23 02:10:04.090 12010 21600 D GH.MultiCarCxnListener: onCarConnected() on binder thread. instance: pyn@7b1db70, listener: qho@7debdbf
02-23 02:10:04.091 12010 21600 D GH.MultiCarCxnListener: onCarConnected() on binder thread. instance: pyn@7b1db70, listener: pxx@d3acfd5
02-23 02:10:04.091 12010 12021 D GH.MultiCarCxnListener: onCarConnected() on binder thread. instance: pyn@e9f5b71, listener: pxx@cf07518
02-23 02:10:04.091 12010 13246 D GH.MultiCarCxnListener: onCarConnected() on binder thread. instance: pyn@3f09c7a, listener: pxx@492db1a
02-23 02:10:04.091 12010 12010 D CAR.CLIENT: localCarConnectionListener received onCarConnected()
02-23 02:10:04.091  8910  8923 D GH.MultiCarCxnListener: onCarConnected() on binder thread. instance: pyn@27f7d48, listener: pxx@9cd2beb
02-23 02:10:04.091  8910  8925 D GH.MultiCarCxnListener: onCarConnected() on binder thread. instance: pyn@bd8bb2c, listener: pxx@796e2df
02-23 02:10:04.091 19618 25804 I CAR.AUDIO.CHANNEL: Audio stream 1 did not request bottom half
02-23 02:10:04.091  8910  8923 D GH.MultiCarCxnListener: onCarConnected() on binder thread. instance: pyn@2f4f2de, listener: pxx@87b4219
02-23 02:10:04.091 19618 25804 I CAR.AUDIO.CHANNEL: Audio stream 0 did not request bottom half
02-23 02:10:04.091 12010 21600 D GH.MultiCarCxnListener: onCarConnected() on binder thread. instance: pyn@6b0776e, listener: pxx@9e57f33
02-23 02:10:04.091 12010 13246 D GH.MultiCarCxnListener: onCarConnected() on binder thread. instance: pyn@a707903, listener: qho@71825b2
02-23 02:10:04.091 12010 13246 D GH.MultiCarCxnListener: onCarConnected() on binder thread. instance: pyn@a707903, listener: pxx@7deeafe
02-23 02:10:04.091 12010 21600 D GH.MultiCarCxnListener: onCarConnected() on binder thread. instance: pyn@d7bfc2b, listener: pxx@b1f501e
02-23 02:10:04.091 12010  8916 D GH.MultiCarCxnListener: onCarConnected() on binder thread. instance: pyn@9b13e9c, listener: pxx@a5e8a8a
02-23 02:10:04.091 12010 21600 D GH.MultiCarCxnListener: onCarConnected() on binder thread. instance: pyn@bd10ce8, listener: pxx@72b60b
02-23 02:10:04.091 12010 13246 D GH.MultiCarCxnListener: onCarConnected() on binder thread. instance: pyn@a3360a5, listener: pxx@fd182cc
02-23 02:10:04.091 12010  8916 D GH.MultiCarCxnListener: onCarConnected() on binder thread. instance: pyn@a9e6221, listener: qho@fada15c
02-23 02:10:04.091 12010  8916 D GH.MultiCarCxnListener: onCarConnected() on binder thread. instance: pyn@a9e6221, listener: pxx@95c9d3a
02-23 02:10:04.091 12010 13246 D GH.MultiCarCxnListener: onCarConnected() on binder thread. instance: pyn@2976eda, listener: pxx@c828085
02-23 02:10:04.091 12010 12022 D GH.MultiCarCxnListener: onCarConnected() on binder thread. instance: pyn@e0309b3, listener: pxx@16139ae
02-23 02:10:04.091  8910  8923 D GH.MultiCarCxnListener: onCarConnected() on binder thread. instance: pyn@95b7fa6, listener: pxx@eb46501
02-23 02:10:04.091 12010 21600 D GH.MultiCarCxnListener: onCarConnected() on binder thread. instance: pyn@8e1a888, listener: qho@b7f8b8c
02-23 02:10:04.091  8910  8925 D GH.MultiCarCxnListener: onCarConnected() on binder thread. instance: pyn@38fb11d, listener: pxx@fb325f4
02-23 02:10:04.091 12010 21600 D GH.MultiCarCxnListener: onCarConnected() on binder thread. instance: pyn@8e1a888, listener: pxx@608a1db
02-23 02:10:04.091 12010 12022 D GH.MultiCarCxnListener: onCarConnected() on binder thread. instance: pyn@ddc0646, listener: qho@3dab993
02-23 02:10:04.091  8910  8925 D GH.MultiCarCxnListener: onCarConnected() on binder thread. instance: pyn@87a2b22, listener: pxx@83c386
02-23 02:10:04.091 12010 12022 D GH.MultiCarCxnListener: onCarConnected() on binder thread. instance: pyn@ddc0646, listener: pxx@13aa1c9
02-23 02:10:04.091 12010 12021 D GH.MultiCarCxnListener: onCarConnected() on binder thread. instance: pyn@bb69510, listener: pxx@ee625d3
02-23 02:10:04.091  8910  8925 D GH.MultiCarCxnListener: onCarConnected() on binder thread. instance: pyn@38bfe52, listener: pxx@a6a42dd
02-23 02:10:04.091 12010 12021 D GH.MultiCarCxnListener: onCarConnected() on binder thread. instance: pyn@bc3007, listener: pxx@53bf7b0
02-23 02:10:04.091  8910  8925 D GH.MultiCarCxnListener: onCarConnected() on binder thread. instance: pyn@b52d933, listener: pxx@16428a2
02-23 02:10:04.091  8910  8925 D GH.MultiCarCxnListener: onCarConnected() on binder thread. instance: pyn@dc4b183, listener: pxx@baff032
02-23 02:10:04.091 12010 12021 D GH.MultiCarCxnListener: onCarConnected() on binder thread. instance: pyn@2c240d2, listener: pxx@aa66ecd
02-23 02:10:04.091 12010 12703 D GH.MultiCarCxnListener: onCarConnected() on binder thread. instance: pyn@a9a8e0f, listener: pxx@47bd798
02-23 02:10:04.091 12010 21600 D GH.MultiCarCxnListener: onCarConnected() on binder thread. instance: pyn@85dff5d, listener: pxx@cbb27ed
02-23 02:10:04.091 12010 14722 D GH.MultiCarCxnListener: onCarConnected() on binder thread. instance: pyn@cee00ed, listener: qho@ae54c9c
02-23 02:10:04.091 12010 14722 D GH.MultiCarCxnListener: onCarConnected() on binder thread. instance: pyn@cee00ed, listener: pxx@f0e6ba3
02-23 02:10:04.091 12010 12021 D GH.MultiCarCxnListener: onCarConnected() on binder thread. instance: pyn@f2849ec, listener: pxx@6c4749f
02-23 02:10:04.091 12010 14725 D GH.MultiCarCxnListener: onCarConnected() on binder thread. instance: pyn@f0b8b96, listener: pxx@af5a74b
02-23 02:10:04.091 12010 21600 D GH.MultiCarCxnListener: onCarConnected() on binder thread. instance: pyn@96b00a0, listener: pxx@470898
02-23 02:10:04.091 12010 13147 D GH.MultiCarCxnListener: onCarConnected() on binder thread. instance: pyn@8765317, listener: pxx@8ab312a
02-23 02:10:04.091 12010 12020 D GH.MultiCarCxnListener: onCarConnected() on binder thread. instance: pyn@27c9304, listener: pxx@326c51c
02-23 02:10:04.091 12010 13233 D GH.MultiCarCxnListener: onCarConnected() on binder thread. instance: pyn@24118ff, listener: qho@b20db2a
02-23 02:10:04.091  8910  8910 D CAR.CLIENT: localCarConnectionListener received onCarConnected()
02-23 02:10:04.091 12010 13233 D GH.MultiCarCxnListener: onCarConnected() on binder thread. instance: pyn@24118ff, listener: pxx@cc13eb8
02-23 02:10:04.091 12010 12020 D GH.MultiCarCxnListener: onCarConnected() on binder thread. instance: pyn@9649dbe, listener: pxx@454c79
02-23 02:10:04.091 12010 27844 D GH.MultiCarCxnListener: onCarConnected() on binder thread. instance: pyn@36bee9, listener: qho@b2a2839
02-23 02:10:04.091 12010 27844 D GH.MultiCarCxnListener: onCarConnected() on binder thread. instance: pyn@36bee9, listener: pxx@a6adfdf
02-23 02:10:04.091  8910  8925 D GH.MultiCarCxnListener: onCarConnected() on binder thread. instance: pyn@a856da1, listener: pxx@617b208
02-23 02:10:04.091  8910  8910 D CAR.CLIENT: localCarConnectionListener received onCarConnected()
02-23 02:10:04.091 12010 12022 D GH.MultiCarCxnListener: onCarConnected() on binder thread. instance: pyn@32cc534, listener: pxx@43c4421
02-23 02:10:04.091  8910  8910 D CAR.CLIENT: localCarConnectionListener received onCarConnected()
02-23 02:10:04.091  8910  8910 D CAR.CLIENT: localCarConnectionListener received onCarConnected()
02-23 02:10:04.091  8910  8910 D CAR.CLIENT: localCarConnectionListener received onCarConnected()
02-23 02:10:04.091  8910  8910 D CAR.CLIENT: localCarConnectionListener received onCarConnected()
02-23 02:10:04.091 12010 27844 D GH.MultiCarCxnListener: onCarConnected() on binder thread. instance: pyn@f8f86cc, listener: pxx@e74937f
02-23 02:10:04.091  8910  8925 D GH.MultiCarCxnListener: onCarConnected() on binder thread. instance: pyn@374e9b3, listener: pxx@85e3a0e
02-23 02:10:04.091 12010 12022 D GH.MultiCarCxnListener: onCarConnected() on binder thread. instance: pyn@8f6bd15, listener: pxx@dea16ce
02-23 02:10:04.091 12010 12010 D CAR.CLIENT: localCarConnectionListener received onCarConnected()
02-23 02:10:04.091  8910  8923 D GH.MultiCarCxnListener: onCarConnected() on binder thread. instance: pyn@fa441cf, listener: pxx@145a22e
02-23 02:10:04.091 12010 12020 D GH.MultiCarCxnListener: onCarConnected() on binder thread. instance: pyn@45f981e, listener: pxx@7293be1
02-23 02:10:04.091 12010 12010 D CAR.CLIENT: localCarConnectionListener received onCarConnected()
02-23 02:10:04.091  8910  8910 D CAR.CLIENT: localCarConnectionListener received onCarConnected()
02-23 02:10:04.091 12010 12010 D CAR.CLIENT: localCarConnectionListener received onCarConnected()
02-23 02:10:04.091 12010 12010 D CAR.CLIENT: localCarConnectionListener received onCarConnected()
02-23 02:10:04.091  8910  8910 D CAR.CLIENT: localCarConnectionListener received onCarConnected()
02-23 02:10:04.091 12010 12010 D CAR.CLIENT: localCarConnectionListener received onCarConnected()
02-23 02:10:04.091  8910  8925 D GH.MultiCarCxnListener: onCarConnected() on binder thread. instance: pyn@9245bc0, listener: pxx@5c91943
02-23 02:10:04.091 12010 12010 D CAR.PROJECTION.CAHI: null.onConnected()
02-23 02:10:04.091  8910  8923 D GH.MultiCarCxnListener: onCarConnected() on binder thread. instance: pyn@54a6e0f, listener: pxx@47152a4
02-23 02:10:04.091 12010 12020 D GH.MultiCarCxnListener: onCarConnected() on binder thread. instance: pyn@f7fd532, listener: pxx@fbda93d
02-23 02:10:04.091  8910  8910 D CAR.CLIENT: localCarConnectionListener received onCarConnected()
02-23 02:10:04.091 12010 12010 D CAR.CLIENT: localCarConnectionListener received onCarConnected()
02-23 02:10:04.091 12010 12022 D GH.MultiCarCxnListener: onCarConnected() on binder thread. instance: pyn@e1f6c3a, listener: pxx@9209765
02-23 02:10:04.091 12010 12020 D GH.MultiCarCxnListener: onCarConnected() on binder thread. instance: pyn@32a0a42, listener: pxx@92a488d
02-23 02:10:04.091 12010 27844 D GH.MultiCarCxnListener: onCarConnected() on binder thread. instance: pyn@18461b, listener: pxx@21a7b9b
02-23 02:10:04.091  8910  8910 D CAR.CLIENT: localCarConnectionListener received onCarConnected()
02-23 02:10:04.091  8910  8910 D CAR.CLIENT: localCarConnectionListener received onCarConnected()
02-23 02:10:04.091 12010 12010 D CAR.CLIENT: localCarConnectionListener received onCarConnected()
02-23 02:10:04.091 12010 12022 D GH.MultiCarCxnListener: onCarConnected() on binder thread. instance: pyn@c70fd61, listener: pxx@6bca8c8
02-23 02:10:04.091  8910  8910 D CAR.CLIENT: localCarConnectionListener received onCarConnected()
02-23 02:10:04.091  8910  8910 D CAR.CLIENT: localCarConnectionListener received onCarConnected()
02-23 02:10:04.091  8910  8923 D GH.MultiCarCxnListener: onCarConnected() on binder thread. instance: pyn@b6e3b70, listener: pxx@3dc2129
02-23 02:10:04.091  8910  8910 D CAR.CLIENT: localCarConnectionListener received onCarConnected()
02-23 02:10:04.091  8910  8910 D CAR.CLIENT: localCarConnectionListener received onCarConnected()
02-23 02:10:04.091 11773 13849 D GH.MultiCarCxnListener: onCarConnected() on binder thread. instance: ccnp@24a925f, listener: ccrt@fcfafa3
02-23 02:10:04.091 12010 12010 D CAR.PROJECTION.CAHI: null.onConnected()
02-23 02:10:04.091  8910  8910 D CAR.CLIENT: localCarConnectionListener received onCarConnected()
02-23 02:10:04.091  8910  8910 D CAR.CLIENT: localCarConnectionListener received onCarConnected()
02-23 02:10:04.091 12010 12022 D GH.MultiCarCxnListener: onCarConnected() on binder thread. instance: pyn@1ddffd4, listener: pxx@b193127
02-23 02:10:04.091  8910  8910 D CAR.CLIENT: localCarConnectionListener received onCarConnected()
02-23 02:10:04.091  8910  8910 D CAR.CLIENT: localCarConnectionListener received onCarConnected()
02-23 02:10:04.091  8910  8923 D GH.MultiCarCxnListener: onCarConnected() on binder thread. instance: pyn@cab9ee9, listener: pxx@95c753f
02-23 02:10:04.091 11773 13849 D GH.MultiCarCxnListener: onCarConnected() on binder thread. instance: ccnp@24a925f, listener: ccpt@5d5bb83
02-23 02:10:04.091  8910  8910 D CAR.CLIENT: localCarConnectionListener received onCarConnected()
02-23 02:10:04.091  8910  8910 D CAR.CLIENT: localCarConnectionListener received onCarConnected()
02-23 02:10:04.091 12010 12010 D CAR.CLIENT: localCarConnectionListener received onCarConnected()
02-23 02:10:04.091 12010 12010 D CAR.CLIENT: localCarConnectionListener received onCarConnected()
02-23 02:10:04.091 12010 12010 D CAR.CLIENT: localCarConnectionListener received onCarConnected()
02-23 02:10:04.091 11773 11773 D CAR.PROJECTION.CAHI: null.onConnected()
02-23 02:10:04.091 12010 12010 D CAR.PROJECTION.CAHI: null.onConnected()
02-23 02:10:04.091 12010 12022 D GH.MultiCarCxnListener: onCarConnected() on binder thread. instance: pyn@1e9182a, listener: pxx@ec388e5
02-23 02:10:04.091 12010 12010 D CAR.CLIENT: localCarConnectionListener received onCarConnected()
02-23 02:10:04.091 12010 12010 D CAR.PROJECTION.CAHI: null.onConnected()
02-23 02:10:04.091 12010 12010 D CAR.CLIENT: localCarConnectionListener received onCarConnected()
02-23 02:10:04.091 12010 12010 D CAR.CLIENT: localCarConnectionListener received onCarConnected()
02-23 02:10:04.091 11773 11773 D CAR.CLIENT: localCarConnectionListener received onCarConnected()
02-23 02:10:04.091 12010 12010 D CAR.CLIENT: localCarConnectionListener received onCarConnected()
02-23 02:10:04.091 12010 12010 D CAR.CLIENT: localCarConnectionListener received onCarConnected()
02-23 02:10:04.091  8910 28247 D GH.MultiCarCxnListener: onCarConnected() on binder thread. instance: pyn@8001116, listener: pxx@1139631
02-23 02:10:04.091 12010 12010 D CAR.PROJECTION.CAHI: null.onConnected()
02-23 02:10:04.091 12010 12022 D GH.MultiCarCxnListener: onCarConnected() on binder thread. instance: pyn@39443b8, listener: pxx@9f2b72d
02-23 02:10:04.091 12010 12010 D CAR.CLIENT: localCarConnectionListener received onCarConnected()
02-23 02:10:04.091 12010 27844 D GH.MultiCarCxnListener: onCarConnected() on binder thread. instance: pyn@9ffad35, listener: pxx@3a3a36c
02-23 02:10:04.091 12010 12010 D CAR.CLIENT: localCarConnectionListener received onCarConnected()
02-23 02:10:04.091 12010 12010 D CAR.CLIENT: localCarConnectionListener received onCarConnected()
02-23 02:10:04.091 12010 12010 D CAR.CLIENT: localCarConnectionListener received onCarConnected()
02-23 02:10:04.091 12010 12010 D CAR.CLIENT: localCarConnectionListener received onCarConnected()
02-23 02:10:04.091  8910  8922 D GH.MultiCarCxnListener: onCarConnected() on binder thread. instance: pyn@1d4e0ed, listener: pxx@3f04c62
02-23 02:10:04.091  8910  8910 D CAR.CLIENT: localCarConnectionListener received onCarConnected()
02-23 02:10:04.091  8910 28247 D GH.MultiCarCxnListener: onCarConnected() on binder thread. instance: pyn@b3d76e, listener: pxx@cbc4c6b
02-23 02:10:04.091  8910  8910 D CAR.CLIENT: localCarConnectionListener received onCarConnected()
02-23 02:10:04.091  8910  8910 D CAR.CLIENT: localCarConnectionListener received onCarConnected()
02-23 02:10:04.091 12010 12010 D CAR.CLIENT: localCarConnectionListener received onCarConnected()
02-23 02:10:04.091 12010 12423 D GH.MultiCarCxnListener: onCarConnected() on binder thread. instance: pyn@e3bca1f, listener: pxx@effd9be
02-23 02:10:04.091 12010 12010 D CAR.CLIENT: localCarConnectionListener received onCarConnected()
02-23 02:10:04.091 12010 12010 D CAR.CLIENT: localCarConnectionListener received onCarConnected()
02-23 02:10:04.091 12010 12010 D CAR.PROJECTION.CAHI: null.onConnected()
02-23 02:10:04.091 12010 12010 D CAR.CLIENT: localCarConnectionListener received onCarConnected()
02-23 02:10:04.091 12010 12010 D CAR.CLIENT: localCarConnectionListener received onCarConnected()
02-23 02:10:04.091 12010 12010 D CAR.CLIENT: localCarConnectionListener received onCarConnected()
02-23 02:10:04.092 12010 12010 D CAR.CLIENT: localCarConnectionListener received onCarConnected()
02-23 02:10:04.092 12010 12010 D CAR.CLIENT: localCarConnectionListener received onCarConnected()
02-23 02:10:04.092 12010 12010 D CAR.CLIENT: localCarConnectionListener received onCarConnected()
02-23 02:10:04.092 12010 12010 D CAR.PROJECTION.CAHI: null.onConnected()
02-23 02:10:04.092 12010 12010 D CAR.CLIENT: localCarConnectionListener received onCarConnected()
02-23 02:10:04.092 12010 12010 D CAR.PROJECTION.CAHI: null.onConnected()
02-23 02:10:04.092 12010 12010 D CAR.CLIENT: localCarConnectionListener received onCarConnected()
02-23 02:10:04.092 12010 12010 D CAR.CLIENT: localCarConnectionListener received onCarConnected()
02-23 02:10:04.092 12010 12010 D CAR.CLIENT: localCarConnectionListener received onCarConnected()
02-23 02:10:04.092 12010 12010 D CAR.CLIENT: localCarConnectionListener received onCarConnected()
02-23 02:10:04.092 12010 12010 D CAR.PROJECTION.CAHI: null.onConnected()
02-23 02:10:04.092 12010 12010 D CAR.CLIENT: localCarConnectionListener received onCarConnected()
02-23 02:10:04.092 12010 12010 D CAR.CLIENT: localCarConnectionListener received onCarConnected()
02-23 02:10:04.092 12010 12010 D CAR.CLIENT: localCarConnectionListener received onCarConnected()
02-23 02:10:04.092 12010 12010 D CAR.CLIENT: localCarConnectionListener received onCarConnected()
02-23 02:10:04.092 12010 12010 D CAR.CLIENT: localCarConnectionListener received onCarConnected()
02-23 02:10:04.092 12010 12010 D CAR.PROJECTION.CAHI: null.onConnected()
02-23 02:10:04.092 12010 12010 D CAR.CLIENT: localCarConnectionListener received onCarConnected()
02-23 02:10:04.092 12010 12010 D CAR.CLIENT: localCarConnectionListener received onCarConnected()
02-23 02:10:04.092 12010 12010 D CAR.CLIENT: localCarConnectionListener received onCarConnected()
02-23 02:10:04.092 12010 12010 D CAR.PROJECTION.CAHI: null.onConnected()
02-23 02:10:04.092 12010 12010 D CAR.CLIENT: localCarConnectionListener received onCarConnected()
02-23 02:10:04.092 12010 12010 D CAR.PROJECTION.CAHI: null.onConnected()
02-23 02:10:04.092 12010 12010 D CAR.CLIENT: localCarConnectionListener received onCarConnected()
02-23 02:10:04.092 12010 12010 D CAR.CLIENT: localCarConnectionListener received onCarConnected()
02-23 02:10:04.092 12010 12010 D CAR.CLIENT: localCarConnectionListener received onCarConnected()
02-23 02:10:04.092 12010 12010 D CAR.CLIENT: localCarConnectionListener received onCarConnected()
02-23 02:10:04.092 12010 12010 D CAR.CLIENT: localCarConnectionListener received onCarConnected()
02-23 02:10:04.092 12010 12010 D CAR.CLIENT: localCarConnectionListener received onCarConnected()
02-23 02:10:04.092 12010 12010 D CAR.PROJECTION.CAHI: null.onConnected()
02-23 02:10:04.092 12010 12010 D CAR.CLIENT: localCarConnectionListener received onCarConnected()
02-23 02:10:04.092 12010 12010 D CAR.CLIENT: localCarConnectionListener received onCarConnected()
02-23 02:10:04.092 12010 12010 D CAR.CLIENT: localCarConnectionListener received onCarConnected()
02-23 02:10:04.092 12010 12010 D CAR.CLIENT: localCarConnectionListener received onCarConnected()
02-23 02:10:04.092 12010 12010 D CAR.CLIENT: localCarConnectionListener received onCarConnected()
02-23 02:10:04.092 12010 12010 D CAR.CLIENT: localCarConnectionListener received onCarConnected()
02-23 02:10:04.092 12010 12010 D CAR.PROJECTION.CAHI: null.onConnected()
