02-23 02:09:38.046 12010 12010 D CAR.CLIENT: localCarConnectionListener received onCarDisconnected()
02-23 02:09:38.046 12010 12010 D CAR.CLIENT: tearDownProjectionSessionState() pye@81f590e
02-23 02:09:38.046 12010 12010 D CAR.CLIENT: tearDownCarManagers() pye@81f590e
02-23 02:09:38.046 12010 12010 D CAR.CLIENT: localCarConnectionListener received onCarDisconnected()
02-23 02:09:38.046 12010 12010 D CAR.CLIENT: tearDownProjectionSessionState() pye@afab8a9
02-23 02:09:38.046 12010 12010 D CAR.CLIENT: tearDownCarManagers() pye@afab8a9
02-23 02:09:38.046  8910  8925 D GH.MultiCarCxnListener: onCarDisconnected() on binder thread. instance: pyn@ab789a7, listener: pxx@dec4266
02-23 02:09:38.046 12010 12010 D CAR.CLIENT: localCarConnectionListener received onCarDisconnected()
02-23 02:09:38.046 12010 12010 D CAR.CLIENT: tearDownProjectionSessionState() pye@feb7c35
02-23 02:09:38.046 12010 12010 D CAR.CLIENT: tearDownCarManagers() pye@feb7c35
02-23 02:09:38.046 12010 12010 D CAR.CLIENT: localCarConnectionListener received onCarDisconnected()
02-23 02:09:38.046 12010 12010 D CAR.CLIENT: tearDownProjectionSessionState() pye@5a64b3e
02-23 02:09:38.046 12010 12010 D CAR.CLIENT: tearDownCarManagers() pye@5a64b3e
02-23 02:09:38.046 12010 12010 D CAR.CLIENT: localCarConnectionListener received onCarDisconnected()
02-23 02:09:38.046 12010 12010 D CAR.CLIENT: tearDownProjectionSessionState() pye@af1f506
02-23 02:09:38.046 12010 13147 D GH.MultiCarCxnListener: onCarDisconnected() on binder thread. instance: pyn@9fd17c2, listener: qho@9531c0d
02-23 02:09:38.046 12010 13147 D GH.MultiCarCxnListener: onCarDisconnected() on binder thread. instance: pyn@9fd17c2, listener: pxx@988ee0e
02-23 02:09:38.046  8910  8910 D CAR.CLIENT: localCarConnectionListener received onCarDisconnected()
02-23 02:09:38.046  8910  8910 D CAR.CLIENT: tearDownProjectionSessionState() pye@b577ac1
02-23 02:09:38.046  8910  8910 D CAR.CLIENT: tearDownCarManagers() pye@b577ac1
02-23 02:09:38.047 12010 12010 D CAR.CLIENT: tearDownCarManagers() pye@af1f506
02-23 02:09:38.047 12010 12010 D CAR.CLIENT: localCarConnectionListener received onCarDisconnected()
02-23 02:09:38.047 12010 12010 D CAR.CLIENT: tearDownProjectionSessionState() pye@4a2b5e2
02-23 02:09:38.047 12010 12010 D CAR.CLIENT: tearDownCarManagers() pye@4a2b5e2
02-23 02:09:38.047 12010 12010 D CAR.CLIENT: localCarConnectionListener received onCarDisconnected()
02-23 02:09:38.047 12010 12010 D CAR.CLIENT: tearDownProjectionSessionState() pye@1fcaea
02-23 02:09:38.047 12010 12010 D CAR.CLIENT: tearDownCarManagers() pye@1fcaea
02-23 02:09:38.047 12010 12010 D CAR.CLIENT: localCarConnectionListener received onCarDisconnected()
02-23 02:09:38.047 12010 12010 D CAR.CLIENT: tearDownProjectionSessionState() pye@30ea960
02-23 02:09:38.047 12010 12010 D CAR.CLIENT: tearDownCarManagers() pye@30ea960
02-23 02:09:38.047 12010 12010 D CAR.CLIENT: localCarConnectionListener received onCarDisconnected()
02-23 02:09:38.047 12010 12010 D CAR.CLIENT: tearDownProjectionSessionState() pye@d2bf2d5
02-23 02:09:38.047 12010 12010 D CAR.CLIENT: tearDownCarManagers() pye@d2bf2d5
02-23 02:09:38.047 12010 12010 D CAR.CLIENT: localCarConnectionListener received onCarDisconnected()
02-23 02:09:38.047 12010 12010 D CAR.CLIENT: tearDownProjectionSessionState() pye@fc0d1db
02-23 02:09:38.047 12010 12010 D CAR.CLIENT: tearDownCarManagers() pye@fc0d1db
02-23 02:09:38.047 12010 12010 D CAR.PROJECTION.CAHI: null.onDisconnected()
02-23 02:09:38.047 12010 12010 D CAR.PROJECTION.CAHI: null.finish()
02-23 02:09:38.047 12010 12010 D CAR.PROJECTION.CAHI: Already finishing null, ignoring duplicate finish
02-23 02:09:38.047 12010 12010 D CAR.CLIENT: localCarConnectionListener received onCarDisconnected()
02-23 02:09:38.047 12010 12010 D CAR.CLIENT: tearDownProjectionSessionState() pye@16dffd
02-23 02:09:38.047 12010 12010 D CAR.CLIENT: tearDownCarManagers() pye@16dffd
02-23 02:09:38.047 12010 12010 D CAR.CLIENT: localCarConnectionListener received onCarDisconnected()
02-23 02:09:38.047 12010 12010 D CAR.CLIENT: tearDownProjectionSessionState() pyt@3c7882c
02-23 02:09:38.047 12010 12010 D CAR.CLIENT: tearDownCarManagers() pyt@3c7882c
02-23 02:09:38.047 12010 12010 D CAR.CLIENT: localCarConnectionListener received onCarDisconnected()
02-23 02:09:38.047 12010 12010 D CAR.CLIENT: tearDownProjectionSessionState() pye@f6c4478
02-23 02:09:38.047 12010 12010 D CAR.CLIENT: tearDownCarManagers() pye@f6c4478
02-23 02:09:38.047 12010 12010 D CAR.CLIENT: localCarConnectionListener received onCarDisconnected()
02-23 02:09:38.047 12010 12010 D CAR.CLIENT: tearDownProjectionSessionState() pye@ac47751
02-23 02:09:38.047 12010 12010 D CAR.CLIENT: tearDownCarManagers() pye@ac47751
02-23 02:09:38.047 12010 12010 D CAR.CLIENT: localCarConnectionListener received onCarDisconnected()
02-23 02:09:38.047 12010 12010 D CAR.CLIENT: tearDownProjectionSessionState() pyt@b824498
02-23 02:09:38.047 12010 12010 D CAR.CLIENT: tearDownCarManagers() pyt@b824498
02-23 02:09:38.047 12010 12010 D CAR.CLIENT: localCarConnectionListener received onCarDisconnected()
02-23 02:09:38.047 12010 12010 D CAR.CLIENT: tearDownProjectionSessionState() pye@92e6b5f
02-23 02:09:38.047 12010 12010 D CAR.CLIENT: tearDownCarManagers() pye@92e6b5f
02-23 02:09:38.047 12010 12010 D CAR.PROJECTION.CAHI: null.onDisconnected()
02-23 02:09:38.047 12010 12010 D CAR.PROJECTION.CAHI: null.finish()
02-23 02:09:38.047 12010 12010 D CAR.PROJECTION.CAHI: Already finishing null, ignoring duplicate finish
02-23 02:09:38.047 12010 12010 D CAR.CLIENT: localCarConnectionListener received onCarDisconnected()
02-23 02:09:38.047 12010 12010 D CAR.CLIENT: tearDownProjectionSessionState() pyt@b285b92
02-23 02:09:38.047 12010 12010 D CAR.CLIENT: tearDownCarManagers() pyt@b285b92
02-23 02:09:38.047  8910  8922 D GH.MultiCarCxnListener: onCarDisconnected() on binder thread. instance: pyn@9245bc0, listener: pxx@5c91943
02-23 02:09:38.047  8910  8922 D GH.MultiCarCxnListener: onCarDisconnected() on binder thread. instance: pyn@54a6e0f, listener: pxx@47152a4
02-23 02:09:38.047 12010 13246 D GH.MultiCarCxnListener: onCarDisconnected() on binder thread. instance: pyn@f7fd532, listener: pxx@fbda93d
02-23 02:09:38.047 12010 13147 D GH.MultiCarCxnListener: onCarDisconnected() on binder thread. instance: pyn@32a0a42, listener: pxx@92a488d
02-23 02:09:38.047 11773 32370 D GH.MultiCarCxnListener: onCarDisconnected() on binder thread. instance: ccnp@24a925f, listener: ccrt@fcfafa3
02-23 02:09:38.047 12010 13147 D GH.MultiCarCxnListener: onCarDisconnected() on binder thread. instance: pyn@18461b, listener: pxx@21a7b9b
02-23 02:09:38.047 11773 32370 D GH.MultiCarCxnListener: onCarDisconnected() on binder thread. instance: ccnp@24a925f, listener: ccpt@5d5bb83
02-23 02:09:38.047  8910  8922 D GH.MultiCarCxnListener: onCarDisconnected() on binder thread. instance: pyn@b6e3b70, listener: pxx@3dc2129
02-23 02:09:38.048 12010 13246 D GH.MultiCarCxnListener: onCarDisconnected() on binder thread. instance: pyn@e1f6c3a, listener: pxx@9209765
02-23 02:09:38.048 12010 13246 D GH.MultiCarCxnListener: onCarDisconnected() on binder thread. instance: pyn@1ddffd4, listener: pxx@b193127
02-23 02:09:38.048  8910  8922 D GH.MultiCarCxnListener: onCarDisconnected() on binder thread. instance: pyn@cab9ee9, listener: pxx@95c753f
02-23 02:09:38.048 12010 13147 D GH.MultiCarCxnListener: onCarDisconnected() on binder thread. instance: pyn@39443b8, listener: pxx@9f2b72d
02-23 02:09:38.048 12010 13246 D GH.MultiCarCxnListener: onCarDisconnected() on binder thread. instance: pyn@1e9182a, listener: pxx@ec388e5
02-23 02:09:38.048 12010 13246 D GH.MultiCarCxnListener: onCarDisconnected() on binder thread. instance: pyn@9ffad35, listener: pxx@3a3a36c
02-23 02:09:38.048  8910  8922 D GH.MultiCarCxnListener: onCarDisconnected() on binder thread. instance: pyn@b3d76e, listener: pxx@cbc4c6b
02-23 02:09:38.048 12010 13246 D GH.MultiCarCxnListener: onCarDisconnected() on binder thread. instance: pyn@b131591, listener: pxx@f696403
02-23 02:09:38.048 12010 13147 D CAR.CLIENT.PLS: onProjectionTearDown on binder thread
02-23 02:09:38.049  8910  8922 D CAR.CLIENT.PLS: onProjectionTearDown on binder thread
02-23 02:09:38.049 19618 19618 I CAR.CAM : Forwarding media key KeyEvent { action=ACTION_DOWN, keyCode=KEYCODE_MEDIA_PAUSE, scanCode=0, metaState=0, flags=0x0, repeatCount=0, eventTime=0, downTime=0, deviceId=-1, source=0x0, displayId=-1 }
02-23 02:09:38.049 19618 19618 I CAR.CAM : Forwarding media key KeyEvent { action=ACTION_UP, keyCode=KEYCODE_MEDIA_PAUSE, scanCode=0, metaState=0, flags=0x0, repeatCount=0, eventTime=0, downTime=0, deviceId=-1, source=0x0, displayId=-1 }
02-23 02:09:38.049 19618 19618 I CAR.SERVICE: Car connection state changed: DISCONNECTING->DISCONNECTED
02-23 02:09:38.049 19618 19618 I CAR.SERVICE: Removing callback requestVideoFocusRunnable
02-23 02:09:38.049 11773 11773 D CAR.PROJECTION.CAHI: null.onDisconnected()
02-23 02:09:38.049 11773 11773 D CAR.PROJECTION.CAHI: null.finish()
02-23 02:09:38.049 11773 11773 D CAR.PROJECTION.CAHI: Already finishing null, ignoring duplicate finish
02-23 02:09:38.049 11773 11773 D CAR.CLIENT: localCarConnectionListener received onCarDisconnected()
02-23 02:09:38.049 11773 11773 D CAR.CLIENT: tearDownProjectionSessionState() ccqr@a420bd6
02-23 02:09:38.049 11773 11773 D CAR.CLIENT: tearDownCarManagers() ccqr@a420bd6
02-23 02:09:38.049 19618 19618 I CAR.SYS : Successfully released automotive projection.
02-23 02:09:38.050 19618 19618 I CAR.CAM : makeBackground for component ComponentInfo{com.google.android.apps.maps/com.google.android.apps.gmm.car.GmmCarProjectionService}
02-23 02:09:38.050  8910  8910 D CAR.CLIENT: localCarConnectionListener received onCarDisconnected()
02-23 02:09:38.050  8910  8910 D CAR.CLIENT: tearDownProjectionSessionState() pye@a6a1ef2
02-23 02:09:38.050  8910  8910 D CAR.CLIENT: tearDownCarManagers() pye@a6a1ef2
02-23 02:09:38.050  8910  8910 D CAR.CLIENT: localCarConnectionListener received onCarDisconnected()
02-23 02:09:38.050  8910  8910 D CAR.CLIENT: tearDownProjectionSessionState() pye@8a8f8ff
02-23 02:09:38.050  8910  8910 D CAR.CLIENT: tearDownCarManagers() pye@8a8f8ff
02-23 02:09:38.050  8910  8910 D CAR.CLIENT: localCarConnectionListener received onCarDisconnected()
02-23 02:09:38.050  8910  8910 D CAR.CLIENT: tearDownProjectionSessionState() pye@1da782a
02-23 02:09:38.050  8910  8910 D CAR.CLIENT: tearDownCarManagers() pye@1da782a
02-23 02:09:38.050  8910  8910 D CAR.CLIENT: localCarConnectionListener received onCarDisconnected()
02-23 02:09:38.050  8910  8910 D CAR.CLIENT: tearDownProjectionSessionState() pye@4ff60a0
02-23 02:09:38.050  8910  8910 D CAR.CLIENT: tearDownCarManagers() pye@4ff60a0
02-23 02:09:38.050  8910  8910 D CAR.CLIENT: localCarConnectionListener received onCarDisconnected()
02-23 02:09:38.050  8910  8910 D CAR.CLIENT: tearDownProjectionSessionState() pye@4bcdf5d
02-23 02:09:38.050  8910  8910 D CAR.CLIENT: tearDownCarManagers() pye@4bcdf5d
02-23 02:09:38.050  8910  8910 D CAR.CLIENT.PLS: Projection teardown
02-23 02:09:38.050  8910  8910 D CAR.CLIENT.PLS: Projection unlinkToDeath true
02-23 02:09:38.050  8910  8925 D GH.MultiCarCxnListener: onCarDisconnected() on binder thread. instance: pyn@fa441cf, listener: pxx@145a22e
02-23 02:09:38.050  8910  8910 D CAR.CLIENT: localCarConnectionListener received onCarDisconnected()
02-23 02:09:38.050  8910  8910 D CAR.CLIENT: tearDownProjectionSessionState() pye@edca9
02-23 02:09:38.050  8910  8910 D CAR.CLIENT: tearDownCarManagers() pye@edca9
02-23 02:09:38.050  8910  8923 D GH.MultiCarCxnListener: onCarDisconnected() on binder thread. instance: pyn@791b01c, listener: pxx@1d7d58f
02-23 02:09:38.050  8910 28247 D GH.MultiCarCxnListener: onCarDisconnected() on binder thread. instance: pyn@e2be035, listener: pxx@2e2d3e0
02-23 02:09:38.050 12010 12010 D CAR.PROJECTION.CAHI: null.onDisconnected()
02-23 02:09:38.050 12010 12010 D CAR.PROJECTION.CAHI: null.finish()
02-23 02:09:38.051  8910  8910 D CAR.CLIENT: localCarConnectionListener received onCarDisconnected()
02-23 02:09:38.051  8910  8910 D CAR.CLIENT: tearDownProjectionSessionState() pye@e002cee
02-23 02:09:38.051  8910  8910 D CAR.CLIENT: tearDownCarManagers() pye@e002cee
02-23 02:09:38.051  8910  8910 D CAR.CLIENT: localCarConnectionListener received onCarDisconnected()
02-23 02:09:38.051  8910  8910 D CAR.CLIENT: tearDownProjectionSessionState() pye@ac9fc7a
02-23 02:09:38.051  8910  8910 D CAR.CLIENT: tearDownCarManagers() pye@ac9fc7a
02-23 02:09:38.051 12010 12010 D CAR.PROJECTION.CAHI: Already finishing null, ignoring duplicate finish
02-23 02:09:38.051 12010 12010 D CAR.CLIENT: localCarConnectionListener received onCarDisconnected()
02-23 02:09:38.051 12010 12010 D CAR.CLIENT: tearDownProjectionSessionState() pyt@5717aea
02-23 02:09:38.051 12010 12010 D CAR.CLIENT: tearDownCarManagers() pyt@5717aea
02-23 02:09:38.051 12010 12010 D CAR.CLIENT: localCarConnectionListener received onCarDisconnected()
02-23 02:09:38.051 12010 12010 D CAR.CLIENT: tearDownProjectionSessionState() pye@5198e19
02-23 02:09:38.051 12010 12010 D CAR.CLIENT: tearDownCarManagers() pye@5198e19
02-23 02:09:38.051 12010 12010 D CAR.PROJECTION.CAHI: null.onDisconnected()
02-23 02:09:38.051 12010 12010 D CAR.PROJECTION.CAHI: null.finish()
02-23 02:09:38.051 12010 12010 D CAR.PROJECTION.CAHI: Already finishing null, ignoring duplicate finish
02-23 02:09:38.051 12010 12010 D CAR.CLIENT: localCarConnectionListener received onCarDisconnected()
02-23 02:09:38.051 12010 12010 D CAR.CLIENT: tearDownProjectionSessionState() pyt@ac5e751
02-23 02:09:38.051 12010 12010 D CAR.CLIENT: tearDownCarManagers() pyt@ac5e751
02-23 02:09:38.051 12010 12010 D CAR.CLIENT: localCarConnectionListener received onCarDisconnected()
02-23 02:09:38.051 12010 12010 D CAR.CLIENT: tearDownProjectionSessionState() pye@d1b9963
02-23 02:09:38.051 12010 12010 D CAR.CLIENT: tearDownCarManagers() pye@d1b9963
02-23 02:09:38.051 12010 12010 D CAR.CLIENT: localCarConnectionListener received onCarDisconnected()
02-23 02:09:38.051 19618 19618 I CAR.CAM : Unbinding from GmmCarProjectionService
02-23 02:09:38.051 12010 12010 D CAR.CLIENT: tearDownProjectionSessionState() pye@12ae0fb
02-23 02:09:38.051 12010 12010 D CAR.CLIENT: tearDownCarManagers() pye@12ae0fb
02-23 02:09:38.051 12010 12010 D CAR.PROJECTION.CAHI: null.onDisconnected()
02-23 02:09:38.051 12010 12010 D CAR.PROJECTION.CAHI: null.finish()
02-23 02:09:38.051 12010 12010 D CAR.PROJECTION.CAHI: Already finishing null, ignoring duplicate finish
02-23 02:09:38.051 12010 12010 D CAR.CLIENT: localCarConnectionListener received onCarDisconnected()
02-23 02:09:38.051 12010 12010 D CAR.CLIENT: tearDownProjectionSessionState() pyt@8fec7b
02-23 02:09:38.051 12010 12010 D CAR.CLIENT: tearDownCarManagers() pyt@8fec7b
02-23 02:09:38.051 12010 12010 D CAR.CLIENT: localCarConnectionListener received onCarDisconnected()
02-23 02:09:38.051 12010 12010 D CAR.CLIENT: tearDownProjectionSessionState() pye@f10dc9b
02-23 02:09:38.051 12010 12010 D CAR.CLIENT: tearDownCarManagers() pye@f10dc9b
02-23 02:09:38.051 12010 12010 D CAR.CLIENT: localCarConnectionListener received onCarDisconnected()
02-23 02:09:38.051 12010 12010 D CAR.CLIENT: tearDownProjectionSessionState() pye@17843c2
02-23 02:09:38.051 12010 12010 D CAR.CLIENT: tearDownCarManagers() pye@17843c2
02-23 02:09:38.051 12010 12010 D CAR.CLIENT: localCarConnectionListener received onCarDisconnected()
02-23 02:09:38.051 12010 12010 D CAR.CLIENT: tearDownProjectionSessionState() pye@4e37960
02-23 02:09:38.051 12010 12010 D CAR.CLIENT: tearDownCarManagers() pye@4e37960
02-23 02:09:38.051 12010 12010 D CAR.CLIENT: localCarConnectionListener received onCarDisconnected()
02-23 02:09:38.051 12010 12010 D CAR.CLIENT: tearDownProjectionSessionState() pye@aec9ede
02-23 02:09:38.051 12010 12010 D CAR.CLIENT: tearDownCarManagers() pye@aec9ede
02-23 02:09:38.051 12010 12010 D CAR.CLIENT: localCarConnectionListener received onCarDisconnected()
02-23 02:09:38.051 12010 12010 D CAR.CLIENT: tearDownProjectionSessionState() pye@cdb78bf
02-23 02:09:38.051 12010 12010 D CAR.CLIENT: tearDownCarManagers() pye@cdb78bf
02-23 02:09:38.051 12010 12010 D CAR.CLIENT: localCarConnectionListener received onCarDisconnected()
02-23 02:09:38.051 12010 12010 D CAR.CLIENT: tearDownProjectionSessionState() pye@8a4fb8c
02-23 02:09:38.051 12010 12010 D CAR.CLIENT: tearDownCarManagers() pye@8a4fb8c
02-23 02:09:38.051 12010 12010 D CAR.PROJECTION.CAHI: null.onDisconnected()
02-23 02:09:38.051 12010 12010 D CAR.PROJECTION.CAHI: null.finish()
02-23 02:09:38.051 12010 12010 D CAR.PROJECTION.CAHI: Already finishing null, ignoring duplicate finish
02-23 02:09:38.051 12010 12010 D CAR.CLIENT: localCarConnectionListener received onCarDisconnected()
02-23 02:09:38.051 12010 12010 D CAR.CLIENT: tearDownProjectionSessionState() pyt@af6cb8c
02-23 02:09:38.051 12010 12010 D CAR.CLIENT: tearDownCarManagers() pyt@af6cb8c
02-23 02:09:38.051 12010 12010 D CAR.PROJECTION.CAHI: null.onDisconnected()
02-23 02:09:38.051 12010 12010 D CAR.PROJECTION.CAHI: null.finish()
02-23 02:09:38.051 12010 12010 D CAR.PROJECTION.CAHI: Already finishing null, ignoring duplicate finish
02-23 02:09:38.051 12010 12010 D CAR.CLIENT: localCarConnectionListener received onCarDisconnected()
02-23 02:09:38.051 12010 12010 D CAR.CLIENT: tearDownProjectionSessionState() pyt@76182d5
02-23 02:09:38.051 12010 12010 D CAR.CLIENT: tearDownCarManagers() pyt@76182d5
02-23 02:09:38.051 12010 12010 D CAR.PROJECTION.CAHI: null.onDisconnected()
02-23 02:09:38.051 12010 12010 D CAR.PROJECTION.CAHI: null.finish()
02-23 02:09:38.051 12010 12010 D CAR.PROJECTION.CAHI: Already finishing null, ignoring duplicate finish
02-23 02:09:38.051 12010 12010 D CAR.CLIENT: localCarConnectionListener received onCarDisconnected()
02-23 02:09:38.051 12010 12010 D CAR.CLIENT: tearDownProjectionSessionState() pyt@858e1db
02-23 02:09:38.051 12010 12010 D CAR.CLIENT: tearDownCarManagers() pyt@858e1db
02-23 02:09:38.051 12010 12010 D CAR.CLIENT: localCarConnectionListener received onCarDisconnected()
02-23 02:09:38.051 12010 12010 D CAR.CLIENT: tearDownProjectionSessionState() pye@5834ede
02-23 02:09:38.051 12010 12010 D CAR.CLIENT: tearDownCarManagers() pye@5834ede
02-23 02:09:38.051 12010 12010 D CAR.CLIENT: localCarConnectionListener received onCarDisconnected()
02-23 02:09:38.051 12010 12010 D CAR.CLIENT: tearDownProjectionSessionState() pye@d0b1478
02-23 02:09:38.051 12010 12010 D CAR.CLIENT: tearDownCarManagers() pye@d0b1478
02-23 02:09:38.051 12010 12010 D CAR.CLIENT: localCarConnectionListener received onCarDisconnected()
02-23 02:09:38.051 12010 12010 D CAR.CLIENT: tearDownProjectionSessionState() pye@ba7abb6
02-23 02:09:38.051 12010 12010 D CAR.CLIENT: tearDownCarManagers() pye@ba7abb6
02-23 02:09:38.051 12010 12010 D CAR.CLIENT: localCarConnectionListener received onCarDisconnected()
02-23 02:09:38.051 12010 12010 D CAR.CLIENT: tearDownProjectionSessionState() pye@e190024
02-23 02:09:38.051 12010 12010 D CAR.CLIENT: tearDownCarManagers() pye@e190024
02-23 02:09:38.051 12010 12010 D CAR.CLIENT: localCarConnectionListener received onCarDisconnected()
02-23 02:09:38.051 12010 12010 D CAR.CLIENT: tearDownProjectionSessionState() pye@8a468bf
02-23 02:09:38.051 12010 12010 D CAR.CLIENT: tearDownCarManagers() pye@8a468bf
02-23 02:09:38.051 12010 12010 D CAR.PROJECTION.CAHI: null.onDisconnected()
02-23 02:09:38.051 12010 12010 D CAR.PROJECTION.CAHI: null.finish()
02-23 02:09:38.051 12010 12010 D CAR.PROJECTION.CAHI: Already finishing null, ignoring duplicate finish
02-23 02:09:38.051 12010 12010 D CAR.CLIENT: localCarConnectionListener received onCarDisconnected()
02-23 02:09:38.051 12010 12010 D CAR.CLIENT: tearDownProjectionSessionState() pyt@7f4cd1d
02-23 02:09:38.051 12010 12010 D CAR.CLIENT: tearDownCarManagers() pyt@7f4cd1d
02-23 02:09:38.051 12010 12010 D CAR.PROJECTION.CAHI: null.onDisconnected()
02-23 02:09:38.051 21855 21896 I GH.ConnLoggerV2: Session 7bdbf25b-9c23-458c-9bb7-27434b9831e6, event 1590, detail OptionalInt.empty, FRAMER_READ_IO_EXCEPTION, at 384467106 
02-23 02:09:38.051 12010 12010 D CAR.PROJECTION.CAHI: null.finish()
02-23 02:09:38.051 12010 12010 D CAR.PROJECTION.CAHI: Already finishing null, ignoring duplicate finish
02-23 02:09:38.051 12010 12010 D CAR.CLIENT: localCarConnectionListener received onCarDisconnected()
02-23 02:09:38.051 12010 12010 D CAR.CLIENT: tearDownProjectionSessionState() pyt@84b31f4
02-23 02:09:38.051 12010 12010 D CAR.CLIENT: tearDownCarManagers() pyt@84b31f4
02-23 02:09:38.052 12010 12010 D CAR.CLIENT: localCarConnectionListener received onCarDisconnected()
02-23 02:09:38.052 12010 12010 D CAR.CLIENT: tearDownProjectionSessionState() pye@179c0b7
02-23 02:09:38.052 12010 12010 D CAR.CLIENT: tearDownCarManagers() pye@179c0b7
02-23 02:09:38.052 12010 12010 D CAR.CLIENT: localCarConnectionListener received onCarDisconnected()
02-23 02:09:38.052 12010 12010 D CAR.CLIENT: tearDownProjectionSessionState() pye@4facd42
02-23 02:09:38.052 12010 12010 D CAR.CLIENT: tearDownCarManagers() pye@4facd42
02-23 02:09:38.052 12010 12010 D CAR.CLIENT: localCarConnectionListener received onCarDisconnected()
02-23 02:09:38.052 12010 12010 D CAR.CLIENT: tearDownProjectionSessionState() pye@672e540
02-23 02:09:38.052 12010 12010 D CAR.CLIENT: tearDownCarManagers() pye@672e540
02-23 02:09:38.052 12010 12010 D CAR.CLIENT: localCarConnectionListener received onCarDisconnected()
02-23 02:09:38.052 12010 12010 D CAR.CLIENT: tearDownProjectionSessionState() pye@e88378d
02-23 02:09:38.052 12010 12010 D CAR.CLIENT: tearDownCarManagers() pye@e88378d
02-23 02:09:38.052 12010 12010 D CAR.CLIENT: localCarConnectionListener received onCarDisconnected()
02-23 02:09:38.052 12010 12010 D CAR.CLIENT: tearDownProjectionSessionState() pyt@4a11f3a
02-23 02:09:38.052 12010 12010 D CAR.CLIENT: tearDownCarManagers() pyt@4a11f3a
02-23 02:09:38.052 12010 12010 D CAR.CLIENT: localCarConnectionListener received onCarDisconnected()
02-23 02:09:38.052 12010 12010 D CAR.CLIENT: tearDownProjectionSessionState() pye@7ee9e3e
02-23 02:09:38.052 12010 12010 D CAR.CLIENT: tearDownCarManagers() pye@7ee9e3e
02-23 02:09:38.052 12010 12010 D CAR.PROJECTION.CAHI: null.onDisconnected()
02-23 02:09:38.052 12010 12010 D CAR.PROJECTION.CAHI: null.finish()
02-23 02:09:38.052 12010 12010 D CAR.PROJECTION.CAHI: Already finishing null, ignoring duplicate finish
02-23 02:09:38.052 12010 12010 D CAR.CLIENT: localCarConnectionListener received onCarDisconnected()
02-23 02:09:38.052 12010 12010 D CAR.CLIENT: tearDownProjectionSessionState() pyt@eaf86b9
02-23 02:09:38.053 12010 12010 D CAR.CLIENT: Multi-display client enabled. Get ICarDisplay for: CarDisplayId{displayId=0}
02-23 02:09:38.054 12010 12010 D GH.MpCarDispUpdateLstnr: Clearing local CarDisplayLayoutUpdateCompleteListener {rfz@e9bf641}
02-23 02:09:38.054 12010 12010 D CAR.CLIENT: localCarConnectionListener received onCarDisconnected()
02-23 02:09:38.054 12010 12010 D CAR.CLIENT: tearDownProjectionSessionState() pye@44dbf89
02-23 02:09:38.054 12010 12010 D CAR.CLIENT: tearDownCarManagers() pye@44dbf89
02-23 02:09:38.054 12010 12010 D CAR.CLIENT: localCarConnectionListener received onCarDisconnected()
02-23 02:09:38.054 12010 12010 D CAR.CLIENT: tearDownProjectionSessionState() pye@5f7fa90
02-23 02:09:38.054 12010 12010 D CAR.CLIENT: tearDownCarManagers() pye@5f7fa90
02-23 02:09:38.054 12010 12010 D CAR.CLIENT: localCarConnectionListener received onCarDisconnected()
02-23 02:09:38.054 12010 12010 D CAR.CLIENT: tearDownProjectionSessionState() pye@417441f
02-23 02:09:38.054 12010 12010 D CAR.CLIENT: tearDownCarManagers() pye@417441f
02-23 02:09:38.054 12010 12010 D CAR.CLIENT: localCarConnectionListener received onCarDisconnected()
02-23 02:09:38.054 12010 12010 D CAR.CLIENT: tearDownProjectionSessionState() pye@26c7b8e
02-23 02:09:38.054 12010 12010 D CAR.CLIENT: tearDownCarManagers() pye@26c7b8e
02-23 02:09:38.054 12010 12010 D CAR.CLIENT.PLS: Projection teardown
02-23 02:09:38.054 12010 12010 D CAR.CLIENT.PLS: Projection unlinkToDeath true
02-23 02:09:38.054 12010 12010 I GH.GhLifecycleService: onProjectionTearDown()
02-23 02:09:38.054 12010 12010 I GH.CarClientManager: onCarDisconnectedViaLifecycle
02-23 02:09:38.054 12010 12010 I GH.CarClientManager: CarClientToken is in state CLIENT_CONNECTED_AND_CAR_CONNECTED; running onCarDisconnected()
02-23 02:09:38.054 12010 12010 I GH.CarClientManager: car disconnected. isProjected: true
02-23 02:09:38.054 12010 12010 W GH.CarClientManager: Illegal state transition from CLIENT_CONNECTED_AND_CAR_CONNECTED to CLIENT_CONNECTED_AND_CAR_DISCONNECTED! Allowing anyway.
02-23 02:09:38.054 12010 12010 I GH.CarClientManager: Transition from CLIENT_CONNECTED_AND_CAR_CONNECTED to CLIENT_CONNECTED_AND_CAR_DISCONNECTED.
02-23 02:09:38.054 12010 12010 D GH.CarClientManager: notifyListenersOnCarDisconnected entered
02-23 02:09:38.054 12010 12010 D GH.CarClientManager: calling onCarDisconnected on jhl@9baba55
02-23 02:09:38.054 12010 12010 D GH.CarClientManager: calling onCarDisconnected on ncl@c056c6a
02-23 02:09:38.054 12010 12010 D GH.CarClientManager: calling onCarDisconnected on ndf@34f476f
02-23 02:09:38.054 12010 12010 D GH.CarClientManager: calling onCarDisconnected on iqx@7e6ca36
02-23 02:09:38.054 19618 19618 I CAR.IME : Resetting input manager
02-23 02:09:38.056 12010 13246 D CAR.CLIENT.PLS: onProjectionEnd on binder thread
02-23 02:09:38.057 12010 12010 D GH.MdPlayerCardStateLD: cardState: NO_APP
02-23 02:09:38.057 21855 21896 I GH.ConnLoggerV2: Session 7bdbf25b-9c23-458c-9bb7-27434b9831e6, event 1591, detail OptionalInt.empty, WIRELESS_GAL_SOCKET_DISCONNECTED, at 384467110 
02-23 02:09:38.057 12010 12010 D GH.MediaSugPvdr: Use Assistant media suggestions
02-23 02:09:38.057 12010 12010 D GH.MediaSugPvdr: Use Assistant media suggestions
02-23 02:09:38.057 12010 12010 D GH.MdPlayerCardStateLD: isMediaSuggestionAvailable: false
02-23 02:09:38.057 12010 12010 D GH.MdPlayerCardStateLD: cardState: NO_APP
02-23 02:09:38.057 12010 12010 D GH.MediaSugPvdr: Use Assistant media suggestions
02-23 02:09:38.057 12010 12010 D GH.MediaSugPvdr: Use Assistant media suggestions
02-23 02:09:38.057 12010 12010 D GH.MdPlayerCardStateLD: isMediaSuggestionAvailable: false
02-23 02:09:38.057 12010 12010 D GH.MdPlayerCardStateLD: cardState: NO_APP
02-23 02:09:38.057 12010 12010 D GH.MediaSugPvdr: Use Assistant media suggestions
02-23 02:09:38.057 12010 12010 D GH.MediaSugPvdr: Use Assistant media suggestions
02-23 02:09:38.057 12010 12010 D GH.MdPlayerCardStateLD: isMediaSuggestionAvailable: false
02-23 02:09:38.057 12010 12010 D GH.MdPlayerCardStateLD: cardState: NO_APP
02-23 02:09:38.057 12010 12010 D GH.MediaSugPvdr: Use Assistant media suggestions
02-23 02:09:38.057 12010 12010 D GH.MediaSugPvdr: Use Assistant media suggestions
02-23 02:09:38.057 12010 12010 D GH.MdPlayerCardStateLD: isMediaSuggestionAvailable: false
02-23 02:09:38.057 12010 12010 D GH.MdPlayerCardStateLD: cardState: NO_APP
02-23 02:09:38.057 12010 12010 D GH.MediaSugPvdr: Use Assistant media suggestions
02-23 02:09:38.057 12010 12010 D GH.MediaSugPvdr: Use Assistant media suggestions
02-23 02:09:38.057  8910 28247 D CAR.CLIENT.PLS: onProjectionEnd on binder thread
02-23 02:09:38.057  8910  8910 D CAR.CLIENT.PLS: Projection end
02-23 02:09:38.058 19618 19618 I CAR.AUDIO.FOCUS: Stop audio focus handler
02-23 02:09:38.058 19618 19618 I CAR.AUDIO.CHANNEL: disabling stream: MEDIA, had focus: false
02-23 02:09:38.058 19618 19618 I CAR.AUDIO.CHANNEL: disabling stream: TTS, had focus: false
02-23 02:09:38.058 19618 19618 I CAR.AUDIO.CHANNEL: disabling stream: SYSTEM, had focus: true
02-23 02:09:38.061 19618 24391 I CAR.AUDIO.AFM: Request android audio focus on exit
02-23 02:09:38.065 12010 12010 D GH.MdPlayerCardStateLD: isMediaSuggestionAvailable: false
02-23 02:09:38.065 12010 12010 D GH.MdPlayerCardStateLD: cardState: NO_APP
02-23 02:09:38.065 12010 12010 D GH.MediaSugPvdr: Use Assistant media suggestions
02-23 02:09:38.065 12010 12010 D GH.MediaSugPvdr: Use Assistant media suggestions
02-23 02:09:38.065 12010 12010 D GH.MdPlayerCardStateLD: isMediaSuggestionAvailable: false
02-23 02:09:38.065 12010 12010 D GH.MdPlayerCardStateLD: cardState: NO_APP
02-23 02:09:38.065 12010 12010 D GH.MediaSugPvdr: Use Assistant media suggestions
02-23 02:09:38.067 12010 12010 D GH.MediaSugPvdr: Use Assistant media suggestions
02-23 02:09:38.067 12010 12010 D GH.MdPlayerCardStateLD: isMediaSuggestionAvailable: false
02-23 02:09:38.067 12010 12010 D GH.MdPlayerCardStateLD: cardState: NO_APP
02-23 02:09:38.067 12010 12010 D GH.MediaSugPvdr: Use Assistant media suggestions
02-23 02:09:38.067 12010 12010 D GH.MediaSugPvdr: Use Assistant media suggestions
02-23 02:09:38.067 12010 12010 D GH.MdPlayerCardStateLD: isMediaSuggestionAvailable: false
02-23 02:09:38.067 12010 12010 D GH.MdPlayerCardStateLD: cardState: NO_APP
02-23 02:09:38.067 12010 12010 D GH.MediaSugPvdr: Use Assistant media suggestions
02-23 02:09:38.067 12010 12010 D GH.MediaSugPvdr: Use Assistant media suggestions
02-23 02:09:38.067 12010 12010 D GH.MdPlayerCardStateLD: isMediaSuggestionAvailable: false
02-23 02:09:38.067 12010 12010 D GH.MdPlayerCardStateLD: cardState: NO_APP
02-23 02:09:38.067 12010 12010 D GH.MediaSugPvdr: Use Assistant media suggestions
02-23 02:09:38.067 12010 12010 D GH.MediaSugPvdr: Use Assistant media suggestions
02-23 02:09:38.067 12010 12010 D GH.MdPlayerCardStateLD: isMediaSuggestionAvailable: false
02-23 02:09:38.067 12010 12010 D GH.MdPlayerCardStateLD: cardState: NO_APP
02-23 02:09:38.067 12010 12010 D GH.MediaSugPvdr: Use Assistant media suggestions
02-23 02:09:38.067 12010 12010 D GH.MediaSugPvdr: Use Assistant media suggestions
02-23 02:09:38.067 12010 12010 D GH.MdPlayerCardStateLD: isMediaSuggestionAvailable: false
02-23 02:09:38.067 12010 12010 D GH.MdPlayerCardStateLD: cardState: NO_APP
02-23 02:09:38.067 12010 12010 D GH.MediaSugPvdr: Use Assistant media suggestions
02-23 02:09:38.067 12010 12010 D GH.MediaSugPvdr: Use Assistant media suggestions
02-23 02:09:38.067 12010 12010 D GH.MdPlayerCardStateLD: isMediaSuggestionAvailable: false
02-23 02:09:38.067 12010 12010 D GH.MdPlayerCardStateLD: cardState: NO_APP
02-23 02:09:38.067 12010 12010 D GH.MediaSugPvdr: Use Assistant media suggestions
02-23 02:09:38.067 12010 12010 D GH.MediaSugPvdr: Use Assistant media suggestions
02-23 02:09:38.067 12010 12010 D GH.MdPlayerCardStateLD: isMediaSuggestionAvailable: false
02-23 02:09:38.067 12010 12010 D GH.MdPlayerCardStateLD: cardState: NO_APP
02-23 02:09:38.067 12010 12010 D GH.MediaSugPvdr: Use Assistant media suggestions
02-23 02:09:38.067 12010 12010 D GH.MediaSugPvdr: Use Assistant media suggestions
02-23 02:09:38.067 12010 12010 D GH.MdPlayerCardStateLD: isMediaSuggestionAvailable: false
02-23 02:09:38.067 12010 12010 D GH.MdPlayerCardStateLD: cardState: NO_APP
02-23 02:09:38.067 12010 12010 D GH.MediaSugPvdr: Use Assistant media suggestions
02-23 02:09:38.067 12010 12010 D GH.MediaSugPvdr: Use Assistant media suggestions
02-23 02:09:38.067 12010 12010 D GH.MdPlayerCardStateLD: isMediaSuggestionAvailable: false
02-23 02:09:38.067 12010 12010 D GH.MdPlayerCardStateLD: cardState: NO_APP
02-23 02:09:38.067 12010 12010 D GH.MediaSugPvdr: Use Assistant media suggestions
02-23 02:09:38.067 12010 12010 D GH.MediaSugPvdr: Use Assistant media suggestions
02-23 02:09:38.067 12010 12010 D GH.MdPlayerCardStateLD: isMediaSuggestionAvailable: false
02-23 02:09:38.067 12010 12010 D GH.MdPlayerCardStateLD: cardState: NO_APP
02-23 02:09:38.067 12010 12010 D GH.MediaSugPvdr: Use Assistant media suggestions
02-23 02:09:38.067 12010 12010 D GH.MediaSugPvdr: Use Assistant media suggestions
02-23 02:09:38.067 12010 12010 D GH.MdPlayerCardStateLD: isMediaSuggestionAvailable: false
02-23 02:09:38.067 12010 12010 D GH.MdPlayerCardStateLD: cardState: NO_APP
02-23 02:09:38.067 12010 12010 D GH.MediaSugPvdr: Use Assistant media suggestions
02-23 02:09:38.067 12010 12010 D GH.MediaSugPvdr: Use Assistant media suggestions
02-23 02:09:38.067 12010 12010 D GH.MdPlayerCardStateLD: isMediaSuggestionAvailable: false
02-23 02:09:38.073 12010 12010 E GH.MediaLiveDataFns: createIsBrowserSearchableData indicated car token disconnect
02-23 02:09:38.082 12010 12010 D GH.MediaModel: Controller in state DISCONNECTED_OUT_OF_CONNECTION_LIFECYCLE. Not notifying listeners
02-23 02:09:38.082 21855 21896 I GH.ConnLoggerV2: Session 7bdbf25b-9c23-458c-9bb7-27434b9831e6, event 1592, detail OptionalInt.empty, FRAMER_READ_IO_EXCEPTION_SW_CAUSED_CONNECTION_ABORT, at 384467111 
02-23 02:09:38.083 12010 12010 D GH.MediaModel: Browser in state DISCONNECTED_OUT_OF_CONNECTION_LIFECYCLE. Not notifying listeners
02-23 02:09:38.087 12010 12010 D GH.MdPlayerCardStateLD: isMediaSessionValid: false
02-23 02:09:38.088 12010 12010 D GH.MdPlayerCardStateLD: connectionTimeoutHasElapsed: false
02-23 02:09:38.088 12010 12010 D GH.MdPlayerCardStateLD: timedOutAfterPlaybackStateChange: false
02-23 02:09:38.092 21855 21896 I GH.ConnLoggerV2: Session 7bdbf25b-9c23-458c-9bb7-27434b9831e6, event 1593, detail OptionalInt.empty, PROJECTION_ENDED_WIFI, at 384467121 
02-23 02:09:38.096 12010 12010 D GH.MdPlayerCardStateLD: isMediaSessionValid: false
02-23 02:09:38.096 12010 12010 D GH.MdPlayerCardStateLD: connectionTimeoutHasElapsed: false
02-23 02:09:38.096 12010 12010 D GH.MdPlayerCardStateLD: timedOutAfterPlaybackStateChange: false
02-23 02:09:38.096 19618 19991 W CAR.CAM : Ignoring unexpected message continuation in GmmCarProjectionService: head null; got FINISH null
02-23 02:09:38.097 12010 12010 D GH.MdPlayerCardStateLD: isMediaSessionValid: false
02-23 02:09:38.098 12010 12010 D GH.MdPlayerCardStateLD: connectionTimeoutHasElapsed: false
02-23 02:09:38.098 12010 12010 D GH.MdPlayerCardStateLD: timedOutAfterPlaybackStateChange: false
02-23 02:09:38.099 12010 12010 D GH.MdPlayerCardStateLD: isMediaSessionValid: false
02-23 02:09:38.099 12010 12010 D GH.MdPlayerCardStateLD: connectionTimeoutHasElapsed: false
02-23 02:09:38.099 12010 12010 D GH.MdPlayerCardStateLD: timedOutAfterPlaybackStateChange: false
02-23 02:09:38.100 12010 12010 D GH.MdPlayerCardStateLD: isMediaSessionValid: false
02-23 02:09:38.100 12010 12010 D GH.MdPlayerCardStateLD: connectionTimeoutHasElapsed: false
02-23 02:09:38.100 12010 12010 D GH.MdPlayerCardStateLD: timedOutAfterPlaybackStateChange: false
02-23 02:09:38.101 12010 12010 D GH.MdPlayerCardStateLD: isMediaSessionValid: false
02-23 02:09:38.101 12010 12010 D GH.MdPlayerCardStateLD: connectionTimeoutHasElapsed: false
02-23 02:09:38.101 12010 12010 D GH.MdPlayerCardStateLD: timedOutAfterPlaybackStateChange: false
02-23 02:09:38.103 12010 12010 D GH.MdPlayerCardStateLD: isMediaSessionValid: false
02-23 02:09:38.103 12010 12010 D GH.MdPlayerCardStateLD: connectionTimeoutHasElapsed: false
02-23 02:09:38.103 12010 12010 D GH.MdPlayerCardStateLD: timedOutAfterPlaybackStateChange: false
02-23 02:09:38.108 12010 12010 D GH.MdPlayerCardStateLD: isMediaSessionValid: false
02-23 02:09:38.108 12010 12010 D GH.MdPlayerCardStateLD: connectionTimeoutHasElapsed: false
02-23 02:09:38.108 12010 12010 D GH.MdPlayerCardStateLD: timedOutAfterPlaybackStateChange: false
02-23 02:09:38.109 12010 12010 D GH.MdPlayerCardStateLD: isMediaSessionValid: false
02-23 02:09:38.113 12010 12010 D GH.MdPlayerCardStateLD: connectionTimeoutHasElapsed: false
02-23 02:09:38.113 12010 12010 D GH.MdPlayerCardStateLD: timedOutAfterPlaybackStateChange: false
02-23 02:09:38.114 12010 12010 D GH.MdPlayerCardStateLD: isMediaSessionValid: false
02-23 02:09:38.114 12010 12010 D GH.MdPlayerCardStateLD: connectionTimeoutHasElapsed: false
02-23 02:09:38.114 12010 12010 D GH.MdPlayerCardStateLD: timedOutAfterPlaybackStateChange: false
02-23 02:09:38.115 12010 12010 D GH.MdPlayerCardStateLD: isMediaSessionValid: false
02-23 02:09:38.115 12010 12010 D GH.MdPlayerCardStateLD: connectionTimeoutHasElapsed: false
02-23 02:09:38.115 12010 12010 D GH.MdPlayerCardStateLD: timedOutAfterPlaybackStateChange: false
02-23 02:09:38.116 12010 12010 D GH.MdPlayerCardStateLD: isMediaSessionValid: false
02-23 02:09:38.116 12010 12010 D GH.MdPlayerCardStateLD: connectionTimeoutHasElapsed: false
02-23 02:09:38.116 12010 12010 D GH.MdPlayerCardStateLD: timedOutAfterPlaybackStateChange: false
02-23 02:09:38.117 12010 12010 D GH.MdPlayerCardStateLD: isMediaSessionValid: false
02-23 02:09:38.117 12010 12010 D GH.MdPlayerCardStateLD: connectionTimeoutHasElapsed: false
02-23 02:09:38.117 12010 12010 D GH.MdPlayerCardStateLD: timedOutAfterPlaybackStateChange: false
02-23 02:09:38.118 12010 12010 D GH.MdPlayerCardStateLD: isMediaSessionValid: false
02-23 02:09:38.118 12010 12010 D GH.MdPlayerCardStateLD: connectionTimeoutHasElapsed: false
02-23 02:09:38.118 12010 12010 D GH.MdPlayerCardStateLD: timedOutAfterPlaybackStateChange: false
02-23 02:09:38.119 12010 12010 D GH.MdPlayerCardStateLD: isMediaSessionValid: false
02-23 02:09:38.119 12010 12010 D GH.MdPlayerCardStateLD: connectionTimeoutHasElapsed: false
02-23 02:09:38.119 12010 12010 D GH.MdPlayerCardStateLD: timedOutAfterPlaybackStateChange: false
02-23 02:09:38.120 12010 12010 D GH.MdPlayerCardStateLD: isMediaSessionValid: false
02-23 02:09:38.120 12010 12010 D GH.MdPlayerCardStateLD: connectionTimeoutHasElapsed: false
02-23 02:09:38.120 12010 12010 D GH.MdPlayerCardStateLD: timedOutAfterPlaybackStateChange: false
02-23 02:09:38.121 12010 12010 D GH.MdPlayerCardStateLD: isMediaSessionValid: false
02-23 02:09:38.121 12010 12010 D GH.MdPlayerCardStateLD: connectionTimeoutHasElapsed: false
02-23 02:09:38.121 12010 12010 D GH.MdPlayerCardStateLD: timedOutAfterPlaybackStateChange: false
02-23 02:09:38.122 12010 12010 D GH.MdPlayerCardStateLD: isMediaSessionValid: false
02-23 02:09:38.123 12010 12010 D GH.MdPlayerCardStateLD: connectionTimeoutHasElapsed: false
02-23 02:09:38.123 12010 12010 D GH.MdPlayerCardStateLD: timedOutAfterPlaybackStateChange: false
02-23 02:09:38.124 12010 12010 D GH.MdPlayerCardStateLD: isMediaSessionValid: false
02-23 02:09:38.124 12010 12010 D GH.MdPlayerCardStateLD: connectionTimeoutHasElapsed: false
02-23 02:09:38.124 12010 12010 D GH.MdPlayerCardStateLD: timedOutAfterPlaybackStateChange: false
02-23 02:09:38.127 12010 12010 D GH.MediaModel: Controller in state DISCONNECTED_OUT_OF_CONNECTION_LIFECYCLE. Not notifying listeners
02-23 02:09:38.129 12010 12010 D GH.MediaModel: Browser in state DISCONNECTED_OUT_OF_CONNECTION_LIFECYCLE. Not notifying listeners
02-23 02:09:38.131 12010 12010 D GH.MediaModel: Controller in state DISCONNECTED_OUT_OF_CONNECTION_LIFECYCLE. Not notifying listeners
02-23 02:09:38.132 12010 12010 D GH.MediaModel: Browser in state DISCONNECTED_OUT_OF_CONNECTION_LIFECYCLE. Not notifying listeners
02-23 02:09:38.132 12010 12010 D GH.MediaModel: Controller in state DISCONNECTED_OUT_OF_CONNECTION_LIFECYCLE. Not notifying listeners
02-23 02:09:38.133 12010 12010 D GH.MediaModel: Browser in state DISCONNECTED_OUT_OF_CONNECTION_LIFECYCLE. Not notifying listeners
02-23 02:09:38.133 12010 12010 D GH.MediaModel: Controller in state DISCONNECTED_OUT_OF_CONNECTION_LIFECYCLE. Not notifying listeners
02-23 02:09:38.133 12010 12010 D GH.MediaModel: Browser in state DISCONNECTED_OUT_OF_CONNECTION_LIFECYCLE. Not notifying listeners
02-23 02:09:38.133 12010 12010 D GH.MediaModel: Controller in state DISCONNECTED_OUT_OF_CONNECTION_LIFECYCLE. Not notifying listeners
02-23 02:09:38.133 12010 12010 D GH.MediaModel: Browser in state DISCONNECTED_OUT_OF_CONNECTION_LIFECYCLE. Not notifying listeners
02-23 02:09:38.134 12010 12010 D GH.MediaModel: Controller in state DISCONNECTED_OUT_OF_CONNECTION_LIFECYCLE. Not notifying listeners
02-23 02:09:38.135 12010 12010 D GH.MediaModel: Browser in state DISCONNECTED_OUT_OF_CONNECTION_LIFECYCLE. Not notifying listeners
02-23 02:09:38.137 12010 12010 D GH.MediaModel: Controller in state DISCONNECTED_OUT_OF_CONNECTION_LIFECYCLE. Not notifying listeners
02-23 02:09:38.137 12010 12010 D GH.MediaModel: Browser in state DISCONNECTED_OUT_OF_CONNECTION_LIFECYCLE. Not notifying listeners
02-23 02:09:38.138 12010 12010 D GH.MediaModel: Controller in state DISCONNECTED_OUT_OF_CONNECTION_LIFECYCLE. Not notifying listeners
02-23 02:09:38.138 12010 12010 D GH.MediaModel: Browser in state DISCONNECTED_OUT_OF_CONNECTION_LIFECYCLE. Not notifying listeners
02-23 02:09:38.139 12010 12010 D GH.MediaModel: Controller in state DISCONNECTED_OUT_OF_CONNECTION_LIFECYCLE. Not notifying listeners
02-23 02:09:38.142 12010 12010 D GH.MediaModel: Browser in state DISCONNECTED_OUT_OF_CONNECTION_LIFECYCLE. Not notifying listeners
02-23 02:09:38.145 12010 12010 D GH.MediaModel: Controller in state DISCONNECTED_OUT_OF_CONNECTION_LIFECYCLE. Not notifying listeners
02-23 02:09:38.146 12010 12010 D GH.MediaModel: Browser in state DISCONNECTED_OUT_OF_CONNECTION_LIFECYCLE. Not notifying listeners
02-23 02:09:38.146 12010 12010 D GH.MediaModel: Controller in state DISCONNECTED_OUT_OF_CONNECTION_LIFECYCLE. Not notifying listeners
02-23 02:09:38.146 12010 12010 D GH.MediaModel: Browser in state DISCONNECTED_OUT_OF_CONNECTION_LIFECYCLE. Not notifying listeners
02-23 02:09:38.147 12010 12010 D GH.MediaSugPvdr: Returning 0 Assistant media suggestions, componentName: ComponentInfo{au.com.shiftyjelly.pocketcasts/au.com.shiftyjelly.pocketcasts.repositories.playback.PlaybackService}
02-23 02:09:38.148 12010 12010 D GH.MediaActiveBrowsConn: unsubscribe componentName=au.com.shiftyjelly.pocketcasts/.repositories.playback.PlaybackService id=__ROOT__
02-23 02:09:38.148 12010 12010 D GH.Assistant.SignalLD: buildMbsComponentName: component=ComponentInfo{au.com.shiftyjelly.pocketcasts/au.com.shiftyjelly.pocketcasts.repositories.playback.PlaybackService}
02-23 02:09:38.148 12010 12010 D GH.Assistant.SignalLD: Car client token is null, returning same component=ComponentInfo{au.com.shiftyjelly.pocketcasts/au.com.shiftyjelly.pocketcasts.repositories.playback.PlaybackService}
02-23 02:09:38.148 12010 12010 D GH.MediaBCConnection: onInactive component=ComponentInfo{au.com.shiftyjelly.pocketcasts/au.com.shiftyjelly.pocketcasts.repositories.playback.PlaybackService}
02-23 02:09:38.157 12010 12010 D GH.MediaBCConnection: disconnectFromBrowser component=ComponentInfo{au.com.shiftyjelly.pocketcasts/au.com.shiftyjelly.pocketcasts.repositories.playback.PlaybackService}
02-23 02:09:38.157 12010 12010 D GH.MediaBCConnection: onActive component=ComponentInfo{au.com.shiftyjelly.pocketcasts/au.com.shiftyjelly.pocketcasts.repositories.playback.PlaybackService}
02-23 02:09:38.157 12010 12010 D GH.MediaBCConnection: connectToBrowser component=ComponentInfo{au.com.shiftyjelly.pocketcasts/au.com.shiftyjelly.pocketcasts.repositories.playback.PlaybackService}
02-23 02:09:38.158 12010 12010 D GH.MediaSugPvdr: Returning 0 Assistant media suggestions, componentName: null
02-23 02:09:38.159 12010 12010 D GH.MediaSugPvdr: Returning 0 Assistant media suggestions, componentName: null
02-23 02:09:38.159 12010 12010 D GH.MediaSugPvdr: Returning 0 Assistant media suggestions, componentName: null
02-23 02:09:38.159 12010 12010 D GH.MediaSugPvdr: Returning 0 Assistant media suggestions, componentName: null
02-23 02:09:38.159 12010 12010 D GH.MediaSugPvdr: Returning 0 Assistant media suggestions, componentName: null
02-23 02:09:38.159 12010 12010 D GH.MediaSugPvdr: Returning 0 Assistant media suggestions, componentName: null
02-23 02:09:38.159 12010 12010 D GH.MediaSugPvdr: Returning 0 Assistant media suggestions, componentName: null
02-23 02:09:38.159 12010 12010 D GH.MediaSugPvdr: Returning 0 Assistant media suggestions, componentName: null
02-23 02:09:38.159 12010 12010 D GH.MediaSugPvdr: Returning 0 Assistant media suggestions, componentName: null
02-23 02:09:38.159 12010 12010 D GH.MediaSugPvdr: Returning 0 Assistant media suggestions, componentName: null
02-23 02:09:38.159 12010 12010 D GH.MediaSugPvdr: Returning 0 Assistant media suggestions, componentName: null
02-23 02:09:38.159 12010 12010 D GH.MediaSugPvdr: Returning 0 Assistant media suggestions, componentName: null
02-23 02:09:38.159 12010 12010 D GH.MediaSugPvdr: Returning 0 Assistant media suggestions, componentName: null
02-23 02:09:38.159 12010 12010 D GH.MediaSugPvdr: Returning 0 Assistant media suggestions, componentName: null
02-23 02:09:38.159 12010 12010 D GH.MediaSugPvdr: Returning 0 Assistant media suggestions, componentName: null
02-23 02:09:38.159 12010 12010 D GH.MediaSugPvdr: Returning 0 Assistant media suggestions, componentName: null
02-23 02:09:38.159 12010 12010 D GH.MediaSugPvdr: Returning 0 Assistant media suggestions, componentName: null
02-23 02:09:38.159 12010 12010 D GH.MediaSugPvdr: Returning 0 Assistant media suggestions, componentName: null
02-23 02:09:38.159 12010 12010 D GH.MediaSugPvdr: Returning 0 Assistant media suggestions, componentName: null
02-23 02:09:38.160 12010 12010 D GH.MediaBCConnection: onInactive component=ComponentInfo{au.com.shiftyjelly.pocketcasts/au.com.shiftyjelly.pocketcasts.repositories.playback.PlaybackService}
02-23 02:09:38.160 12010 12010 D GH.MediaBCConnection: disconnectFromBrowser component=ComponentInfo{au.com.shiftyjelly.pocketcasts/au.com.shiftyjelly.pocketcasts.repositories.playback.PlaybackService}
02-23 02:09:38.160 12010 12010 D GH.CarClientManager: calling onCarDisconnected on iqx@c3f2c0f
02-23 02:09:38.160 12010 12010 D GH.CarClientManager: calling onCarDisconnected on iqx@e1ffc1b
02-23 02:09:38.160 12010 12010 D GH.CarClientManager: calling onCarDisconnected on iqx@482b1fb
02-23 02:09:38.160 12010 12010 D GH.CarClientManager: calling onCarDisconnected on iqx@251b966
02-23 02:09:38.160 12010 12010 D GH.CarClientManager: calling onCarDisconnected on iqx@3189231
02-23 02:09:38.160 12010 12010 D GH.CarClientManager: calling onCarDisconnected on iqx@4ba10a0
02-23 02:09:38.160 12010 12010 D GH.CarClientManager: calling onCarDisconnected on iqx@9f26717
02-23 02:09:38.160 12010 12010 D GH.CarClientManager: calling onCarDisconnected on iqx@c271479
02-23 02:09:38.160 12010 12010 D GH.CarClientManager: calling onCarDisconnected on iqx@c00f0de
02-23 02:09:38.160 12010 12010 D GH.CarClientManager: calling onCarDisconnected on iqx@37dbd1e
02-23 02:09:38.160 12010 12010 D GH.CarClientManager: calling onCarDisconnected on iqx@3921311
02-23 02:09:38.160 12010 12010 D GH.CarClientManager: calling onCarDisconnected on iqx@2ea264e
02-23 02:09:38.160 12010 12010 D GH.CarClientManager: calling onCarDisconnected on iqx@cbd27c0
02-23 02:09:38.160 12010 12010 D GH.CarClientManager: calling onCarDisconnected on iqx@62b48a8
02-23 02:09:38.160 12010 12010 D GH.CarClientManager: calling onCarDisconnected on iqx@d4734a7
02-23 02:09:38.160 12010 12010 D GH.CarClientManager: calling onCarDisconnected on iqx@96e5723
02-23 02:09:38.160 12010 12010 D GH.CarClientManager: calling onCarDisconnected on iqx@79f5a49
02-23 02:09:38.160 12010 12010 D GH.CarClientManager: calling onCarDisconnected on iqx@6126100
02-23 02:09:38.160 12010 12010 D GH.CarClientManager: calling onCarDisconnected on iqx@8391a51
02-23 02:09:38.160 12010 12010 D GH.CarClientManager: calling onCarDisconnected on khn@752a6c8
02-23 02:09:38.160 12010 12010 I GH.LifetimeManager: Disconnected from Android Auto car
02-23 02:09:38.160 12010 12010 D GH.GHLifetimeManager: onCarConnectedUpdate, isPhysicalCarConnected: false, isPhysicalCarConnectedStateChanged: true
02-23 02:09:38.160 12010 12010 I GH.LifetimeManager: stop(transitionToProjected=false, disconnectFromCarService=true)
02-23 02:09:38.161 12010 12010 D GH.Assistant.Suggestion: cancelAllNotifications(): notificationIdMap={}
02-23 02:09:38.244 12010 12010 D GH.LifetimeManager: Stopping lifetime services
02-23 02:09:38.244 12010 12010 D GH.LifetimeManager: Stopping lzv@3c10188
02-23 02:09:38.244 12010 12010 D GH.LifetimeManager: Stopping mnd@f1d079c
02-23 02:09:38.247 12010 12010 D GH.LifetimeManager: Stopping mdi@6bc3c04
02-23 02:09:38.247 12010 12010 D GH.LifetimeManager: Stopping mlz@82c9dca
02-23 02:09:38.248 12010 12010 D GH.LifetimeManager: Stopping lns@b11eb6c
02-23 02:09:38.248 12010 12010 D GH.LifetimeManager: Stopping lcv@12966c3
02-23 02:09:38.248 12010 12010 D GH.LifetimeManager: Stopping mty@f5d337d
02-23 02:09:38.248 12010 12010 D GH.LifetimeManager: Stopping com.google.android.apps.auto.components.firstdrive.HelloFromAutoManager@5e5ff27
02-23 02:09:38.248 12010 12010 W GH.StreamItemManager: Listener was not registered: kyl@33e0135
02-23 02:09:38.249 12010 12010 I GH.Hello: Stopped.
02-23 02:09:38.249 12010 12010 D GH.LifetimeManager: Stopping lce@ececf28
02-23 02:09:38.250 12010 12010 D GH.LifetimeManager: Stopping ndh@1f74e10
02-23 02:09:38.250 12010 12010 D GH.ThermalMitigation: Unregistering thermal status listener
02-23 02:09:38.250 12010 12010 D GH.LifetimeManager: Stopping mrf@14222d3
02-23 02:09:38.251 12010 12010 D GH.HunPresenterBase: update viewTearingDown=false view=null model=HeadsUpViewModel[notificationKey=EMPTY_MODEL isUserDismissible=falselargeIcon=null smallIcon=null contentIcon=null titleText= descText= contentIntent=null action1=null action2=null action3=null dismissAction=mqm@c0abe6b templateType=SIMPLE backgroundColor=null themeId=2132149933 TC=TC[context=UNKNOWN_CONTEXT, pkg=null] isWorkData=false itemCount=0focusTarget=NONE]
02-23 02:09:38.251 12010 12010 D GH.HunPresenter: recycleHost, nothing currently showing
02-23 02:09:38.251 12010 12010 D GH.LifetimeManager: Stopping nix@5901a37
02-23 02:09:38.252 12010 12010 D GH.LifetimeManager: Stopping mdj@e09fe5e
02-23 02:09:38.252 12010 12010 D GH.UserInterruptMgr: stop
02-23 02:09:38.252 12010 12010 D GH.LifetimeManager: Stopping vty@8d74b99
02-23 02:09:38.252 12010 12010 D GH.LifetimeManager: Stopping lac@b5eece0
02-23 02:09:38.252 12010 12010 D GH.LifetimeManager: Stopping kzm@a3cbae3
02-23 02:09:38.252 12010 12010 D GH.LifetimeManager: Stopping mxq@e06c312
02-23 02:09:38.252 12010 12010 D GH.LifetimeManager: Stopping lop@f4ad42d
