02-23 02:10:03.760 19618 25804 I CAR.AUDIO.CHANNEL: Audio stream 0 did not request bottom half
02-23 02:10:03.760 19618 25809 I CAR.AUDIO.SYSTEM: Flag that enables save audio developer setting: false
02-23 02:10:03.760 19618 25809 I CAR.AUDIO.CHANNEL: Mark stream ready: SYSTEM
02-23 02:10:03.760 19618 25809 I CAR.AUDIO.SYSTEM: AudioSourceService is ready with stream type: SYSTEM
02-23 02:10:03.761 19618 25804 I CAR.AUDIO.FOCUS: Handling CarAudioFocusEvent from HU: packageName=null, audioFocusRequestType=null, audioFocusStateType=AUDIO_FOCUS_STATE_LOSS, unsolicitedResponse=false, gearheadForcedResponse=true, pendingRequest=NONE
02-23 02:10:03.761 19618 25804 I CAR.AUDIO.FOCUS: changeAndroidFocus: true
02-23 02:10:03.761 19618 25804 I CAR.AUDIO.CHANNEL: disabling stream: MEDIA, had focus: false
02-23 02:10:03.761 19618 25804 I CAR.AUDIO.CHANNEL: disabling stream: TTS, had focus: false
02-23 02:10:03.761 19618 25804 I CAR.AUDIO.CHANNEL: handleStreamFocusChange old state media: false tts: false, new state media: false tts: false
02-23 02:10:03.761 19618 25804 I CAR.AUDIO.CHANNEL: Audio stream 1 did not request bottom half
02-23 02:10:03.761 19618 25804 I CAR.AUDIO.CHANNEL: Audio stream 0 did not request bottom half
02-23 02:10:03.762 19618 25804 I CAR.AUDIO.FOCUS: Handling CarAudioFocusEvent from HU: packageName=null, audioFocusRequestType=null, audioFocusStateType=AUDIO_FOCUS_STATE_LOSS, unsolicitedResponse=false, gearheadForcedResponse=true, pendingRequest=NONE
02-23 02:10:03.762 19618 25804 I CAR.AUDIO.FOCUS: changeAndroidFocus: true
02-23 02:10:03.762 19618 25804 I CAR.AUDIO.CHANNEL: disabling stream: MEDIA, had focus: false
02-23 02:10:03.762 19618 25804 I CAR.AUDIO.CHANNEL: disabling stream: TTS, had focus: false
02-23 02:10:03.762 19618 25804 I CAR.AUDIO.CHANNEL: handleStreamFocusChange old state media: false tts: false, new state media: false tts: false
02-23 02:10:03.762 19618 25804 I CAR.AUDIO.CHANNEL: Audio stream 1 did not request bottom half
02-23 02:10:03.762 19618 25804 I CAR.AUDIO.CHANNEL: Audio stream 0 did not request bottom half
02-23 02:10:03.769 19618 25800 W CAR.SENSOR.LITE: sensor event while no listener, sensor:11 [CONTEXT ratelimit_period="1 MINUTES" skipped=1 ]
02-23 02:10:03.811 19618 25793 I CAR.SENSOR: Requested sensor 2 not supported
02-23 02:10:03.811 19618 25793 I CAR.SENSOR: Requested sensor 7 not supported
02-23 02:10:03.811 19618 25793 I CAR.SENSOR: Requested sensor 6 not supported
02-23 02:10:03.812 19618 25795 W CAR.VALIDATOR: Package DENIED; Uses for MEDIA not defined [com.android.bluetooth]
02-23 02:10:03.812 19618 25810 I CAR.SENSOR: getDayNightModeUserSetting DisplaySourceService available
02-23 02:10:03.812 19618 25810 I CAR.SENSOR: getDayNightModeUserSetting getting day night mode from CarServiceSettings: car
02-23 02:10:03.812 19618 25810 I CAR.SENSOR: isNightModeEnabled DAY_NIGHT_MODE_VAL_CAR returning car day night sensor night=false
02-23 02:10:03.812 19618 25810 I CAR.SENSOR: getDayNightModeUserSetting DisplaySourceService available
02-23 02:10:03.812 19618 25810 I CAR.SENSOR: getDayNightModeUserSetting getting day night mode from CarServiceSettings: car
02-23 02:10:03.812 19618 25810 I CAR.SENSOR: updateDayNightMode(source=SENSOR): userSetting=car, isNightMode=false
02-23 02:10:03.812 19618 25810 I CAR.SYS : setting night mode false
02-23 02:10:03.814 19618 25795 W CAR.VALIDATOR: Package DENIED; Uses for MEDIA not defined [com.google.android.youtube]
02-23 02:10:03.814 19618 25795 W CAR.VALIDATOR: Package DENIED; Uses for MEDIA not defined [com.microsoft.skydrive]
02-23 02:10:03.814 19618 25795 W CAR.VALIDATOR: Package DENIED; Uses for MEDIA not defined [com.samsung.android.app.interpreter]
02-23 02:10:03.815 19618 25795 W CAR.VALIDATOR: Package DENIED; Uses for MEDIA not defined [com.samsung.android.bixby.agent]
02-23 02:10:03.818 19618 25805 I CAR.MEDIA.VIDEO: encoder init done [Video EncodingThread.]
02-23 02:10:03.847 19618 25795 W CAR.VALIDATOR: Package DENIED; Uses for MEDIA not defined [org.thoughtcrime.securesms]
02-23 02:10:03.848 19618 25795 W CAR.VALIDATOR: Package DENIED; Uses for MEDIA not defined [tv.startupshow.android]
02-23 02:10:03.869 19618 25840 I CAR.BT.SVC.LITE: Routing media audio via device type 0
02-23 02:10:03.914 19618 25795 W CAR.VALIDATOR: Package DENIED; package is disabled [com.ace.shell.production]; PackageEnabledSetting [4]
02-23 02:10:03.915 19618 25795 W CAR.VALIDATOR: Package DENIED; package is disabled [com.att.mobilesecurity]; PackageEnabledSetting [4]
02-23 02:10:03.915 19618 25795 W CAR.VALIDATOR: Package DENIED; package is disabled [com.creditkarma.mobile]; PackageEnabledSetting [4]
02-23 02:10:03.916 19618 25795 W CAR.VALIDATOR: Package DENIED; package is disabled [com.google.android.apps.docs.editors.sheets]; PackageEnabledSetting [4]
02-23 02:10:03.929 19618 25795 W CAR.VALIDATOR: Package DENIED; package is disabled [com.google.android.music]; PackageEnabledSetting [4]
02-23 02:10:03.931 19618 25795 W CAR.VALIDATOR: Package DENIED; package is disabled [com.limebike]; PackageEnabledSetting [4]
02-23 02:10:03.932 19618 25795 W CAR.VALIDATOR: Package DENIED; package is disabled [com.neighbfav.neighborfavor]; PackageEnabledSetting [4]
02-23 02:10:03.932 19618 25795 W CAR.VALIDATOR: Package DENIED; package is disabled [com.nytimes.crossword]; PackageEnabledSetting [4]
02-23 02:10:03.933 19618 25795 W CAR.VALIDATOR: Package DENIED; package is disabled [com.paypal.android.p2pmobile]; PackageEnabledSetting [4]
02-23 02:10:03.936 19618 25795 W CAR.VALIDATOR: Package DENIED; package is disabled [com.shazam.android]; PackageEnabledSetting [4]
02-23 02:10:03.936 19618 25795 W CAR.VALIDATOR: Package DENIED; package is disabled [com.spotify.music]; PackageEnabledSetting [4]
02-23 02:10:03.936 19618 25795 W CAR.VALIDATOR: Package DENIED; package is disabled [com.squareup.cash]; PackageEnabledSetting [4]
02-23 02:10:03.937 19618 25795 W CAR.VALIDATOR: Package DENIED; package is disabled [com.starbucks.mobilecard]; PackageEnabledSetting [4]
02-23 02:10:03.938 19618 25795 W CAR.VALIDATOR: Package DENIED; package is disabled [com.tinder]; PackageEnabledSetting [4]
02-23 02:10:03.939 19618 25795 W CAR.VALIDATOR: Package DENIED; package is disabled [com.unitedrentals.urtc]; PackageEnabledSetting [4]
02-23 02:10:03.939 19618 25795 W CAR.VALIDATOR: Package DENIED; package is disabled [com.walmart.android]; PackageEnabledSetting [4]
02-23 02:10:03.940 19618 25795 W CAR.VALIDATOR: Package DENIED; package is disabled [com.zocdoc.android]; PackageEnabledSetting [4]
02-23 02:10:03.940 19618 25795 W CAR.VALIDATOR: Package DENIED; package is disabled [leon.android.chs_ydw_dcs480_dsp_408]; PackageEnabledSetting [4]
02-23 02:10:03.941 19618 25795 W CAR.VALIDATOR: Package DENIED; package is disabled [net.nzbget.nzbget]; PackageEnabledSetting [4]
02-23 02:10:03.942 19618 25795 W CAR.VALIDATOR: Package DENIED; package is disabled [reddit.news]; PackageEnabledSetting [4]
02-23 02:10:03.942 19618 25795 W CAR.VALIDATOR: Package DENIED; package is disabled [smartwatchstudios.app.gears3navigation]; PackageEnabledSetting [4]
02-23 02:10:03.946 19618 25795 W CAR.VALIDATOR: Package DENIED; package is disabled [ai.polycam]; PackageEnabledSetting [4]
02-23 02:10:03.947 19618 25795 W CAR.VALIDATOR: Package DENIED; package is disabled [app.aawireless]; PackageEnabledSetting [4]
02-23 02:10:03.947 19618 25795 W CAR.VALIDATOR: Package DENIED; package is disabled [app.instabet.betr]; PackageEnabledSetting [4]
02-23 02:10:03.947 19618 25795 W CAR.VALIDATOR: Package DENIED; package is disabled [app.revanced.manager.flutter]; PackageEnabledSetting [4]
02-23 02:10:03.948 19618 25795 W CAR.VALIDATOR: Package DENIED; package is disabled [br.com.ctncardoso.ctncar]; PackageEnabledSetting [4]
02-23 02:10:03.948 19618 25795 W CAR.VALIDATOR: Package DENIED; package is disabled [com.MonsterCouch.Wingspan]; PackageEnabledSetting [4]
02-23 02:10:03.948 19618 25847 I CAR.BT.SVC.LITE: Routing media audio via device type 0
02-23 02:10:03.948 19618 25795 W CAR.VALIDATOR: Package DENIED; package is disabled [com.aatorque.carstats]; PackageEnabledSetting [4]
02-23 02:10:03.950 19618 25795 W CAR.VALIDATOR: Package DENIED; package is disabled [com.acmeandroid.listen]; PackageEnabledSetting [4]
02-23 02:10:03.950 19618 25795 W CAR.VALIDATOR: Package DENIED; package is disabled [com.aetna.aetnahealth]; PackageEnabledSetting [4]
02-23 02:10:03.951 19618 25795 W CAR.VALIDATOR: Package DENIED; package is disabled [com.airbnb.android]; PackageEnabledSetting [4]
02-23 02:10:03.953 19618 25795 W CAR.VALIDATOR: Package DENIED; package is disabled [com.alltrails.alltrails]; PackageEnabledSetting [4]
02-23 02:10:03.955 19618 25795 W CAR.VALIDATOR: Package DENIED; package is disabled [com.amazon.avod.thirdpartyclient]; PackageEnabledSetting [4]
02-23 02:10:03.958 19618 25795 W CAR.VALIDATOR: Package DENIED; package is disabled [com.amazon.kindle]; PackageEnabledSetting [4]
02-23 02:10:03.959 19618 25795 W CAR.VALIDATOR: Package DENIED; package is disabled [com.astech.forscanlite]; PackageEnabledSetting [4]
02-23 02:10:03.960 19618 25795 W CAR.VALIDATOR: Package DENIED; package is disabled [com.axs.android]; PackageEnabledSetting [4]
02-23 02:10:03.963 19618 25795 W CAR.VALIDATOR: Package DENIED; package is disabled [com.clearme.clearapp]; PackageEnabledSetting [4]
02-23 02:10:03.964 19618 25795 W CAR.VALIDATOR: Package DENIED; package is disabled [com.coinbase.android]; PackageEnabledSetting [4]
02-23 02:10:03.964 19618 25795 W CAR.VALIDATOR: Package DENIED; package is disabled [com.cronometer.android.gold]; PackageEnabledSetting [4]
02-23 02:10:03.964 19618 25795 W CAR.VALIDATOR: Package DENIED; package is disabled [com.cxinventor.file.explorer]; PackageEnabledSetting [4]
02-23 02:10:03.965 19618 25795 W CAR.VALIDATOR: Package DENIED; package is disabled [com.czechgames.tta]; PackageEnabledSetting [4]
02-23 02:10:03.965 19618 25795 W CAR.VALIDATOR: Package DENIED; package is disabled [com.daemon.ebookconverter]; PackageEnabledSetting [4]
02-23 02:10:03.965 19618 25795 W CAR.VALIDATOR: Package DENIED; package is disabled [com.dd.doordash]; PackageEnabledSetting [4]
02-23 02:10:03.966 19618 25795 W CAR.VALIDATOR: Package DENIED; package is disabled [com.direwolfdigital.root]; PackageEnabledSetting [4]
02-23 02:10:03.967 19618 25795 W CAR.VALIDATOR: Package DENIED; package is disabled [com.discord]; PackageEnabledSetting [4]
02-23 02:10:03.968 19618 25795 W CAR.VALIDATOR: Package DENIED; package is disabled [com.evernote]; PackageEnabledSetting [4]
02-23 02:10:03.968 19618 25795 W CAR.VALIDATOR: Package DENIED; package is disabled [com.example.kinginstaller]; PackageEnabledSetting [4]
02-23 02:10:03.980 19618 25795 W CAR.VALIDATOR: Package DENIED; package is disabled [com.fitnesskeeper.runkeeper.pro]; PackageEnabledSetting [4]
02-23 02:10:03.980 19618 25795 W CAR.VALIDATOR: Package DENIED; package is disabled [com.foodient.whisk]; PackageEnabledSetting [4]
02-23 02:10:03.982 19618 25795 W CAR.VALIDATOR: Package DENIED; package is disabled [com.gemini.android.app]; PackageEnabledSetting [4]
02-23 02:10:03.990 19618 25795 W CAR.VALIDATOR: Package DENIED; package is disabled [com.google.android.apps.nbu.files]; PackageEnabledSetting [4]
02-23 02:10:03.990 19618 25795 W CAR.VALIDATOR: Package DENIED; package is disabled [com.google.android.apps.paidtasks]; PackageEnabledSetting [4]
02-23 02:10:03.990 19618 25795 W CAR.VALIDATOR: Package DENIED; package is disabled [com.google.android.apps.translate]; PackageEnabledSetting [4]
02-23 02:10:03.991 19618 25795 W CAR.VALIDATOR: Package DENIED; package is disabled [com.google.android.keep]; PackageEnabledSetting [4]
02-23 02:10:03.991 19618 25795 W CAR.VALIDATOR: Package DENIED; package is disabled [com.groundspeak.geocaching.intro]; PackageEnabledSetting [4]
02-23 02:10:03.992 19618 25795 W CAR.VALIDATOR: Package DENIED; package is disabled [com.grundfos.go2]; PackageEnabledSetting [4]
02-23 02:10:03.992 19618 25795 W CAR.VALIDATOR: Package DENIED; package is disabled [com.harborfreight.app]; PackageEnabledSetting [4]
02-23 02:10:03.993 19618 25795 W CAR.VALIDATOR: Package DENIED; package is disabled [com.heb.myheb]; PackageEnabledSetting [4]
02-23 02:10:03.993 19618 25795 W CAR.VALIDATOR: Package DENIED; package is disabled [com.hualai]; PackageEnabledSetting [4]
02-23 02:10:03.993 19618 25795 W CAR.VALIDATOR: Package DENIED; package is disabled [com.ideawork.icrunch]; PackageEnabledSetting [4]
02-23 02:10:03.994 19618 25795 W CAR.VALIDATOR: Package DENIED; package is disabled [com.jamworks.sidekeybuttonremap]; PackageEnabledSetting [4]
02-23 02:10:03.995 19618 25795 W CAR.VALIDATOR: Package DENIED; package is disabled [com.logitech.harmonyhub]; PackageEnabledSetting [4]
02-23 02:10:03.998 19618 25795 W CAR.VALIDATOR: Package DENIED; package is disabled [com.mobileraker.android]; PackageEnabledSetting [4]
02-23 02:10:03.999 19618 25795 W CAR.VALIDATOR: Package DENIED; package is disabled [com.ottplay.ottplay]; PackageEnabledSetting [4]
02-23 02:10:03.999 19618 25795 W CAR.VALIDATOR: Package DENIED; package is disabled [com.ovz.carscanner]; PackageEnabledSetting [4]
02-23 02:10:04.000 19618 25795 W CAR.VALIDATOR: Package DENIED; package is disabled [com.priceline.android.negotiator]; PackageEnabledSetting [4]
02-23 02:10:04.000 19618 25795 W CAR.VALIDATOR: Package DENIED; package is disabled [com.raken]; PackageEnabledSetting [4]
02-23 02:10:04.001 19618 25795 W CAR.VALIDATOR: Package DENIED; package is disabled [com.ravenfeld.nav.garmin]; PackageEnabledSetting [4]
02-23 02:10:04.001 19618 25795 W CAR.VALIDATOR: Package DENIED; package is disabled [com.realvnc.viewer.android]; PackageEnabledSetting [4]
02-23 02:10:04.001 19618 25795 W CAR.VALIDATOR: Package DENIED; package is disabled [com.reveltransit]; PackageEnabledSetting [4]
02-23 02:10:04.002 19618 25795 W CAR.VALIDATOR: Package DENIED; package is disabled [com.riffsy.FBMGIFApp]; PackageEnabledSetting [4]
02-23 02:10:04.002 19618 25795 W CAR.VALIDATOR: Package DENIED; package is disabled [com.robinhood.android]; PackageEnabledSetting [4]
02-23 02:10:04.004 19618 25795 W CAR.VALIDATOR: Package DENIED; package is disabled [com.samsung.android.app.spage]; PackageEnabledSetting [4]
02-23 02:10:04.004 19618 25795 W CAR.VALIDATOR: Package DENIED; package is disabled [com.samsung.android.fast]; PackageEnabledSetting [4]
02-23 02:10:04.007 19618 25795 W CAR.VALIDATOR: Package DENIED; package is disabled [com.samsung.ecomm]; PackageEnabledSetting [4]
02-23 02:10:04.007 19618 25795 W CAR.VALIDATOR: Package DENIED; package is disabled [com.schwab.mobile]; PackageEnabledSetting [4]
02-23 02:10:04.009 19618 25795 W CAR.VALIDATOR: Package DENIED; package is disabled [com.sec.android.app.voicenote]; PackageEnabledSetting [4]
02-23 02:10:04.009 19618 25795 W CAR.VALIDATOR: Package DENIED; package is disabled [com.sec.penup]; PackageEnabledSetting [4]
02-23 02:10:04.010 19618 25795 W CAR.VALIDATOR: Package DENIED; package is disabled [com.sonelli.juicessh]; PackageEnabledSetting [4]
02-23 02:10:04.011 19618 25795 W CAR.VALIDATOR: Package DENIED; package is disabled [com.starlink.mobile]; PackageEnabledSetting [4]
02-23 02:10:04.011 19618 25795 W CAR.VALIDATOR: Package DENIED; package is disabled [com.statefarm.pocketagent]; PackageEnabledSetting [4]
02-23 02:10:04.011 19618 25795 W CAR.VALIDATOR: Package DENIED; package is disabled [com.strava]; PackageEnabledSetting [4]
02-23 02:10:04.012 19618 25795 W CAR.VALIDATOR: Package DENIED; package is disabled [com.stronglifts.app]; PackageEnabledSetting [4]
02-23 02:10:04.013 19618 25795 W CAR.VALIDATOR: Package DENIED; package is disabled [com.tautulli.tautulli_remote]; PackageEnabledSetting [4]
02-23 02:10:04.014 19618 25795 W CAR.VALIDATOR: Package DENIED; package is disabled [com.ticketmaster.mobile.android.na]; PackageEnabledSetting [4]
02-23 02:10:04.014 19618 25795 W CAR.VALIDATOR: Package DENIED; package is disabled [com.todoist]; PackageEnabledSetting [4]
02-23 02:10:04.015 19618 25795 W CAR.VALIDATOR: Package DENIED; package is disabled [com.trainerize.texashealthandracquetclub]; PackageEnabledSetting [4]
02-23 02:10:04.015 19618 25795 W CAR.VALIDATOR: Package DENIED; package is disabled [com.tuya.smartlife]; PackageEnabledSetting [4]
02-23 02:10:04.016 19618 25795 W CAR.VALIDATOR: Package DENIED; package is disabled [com.twentythreeandme.app]; PackageEnabledSetting [4]
02-23 02:10:04.016 19618 25795 W CAR.VALIDATOR: Package DENIED; package is disabled [com.untappdllc.app]; PackageEnabledSetting [4]
02-23 02:10:04.017 19618 25795 W CAR.VALIDATOR: Package DENIED; package is disabled [com.valvesoftware.android.steam.community]; PackageEnabledSetting [4]
02-23 02:10:04.018 19618 25795 W CAR.VALIDATOR: Package DENIED; package is disabled [com.vidure.peztio]; PackageEnabledSetting [4]
02-23 02:10:04.018 19618 25795 W CAR.VALIDATOR: Package DENIED; package is disabled [com.wanderlog.android]; PackageEnabledSetting [4]
02-23 02:10:04.019 19618 25795 W CAR.VALIDATOR: Package DENIED; package is disabled [com.waze]; PackageEnabledSetting [4]
02-23 02:10:04.024 19618 25795 W CAR.VALIDATOR: Package DENIED; package is disabled [com.windyty.android]; PackageEnabledSetting [4]
02-23 02:10:04.025 19618 25795 W CAR.VALIDATOR: Package DENIED; package is disabled [com.wssc.simpleclock]; PackageEnabledSetting [4]
02-23 02:10:04.026 19618 25795 W CAR.VALIDATOR: Package DENIED; package is disabled [com.yahoo.mobile.client.android.fantasyfootball]; PackageEnabledSetting [4]
02-23 02:10:04.026 19618 25795 W CAR.VALIDATOR: Package DENIED; package is disabled [com.yelp.android]; PackageEnabledSetting [4]
02-23 02:10:04.027 19618 25795 W CAR.VALIDATOR: Package DENIED; package is disabled [gov.dhs.tsa.mytsa]; PackageEnabledSetting [4]
02-23 02:10:04.027 19618 25795 W CAR.VALIDATOR: Package DENIED; package is disabled [io.apptitude.premiumparking]; PackageEnabledSetting [4]
02-23 02:10:04.028 19618 25795 W CAR.VALIDATOR: Package DENIED; package is disabled [me.aap.fermata]; PackageEnabledSetting [4]
02-23 02:10:04.028 19618 25795 W CAR.VALIDATOR: Package DENIED; package is disabled [me.aap.fermata.auto.dear.google.why]; PackageEnabledSetting [4]
02-23 02:10:04.029 19618 25795 W CAR.VALIDATOR: Package DENIED; package is disabled [me.dt2dev.uvcpreview]; PackageEnabledSetting [4]
02-23 02:10:04.029 19618 25795 W CAR.VALIDATOR: Package DENIED; package is disabled [me.dt2dev.uvcpreview.free]; PackageEnabledSetting [4]
02-23 02:10:04.030 19618 25795 W CAR.VALIDATOR: Package DENIED; package is disabled [org.intoorbit.spectrum]; PackageEnabledSetting [4]
02-23 02:10:04.030 19618 25795 W CAR.VALIDATOR: Package DENIED; package is disabled [org.mozilla.firefox]; PackageEnabledSetting [4]
02-23 02:10:04.032 19618 25795 W CAR.VALIDATOR: Package DENIED; package is disabled [org.telegram.messenger]; PackageEnabledSetting [4]
02-23 02:10:04.032 19618 25795 W CAR.VALIDATOR: Package DENIED; package is disabled [org.videolan.vlc]; PackageEnabledSetting [4]
02-23 02:10:04.035 19618 19618 I CAR.CAM : Using IME component ComponentInfo{com.google.android.projection.gearhead/com.google.android.projection.gearhead.input.TouchInputMethodService}
02-23 02:10:04.039 21855 21896 I GH.ConnLoggerV2: Session 7bdbf25b-9c23-458c-9bb7-27434b9831e6, event 1704, detail OptionalInt.empty, PROJECTION_WINDOW_MANAGER_STARTED_WIFI, at 384493102 
02-23 02:10:04.039 19618 19618 I CAR.WM.FrameRateLimit: Frame rate change. 60 fps -> 30 fps
02-23 02:10:04.039 19618 19618 I CAR.WM  : Setting display configuration id for CarDisplayId{displayId=0} to 8d4695bf-f00c-4a50-975d-42fc38cd7356
02-23 02:10:04.039 19618 19618 I CAR.SERVICE: Car connection state changed: CONNECTING->PREFLIGHT
02-23 02:10:04.040 21855 21896 I GH.ConnLoggerV2: Session 7bdbf25b-9c23-458c-9bb7-27434b9831e6, event 1705, detail OptionalInt.empty, PROJECTION_WINDOW_MANAGER_STARTED, at 384493102 
02-23 02:10:04.041 19618 19618 I CAR.LITE.LITE: Startup complete:true
02-23 02:10:04.041 19618 19618 W CAR.WM  : Input focus gained again
02-23 02:10:04.041 19618 19618 I CAR.AUDIO.AFM: Received onAudioFocusGrant. gainRequest: GAIN, requestResult: GRANTED, clientId: android.media.AudioManager@8fc2020hoo@de39dd9, packageName: com.google.android.projection.gearhead, clientUid: 10253
02-23 02:10:04.041 19618 19618 I CAR.AUDIO.AFM: Received onAudioFocusGrant. gainRequest: GAIN, requestResult: GRANTED, clientId: android.media.AudioManager@8fc2020hoo@de39dd9, packageName: com.google.android.projection.gearhead, clientUid: 10253
02-23 02:10:04.041 19618 25804 I CAR.AUDIO.AFM: maybeNotifyFocusStackChange: currentFocusGrant: GAIN, oldFocusGrant: NONE, forceNotify: true, mostRecentPackageName: com.google.android.projection.gearhead
02-23 02:10:04.041 19618 19618 I CAR.AUDIO.AFM: Received onAudioFocusGrant. gainRequest: GAIN, requestResult: GRANTED, clientId: android.media.AudioManager@8fc2020hoo@de39dd9, packageName: com.google.android.projection.gearhead, clientUid: 10253
02-23 02:10:04.041 19618 19618 I CAR.AUDIO.AFM: Received onAudioFocusGrant. gainRequest: GAIN, requestResult: GRANTED, clientId: android.media.AudioManager@8fc2020hoo@de39dd9, packageName: com.google.android.projection.gearhead, clientUid: 10253
02-23 02:10:04.041 19618 25804 I CAR.AUDIO.FOCUS: Sending AUDIO_FOCUS_GAIN to HU for app com.google.android.projection.gearhead due to Android focus change: GAIN
02-23 02:10:04.041 19618 25804 I CAR.AUDIO.FOCUS: Send focus request to HU: AUDIO_FOCUS_GAIN, attempt#: 1
02-23 02:10:04.041 19618 25804 I CAR.GAL.AUDIO.LITE: sent audio focus request: AUDIO_FOCUS_GAIN
02-23 02:10:04.041 19618 25804 I CAR.AUDIO.AFM: maybeNotifyFocusStackChange: currentFocusGrant: GAIN, oldFocusGrant: GAIN, forceNotify: false, mostRecentPackageName: com.google.android.projection.gearhead
02-23 02:10:04.041 19618 25804 I CAR.AUDIO.AFM: maybeNotifyFocusStackChange: currentFocusGrant: GAIN, oldFocusGrant: GAIN, forceNotify: false, mostRecentPackageName: com.google.android.projection.gearhead
02-23 02:10:04.042 19618 25804 I CAR.AUDIO.AFM: maybeNotifyFocusStackChange: currentFocusGrant: GAIN, oldFocusGrant: GAIN, forceNotify: false, mostRecentPackageName: com.google.android.projection.gearhead
02-23 02:10:04.042 19618 19618 I CAR.WM  : Updating video configuration. isNightMode: false
02-23 02:10:04.042 19618 19618 I CAR.TOKEN: Disconnecting pof@3072d2f (cx attempt: 1).
02-23 02:10:04.042 19618 19618 I GH.GhCarClientCtor: Disconnecting GearheadCarClientConnector.
02-23 02:10:04.042 19618 19618 I GH.GhCarClientCtor: Unbinding service connection.
02-23 02:10:04.042 21855 21896 I GH.ConnLoggerV2: Session 7bdbf25b-9c23-458c-9bb7-27434b9831e6, event 1706, detail OptionalInt.empty, PROJECTION_START, at 384493104 
02-23 02:10:04.043 19618 19618 I CAR.TOKEN: Disconnected pyk@d1f0e1 using class pye@146400453/class pyh@187481916 (cx attempt 1)
02-23 02:10:04.043 19618 19618 I CAR.SERVICE: Process info changed com.google.android.projection.gearhead:projection:imp(0), reason(0), reason_pid(0), lru(0), uid(0)->imp(125), reason(2), reason_pid(19618), lru(0), uid(10253)
02-23 02:10:04.044 19618 19618 I CAR.SERVICE: Process info changed com.google.android.projection.gearhead:car:imp(0), reason(0), reason_pid(0), lru(0), uid(0)->imp(125), reason(2), reason_pid(3048), lru(0), uid(10253)
02-23 02:10:04.044 19618 19618 I CAR.SERVICE: Process info changed com.google.android.projection.gearhead:shared:imp(0), reason(0), reason_pid(0), lru(0), uid(0)->imp(125), reason(2), reason_pid(12010), lru(0), uid(10253)
02-23 02:10:04.044 12010 13147 D CAR.CLIENT.PLS: onProjectionStart on binder thread
02-23 02:10:04.044 12010 12010 D CAR.CLIENT.PLS: Projection start
02-23 02:10:04.044 12010 12010 I GH.GhLifecycleService: onProjectionStart(config:Bundle[{}])
02-23 02:10:04.044 12010 12010 D GH.GhLifecycleService: Get CarWindowManager for CarDisplayId{displayId=0}
02-23 02:10:04.044 21855 21896 I GH.ConnLoggerV2: Session 7bdbf25b-9c23-458c-9bb7-27434b9831e6, event 1707, detail OptionalInt.empty, PROJECTION_START_WIFI, at 384493105 
02-23 02:10:04.044 12010 12010 I CAR.CLIENT: carModuleFeaturesCache empty, retrieving from car service.
02-23 02:10:04.045 12010 12010 D CAR.CLIENT: Multi-display client enabled. Get ICarWindowManager for: CarDisplayId{displayId=0}
02-23 02:10:04.045 12010 12010 I GH.AppIconCache: forDpi: Creating new app icon cache with DPI=140
02-23 02:10:04.046 19618 19618 I CAR.SERVICE.LITE: Car connection state changed: CONNECTING->CONNECTED
02-23 02:10:04.046 12010 12010 I GH.AppIconFactory: AppIconFactory(): iconSize=84, iconDpi=320, displayMetrics=DisplayMetrics{density=0.875, width=1080, height=2340, scaledDensity=0.875, xdpi=375.78082, ydpi=376.17722}
02-23 02:10:04.046 12010 12010 I CAR.CLIENT: carModuleFeaturesCache empty, retrieving from car service.
02-23 02:10:04.046 12010 12010 D CAR.CLIENT: Multi-display client enabled. Get ICarDisplayManager
02-23 02:10:04.046 12010 12010 D GH.Hero : Setting car control info from getHasPersistentCarControls
02-23 02:10:04.047 12010 12010 I CAR.CLIENT: carModuleFeaturesCache empty, retrieving from car service.
02-23 02:10:04.047 21855 21896 I GH.ConnLoggerV2: Session 7bdbf25b-9c23-458c-9bb7-27434b9831e6, event 1708, detail OptionalInt.empty, PROJECTION_STARTED_WIFI, at 384493105 
02-23 02:10:04.047 21855 21896 I GH.StartupMeasure: logEvent PROJECTION_STARTED_WIRELESS=PT106H48M13.105S
02-23 02:10:04.047 12010 12010 D GH.GhLifecycleService: Get CarWindowManager for CarDisplayId{displayId=0}
02-23 02:10:04.047 12010 12010 D CAR.CLIENT: Multi-display client enabled. Get ICarDisplay for: CarDisplayId{displayId=0}
02-23 02:10:04.047 12010 12010 D CAR.CLIENT: Multi-display client enabled. Get ICarDisplay for: CarDisplayId{displayId=0}
02-23 02:10:04.047 12010 12010 D CAR.CLIENT: Multi-display client enabled. Get ICarDisplay for: CarDisplayId{displayId=0}
02-23 02:10:04.048 12010 12010 I GH.DisplayLayout: displayDimensions Point(800, 410), dpi 140, contentInsets: Rect(0, 0 - 0, 0)
02-23 02:10:04.048  8910 28247 D CAR.CLIENT.PLS: onProjectionStart on binder thread
02-23 02:10:04.048  8910  8910 D CAR.CLIENT.PLS: Projection start
02-23 02:10:04.048 21855 21896 I GH.ConnLoggerV2: Session 7bdbf25b-9c23-458c-9bb7-27434b9831e6, event 1709, detail OptionalInt.empty, CAR_SERVICE_ENDPOINTS_STARTED, at 384493110 
02-23 02:10:04.048  8910  8910 D CAR.CLIENT: onClientConnected() pye@b79e6b4, registering localCarConnectionListener pxx@a6a42dd with multiplex listener pyn@38bfe52
02-23 02:10:04.048  8910  8910 D GH.MultiCarCxnListener: Registering listener. instance: pyn@38bfe52, listener: pxx@a6a42dd
02-23 02:10:04.048  8910  8910 D CAR.CLIENT: Registering multiplex listener pyn@38bfe52 with car service
02-23 02:10:04.048  8910 28247 D CAR.CLIENT.PLS: onPreflightStart on binder thread
02-23 02:10:04.048  8910  8910 D CAR.CLIENT.PLS: Preflight start
02-23 02:10:04.048  8910  8910 I GH.RecoveryLifecycle: onPreflightStart
02-23 02:10:04.048  8910  8910 D GH.RecoveryLifecycle: Preflight start, connectionType: 2, carProcessPid: 19618
02-23 02:10:04.049  8910 28247 D CAR.CLIENT.PLS: onProjectionReady on binder thread
02-23 02:10:04.049  8910  8910 D CAR.CLIENT.PLS: Projection ready
02-23 02:10:04.049  8910  8910 D GH.RecoveryLifecycle: onProjectionReady
02-23 02:10:04.049  8910  8910 D GH.ResetHandler: Reading timestamp: 0, origin: , recoveryRecorded: false, callerKey: watchdog
02-23 02:10:04.049  8910  8910 I GH.ResetHandler: Couldn't read last USB reset start
02-23 02:10:04.050 21855 21896 I GH.ConnLoggerV2: Session 7bdbf25b-9c23-458c-9bb7-27434b9831e6, event 1710, detail OptionalInt.empty, WIRELESS_PROJECTING_STAGE_REACHED, at 384493112 
02-23 02:10:04.051 12010 12010 I GH.DisplayLayout: contentArea: Rect(0, 0 - 800, 410), DisplayDimensions: Point(800, 410), VD Config: {1.0 310mcc280mnc [en_US] ldltr sw469dp w914dp h469dp 140dpi nrml long hdr widecg land night -touch -keyb/v/h -nav/h winConfig={ mBounds=Rect(0, 0 - 1080, 2340) mAppBounds=Rect(0, 0 - 1080, 2340) mMaxBounds=Rect(0, 0 - 1080, 2340) mDisplayRotation=ROTATION_0 mWindowingMode=fullscreen mActivityType=undefined mAlwaysOnTop=undefined mRotation=ROTATION_0 mStageConfig=undefined mEmbedActivityMode=undefined mPopOver=off mOverlappingWithCutout=false} s.1722 fontWeightAdjustment=0 ff=0 bf=-1 bts=0 cst=1.0 nightDim=0 themeSeq=0}
02-23 02:10:04.051 12010 12010 I GH.DisplayLayout: ProjectionContext: {1.0 310mcc280mnc [en_US] ldltr sw914dp w914dp h468dp 140dpi nrml long hdr widecg land night -touch -keyb/v/h -nav/h winConfig={ mBounds=Rect(0, 0 - 1080, 2340) mAppBounds=Rect(0, 0 - 1080, 2340) mMaxBounds=Rect(0, 0 - 1080, 2340) mDisplayRotation=ROTATION_0 mWindowingMode=fullscreen mActivityType=undefined mAlwaysOnTop=undefined mRotation=ROTATION_0 mStageConfig=undefined mEmbedActivityMode=undefined mPopOver=off mOverlappingWithCutout=false} s.1722 fontWeightAdjustment=0 ff=0 bf=-1 bts=0 cst=1.0 nightDim=0 themeSeq=0}
02-23 02:10:04.052 12010 12010 D GH.DisplayLayout: Will use layout: sys_ui_layout_canonical_lhd for display with (w=914,h=468), 140 dpi, driver on Left or Center
02-23 02:10:04.052 12010 12010 I GH.DisplayLayout: LayoutInfo: LayoutInfo{layoutResourceId=2131624642, displayWidthDp=914, displayHeightDp=468, layoutType=12, isRightHandDrive=false, hasVerticalRail=false, carDisplayUiInfo=qib@8cd618e, isDriverAlignedDashboard=false, isHeroLayout=false}
02-23 02:10:04.053 21855 21896 I GH.ConnLoggerV2: Session 7bdbf25b-9c23-458c-9bb7-27434b9831e6, from LAUNCHING_PROJECTION, to PROJECTING, reason PROJECTION_CONNECTED at time 384493117.
02-23 02:10:04.054 12010 12010 D GH.DisplayLayout: Type: ROUNDED_CORNER_MASK has bounds of: Rect(0, 0 - 800, 410)
02-23 02:10:04.054 12010 12010 D GH.DisplayLayout: Recording insets for ROUNDED_CORNER_MASK, insets: Rect(0, 0 - 0, 0), bounds: Rect(0, 0 - 800, 410), persistentViewBounds: []
02-23 02:10:04.054 12010 12010 D GH.DisplayLayout: ROUNDED_CORNER_MASK z: 489, region: CarRegionId{regionId=2131429354 carDisplayId=CarDisplayId{displayId=0}}
02-23 02:10:04.054 12010 12010 D GH.DisplayLayout: Type: FULLSCREEN has bounds of: Rect(0, 0 - 800, 410)
02-23 02:10:04.054 12010 12010 D GH.DisplayLayout: Recording insets for FULLSCREEN, insets: Rect(0, 0 - 0, 0), bounds: Rect(0, 0 - 800, 410), persistentViewBounds: []
02-23 02:10:04.054 12010 12010 D GH.DisplayLayout: FULLSCREEN z: 486, region: CarRegionId{regionId=3 carDisplayId=CarDisplayId{displayId=0}}
02-23 02:10:04.054 12010 12010 D GH.DisplayLayout: No window type for com.google.android.projection.gearhead:id/stable_content_area
02-23 02:10:04.054 12010 12010 D GH.DisplayLayout: Type: INTEGRATED_OVERLAY has bounds of: Rect(0, 0 - 800, 340)
02-23 02:10:04.054 12010 12010 D GH.DisplayLayout: Recording insets for INTEGRATED_OVERLAY, insets: Rect(0, 0 - 0, 0), bounds: Rect(0, 0 - 800, 340), persistentViewBounds: []
02-23 02:10:04.054 12010 12010 D GH.DisplayLayout: INTEGRATED_OVERLAY z: 483, region: CarRegionId{regionId=2131428437 carDisplayId=CarDisplayId{displayId=0}}
02-23 02:10:04.054 12010 12010 D GH.DisplayLayout: Type: FRX has bounds of: Rect(0, 0 - 800, 410)
02-23 02:10:04.054 12010 12010 D GH.DisplayLayout: Recording insets for FRX, insets: Rect(0, 0 - 0, 0), bounds: Rect(0, 0 - 800, 410), persistentViewBounds: []
02-23 02:10:04.054 12010 12010 D GH.DisplayLayout: FRX z: 480, region: CarRegionId{regionId=4 carDisplayId=CarDisplayId{displayId=0}}
02-23 02:10:04.054 12010 12010 D GH.DisplayLayout: Type: MAP_IME has bounds of: Rect(0, 147 - 800, 410)
02-23 02:10:04.054 12010 12010 D GH.DisplayLayout: Recording insets for MAP_IME, insets: Rect(0, 0 - 0, 0), bounds: Rect(0, 147 - 800, 410), persistentViewBounds: []
02-23 02:10:04.054 12010 12010 D GH.DisplayLayout: MAP_IME z: 477, region: CarRegionId{regionId=2131428818 carDisplayId=CarDisplayId{displayId=0}}
02-23 02:10:04.054 12010 12010 D GH.DisplayLayout: Type: IME has bounds of: Rect(0, 147 - 800, 410)
02-23 02:10:04.054 12010 12010 D GH.DisplayLayout: Recording insets for IME, insets: Rect(0, 0 - 0, 0), bounds: Rect(0, 147 - 800, 410), persistentViewBounds: []
02-23 02:10:04.054 12010 12010 D GH.DisplayLayout: IME z: 474, region: CarRegionId{regionId=2131428406 carDisplayId=CarDisplayId{displayId=0}}
02-23 02:10:04.054 12010 12010 D GH.DisplayLayout: Type: DEMAND_RAIL has bounds of: Rect(0, 340 - 800, 410)
02-23 02:10:04.054 12010 12010 D GH.DisplayLayout: Recording insets for DEMAND_RAIL, insets: Rect(0, 0 - 0, 0), bounds: Rect(0, 340 - 800, 410), persistentViewBounds: []
02-23 02:10:04.054 12010 12010 D GH.DisplayLayout: DEMAND_RAIL z: 471, region: CarRegionId{regionId=5 carDisplayId=CarDisplayId{displayId=0}}
02-23 02:10:04.054 12010 12010 D GH.DisplayLayout: Type: RAIL has bounds of: Rect(0, 340 - 800, 410)
02-23 02:10:04.054 12010 12010 D GH.DisplayLayout: Recording insets for RAIL, insets: Rect(0, 0 - 0, 0), bounds: Rect(0, 340 - 800, 410), persistentViewBounds: []
02-23 02:10:04.054 12010 12010 D GH.DisplayLayout: RAIL z: 468, region: CarRegionId{regionId=2131429280 carDisplayId=CarDisplayId{displayId=0}}
02-23 02:10:04.054 12010 12010 D GH.DisplayLayout: No window type for com.google.android.projection.gearhead:id/rail_spacer
02-23 02:10:04.054 12010 12010 D GH.DisplayLayout: Type: NOTIFICATION has bounds of: Rect(0, 0 - 800, 339)
02-23 02:10:04.054 12010 12010 D GH.DisplayLayout: Recording insets for NOTIFICATION, insets: Rect(0, 0 - 0, 0), bounds: Rect(0, 0 - 800, 339), persistentViewBounds: []
02-23 02:10:04.054 12010 12010 D GH.DisplayLayout: NOTIFICATION z: 465, region: CarRegionId{regionId=2131429067 carDisplayId=CarDisplayId{displayId=0}}
02-23 02:10:04.054 12010 12010 D GH.DisplayLayout: Type: ASSISTANT_IMMERSIVE_FULLSCREEN has bounds of: Rect(0, 0 - 800, 340)
02-23 02:10:04.054 12010 12010 D GH.DisplayLayout: Recording insets for ASSISTANT_IMMERSIVE_FULLSCREEN, insets: Rect(0, 0 - 0, 0), bounds: Rect(0, 0 - 800, 340), persistentViewBounds: []
02-23 02:10:04.054 12010 12010 D GH.DisplayLayout: Adding CarRegionId{regionId=8 carDisplayId=CarDisplayId{displayId=0}} to group CarRegionGroup{groupId=3, carDisplayId=CarDisplayId{displayId=0}, primaryRegionOfGroup=CarRegionId{regionId=8 carDisplayId=CarDisplayId{displayId=0}}}
02-23 02:10:04.054 12010 12010 D GH.DisplayLayout: ASSISTANT_IMMERSIVE_FULLSCREEN z: 462, region: CarRegionId{regionId=8 carDisplayId=CarDisplayId{displayId=0}}
02-23 02:10:04.054 12010 12010 D GH.DisplayLayout: Type: ASSISTANT_IMMERSIVE_PARTIAL has bounds of: Rect(516, 0 - 800, 340)
02-23 02:10:04.054 12010 12010 D GH.DisplayLayout: Recording insets for ASSISTANT_IMMERSIVE_PARTIAL, insets: Rect(0, 0 - 0, 0), bounds: Rect(516, 0 - 800, 340), persistentViewBounds: []
02-23 02:10:04.054 12010 12010 D GH.DisplayLayout: Adding CarRegionId{regionId=7 carDisplayId=CarDisplayId{displayId=0}} to group CarRegionGroup{groupId=3, carDisplayId=CarDisplayId{displayId=0}, primaryRegionOfGroup=CarRegionId{regionId=8 carDisplayId=CarDisplayId{displayId=0}}}
02-23 02:10:04.054 12010 12010 D GH.DisplayLayout: ASSISTANT_IMMERSIVE_PARTIAL z: 459, region: CarRegionId{regionId=7 carDisplayId=CarDisplayId{displayId=0}}
02-23 02:10:04.054 12010 12010 D GH.DisplayLayout: Type: DEMAND has bounds of: Rect(0, 0 - 800, 340)
02-23 02:10:04.054 12010 12010 D GH.DisplayLayout: Recording insets for DEMAND, insets: Rect(0, 0 - 0, 0), bounds: Rect(0, 0 - 800, 340), persistentViewBounds: []
02-23 02:10:04.054 12010 12010 D GH.DisplayLayout: DEMAND z: 456, region: CarRegionId{regionId=1 carDisplayId=CarDisplayId{displayId=0}}
02-23 02:10:04.054 12010 12010 D GH.DisplayLayout: Type: NOTIFICATION_CENTER has bounds of: Rect(0, 0 - 800, 340)
02-23 02:10:04.054 12010 12010 D GH.DisplayLayout: Recording insets for NOTIFICATION_CENTER, insets: Rect(0, 0 - 0, 0), bounds: Rect(0, 0 - 800, 340), persistentViewBounds: []
02-23 02:10:04.054 12010 12010 D GH.DisplayLayout: NOTIFICATION_CENTER z: 453, region: CarRegionId{regionId=2131429072 carDisplayId=CarDisplayId{displayId=0}}
02-23 02:10:04.054 12010 12010 D GH.DisplayLayout: Type: ACTIVITY has bounds of: Rect(0, 0 - 800, 340)
02-23 02:10:04.054 12010 12010 D GH.DisplayLayout: Recording insets for ACTIVITY, insets: Rect(0, 0 - 0, 0), bounds: Rect(0, 0 - 800, 340), persistentViewBounds: []
02-23 02:10:04.054 12010 12010 D GH.DisplayLayout: ACTIVITY z: 450, region: CarRegionId{regionId=0 carDisplayId=CarDisplayId{displayId=0}}
02-23 02:10:04.054 12010 12010 D GH.DisplayLayout: Type: IMMERSIVE_TOOLBAR_BOTTOM_SCRIM has bounds of: Rect(0, 357 - 800, 410)
02-23 02:10:04.054 12010 12010 D GH.DisplayLayout: Recording insets for IMMERSIVE_TOOLBAR_BOTTOM_SCRIM, insets: Rect(0, 0 - 0, 0), bounds: Rect(0, 357 - 800, 410), persistentViewBounds: []
02-23 02:10:04.054 12010 12010 D GH.DisplayLayout: IMMERSIVE_TOOLBAR_BOTTOM_SCRIM z: 447, region: CarRegionId{regionId=2131428411 carDisplayId=CarDisplayId{displayId=0}}
02-23 02:10:04.054 12010 12010 D GH.DisplayLayout: Type: IMMERSIVE_TOOLBAR has bounds of: Rect(0, 0 - 800, 70)
02-23 02:10:04.054 12010 12010 D GH.DisplayLayout: Recording insets for IMMERSIVE_TOOLBAR, insets: Rect(0, 0 - 0, 0), bounds: Rect(0, 0 - 800, 70), persistentViewBounds: []
02-23 02:10:04.054 12010 12010 D GH.DisplayLayout: IMMERSIVE_TOOLBAR z: 444, region: CarRegionId{regionId=2131428410 carDisplayId=CarDisplayId{displayId=0}}
02-23 02:10:04.054 12010 12010 D GH.DisplayLayout: Type: IMMERSIVE has bounds of: Rect(0, 0 - 800, 410)
02-23 02:10:04.054 12010 12010 D GH.DisplayLayout: Recording insets for IMMERSIVE, insets: Rect(0, 0 - 0, 0), bounds: Rect(0, 0 - 800, 410), persistentViewBounds: []
02-23 02:10:04.054 12010 12010 D GH.DisplayLayout: Adding CarRegionId{regionId=2131428408 carDisplayId=CarDisplayId{displayId=0}} to group CarRegionGroup{groupId=1, carDisplayId=CarDisplayId{displayId=0}, primaryRegionOfGroup=CarRegionId{regionId=0 carDisplayId=CarDisplayId{displayId=0}}}
02-23 02:10:04.054 12010 12010 D GH.DisplayLayout: IMMERSIVE z: 441, region: CarRegionId{regionId=2131428408 carDisplayId=CarDisplayId{displayId=0}}
02-23 02:10:04.054 12010 12010 D GH.DisplayLayout: Type: DASHBOARD has bounds of: Rect(516, 0 - 800, 340)
02-23 02:10:04.054 12010 12010 D GH.DisplayLayout: Recording insets for DASHBOARD, insets: Rect(0, 0 - 0, 0), bounds: Rect(516, 0 - 800, 340), persistentViewBounds: []
02-23 02:10:04.054 12010 12010 D GH.DisplayLayout: DASHBOARD z: 438, region: CarRegionId{regionId=2131427911 carDisplayId=CarDisplayId{displayId=0}}
02-23 02:10:04.054 12010 12010 D GH.DisplayLayout: No window type for com.google.android.projection.gearhead:id/dashboard_spacer
02-23 02:10:04.054 12010 12010 D GH.DisplayLayout: No window type for com.google.android.projection.gearhead:id/dashboard_guideline
02-23 02:10:04.054 12010 12010 D GH.DisplayLayout: Type: MAP_COMPAT has bounds of: Rect(0, 0 - 800, 340)
02-23 02:10:04.054 12010 12010 D GH.DisplayLayout: Recording insets for MAP_COMPAT, insets: Rect(0, 0 - 0, 0), bounds: Rect(0, 0 - 800, 340), persistentViewBounds: []
02-23 02:10:04.054 12010 12010 D GH.DisplayLayout: Adding CarRegionId{regionId=2131428814 carDisplayId=CarDisplayId{displayId=0}} to group CarRegionGroup{groupId=1, carDisplayId=CarDisplayId{displayId=0}, primaryRegionOfGroup=CarRegionId{regionId=0 carDisplayId=CarDisplayId{displayId=0}}}
02-23 02:10:04.054 12010 12010 D GH.DisplayLayout: MAP_COMPAT z: 435, region: CarRegionId{regionId=2131428814 carDisplayId=CarDisplayId{displayId=0}}
02-23 02:10:04.054 12010 12010 D GH.DisplayLayout: Type: MAP has bounds of: Rect(0, 0 - 800, 340)
02-23 02:10:04.054 12010 12010 D GH.DisplayLayout: Recording insets for MAP, insets: Rect(0, 0 - 0, 0), bounds: Rect(0, 0 - 800, 340), persistentViewBounds: []
02-23 02:10:04.054 12010 12010 D GH.DisplayLayout: Adding CarRegionId{regionId=2131428812 carDisplayId=CarDisplayId{displayId=0}} to group CarRegionGroup{groupId=1, carDisplayId=CarDisplayId{displayId=0}, primaryRegionOfGroup=CarRegionId{regionId=0 carDisplayId=CarDisplayId{displayId=0}}}
02-23 02:10:04.054 12010 12010 D GH.DisplayLayout: MAP z: 432, region: CarRegionId{regionId=2131428812 carDisplayId=CarDisplayId{displayId=0}}
02-23 02:10:04.054 12010 12010 D GH.DisplayLayout: No window type for com.google.android.projection.gearhead:id/contentInset_right
02-23 02:10:04.054 12010 12010 D GH.DisplayLayout: No window type for com.google.android.projection.gearhead:id/contentInset_left
02-23 02:10:04.054 12010 12010 D GH.DisplayLayout: No window type for com.google.android.projection.gearhead:id/contentInset_bottom
02-23 02:10:04.054 12010 12010 D GH.DisplayLayout: No window type for com.google.android.projection.gearhead:id/contentInset_top
02-23 02:10:04.055 12010 12010 D GH.GhLifecycleService: Get CarWindowManager for CarDisplayId{displayId=0}
02-23 02:10:04.055 12010 12010 D CAR.CLIENT: Multi-display client enabled. Get ICarDisplay for: CarDisplayId{displayId=0}
02-23 02:10:04.055 12010 12010 D GH.DispLayoutNotifier: CarDisplay{carDisplayId=CarDisplayId{displayId=0}, carDisplayType=0, displayDpi=140, displayDimensions=Point(800, 410), stableInsets=Rect(0, 0 - 0, 0), contentInsets=Rect(0, 0 - 0, 0), initialContentType=0, configurationId=8d4695bf-f00c-4a50-975d-42fc38cd7356} changed
02-23 02:10:04.055 12010 12010 D GH.DisplayLayout: onCarDisplayChanged called with already existing configurationId: 8d4695bf-f00c-4a50-975d-42fc38cd7356, ignoring
02-23 02:10:04.055 12010 12010 D CAR.CLIENT: Multi-display client enabled. Get ICarDisplay for: CarDisplayId{displayId=0}
02-23 02:10:04.056 12010 12010 I CAR.CLIENT: carModuleFeaturesCache empty, retrieving from car service.
02-23 02:10:04.056 12010 12010 D CAR.CLIENT: Multi-display client enabled. Get ICarDisplay for: CarDisplayId{displayId=0}
02-23 02:10:04.057 12010 12010 I GH.DefaultAppManager: Unable to check available apps since it is not within lifetime, returning app ComponentInfo{com.google.android.apps.maps/com.google.android.apps.gmm.car.GmmCarProjectionService}
02-23 02:10:04.057 12010 12010 I GH.DefaultAppManager: Unable to check available apps since it is not within lifetime, returning app ComponentInfo{com.google.android.apps.maps/com.google.android.apps.gmm.car.GmmCarProjectionService}
02-23 02:10:04.058 12010 12010 I GH.GhLifecycleService: onProjectionStart updated config:Bundle[{pillar_width=0, use_sticky_window_focus=false, assistant_activity_z=456, content_bounds=Rect(0, 0 - 800, 340), use_car_activity_animations=true, content_insets=Rect(0, 0 - 0, 0), activity_layout_config=[69, 79, -1, -1, -60, 46, 0, 0, 1, 0, -1, -1, -68, 46, 0, 0, 1, 0, 0, 0, -76, 46, 0, 0, 69, 79, -1, -1, -84, 46, 0, 0, 1, 0, -1, -1, 16, 0, 0, 0, 69, 79, -1, -1, 8, 0, 0, 0, 1, 0, 4, 0, 0, 0, 0, 0, 2, 0, -1, -1, 52, 46, 0, 0, 11, 0, 0, 0, -56, 3, 0, 0, 69, 79, -1, -1, -64, 3, 0, 0, 1, 0, -1, -1, -120, 1, 0, 0, -1, -1, -1, -1, 0, 0, 0, 0, -1, -1, -1, -1, -1, -1, -1, -1, 0, 0, 0, 0, 0, 0, 0, 0, -1, -1, -1, -1, -1, -1, -1, -1, 0, 0, 0, 0, 0, 0, 0, 0, 0, 0, 0, 0, 0, 0, 0, 0, -2, -1, -1, -1, 48, 1, 0, 0, 66, 78, 68, 76, 2, 0, 0, 0, 51, 0, 0, 0, 99, 0, 111, 0, 109, 0, 46, 0, 103, 0, 111, 0, 111, 0, 103, 0, 108, 0, 101, 0, 46, 0, 97, 0, 110, 0, 100, 0, 114, 0, 111, 0, 105, 0, 100, 0, 46, 0, 103, 0, 109, 0, 115, 0, 46, 0, 99, 0, 97, 0, 114, 0, 46, 0, 69, 0, 88, 0, 84, 0, 82, 0, 65, 0, 95, 0, 67, 0, 65, 0, 82, 0, 95, 0, 65, 0, 67, 0, 84, 0, 73, 0, 86, 0, 73, 0, 84, 0, 89, 0, 95, 0, 70, 0, 76, 0, 65, 0, 71, 0, 83, 0, 0, 0, 1, 0, 0, 0, 1, 0, 0, 0, 84, 0, 0, 0, 99, 0, 111, 0, 109, 0, 46, 0, 103, 0, 111, 0, 111, 0, 103, 0, 108, 0, 101, 0, 46, 0, 97, 0, 110, 0, 100, 0, 114, 0, 111, 0, 105, 0, 100, 0, 46, 0, 112, 0, 114, 0, 111, 0, 106, 0, 101, 0, 99, 0, 116, 0, 105, 0, 111, 0, 110, 0, 46, 0, 103, 0, 101, 0, 97, 0, 114, 0, 104, 0, 101, 0, 97, 0, 100, 0, 46, 0, 115, 0, 121, 0, 115, 0, 116, 0, 101, 0, 109, 0, 46, 0, 112, 0, 114, 0, 111, 0, 106, 0, 101, 0, 99, 0, 116, 0, 105, 0, 111, 0, 110, 0, 116, 0, 114, 0, 97, 0, 109, 0, 112, 0, 111, 0, 108, 0, 105, 0, 110, 0, 101, 0, 46, 0, 69, 0, 88, 0, 84, 0, 82, 0, 65, 0, 95, 0, 70, 0, 79, 0, 82, 0, 95, 0, 83, 0, 84, 0, 65, 0, 82, 0, 84, 0, 85, 0, 80, 0, 0, 0, 0, 0, 9, 0, 0, 0, 1, 0, 0, 0, 0, 0, 0, 0, 0, 0, 0, 0, 0, 0, 0, 0, -1, -1, -1, -1, 0, 0, 0, 0, 0, 0, 0, 0, 0, 0, 0, 0, 2, 0, -1, -1, -48, 0, 0, 0, -1, -1, -1, -1, 0, 0, 0, 0, -1, -1, -1, -1, -1, -1, -1, -1, 0, 0, 0, 0, 0, 0, 0, 0, -1, -1, -1, -1, -1, -1, -1, -1, 0, 0, 0, 0, 0, 0, 0, 0, 0, 0, 0, 0, 0, 0, 0, 0, -2, -1, -1, -1, 120, 0, 0, 0, 66, 78, 68, 76, 1, 0, 0, 0, 51, 0, 0, 0, 99, 0, 111, 0, 109, 0, 46, 0, 103, 0, 111, 0, 111, 0, 103, 0, 108, 0, 101, 0, 46, 0, 97, 0, 110, 0, 100, 0, 114, 0, 111, 0, 105, 0, 100, 0, 46, 0, 103, 0, 109, 0, 115, 0, 46, 0, 99, 0, 97, 0, 114, 0, 46, 0, 69, 0, 88, 0, 84, 0, 82, 0, 65, 0, 95, 0, 67, 0, 65, 0, 82, 0, 95, 0, 65, 0, 67, 0, 84, 0, 73, 0, 86, 0, 73, 0, 84, 0, 89, 0, 95, 0, 70, 0, 76, 0, 65, 0, 71, 0, 83, 0, 0, 0, 1, 0, 0, 0, 1, 0, 0, 0, 0, 0, 0, 0, 0, 0, 0, 0, 0, 0, 0, 0, -1, -1, -1, -1, 0, 0, 0, 0, 0, 0, 0, 0, 0, 0, 0, 0, 3, 0, -1, -1, 40, 0, 0, 0, 69, 79, -1, -1, 32, 0, 0, 0, 1, 0, 4, 0, 3, 0, 0, 0, 2, 0, -1, -1, 16, 0, 0, 0, 69, 79, -1, -1, 8, 0, 0, 0, 1, 0, 4, 0, 0, 0, 0, 0, 4, 0, -1, -1, 20, 1, 0, 0, 69, 79, -1, -1, 12, 1, 0, 0, 1, 0, 4, 0, 32, 3, 0, 0, 2, 0, 4, 0, -102, 1, 0, 0, 3, 0, 4, 0, 0, 0, 0, 0, 4, 0, 4, 0, 0, 0, 0, 0, 5, 0, 4, 0, -26, 1, 0, 0, 6, 0, -1, -1, 16, 0, 0, 0, 0, 0, 0, 0, 0, 0, 0, 0, 0, 0, 0, 0, 0, 0, 0, 0, 7, 0, -1, -1, 4, 0, 0, 0, 0, 0, 0, 0, 8, 0, -1, -1, 88, 0, 0, 0, 69, 79, -1, -1, 80, 0, 0, 0, 1, 0, 4, 0, 0, 0, 0, 0, 2, 0, 4, 0, 0, 0, 0, 0, 3, 0, 4, 0, 0, 0, 0, 0, 4, 0, 4, 0, 0, 0, 0, 0, 5, 0, 4, 0, 1, 0, 0, 0, 6, 0, 4, 0, 0, 0, 0, 0, 7, 0, 4, 0, 1, 0, 0, 0, 8, 0, 4, 0, 0, 0, 0, 0, 9, 0, 4, 0, 0, 0, 0, 0, 10, 0, 4, 0, 0, 0, 0, 0, 9, 0, -1, -1, 32, 0, 0, 0, 69, 79, -1, -1, 24, 0, 0, 0, 1, 0, 4, 0, 0, 0, 0, 0, 2, 0, 4, 0, 0, 0, 0, 0, 4, 0, 4, 0, 0, 0, 0, 0, 10, 0, -1, -1, 32, 0, 0, 0, 69, 79, -1, -1, 24, 0, 0, 0, 1, 0, 4, 0, 0, 0, 0, 0, 2, 0, 4, 0, 0, 0, 0, 0, 4, 0, 4, 0, 0, 0, 0, 0, 11, 0, 4, 0, 1, 0, 0, 0, 12, 0, 4, 0, 0, 0, 0, 0, 6, 0, -1, -1, 4, 0, 0, 0, 0, 0, 0, 0, -56, 3, 0, 0, 69, 79, -1, -1, -64, 3, 0, 0, 1, 0, -1, -1, -120, 1, 0, 0, -1, -1, -1, -1, 0, 0, 0, 0, -1, -1, -1, -1, -1, -1, -1, -1, 0, 0, 0, 0, 0, 0, 0, 0, -1, -1, -1, -1, -1, -1, -1, -1, 
