02-23 02:09:59.147 21855 21896 I GH.ConnLoggerV2: Session 7bdbf25b-9c23-458c-9bb7-27434b9831e6, event 1623, detail OptionalInt[-2141425533], WIRELESS_SETUP_CDM_AND_HU_TRACKER_READY, at 384488204 
02-23 02:09:59.148 19618 19618 I GH.WPP.TCP: Initializing WPP TCP manager...
02-23 02:09:59.149 21855 21896 I GH.ConnLoggerV2: Session 7bdbf25b-9c23-458c-9bb7-27434b9831e6, event 1624, detail OptionalInt[-2141425533], WIRELESS_SETUP_HU_PRESENCE_EVALUATED, at 384488211 
02-23 02:09:59.151 21855 21896 I GH.ConnLoggerV2: Session 7bdbf25b-9c23-458c-9bb7-27434b9831e6, event 1625, detail OptionalInt[1585724722], WIRELESS_SETUP_HU_PRESENCE_EVALUATED, at 384488211 
02-23 02:09:59.151 19618 19618 I GH.WIRELESS.SETUP: Received startWirelessSetup for XX:XX:XX:XX:5A:FF. Current state: IDLE
02-23 02:09:59.151 19618 19618 I GH.CarSvcDataStorage: Using DB version: 13
02-23 02:09:59.152 19618 19618 I GH.WIRELESS.SETUP: getCarInfoInternal for BT device: Optional[com.google.android.gms.carsetup.CarInfoInternal[dbId=4,manufacturer=OpenAuto Project,model=Universal,headUnitProtocolVersion=1.7,modelYear=2026,vehicleId=e29d78b9cfad803b,bluetoothAllowed=true,hideProjectedClock=false,driverPosition=0,headUnitMake=OpenAuto Project,headUnitModel=Raspberry Pi 4,headUnitSoftwareBuild=b6a5995,headUnitSoftwareVersion=0.3.0,canPlayNativeMediaDuringVr=false,hidePhoneSignal=false,hideBatteryLevel=false,bluetoothaddress=DC:A6:32:E7:5A:FF,wifiSsid=null,wifiBssid=null,wifiSecurityMode=-1,sslSubjectName=null,wifiVersionMajor=0,wifiVersionMinor=0,wifiFrequencyMHz=0,known=true,projectionAllowed=true,sslSerialNumber=-1,wifiProjectionProtocolOnTcp=false,wifiProjectionProtocolIpAddress=,wifiProjectionProtocolTcpPort=-1,hashedVehicleId=[REDACTED]]]
02-23 02:09:59.153 21855 21896 I GH.ConnLoggerV2: Session 7bdbf25b-9c23-458c-9bb7-27434b9831e6, event 1626, detail OptionalInt.empty, WIRELESS_SETUP_METADATA_DEVICE_TYPE_CARKIT, at 384488213 
02-23 02:09:59.154 19618 19618 I GH.CarSvcDataStorage: Using DB version: 13
02-23 02:09:59.154 21855 21896 I GH.ConnLoggerV2: Session 7bdbf25b-9c23-458c-9bb7-27434b9831e6, event 1627, detail OptionalInt.empty, WIRELESS_SETUP_SHARED_SERVICE_START_SETUP, at 384488214 
02-23 02:09:59.154 19618 19618 I GH.WIRELESS.SETUP: No WPP on TCP configuration found in storage for the head unit, will not start WPP on TCP.
02-23 02:09:59.155 19618 19618 I GH.WIRELESS.SETUP: Starting manager of type: RFCOMM
02-23 02:09:59.155 19618 19618 I GH.WIRELESS.SETUP: State changed to CONNECTING_RFCOMM
02-23 02:09:59.156 21855 21896 I GH.ConnLoggerV2: Session 7bdbf25b-9c23-458c-9bb7-27434b9831e6, event 1628, detail OptionalInt.empty, WIRELESS_WIFI_CREDENTIALS_CACHE_NOT_FOUND, at 384488218 
02-23 02:09:59.156 19618 25656 I GH.WPP.RFCOMM: Connecting the socket
02-23 02:09:59.156 19618 19618 I GH.WirelessShared: Creating foreground notification, already active: true
02-23 02:09:59.156 19618 19618 I GH.WirelessShared: Combined foreground service type: 24
02-23 02:09:59.156 19618 25656 I GH.WIRELESS.BT: Creating rfcomm socket for device: DC:A6:32:E7:5A:FF and uuid: 4de17a00-52cb-11e6-bdf4-0800200c9a66
02-23 02:09:59.157 19618 19618 I GH.WirelessShared: started foreground service
02-23 02:09:59.157 19618 19618 I GH.WirelessShared: Ready to stop service if required? bindCount=0 isWirelessSetupManagerActive=true
02-23 02:09:59.157 21855 21896 I GH.ConnLoggerV2: Session 7bdbf25b-9c23-458c-9bb7-27434b9831e6, event 1629, detail OptionalInt.empty, WIRELESS_WIFI_PROJECTION_PROTOCOL_RFCOMM_CONNECTION_ATTEMPT_STARTING, at 384488219 
02-23 02:09:59.158 21855 21896 I GH.StartupMeasure: logEvent GEARHEAD_WIRELESS_CONTROL_CHANNEL_CONNECT_ATTEMPT_RFCOMM=PT106H48M8.219S
02-23 02:09:59.158 19618 19618 I GH.WIRELESS.SETUP: Received startWirelessSetup for XX:XX:XX:XX:5A:FF. Current state: CONNECTING_RFCOMM
02-23 02:09:59.158 19618 19618 I GH.CarSvcDataStorage: Using DB version: 13
02-23 02:09:59.159 19618 19618 I GH.WIRELESS.SETUP: getCarInfoInternal for BT device: Optional[com.google.android.gms.carsetup.CarInfoInternal[dbId=4,manufacturer=OpenAuto Project,model=Universal,headUnitProtocolVersion=1.7,modelYear=2026,vehicleId=e29d78b9cfad803b,bluetoothAllowed=true,hideProjectedClock=false,driverPosition=0,headUnitMake=OpenAuto Project,headUnitModel=Raspberry Pi 4,headUnitSoftwareBuild=b6a5995,headUnitSoftwareVersion=0.3.0,canPlayNativeMediaDuringVr=false,hidePhoneSignal=false,hideBatteryLevel=false,bluetoothaddress=DC:A6:32:E7:5A:FF,wifiSsid=null,wifiBssid=null,wifiSecurityMode=-1,sslSubjectName=null,wifiVersionMajor=0,wifiVersionMinor=0,wifiFrequencyMHz=0,known=true,projectionAllowed=true,sslSerialNumber=-1,wifiProjectionProtocolOnTcp=false,wifiProjectionProtocolIpAddress=,wifiProjectionProtocolTcpPort=-1,hashedVehicleId=[REDACTED]]]
02-23 02:09:59.159 19618 19618 W GH.WIRELESS.SETUP: Wireless setup already started using HU presence checker, request ignored.
02-23 02:09:59.159 19618 19618 I GH.WirelessShared: Creating foreground notification, already active: true
02-23 02:09:59.159 21855 21896 I GH.ConnLoggerV2: Session 7bdbf25b-9c23-458c-9bb7-27434b9831e6, event 1630, detail OptionalInt.empty, WIRELESS_RFCOMM_CONNECTION_RUNNABLE_DEQUEUED, at 384488220 
02-23 02:09:59.159 19618 19618 I GH.WirelessShared: Combined foreground service type: 24
02-23 02:09:59.160 19618 19618 I GH.WirelessShared: started foreground service
02-23 02:09:59.161 19618 19618 I CAR.TOKEN: Connecting pof@5343831 using class pye@18259095/class pyh@121703190 (cx attempt 1)
02-23 02:09:59.161 21855 21896 I GH.ConnLoggerV2: Session 7bdbf25b-9c23-458c-9bb7-27434b9831e6, event 1631, detail OptionalInt[-2141425533], WIRELESS_SETUP_STARTED_OR_RESUMED, at 384488220 
02-23 02:09:59.161 19618 19618 I GH.WirelessShared: Ready to stop service if required? bindCount=0 isWirelessSetupManagerActive=true
02-23 02:09:59.162 19618 25685 I GH.GhCarClientCtor: Bound to startup service, got Car Service: ipb@aa187de
02-23 02:09:59.162 19618 19618 I CAR.TOKEN: Successfully connected pyj@718bc69 using class pye@18259095/class pyh@121703190 (cx attempt 1)
02-23 02:09:59.162 19618 19618 I CAR.TOKEN: Token caller not specified, so skipping telemetry logging. Process: com.google.android.projection.gearhead:car
02-23 02:09:59.163 21855 21896 I GH.ConnLoggerV2: Session 7bdbf25b-9c23-458c-9bb7-27434b9831e6, event 1632, detail OptionalInt[-2141425533], WIRELESS_SETUP_STARTED, at 384488220 
02-23 02:09:59.164 21855 21896 I GH.ConnLoggerV2: Session 7bdbf25b-9c23-458c-9bb7-27434b9831e6, event 1633, detail OptionalInt.empty, WIRELESS_CONNECTING_RFCOMM, at 384488220 
02-23 02:09:59.166 21855 21896 I GH.ConnLoggerV2: Session 7bdbf25b-9c23-458c-9bb7-27434b9831e6, from STARTING, to BT_SETUP, reason RFCOMM_CONNECTING at time 384488230.
02-23 02:09:59.167 21855 21896 I GH.ConnLoggerV2: Session 7bdbf25b-9c23-458c-9bb7-27434b9831e6, event 1634, detail OptionalInt.empty, WIRELESS_SETUP_SHARED_SERVICE_START_SETUP, at 384488222 
02-23 02:09:59.167 21855 21896 I GH.ConnLoggerV2: Session 7bdbf25b-9c23-458c-9bb7-27434b9831e6, event 1635, detail OptionalInt[1585724722], WIRELESS_SETUP_CANCELLED, at 384488223 
02-23 02:09:59.169 21855 21896 I GH.ConnLoggerV2: Session 7bdbf25b-9c23-458c-9bb7-27434b9831e6, event 1636, detail OptionalInt[1585724722], WIRELESS_SETUP_CANCELLED_ALREADY_STARTED, at 384488224 
02-23 02:09:59.170 21855 21896 I GH.ConnLoggerV2: Session 7bdbf25b-9c23-458c-9bb7-27434b9831e6, event 1637, detail OptionalInt.empty, WIRELESS_WIFI_STATE_ENABLED, at 384488225 
02-23 02:09:59.230 21855 21855 I GH.WifiBluetoothRcvr: Connection action: android.bluetooth.a2dp.profile.action.CONNECTION_STATE_CHANGED, device XX:XX:XX:XX:5A:FF
02-23 02:09:59.230 21855 21855 I GH.WifiBluetoothRcvr: Wireless projection is available on this phone.
02-23 02:09:59.230 21855 21855 I GH.WifiBluetoothRcvr: Processing connection state change for XX:XX:XX:XX:5A:FF. Action android.bluetooth.a2dp.profile.action.CONNECTION_STATE_CHANGED has state 2
02-23 02:09:59.233 21855 24216 I CAR.BTCapsStore: Checking device with address DC:A6:32:E7:5A:FF
02-23 02:09:59.233 21855 24216 I CAR.BTCapsStore: This device previously has known UUID.
02-23 02:09:59.234 19618 19618 I CAR.BT_RCVR.LITE: Do not start CarStartupService
02-23 02:09:59.235 19618 19618 I GH.WPP.CONN: Creating the transport in order to start listening
02-23 02:09:59.235 19618 19618 I GH.WPP.RFCOMM: Creating the IO stream
02-23 02:09:59.235 19618 19618 I GH.WPP.RFCOMM: IO stream will sleep for 10 ms instead of flushing after each write.  SDK: 36
02-23 02:09:59.235 19618 19618 I GH.WPP.RFCOMM: Creating the transport
02-23 02:09:59.236 21855 24216 I GH.WifiBluetoothRcvr: Bluetooth device XX:XX:XX:XX:5A:FF is previously known to have Android Auto UUID
02-23 02:09:59.236 21855 21896 I GH.ConnLoggerV2: Session 7bdbf25b-9c23-458c-9bb7-27434b9831e6, event 1638, detail OptionalInt[2240], WIRELESS_SDP_MANAGER_PREVIOULSY_KNOWN_UUID, at 384488300 
02-23 02:09:59.236 21855 24216 I CAR.BTCapsStore: AAW status (SUPPORTED).
02-23 02:09:59.236 19618 19618 I GH.WIRELESS.SETUP: State changed to CONNECTED_RFCOMM
02-23 02:09:59.237 19618 25687 I GH.WPP.TRANSPORT: Transport starting
02-23 02:09:59.238 19618 19618 I GH.WIRELESS.SETUP: Scheduling WPP first message timeout trigger to execute in 12000 milliseconds, attempt: 0
02-23 02:09:59.239 21855 21896 I GH.ConnLoggerV2: Session 7bdbf25b-9c23-458c-9bb7-27434b9831e6, event 1639, detail OptionalInt.empty, ANDROID_AUTO_BLUETOOTH_A2DP_CONNECTED, at 384488302 
02-23 02:09:59.240 21855 24216 I GH.WifiBluetoothRcvr: Connected: OpenAutoProdigy
02-23 02:09:59.240 21855 21896 I GH.ConnLoggerV2: Session 7bdbf25b-9c23-458c-9bb7-27434b9831e6, event 1640, detail OptionalInt[-1169925246], WIRELESS_SETUP_START, at 384488304 
02-23 02:09:59.240 21855 21896 I GH.ConnLoggerV2: Session 7bdbf25b-9c23-458c-9bb7-27434b9831e6, event 1641, detail OptionalInt[-1169925246], WIRELESS_SETUP_SHARED_A2DP_CONNECTED, at 384488304 
02-23 02:09:59.241 21855 24216 I GH.WifiBluetoothRcvr: Bluetooth XX:XX:XX:XX:5A:FF device battery level -1
02-23 02:09:59.241 21855 24216 I GH.WirelessClient: Connecting to wireless setup shared service: XX:XX:XX:XX:5A:FF
02-23 02:09:59.242 19618 19618 I GH.WirelessShared: WirelessSetupSharedService starting up: android.bluetooth.a2dp.profile.action.CONNECTION_STATE_CHANGED, startId: 3
02-23 02:09:59.242 19618 19618 I GH.WirelessShared: Creating foreground notification, already active: true
02-23 02:09:59.242 19618 19618 I GH.WirelessShared: Combined foreground service type: 24
02-23 02:09:59.245 19618 19618 I GH.WirelessShared: started foreground service
02-23 02:09:59.248 19618 19618 I GH.WIRELESS.SETUP: Received WifiStartRequest, reason=n/a
02-23 02:09:59.248 19618 19618 I GH.WIRELESS.SETUP: Start request received, setting user intention.
02-23 02:09:59.249 19618 19618 W GH.WIRELESS.SETUP: Trying to proceed with WifiStartRequest before we received WifiVersionRequest
02-23 02:09:59.249 19618 19618 I GH.WIRELESS.SETUP: State changed to WIFI_PROJECTION_START_REQUESTED
02-23 02:09:59.252 19618 19618 I GH.WIRELESS.SETUP: Send WifiStartResponse, protocol=RFCOMM, status=STATUS_SUCCESS
02-23 02:09:59.253 19618 25678 I GH.WifiPreflight: Sending Close Broadcast
02-23 02:09:59.255 21855 21896 I GH.ConnLoggerV2: Session 7bdbf25b-9c23-458c-9bb7-27434b9831e6, event 1642, detail OptionalInt.empty, WIRELESS_WIFI_PROJECTION_PROTOCOL_RFCOMM_SOCKET_CONNECTED, at 384488299 
02-23 02:09:59.262 21855 21896 I GH.ConnLoggerV2: Session 7bdbf25b-9c23-458c-9bb7-27434b9831e6, event 1643, detail OptionalInt.empty, WIRELESS_CONNECTED_RFCOMM, at 384488301 
02-23 02:09:59.263 19618 19618 I GH.WIRELESS.SETUP: Received startWirelessSetup for XX:XX:XX:XX:5A:FF. Current state: CONNECTED_RFCOMM
02-23 02:09:59.263 19618 19618 I GH.CarSvcDataStorage: Using DB version: 13
02-23 02:09:59.264 19618 19618 I GH.WIRELESS.SETUP: getCarInfoInternal for BT device: Optional[com.google.android.gms.carsetup.CarInfoInternal[dbId=4,manufacturer=OpenAuto Project,model=Universal,headUnitProtocolVersion=1.7,modelYear=2026,vehicleId=e29d78b9cfad803b,bluetoothAllowed=true,hideProjectedClock=false,driverPosition=0,headUnitMake=OpenAuto Project,headUnitModel=Raspberry Pi 4,headUnitSoftwareBuild=b6a5995,headUnitSoftwareVersion=0.3.0,canPlayNativeMediaDuringVr=false,hidePhoneSignal=false,hideBatteryLevel=false,bluetoothaddress=DC:A6:32:E7:5A:FF,wifiSsid=null,wifiBssid=null,wifiSecurityMode=-1,sslSubjectName=null,wifiVersionMajor=0,wifiVersionMinor=0,wifiFrequencyMHz=0,known=true,projectionAllowed=true,sslSerialNumber=-1,wifiProjectionProtocolOnTcp=false,wifiProjectionProtocolIpAddress=,wifiProjectionProtocolTcpPort=-1,hashedVehicleId=[REDACTED]]]
02-23 02:09:59.264 19618 19618 W GH.WIRELESS.SETUP: Wireless setup already started using HU presence checker, request ignored.
02-23 02:09:59.267 19618 19618 I GH.WirelessShared: Creating foreground notification, already active: true
02-23 02:09:59.267 19618 19618 I GH.WirelessShared: Combined foreground service type: 24
02-23 02:09:59.268 19618 19618 I GH.WirelessShared: started foreground service
02-23 02:09:59.269 19618 19618 I GH.WirelessShared: Ready to stop service if required? bindCount=0 isWirelessSetupManagerActive=true
02-23 02:09:59.270 21855 21896 I GH.ConnLoggerV2: Session 7bdbf25b-9c23-458c-9bb7-27434b9831e6, event 1644, detail OptionalInt.empty, WIRELESS_SETUP_SHARED_SERVICE_STARTED, at 384488306 
02-23 02:09:59.270 19618 19618 I GH.WIRELESS.SETUP: Info response received. Received credentials=WifiConfiguration(ssid=OpenAutoProdigy, bssid=DC:A6:32:E7:5A:FE, securityMode=WPA2_PERSONAL, mostRecentlyUsedFrequenciesMhz=[]), cached credentials=Optional.empty, networkState=DISCONNECTED
02-23 02:09:59.271 19618 19618 I GH.WirelessNetRequest: MD supports WPA3-Personal SAE security mode.
02-23 02:09:59.271 19618 19618 I GH.WirelessNetRequest: Add callback key=nck@43065c6 value=WSEM.Callback@4c1d987
02-23 02:09:59.272 19618 19618 I GH.WIRELESS.SETUP: State changed to CONNECTING_WIFI
02-23 02:09:59.272 19618 19618 I GH.WirelessNetRequest: HU is using WPA2 security mode.
02-23 02:09:59.273 21855 21896 I GH.ConnLoggerV2: Session 7bdbf25b-9c23-458c-9bb7-27434b9831e6, event 1645, detail OptionalInt[-1169925246], WIRELESS_SETUP_CDM_READY, at 384488311 
02-23 02:09:59.275 21855 21896 I GH.ConnLoggerV2: Session 7bdbf25b-9c23-458c-9bb7-27434b9831e6, event 1646, detail OptionalInt.empty, WIRELESS_WIFI_PROJECTION_PROTOCOL_RFCOMM_START_REQUEST_RECEIVED, at 384488313 
02-23 02:09:59.275 21855 21896 I GH.StartupMeasure: logEvent GEARHEAD_WIRELESS_START_REQUEST_RECEIVED_RFCOMM=PT106H48M8.313S
02-23 02:09:59.277 21855 21896 I GH.ConnLoggerV2: Session 7bdbf25b-9c23-458c-9bb7-27434b9831e6, event 1647, detail OptionalInt.empty, WIRELESS_WIFI_VERSION_NOT_REQUESTED, at 384488313 
02-23 02:09:59.279 21855 21896 I GH.ConnLoggerV2: Session 7bdbf25b-9c23-458c-9bb7-27434b9831e6, event 1648, detail OptionalInt.empty, WIRELESS_WIFI_PROJECTION_REQUESTED_BY_HU_WITHOUT_REASON, at 384488313 
02-23 02:09:59.281 21855 21896 I GH.ConnLoggerV2: Session 7bdbf25b-9c23-458c-9bb7-27434b9831e6, event 1649, detail OptionalInt.empty, WIRELESS_WIFI_PROJECTION_PROTOCOL_RFCOMM_INFO_REQUEST_SENT, at 384488314 
02-23 02:09:59.283 21855 21896 I GH.ConnLoggerV2: Session 7bdbf25b-9c23-458c-9bb7-27434b9831e6, event 1650, detail OptionalInt.empty, WIRELESS_WIFI_PROJECTION_PROTOCOL_RFCOMM_START_RESPONSE_SENT, at 384488316 
02-23 02:09:59.285 21855 21896 I GH.ConnLoggerV2: Session 7bdbf25b-9c23-458c-9bb7-27434b9831e6, event 1651, detail OptionalInt[-1169925246], WIRELESS_SETUP_HU_TRACKER_READY, at 384488317 
02-23 02:09:59.286 21855 21896 I GH.ConnLoggerV2: Session 7bdbf25b-9c23-458c-9bb7-27434b9831e6, event 1652, detail OptionalInt[-1169925246], WIRELESS_SETUP_CDM_AND_HU_TRACKER_READY, at 384488317 
02-23 02:09:59.288 21855 21896 I GH.ConnLoggerV2: Session 7bdbf25b-9c23-458c-9bb7-27434b9831e6, event 1653, detail OptionalInt[-1169925246], WIRELESS_SETUP_HU_PRESENCE_EVALUATED, at 384488318 
02-23 02:09:59.290 21855 21896 I GH.ConnLoggerV2: Session 7bdbf25b-9c23-458c-9bb7-27434b9831e6, event 1654, detail OptionalInt.empty, WIRELESS_WIFI_PROJECTION_REQUESTED, at 384488321 
02-23 02:09:59.291 21855 21896 I GH.ConnLoggerV2: Session 7bdbf25b-9c23-458c-9bb7-27434b9831e6, from BT_SETUP, to WIFI_SETUP, reason WIFI_START_REQUEST_RECEIVED at time 384488356.
02-23 02:09:59.293 21855 21896 I GH.ConnLoggerV2: Session 7bdbf25b-9c23-458c-9bb7-27434b9831e6, event 1655, detail OptionalInt.empty, WIRELESS_SETUP_SHARED_SERVICE_START_SETUP, at 384488325 
02-23 02:09:59.294 21855 21896 I GH.ConnLoggerV2: Session 7bdbf25b-9c23-458c-9bb7-27434b9831e6, event 1656, detail OptionalInt[-1169925246], WIRELESS_SETUP_CANCELLED, at 384488329 
02-23 02:09:59.296 21855 21896 I GH.ConnLoggerV2: Session 7bdbf25b-9c23-458c-9bb7-27434b9831e6, event 1657, detail OptionalInt[-1169925246], WIRELESS_SETUP_CANCELLED_ALREADY_STARTED, at 384488329 
02-23 02:09:59.298 21855 21896 I GH.ConnLoggerV2: Session 7bdbf25b-9c23-458c-9bb7-27434b9831e6, event 1658, detail OptionalInt.empty, WIRELESS_WIFI_PROJECTION_PROTOCOL_RFCOMM_INFO_RESPONSE_RECEIVED, at 384488333 
02-23 02:09:59.299 21855 21896 I GH.ConnLoggerV2: Session 7bdbf25b-9c23-458c-9bb7-27434b9831e6, event 1659, detail OptionalInt.empty, WIRELESS_RFCOMM_INFO_RESPONSE_RECEIVED, at 384488334 
02-23 02:09:59.300 21855 21896 I GH.ConnLoggerV2: Session 7bdbf25b-9c23-458c-9bb7-27434b9831e6, event 1660, detail OptionalInt.empty, WIRELESS_WIFI_MD_WPA3_SECURITY_SUPPORTED, at 384488335 
02-23 02:09:59.301 21855 21896 I GH.ConnLoggerV2: Session 7bdbf25b-9c23-458c-9bb7-27434b9831e6, event 1661, detail OptionalInt.empty, WIRELESS_WIFI_USING_WPA2_SECURITY, at 384488336 
02-23 02:09:59.303 21855 21896 I GH.ConnLoggerV2: Session 7bdbf25b-9c23-458c-9bb7-27434b9831e6, event 1662, detail OptionalInt.empty, WIRELESS_CONNECTING_WIFI, at 384488337 
02-23 02:09:59.304 21855 21896 I GH.ConnLoggerV2: Session 7bdbf25b-9c23-458c-9bb7-27434b9831e6, event 1663, detail OptionalInt[7000], WIRELESS_CONNECTING_WIFI_WITH_TIMEOUT, at 384488338 
02-23 02:09:59.539 21855 22270 I GH.ConnBroadcast: Internet disconnected
02-23 02:10:02.248 21855 21896 I GH.ConnLoggerV2: connectivity state updated: true
02-23 02:10:03.399 21855 21896 I GH.ConnLoggerV2: Session 7bdbf25b-9c23-458c-9bb7-27434b9831e6, event 1664, detail OptionalInt.empty, WIRELESS_WIFI_ON_LINK_PROPERTIES_CHANGED_CALLBACK_INVOKED, at 384492458 
02-23 02:10:03.409 19618 19618 I GH.WIRELESS.SETUP: State changed to CONNECTED_WIFI
02-23 02:10:03.409 19618 19618 I GH.WIRELESS.SETUP: Send WifiConnectStatus, status=STATUS_SUCCESS, errorMessage=Optional.empty
02-23 02:10:03.409 19618 19618 I GH.WIRELESS.SETUP: State changed to PROJECTION_INITIATED
02-23 02:10:03.409 19618 19618 I GH.WIRELESS.SETUP: Processing projection network
02-23 02:10:03.409 19618 19618 W GH.WIRELESS.SETUP: Not persisting Wi-Fi configuration.
02-23 02:10:03.410 19618 25678 I GH.WirelessNotify: Hiding wifi disabled issue from WirelessSetupNotificationManager after WiFi connected.
02-23 02:10:03.410 19618 19618 W GH.WIRELESS.SETUP: Wi-Fi frequency is not persisted: config is removed.
02-23 02:10:03.410 19618 19618 I GH.WIRELESS.SETUP: Handing off to begin TCP connection
02-23 02:10:03.410 19618 19618 I GH.CarSvcDataStorage: Using DB version: 13
02-23 02:10:03.412 21855 21896 I GH.ConnLoggerV2: Session 7bdbf25b-9c23-458c-9bb7-27434b9831e6, event 1665, detail OptionalInt.empty, WIRELESS_WIFI_PROJECTION_PROTOCOL_RFCOMM_CONNECT_STATUS_SENT, at 384492473 
02-23 02:10:03.415 19618 19618 I GH.WIRELESS.SETUP: Requesting GAL socket, callback=0
02-23 02:10:03.416 19618 25678 I CAR.STARTUP: Checking handoff interest for component com.google.android.projection.gearhead/com.google.android.apps.auto.carservice.service.impl.GearheadCarStartupService
02-23 02:10:03.418 19618 25678 I CAR.STARTUP: Successfully bound to component com.google.android.projection.gearhead/com.google.android.apps.auto.carservice.service.impl.GearheadCarStartupService
02-23 02:10:03.418 21855 21896 I GH.ConnLoggerV2: Session 7bdbf25b-9c23-458c-9bb7-27434b9831e6, event 1666, detail OptionalInt.empty, WIRELESS_CONNECTED_WIFI, at 384492474 
02-23 02:10:03.418 19618 19618 I CAR.STARTUP: Service available
02-23 02:10:03.418 19618 25678 I GH.CAR  : isInterestedInHandoff - initialized
02-23 02:10:03.418 19618 25678 I GH.CAR  : Interested in handoff 8644762170184228185: true
02-23 02:10:03.418 19618 25678 I CAR.STARTUP: onStartupServiceAvailable - IStartup interest is true for ComponentInfo{com.google.android.projection.gearhead/com.google.android.apps.auto.carservice.service.impl.GearheadCarStartupService}
02-23 02:10:03.418 19618 25678 I GH.WirelessStartup: Interested in handoff com.google.android.projection.gearhead/com.google.android.apps.auto.carservice.service.impl.GearheadCarStartupService true
02-23 02:10:03.420 19618 25678 I GH.WirelessStartup: Interested in handoff - start handoff
02-23 02:10:03.420 21855 21896 I GH.ConnLoggerV2: Session 7bdbf25b-9c23-458c-9bb7-27434b9831e6, event 1667, detail OptionalInt.empty, WIRELESS_WIFI_PROJECTION_INITIATED, at 384492478 
02-23 02:10:03.420 19618 25678 I CAR.STARTUP: Handing off session 8644762170184228185 (2)
02-23 02:10:03.421 19618 25678 I GH.CAR  : Handoff session 8644762170184228185 (connection type: 2)
02-23 02:10:03.421 19618 25678 I GH.CAR  : Projection runs in proxy. Update iCar to the proxy.
02-23 02:10:03.421 19618 25678 I GH.CAR  : Handling wifi handoff 10.0.0.1:5288 (SSID: <unknown ssid>, BSSID: 02:00:00:00:00:00, MAC: 02:00:00:00:00:00, IP: /10.0.0.26, Security type: 2, Supplicant state: COMPLETED, Wi-Fi standard: 11ac, RSSI: -49, Link speed: 52Mbps, Tx Link speed: 52Mbps, Max Supported Tx Link speed: 96Mbps, Rx Link speed: 52Mbps, Max Supported Rx Link speed: 96Mbps, Frequency: 5180MHz, Net ID: -1, Metered hint: false, score: 0, isUsable: true, CarrierMerged: false, SubscriptionId: -1, IsPrimary: -1, Trusted: true, Restricted: false, Ephemeral: true, OEM paid: false, OEM private: false, OSU AP: false, FQDN: <none>, Provider friendly name: <none>, Requesting package name: <none><none>MLO Information: , Is TID-To-Link negotiation supported by the AP: false, AP MLD Address: <none>, AP MLO Link Id: <none>, AP MLO Affiliated links: <none>, Vendor Data: <none>)
02-23 02:10:03.422 19618 25785 I CAR.SETUP.WIFI: Creating socket, attempt 0
02-23 02:10:03.422 19618 25785 I CAR.SETUP.WIFI: Creating socket.
02-23 02:10:03.422 21855 21896 I GH.ConnLoggerV2: Session 7bdbf25b-9c23-458c-9bb7-27434b9831e6, from WIFI_SETUP, to LAUNCHING_PROJECTION, reason PROJECTION_INITIATED at time 384492487.
02-23 02:10:03.426 21855 21896 I GH.ConnLoggerV2: Session 7bdbf25b-9c23-458c-9bb7-27434b9831e6, event 1668, detail OptionalInt[-49], WIRELESS_WIFI_STARTUP_MANAGER_DIRECT_HANDOFF_STARTED, at 384492480 
02-23 02:10:03.430 19618 25785 I CAR.SETUP.WIFI: Socket connected to 10.0.0.1:5288
02-23 02:10:03.438 19618 25785 I GH.CAR  : Wifi socket connect event: status = 1, socket retry count = 0, network retry count = 0, error code = 0, connection time = 16 ms
02-23 02:10:03.438 21855 21896 I GH.ConnLoggerV2: Session 7bdbf25b-9c23-458c-9bb7-27434b9831e6, event 1669, detail OptionalInt[5180], WIRELESS_WIFI_CHANNEL_FREQUENCY_USED, at 384492481 
02-23 02:10:03.439 19618 19618 I GH.CAR  : Starting wifi connection: Socket[address=/10.0.0.1,port=5288,localPort=38608]
02-23 02:10:03.439 19618 19740 I GH.CarConnSessMgr: Starting car connection for session 8644762170184228185 of type 2
02-23 02:10:03.439  3048  7702 I CDM_AssociationStore: Updating new association=[Association{mId=4, mUserId=0, mPackageName='com.google.android.projection.gearhead', mDeviceMacAddress=null, mDisplayName='Android Auto', mDeviceProfile='android.app.role.SYSTEM_AUTOMOTIVE_PROJECTION', mSelfManaged=true, mAssociatedDevice=null, mNotifyOnDeviceNearby=false, mRevoked=false, mPending=false, mTimeApprovedMs=Wed Apr 23 15:53:34 CDT 2025, mLastTimeConnectedMs=Mon Feb 23 02:10:03 CST 2026, mSystemDataSyncFlags=0, mDeviceId='null}]...
02-23 02:10:03.449 21855 21896 I GH.ConnLoggerV2: Session 7bdbf25b-9c23-458c-9bb7-27434b9831e6, event 1670, detail OptionalInt.empty, WIRELESS_WIFI_STARTUP_MANAGER_ON_INTERESTED_IN_HANDOFF, at 384492483 
02-23 02:10:03.453  3048  7702 I CDM_DevicePresenceProcessor: Enable hint mode for device device profile: android.app.role.SYSTEM_AUTOMOTIVE_PROJECTION
02-23 02:10:03.454 19618 19618 I GH.CmpnDvcCtrlImpl: onDeviceAppeared: Android Auto (4)
02-23 02:10:03.454 21855 21896 I GH.ConnLoggerV2: Session 7bdbf25b-9c23-458c-9bb7-27434b9831e6, event 1671, detail OptionalInt.empty, CONNECTION_HANDOFF_TO_GEARHEAD_STARTED, at 384492485 
02-23 02:10:03.456 19618 19740 I GH.CarConnSession: canCarServiceLiteHandleMigration true; isMigrationFlagEnabled true
02-23 02:10:03.456 21855 21896 I GH.ConnLoggerV2: Session 7bdbf25b-9c23-458c-9bb7-27434b9831e6, event 1672, detail OptionalInt.empty, WIRELESS_WIFI_CAR_WIFI_SETUP_INITIALIZED, at 384492486 
02-23 02:10:03.458 19618 19740 I CAR.GAL.SECURITY.LITE: Successfully initialized SSL context for protocol: TLSv1.2 using provider: GmsCore_OpenSSL
02-23 02:10:03.459 19618 19740 I CAR.GAL.GAL.LITE: Creating per-channel priority writer thread.
02-23 02:10:03.459 19618 19740 I CAR.GAL.GAL.LITE: Creating PerChannelQueue for channel 0
02-23 02:10:03.459 19618 19740 I GH.CAR.ProxyEP.LITE: Proxy created for channel 0
02-23 02:10:03.463 19618 19618 I CAR.STARTUP: Handoff status true
02-23 02:10:03.463 19618 25678 I GH.WirelessStartup: handoff initiated: true
02-23 02:10:03.464 21855 21896 I GH.ConnLoggerV2: Session 7bdbf25b-9c23-458c-9bb7-27434b9831e6, event 1673, detail OptionalInt.empty, WIRELESS_WIFI_SOCKET_CONNECTING, at 384492487 
02-23 02:10:03.466 12010 12010 D GH.GhLifetimeService: registerProjectionLifetimeCallback(callback:qjc@c2fa18c)
02-23 02:10:03.467 21855 21896 I GH.ConnLoggerV2: Session 7bdbf25b-9c23-458c-9bb7-27434b9831e6, event 1674, detail OptionalInt.empty, WIRELESS_WIFI_SOCKET_CONNECTED, at 384492494 
02-23 02:10:03.468 21855 21896 I GH.ConnLoggerV2: Session 7bdbf25b-9c23-458c-9bb7-27434b9831e6, event 1675, detail OptionalInt.empty, CAR_CONNECTION_CDM_REQUESTED, at 384492503 
02-23 02:10:03.469 21855 21896 I GH.ConnLoggerV2: Session 7bdbf25b-9c23-458c-9bb7-27434b9831e6, event 1676, detail OptionalInt.empty, CAR_CONNECTION_CDM_APPROVED, at 384492519 
02-23 02:10:03.471 21855 21896 I GH.ConnLoggerV2: Session 7bdbf25b-9c23-458c-9bb7-27434b9831e6, event 1677, detail OptionalInt.empty, FRAMER_STARTED, at 384492528 
02-23 02:10:03.472 21855 21896 I GH.ConnLoggerV2: Session 7bdbf25b-9c23-458c-9bb7-27434b9831e6, event 1678, detail OptionalInt.empty, CONNECTION_HANDOFF_COMPLETE, at 384492528 
02-23 02:10:03.473 21855 21896 I GH.ConnLoggerV2: Session 7bdbf25b-9c23-458c-9bb7-27434b9831e6, event 1679, detail OptionalInt.empty, WIRELESS_WIFI_CAR_WIFI_SETUP_TORN_DOWN, at 384492530 
02-23 02:10:03.572 19618 25789 I CAR.GAL.GAL.LITE: Car requests protocol version ian[majorVersion=1, minorVersion=7]
02-23 02:10:03.572 19618 25789 I CAR.GAL.GAL.LITE: Requested protocol version ian[majorVersion=1, minorVersion=7], negotiated protocol version ian[majorVersion=1, minorVersion=7] (STATUS_SUCCESS)
02-23 02:10:03.572 21855 21896 I GH.ConnLoggerV2: Session 7bdbf25b-9c23-458c-9bb7-27434b9831e6, event 1680, detail OptionalInt.empty, VERSION_NEGOTIATION_STARTED, at 384492636 
02-23 02:10:03.576 21855 21896 I GH.ConnLoggerV2: Session 7bdbf25b-9c23-458c-9bb7-27434b9831e6, event 1681, detail OptionalInt.empty, VERSION_NEGOTIATION_SUCCESS_WIFI, at 384492636 
02-23 02:10:03.577 21855 21896 I GH.ConnLoggerV2: Session 7bdbf25b-9c23-458c-9bb7-27434b9831e6, event 1682, detail OptionalInt.empty, VERSION_NEGOTIATION_SUCCESS, at 384492637 
02-23 02:10:03.587 19618 25789 W CAR.GAL.SECURITY.LITE: Phone will wait for car to send more SSL handshake data
02-23 02:10:03.587 19618 25789 I CAR.GAL.SECURITY.LITE: Final result: java.nio.HeapByteBuffer[pos=0 lim=2348 cap=2348]
02-23 02:10:03.604 19618 25789 I CAR.GAL.SECURITY.LITE: Peer certificate subject name: OU=01,O=JVC Kenwood,L=Hachioji,ST=Tokyo,C=JP
02-23 02:10:03.604 19618 25789 I CAR.GAL.SECURITY.LITE: Peer certificate serial number: 27 (0x1b)
02-23 02:10:03.604 19618 25789 I CAR.GAL.SECURITY.LITE: Valid Times:
02-23 02:10:03.604 19618 25789 I CAR.GAL.SECURITY.LITE:     notBefore= Thu Jul 03 19:00:00 CDT 2014
02-23 02:10:03.604 19618 25789 I CAR.GAL.SECURITY.LITE:     notAfter= Sat Apr 29 09:28:38 CDT 2045
02-23 02:10:03.611 21855 21896 I GH.ConnLoggerV2: Session 7bdbf25b-9c23-458c-9bb7-27434b9831e6, event 1683, detail OptionalInt.empty, SSL_NEGOTIATION_SUCCESS_WIFI, at 384492675 
02-23 02:10:03.613 21855 21896 I GH.ConnLoggerV2: Session 7bdbf25b-9c23-458c-9bb7-27434b9831e6, event 1684, detail OptionalInt.empty, SSL_SUCCESS, at 384492675 
02-23 02:10:03.614 21855 21896 I GH.ConnLoggerV2: Session 7bdbf25b-9c23-458c-9bb7-27434b9831e6, event 1685, detail OptionalInt.empty, SDP_REQUEST_SENT, at 384492676 
02-23 02:10:03.623 21855 21896 I GH.ConnLoggerV2: Session 7bdbf25b-9c23-458c-9bb7-27434b9831e6, event 1686, detail OptionalInt.empty, SDP_RESPONSE_RECEIVED_WIFI, at 384492687 
02-23 02:10:03.623 19618 19618 I GH.CarSvcDataStorage: Using DB version: 13
02-23 02:10:03.624 21855 21896 I GH.ConnLoggerV2: Session 7bdbf25b-9c23-458c-9bb7-27434b9831e6, event 1687, detail OptionalInt.empty, SDP_RESPONSE_RECEIVED, at 384492687 
02-23 02:10:03.625 19618 19618 I CAR.FRX.CHECKS: shouldSkipLegacyFrxForCakewalk false, frx not required, exiting early
02-23 02:10:03.625 19618 19618 I GH.CarConnSession: Putting shouldSkipLegacyFrxForCakewalk=false into metadata bundle
02-23 02:10:03.625 19618 19618 I CAR.FRX.CHECKS: Deciding where to run FRX (GMS vs. GH):
02-23 02:10:03.625 19618 19618 I CAR.FRX.CHECKS: isFrxRequired=false
02-23 02:10:03.625 19618 19618 I CAR.FRX.CHECKS: shouldRunLegacyFrx=true
02-23 02:10:03.625 19618 19618 I CAR.FRX.CHECKS: isOsCompatible=true
02-23 02:10:03.625 19618 19618 I CAR.FRX.CHECKS: areApplicationsFullyUpdated=true
02-23 02:10:03.625 19618 19618 I GH.CarConnSession: Hand off FRX
02-23 02:10:03.626 19618 19618 I CAR.STARTUP: Handoff service discovery complete 9
02-23 02:10:03.626 21855 21896 I GH.ConnLoggerV2: Session 7bdbf25b-9c23-458c-9bb7-27434b9831e6, event 1688, detail OptionalInt.empty, GEARHEAD_PROJECTION_ENABLED, at 384492690 
02-23 02:10:03.626 21855 21896 I GH.StartupMeasure: logEvent GEARHEAD_PROJECTION_ENABLED=PT106H48M12.69S
02-23 02:10:03.626 21855 21896 I GH.StartupMeasure: logEvent GEARHEAD_PROJECTION_ENABLED=PT106H48M12.69S
02-23 02:10:03.626 19618 25678 I GH.WIRELESS.SETUP: Received GAL socket result, callback=0, result=INSTANCE
02-23 02:10:03.627 19618 25678 I GH.WirelessStartup: Socket completed. Success: true. SocketResult needed additional handling: true
02-23 02:10:03.627 19618 25678 I GH.WirelessStartup: Handoff complete. Interested component: com.google.android.projection.gearhead/com.google.android.apps.auto.carservice.service.impl.GearheadCarStartupService. Success: true.
02-23 02:10:03.627 19618 25678 I GH.WirelessStartup: Handoff success with 9 services
02-23 02:10:03.627 19618 25678 I GH.WirelessStartup: Starting transfer for handoff.
02-23 02:10:03.627 19618 19618 I GH.CarConnSession: Transfer for handoff with userAuthorized (true)
02-23 02:10:03.629 21855 21896 I GH.ConnLoggerV2: Session 7bdbf25b-9c23-458c-9bb7-27434b9831e6, event 1689, detail OptionalInt[-49], WIRELESS_WIFI_STARTUP_MANAGER_ON_HANDOFF_COMPLETE, at 384492691 
02-23 02:10:03.631 19618 19618 I CAR.SERVICE: Car connection state changed: DISCONNECTED->CONNECTING
02-23 02:10:03.631 19618 19618 I CAR.POOL_VIDEO: Initializing managed buffer pools with direct buffers
02-23 02:10:03.632 19618 19618 I CAR.AUTH: Package com.google.android.projection.gearhead for uid 10253: isGoogleSigned = [INVALID: format=%b, type=xto, value=true], isPackageAllowed = [INVALID: format=%b, type=xto, value=false]
02-23 02:10:03.632 19618 19618 E CAR.AUTH: Call from UID 10253 is not allowed.
02-23 02:10:03.632 21855 21896 I GH.ConnLoggerV2: Session 7bdbf25b-9c23-458c-9bb7-27434b9831e6, event 1690, detail OptionalInt.empty, WIRELESS_GAL_SOCKET_CONNECTED, at 384492691 
02-23 02:10:03.633 19618 19618 I CAR.SERVICE.LITE: Overriding delegate with new Lite CarServiceBinder, sessionId: 8644762170184228185, connectionType: 2
02-23 02:10:03.633 19618 19618 I CAR.SERVICE.LITE: Updating receiver callback and sessionId for connectionType: 2
02-23 02:10:03.634 19618 25794 I GH.CAR  : Resume session 8644762170184228185
02-23 02:10:03.634 19618 19618 I CAR.STARTUP: Resume complete with status true
02-23 02:10:03.635 21855 21896 I GH.ConnLoggerV2: Session 7bdbf25b-9c23-458c-9bb7-27434b9831e6, event 1691, detail OptionalInt.empty, AUTHORIZATION_STARTED, at 384492691 
02-23 02:10:03.636 19618 25678 I GH.WirelessStartup: Car setup no longer needed
02-23 02:10:03.636 19618 25678 I GH.WirelessStartup: Connection handoff complete
02-23 02:10:03.636 19618 19618 I CAR.GAL.SECURITY.LITE: Successfully initialized SSL context for protocol: TLSv1.2 using provider: GmsCore_OpenSSL
02-23 02:10:03.636 19618 19618 I CAR.GAL.GAL.LITE: Adding service (Service id=2 type=SensorSourceService {sensors=[type=10,type=13,type=1,type=2,type=19,type=20,] locationCharacterization=0 fuelType=[] evConnectorType=[]} )
02-23 02:10:03.637 19618 19618 I CAR.GAL.GAL.LITE: Adding service (Service id=8 type=BluetoothService { carAddress=DC:A6:32:E7:5A:FF supportedPairingMethods=[4,]})
02-23 02:10:03.637 19618 19618 I CAR.GAL.GAL.LITE: onChannelOpened: 0
02-23 02:10:03.639 19618 19618 I CAR.SERVICE.LITE: started foreground service
02-23 02:10:03.639 19618 19618 I CAR.SERVICE.LITE: Car connection state changed: DISCONNECTED->CONNECTING
02-23 02:10:03.639 21855 21896 I GH.ConnLoggerV2: Session 7bdbf25b-9c23-458c-9bb7-27434b9831e6, event 1692, detail OptionalInt.empty, WIRELESS_WIFI_STARTUP_MANAGER_ON_CAR_SERVICE_STARTED, at 384492700 
02-23 02:10:03.640 19618 19618 I CAR.SERVICE.USBMON.LITE: Starting USB monitor
02-23 02:10:03.641 19618 19618 I CAR.TOKEN: Connecting pof@3072d2f using class pye@146400453/class pyh@187481916 (cx attempt 1)
02-23 02:10:03.643 19618 19618 I CAR.SERVICE.USBMON.LITE: Port status changed for UsbPort{id=port0, supportedModes=dual, audio_acc, supportedContaminantProtectionModes=0, supportsEnableContaminantPresenceProtection=false, supportsEnableContaminantPresenceDetection=false, supportsComplianceWarnings=false: UsbPortStatus{connected=true, currentDataRole=2, currentPowerRole=2, supportedRoleCombinations=272, currentMode=1}
02-23 02:10:03.644 19618 19618 I CAR.SERVICE.USBMON.LITE: Usb status changed to: UsbState{configured=true, connected=true, dataUnlocked=true, functionAccessory=false, functionAdb=true, functionAudioSource=false, functionMtp=true, functionPtp=false}
02-23 02:10:03.645 19618 19618 I CAR.BT.LITE: Registered key missing receiver
02-23 02:10:03.645 21855 21896 I GH.ConnLoggerV2: Session 7bdbf25b-9c23-458c-9bb7-27434b9831e6, event 1693, detail OptionalInt.empty, USB_MONITOR_STARTED, at 384492707 
02-23 02:10:03.646 19618 19618 I CAR.BT.LITE: handleTransition: Entering into state STATE_WAITING_FOR_ENDPOINT_READY BluetoothFsmStateType=BT_FSM_STATE_WAITING_FOR_ENDPOINT_READY, previous event EVENT_SERVICE_INITIALIZED, BluetoothFsmEventType=BT_FSM_EVENT_SERVICE_INITIALIZED
02-23 02:10:03.646 19618 19618 W CAR.BT.SVC.LITE: disabling A2dp route while in projection
02-23 02:10:03.646 19618 19618 I CAR.BT.SVC.LITE: Routing media audio via device type 0
02-23 02:10:03.648 19618 19618 I CAR.BT.SVC.LITE: setting device metadata for DC:A6:32:E7:5A:FF
02-23 02:10:03.650 19618 19618 I CAR.LITE.LITE: Start required services in lite 2
02-23 02:10:03.650 19618 25794 I CAR.CONMAN.LITE: Connection start services in conman
02-23 02:10:03.650 19618 25794 I CAR.XFER.LITE: CAR_SERVICE_LITE Start executor and read messages
02-23 02:10:03.650 19618 25794 I GH.CAR  : Start required services with types 8644762170184228185
02-23 02:10:03.650 19618 25801 I GH.GhCarClientCtor: Bound to startup service, got Car Service: ipb@aa187de
02-23 02:10:03.650 19618 19740 I GH.CarConnSessMgr: Start required services
02-23 02:10:03.650 19618 19618 I CAR.TOKEN: Successfully connected pyj@ad79417 using class pye@146400453/class pyh@187481916 (cx attempt 1)
02-23 02:10:03.651 19618 19618 I CAR.TOKEN: Token caller not specified, so skipping telemetry logging. Process: com.google.android.projection.gearhead:car
02-23 02:10:03.651 19618 19618 I GH.CarConnSession: Start required services in background 8644762170184228185, session is active true
02-23 02:10:03.651 19618 19618 I CAR.AUDIO: force single channel capturing:false
02-23 02:10:03.651 19618 19618 I CAR.AUDIO: Select audio config: 0 for channel: MEDIA
02-23 02:10:03.651 21855 21896 I GH.ConnLoggerV2: Session 7bdbf25b-9c23-458c-9bb7-27434b9831e6, event 1694, detail OptionalInt.empty, USB_PORT_CONNECTED, at 384492707 
02-23 02:10:03.651 19618 19618 I CAR.AUDIO.CHANNEL: enabling stream: SYSTEM, had focus: false
02-23 02:10:03.653 19618 25804 I CAR.AUDIO.AFM: Requesting initial Android audio focus
02-23 02:10:03.654 19618 25803 I CAR.AUDIO.CHANNEL: waitForStreamToStop: MEDIA, wait for ack: true
02-23 02:10:03.654 19618 25803 I CAR.AUDIO.CHANNEL: waitForStreamToStop: TTS, wait for ack: true
02-23 02:10:03.654 19618 19618 I CAR.AUDIO: Select audio config: 0 for channel: TTS
02-23 02:10:03.654 21855 21896 I GH.ConnLoggerV2: Session 7bdbf25b-9c23-458c-9bb7-27434b9831e6, event 1695, detail OptionalInt.empty, USB_CONNECTED, at 384492708 
02-23 02:10:03.654 19618 25804 I CAR.AUDIO.FOCUS: Sending AUDIO_FOCUS_RELEASE to HU for app null due to Android focus change: LOSS
02-23 02:10:03.654 19618 25804 I CAR.AUDIO.FOCUS: Send focus request to HU: AUDIO_FOCUS_RELEASE, attempt#: 1
02-23 02:10:03.654 19618 25804 I CAR.GAL.AUDIO.LITE: sent audio focus request: AUDIO_FOCUS_RELEASE
02-23 02:10:03.654 19618 19618 I CAR.AUDIO.CHANNEL: enabling stream: SYSTEM, had focus: true
02-23 02:10:03.654 19618 19618 W CAR.AUDIO: Unsupported stream type: 1
02-23 02:10:03.654 19618 19618 W CAR.AUDIO: Failed to find 48kHz guidance config, fallback to 16KHz
02-23 02:10:03.654 19618 19618 I CAR.AUDIO: Select audio config: 0 for channel: SYSTEM
02-23 02:10:03.654 19618 19618 W CAR.AUDIO.Policy: Unsupported stream type: 1
02-23 02:10:03.654 19618 19618 I CAR.AUDIO.CHANNEL: enabling stream: SYSTEM, had focus: true
02-23 02:10:03.655 19618 19618 I GH.CAR.VIDEO: The videoCodecType to be used is: 3
02-23 02:10:03.655 19618 19618 W CAR.INPUT: No touchpad found. Using default threshold.
02-23 02:10:03.655 19618 19618 W CAR.INPUT: No touchpad found. Using default threshold.
02-23 02:10:03.655 19618 19618 I CAR.INPUT: Discovered input for display 0 with service 1: CarUiInfo (hasRotaryController: false, touchscreenType: 1, hasSearchButton: true, hasTouchpadForUiNavigation: false, hasDpad: false, isTouchpadUiAbsolute: false, touchpadMoveThresholdPx: 48, touchpadMultimoveThresholdPx: 64)
02-23 02:10:03.655 19618 19618 I CAR.SENSOR: setDisplaySourceService Setting DisplaySourceService for DefaultSensorListener
02-23 02:10:03.655 19618 19618 I CAR.XFER.LITE: CAR_SERVICE_PROXY Start executor and read messages
02-23 02:10:03.655 19618 19618 I GH.CarConnSession: Create proxy end points for 8 with service type: 9
02-23 02:10:03.655 19618 19618 I GH.CarConnSession: Start services 8644762170184228185
02-23 02:10:03.656 19618 19618 I GH.CarConnSession: Start services in proxy -([3, 4, 5, 6, 1, 2, 14, 7])
02-23 02:10:03.656 19618 19618 I GH.CarConnSession: Start services in lite -([8])
02-23 02:10:03.656 19618 19618 I GH.SelectSvcStarter: Ok to start service 3
02-23 02:10:03.656 19618 19618 I GH.SelectSvcStarter: Ok to start service 4
02-23 02:10:03.656 19618 25807 I GH.MTMCByteCounter: MTMC byte counting started.
02-23 02:10:03.656 19618 19618 I GH.SelectSvcStarter: Ok to start service 5
02-23 02:10:03.656 19618 19618 I GH.SelectSvcStarter: Ok to start service 6
02-23 02:10:03.656 19618 19618 I GH.SelectSvcStarter: Ok to start service 1
02-23 02:10:03.656 19618 19618 I GH.SelectSvcStarter: Ok to start service 2
02-23 02:10:03.656 19618 19618 I GH.SelectSvcStarter: Ok to start service 8
02-23 02:10:03.656 19618 19618 I GH.SelectSvcStarter: Ok to start service 14
02-23 02:10:03.656 19618 19618 I GH.SelectSvcStarter: Ok to start service 7
02-23 02:10:03.657 19618 19618 I GH.CAR.ProxyEP.LITE: Proxy created for channel 3
02-23 02:10:03.657 19618 19618 I CAR.GAL.GAL.LITE: Creating PerChannelQueue for channel 3
02-23 02:10:03.658 19618 19618 I GH.CAR.ProxyEP.LITE: Proxy created for channel 4
02-23 02:10:03.658 19618 19618 I CAR.GAL.GAL.LITE: Creating AudioPerChannelQueue for channel 4
02-23 02:10:03.658 19618 19618 I GH.CAR.ProxyEP.LITE: Proxy created for channel 5
02-23 02:10:03.658 19618 19618 I CAR.GAL.GAL.LITE: Creating AudioPerChannelQueue for channel 5
02-23 02:10:03.658 19618 19618 I GH.CAR.ProxyEP.LITE: Proxy created for channel 6
02-23 02:10:03.658 19618 19618 I CAR.GAL.GAL.LITE: Creating AudioPerChannelQueue for channel 6
02-23 02:10:03.658 19618 19618 I GH.CAR.ProxyEP.LITE: Proxy created for channel 1
02-23 02:10:03.658 19618 19618 I CAR.GAL.GAL.LITE: Creating PerChannelQueue for channel 1
02-23 02:10:03.659 19618 19618 I GH.CAR.ProxyEP.LITE: Proxy created for channel 2
02-23 02:10:03.659 19618 19618 I CAR.GAL.GAL.LITE: Creating PerChannelQueue for channel 2
02-23 02:10:03.659 19618 19618 I GH.CAR.ProxyEP.LITE: Proxy created for channel 8
02-23 02:10:03.659 19618 19618 I CAR.GAL.GAL.LITE: Creating PerChannelQueue for channel 8
02-23 02:10:03.659 19618 19618 I GH.CAR.ProxyEP.LITE: Proxy created for channel 14
02-23 02:10:03.659 19618 19618 I CAR.GAL.GAL.LITE: Creating PerChannelQueue for channel 14
02-23 02:10:03.661 19618 19618 I GH.CAR.ProxyEP.LITE: Proxy created for channel 7
02-23 02:10:03.661 19618 19618 I CAR.GAL.GAL.LITE: Creating PerChannelQueue for channel 7
02-23 02:10:03.661 19618 19618 I CAR.AUDIO: Call state change: IDLE(0)
02-23 02:10:03.661 21855 21896 I GH.ConnLoggerV2: Session 7bdbf25b-9c23-458c-9bb7-27434b9831e6, event 1696, detail OptionalInt.empty, USB_CONFIGURED, at 384492708 
02-23 02:10:03.663 19618 25789 I CAR.GAL.AUDIO.LITE: Got audio focus state from car:AUDIO_FOCUS_STATE_LOSS
02-23 02:10:03.663 19618 25789 I CAR.AUDIO.FOCUS: Received focus change from HU: AUDIO_FOCUS_STATE_LOSS, unsolicited: false
02-23 02:10:03.663 19618 25804 I CAR.AUDIO.FOCUS: Handling CarAudioFocusEvent from HU: packageName=null, audioFocusRequestType=AUDIO_FOCUS_RELEASE, audioFocusStateType=AUDIO_FOCUS_STATE_LOSS, unsolicitedResponse=false, gearheadForcedResponse=false, pendingRequest=NONE
02-23 02:10:03.663 19618 25804 I CAR.AUDIO.FOCUS: changeAndroidFocus: true
02-23 02:10:03.664 19618 25804 I CAR.AUDIO.AFM: Invalidate audio focus stack monitor due to car audio focus change
02-23 02:10:03.664 19618 25804 I CAR.AUDIO.CHANNEL: disabling stream: MEDIA, had focus: false
02-23 02:10:03.664 19618 25804 I CAR.AUDIO.CHANNEL: disabling stream: TTS, had focus: false
02-23 02:10:03.664 19618 25804 I CAR.AUDIO.CHANNEL: handleStreamFocusChange old state media: false tts: false, new state media: false tts: false
02-23 02:10:03.664 19618 25804 I CAR.AUDIO.CHANNEL: Audio stream 1 did not request bottom half
02-23 02:10:03.664 19618 25804 I CAR.AUDIO.CHANNEL: Audio stream 0 did not request bottom half
02-23 02:10:03.666 21855 21896 I GH.ConnLoggerV2: Session 7bdbf25b-9c23-458c-9bb7-27434b9831e6, event 1697, detail OptionalInt.empty, USB_ENTERED_ADB_MODE, at 384492708 
02-23 02:10:03.670 21855 21896 I GH.ConnLoggerV2: Session 7bdbf25b-9c23-458c-9bb7-27434b9831e6, event 1698, detail OptionalInt.empty, USB_ENTERED_MTP_MODE, at 384492708 
02-23 02:10:03.671 21855 21896 I GH.ConnLoggerV2: Session 7bdbf25b-9c23-458c-9bb7-27434b9831e6, event 1699, detail OptionalInt.empty, USB_DATA_UNLOCKED, at 384492708 
02-23 02:10:03.672 21855 21896 I GH.ConnLoggerV2: Session 7bdbf25b-9c23-458c-9bb7-27434b9831e6, event 1700, detail OptionalInt.empty, CAR_SERVICE_ENDPOINTS_STARTING, at 384492713 
02-23 02:10:03.673 21855 21896 I GH.ConnLoggerV2: Session 7bdbf25b-9c23-458c-9bb7-27434b9831e6, event 1701, detail OptionalInt.empty, GEARHEAD_ENDPOINTS_STARTING, at 384492715 
02-23 02:10:03.687 19618 25795 W CAR.VALIDATOR: Package DENIED; Uses for TEMPLATE not defined [com.google.android.googlequicksearchbox]
02-23 02:10:03.707 19618 25812 I CAR.GAL.GAL.LITE: onChannelOpened: 7
02-23 02:10:03.708 19618 25789 I CAR.GAL.GAL.LITE: onChannelOpened: 8
02-23 02:10:03.708 19618 25808 I CAR.GAL.GAL.LITE: onChannelOpened: 3
02-23 02:10:03.708 19618 25810 I CAR.GAL.GAL.LITE: onChannelOpened: 2
02-23 02:10:03.708 19618 25809 I CAR.GAL.GAL.LITE: onChannelOpened: 4
02-23 02:10:03.708 19618 25808 I CAR.GAL.GAL.LITE: onChannelOpened: 1
02-23 02:10:03.708 19618 25809 I CAR.GAL.GAL.LITE: onChannelOpened: 5
02-23 02:10:03.708 19618 25809 I CAR.GAL.GAL.LITE: onChannelOpened: 6
02-23 02:10:03.708 19618 25789 I CAR.GAL.GAL.LITE: onChannelOpened: 14
02-23 02:10:03.708 19618 25797 I CAR.GAL.GAL.LITE: onChannelOpened: 8
02-23 02:10:03.708 19618 25800 I CAR.GAL.GAL.LITE: onChannelOpened: 2
02-23 02:10:03.709 19618 19618 I GH.SelectSvcStarter: All services have been started.
02-23 02:10:03.709 19618 19618 I CAR.BT.LITE: handleTransition: Entering into state STATE_ENABLING BluetoothFsmStateType=BT_FSM_STATE_ENABLING, previous event EVENT_ENDPOINT_READY, BluetoothFsmEventType=BT_FSM_EVENT_ENDPOINT_READY
02-23 02:10:03.709 19618 19618 I CAR.LITE.LITE: Car services started
02-23 02:10:03.709 19618 19618 I GH.CarConnSession: Service start completed for 8644762170184228185
02-23 02:10:03.710 19618 19618 I CAR.CONMAN.LITE: onStartRequiredServicesComplete: success=true
02-23 02:10:03.711 19618 25808 I CAR.GAL.VIDEO.LITE: Initialize video source flow controller with max unacked allowed: 10
02-23 02:10:03.711 19618 25808 I CAR.GAL.VIDEO.LITE: configMessage, MAX_UNACK: 10
02-23 02:10:03.711 19618 25808 I CAR.VIDEO: AVC Level 0x20000 fps 60 pixel 8294400
02-23 02:10:03.711 19618 25808 I CAR.VIDEO: Choosing codec c2.qti.avc.encoder
02-23 02:10:03.712 19618 19618 I CAR.SYS : Successfully set automotive projection.
02-23 02:10:03.713 19618 19618 I CAR.WM.FrameRateLimit: Frame rate change. 0 fps -> 60 fps
02-23 02:10:03.713 21855 21896 I GH.ConnLoggerV2: Session 7bdbf25b-9c23-458c-9bb7-27434b9831e6, event 1702, detail OptionalInt.empty, GEARHEAD_ENDPOINTS_COMPLETED, at 384492773 
02-23 02:10:03.718 21855 21896 I GH.ConnLoggerV2: Session 7bdbf25b-9c23-458c-9bb7-27434b9831e6, event 1703, detail OptionalInt.empty, PROJECTION_WINDOW_MANAGER_STARTING, at 384492777 
02-23 02:10:03.755 19618 25808 I CAR.GAL.VIDEO.LITE: VideoFocus gained unsolicited=false
02-23 02:10:03.755 19618 25808 I CAR.VIDEO: Video focus gained for display type: 0.
02-23 02:10:03.755 19618 25808 I CAR.GAL.VIDEO.LITE: Input Focus Gained
02-23 02:10:03.756 19618 25809 I CAR.GAL.AUDIO.LITE: Creating MediaSourceFlowController for AUDIO_STREAM_MEDIA stream type with throttling disabled: false, maxHuAudioBufferFrames: 2147483647, maxUnackedFramesAllowed: 1
02-23 02:10:03.756 19618 25809 I CAR.AUDIO.MEDIA.LITE: configMessage, MAX_UNACK: 1
02-23 02:10:03.756 19618 25809 I CAR.AUDIO.MEDIA: Flag that enables save audio developer setting: false
02-23 02:10:03.756 19618 25805 I CAR.VIDEO: AVC Level 0x20000 fps 60 pixel 8294400
02-23 02:10:03.756 19618 25805 I CAR.VIDEO: Choosing codec c2.qti.avc.encoder
02-23 02:10:03.756 19618 25805 I CAR.MEDIA.VIDEO: wait for encoder init [Video EncodingThread.]
02-23 02:10:03.757 19618 25809 I CAR.AUDIO.CHANNEL: Mark stream ready: MEDIA
02-23 02:10:03.757 19618 25809 I CAR.AUDIO.MEDIA: AudioSourceService is ready with stream type: MEDIA
02-23 02:10:03.757 19618 25809 I CAR.AUDIO.MEDIA: startSystemSoundStreaming MEDIA
02-23 02:10:03.757 19618 25809 I CAR.GAL.AUDIO.LITE: Creating MediaSourceFlowController for AUDIO_STREAM_GUIDANCE stream type with throttling disabled: false, maxHuAudioBufferFrames: 2147483647, maxUnackedFramesAllowed: 1
02-23 02:10:03.757 19618 25804 I CAR.AUDIO.FOCUS: Handling CarAudioFocusEvent from HU: packageName=null, audioFocusRequestType=null, audioFocusStateType=AUDIO_FOCUS_STATE_LOSS, unsolicitedResponse=false, gearheadForcedResponse=true, pendingRequest=NONE
02-23 02:10:03.757 19618 25809 I CAR.AUDIO.TTS.LITE: configMessage, MAX_UNACK: 1
02-23 02:10:03.757 19618 25804 I CAR.AUDIO.FOCUS: changeAndroidFocus: true
02-23 02:10:03.757 19618 25804 I CAR.AUDIO.CHANNEL: disabling stream: MEDIA, had focus: false
02-23 02:10:03.757 19618 25804 I CAR.AUDIO.CHANNEL: disabling stream: TTS, had focus: false
02-23 02:10:03.757 19618 25804 I CAR.AUDIO.CHANNEL: handleStreamFocusChange old state media: false tts: false, new state media: false tts: false
02-23 02:10:03.757 19618 25809 I CAR.AUDIO.TTS: Flag that enables save audio developer setting: false
02-23 02:10:03.757 19618 25840 I CAR.AUDIO.MEDIA: Start capturing system audio with sampling rate: 48000, buffer size: 65536, expected frame duration: 42.666667 ms
02-23 02:10:03.757 19618 25840 I CAR.AUDIO.MEDIA: Creating audio record
02-23 02:10:03.757 19618 25840 I CAR.AUDIO.Policy: Registering audio policy
02-23 02:10:03.759 19618 25809 I CAR.AUDIO.CHANNEL: Mark stream ready: TTS
02-23 02:10:03.759 19618 25809 I CAR.AUDIO.TTS: AudioSourceService is ready with stream type: TTS
02-23 02:10:03.759 19618 25809 I CAR.AUDIO.TTS: startSystemSoundStreaming TTS
02-23 02:10:03.759 19618 25847 I CAR.AUDIO.TTS: Start capturing system audio with sampling rate: 48000, buffer size: 16384, expected frame duration: 42.666667 ms
02-23 02:10:03.759 19618 25847 I CAR.AUDIO.TTS: Creating audio record
02-23 02:10:03.760 19618 25809 I CAR.GAL.AUDIO.LITE: Creating MediaSourceFlowController for AUDIO_STREAM_SYSTEM_AUDIO stream type with throttling disabled: false, maxHuAudioBufferFrames: 2147483647, maxUnackedFramesAllowed: 1
02-23 02:10:03.760 19618 25804 I CAR.AUDIO.CHANNEL: Audio stream 1 did not request bottom half
02-23 02:10:03.760 19618 25809 I CAR.AUDIO.TTS.LITE: configMessage, MAX_UNACK: 1
