02-23 01:59:05.547 19618 19618 I GH.SelectSvcStarter: Ok to start service 4
02-23 01:59:05.547 19618 19618 I GH.SelectSvcStarter: Ok to start service 5
02-23 01:59:05.547 19618 19618 I GH.SelectSvcStarter: Ok to start service 6
02-23 01:59:05.547 19618 19618 I GH.SelectSvcStarter: Ok to start service 1
02-23 01:59:05.547 19618 19618 I GH.SelectSvcStarter: Ok to start service 2
02-23 01:59:05.547 19618 19618 I GH.SelectSvcStarter: Ok to start service 8
02-23 01:59:05.547 19618 19618 I GH.SelectSvcStarter: Ok to start service 14
02-23 01:59:05.548 19618 19618 I GH.SelectSvcStarter: Ok to start service 7
02-23 01:59:05.548 19618 24400 I GH.MTMCByteCounter: MTMC byte counting started.
02-23 01:59:05.548 19618 19618 I GH.CAR.ProxyEP.LITE: Proxy created for channel 3
02-23 01:59:05.548 19618 19618 I CAR.GAL.GAL.LITE: Creating PerChannelQueue for channel 3
02-23 01:59:05.548 19618 19618 I GH.CAR.ProxyEP.LITE: Proxy created for channel 4
02-23 01:59:05.548 19618 19618 I CAR.GAL.GAL.LITE: Creating AudioPerChannelQueue for channel 4
02-23 01:59:05.549 19618 19618 I GH.CAR.ProxyEP.LITE: Proxy created for channel 5
02-23 01:59:05.549 19618 19618 I CAR.GAL.GAL.LITE: Creating AudioPerChannelQueue for channel 5
02-23 01:59:05.549 19618 19618 I GH.CAR.ProxyEP.LITE: Proxy created for channel 6
02-23 01:59:05.549 19618 19618 I CAR.GAL.GAL.LITE: Creating AudioPerChannelQueue for channel 6
02-23 01:59:05.549 19618 19618 I GH.CAR.ProxyEP.LITE: Proxy created for channel 1
02-23 01:59:05.549 19618 19618 I CAR.GAL.GAL.LITE: Creating PerChannelQueue for channel 1
02-23 01:59:05.549 21855 21896 I GH.ConnLoggerV2: Session 7bdbf25b-9c23-458c-9bb7-27434b9831e6, event 1523, detail OptionalInt.empty, USB_ENTERED_ADB_MODE, at 383834598 
02-23 01:59:05.550 19618 19618 I GH.CAR.ProxyEP.LITE: Proxy created for channel 2
02-23 01:59:05.550 19618 19618 I CAR.GAL.GAL.LITE: Creating PerChannelQueue for channel 2
02-23 01:59:05.550 19618 19618 I GH.CAR.ProxyEP.LITE: Proxy created for channel 8
02-23 01:59:05.550 19618 19618 I CAR.GAL.GAL.LITE: Creating PerChannelQueue for channel 8
02-23 01:59:05.550 19618 19618 I GH.CAR.ProxyEP.LITE: Proxy created for channel 14
02-23 01:59:05.550 19618 19618 I CAR.GAL.GAL.LITE: Creating PerChannelQueue for channel 14
02-23 01:59:05.550 19618 19618 I GH.CAR.ProxyEP.LITE: Proxy created for channel 7
02-23 01:59:05.550 19618 19618 I CAR.GAL.GAL.LITE: Creating PerChannelQueue for channel 7
02-23 01:59:05.550 19618 19618 I CAR.AUDIO: Call state change: IDLE(0)
02-23 01:59:05.551 21855 21896 I GH.ConnLoggerV2: Session 7bdbf25b-9c23-458c-9bb7-27434b9831e6, event 1524, detail OptionalInt.empty, USB_ENTERED_MTP_MODE, at 383834598 
02-23 01:59:05.552 19618 24381 W CAR.VALIDATOR: Package DENIED; Uses for MEDIA not defined [com.android.bluetooth]
02-23 01:59:05.552 19618 24371 I CAR.GAL.AUDIO.LITE: Got audio focus state from car:AUDIO_FOCUS_STATE_LOSS
02-23 01:59:05.552 19618 24371 I CAR.AUDIO.FOCUS: Received focus change from HU: AUDIO_FOCUS_STATE_LOSS, unsolicited: false
02-23 01:59:05.552 19618 24391 I CAR.AUDIO.FOCUS: Handling CarAudioFocusEvent from HU: packageName=null, audioFocusRequestType=AUDIO_FOCUS_RELEASE, audioFocusStateType=AUDIO_FOCUS_STATE_LOSS, unsolicitedResponse=false, gearheadForcedResponse=false, pendingRequest=NONE
02-23 01:59:05.552 19618 24391 I CAR.AUDIO.FOCUS: changeAndroidFocus: true
02-23 01:59:05.552 19618 24391 I CAR.AUDIO.AFM: Invalidate audio focus stack monitor due to car audio focus change
02-23 01:59:05.552 19618 24391 I CAR.AUDIO.CHANNEL: disabling stream: MEDIA, had focus: false
02-23 01:59:05.552 19618 24391 I CAR.AUDIO.CHANNEL: disabling stream: TTS, had focus: false
02-23 01:59:05.552 19618 24391 I CAR.AUDIO.CHANNEL: handleStreamFocusChange old state media: false tts: false, new state media: false tts: false
02-23 01:59:05.552 19618 24391 I CAR.AUDIO.CHANNEL: Audio stream 1 did not request bottom half
02-23 01:59:05.552 19618 24391 I CAR.AUDIO.CHANNEL: Audio stream 0 did not request bottom half
02-23 01:59:05.553 19618 24381 W CAR.VALIDATOR: Package DENIED; Uses for MEDIA not defined [com.google.android.youtube]
02-23 01:59:05.554 19618 24381 W CAR.VALIDATOR: Package DENIED; Uses for MEDIA not defined [com.microsoft.skydrive]
02-23 01:59:05.554 19618 24381 W CAR.VALIDATOR: Package DENIED; Uses for MEDIA not defined [com.samsung.android.app.interpreter]
02-23 01:59:05.555 21855 21896 I GH.ConnLoggerV2: Session 7bdbf25b-9c23-458c-9bb7-27434b9831e6, event 1525, detail OptionalInt.empty, USB_DATA_UNLOCKED, at 383834598 
02-23 01:59:05.555 19618 24381 W CAR.VALIDATOR: Package DENIED; Uses for MEDIA not defined [com.samsung.android.bixby.agent]
02-23 01:59:05.556 19618 24403 I CAR.GAL.GAL.LITE: onChannelOpened: 4
02-23 01:59:05.556 19618 24402 I CAR.GAL.GAL.LITE: onChannelOpened: 3
02-23 01:59:05.556 21855 21896 I GH.ConnLoggerV2: Session 7bdbf25b-9c23-458c-9bb7-27434b9831e6, event 1526, detail OptionalInt.empty, CAR_SERVICE_ENDPOINTS_STARTING, at 383834604 
02-23 01:59:05.558 19618 24402 I CAR.GAL.GAL.LITE: onChannelOpened: 1
02-23 01:59:05.558 19618 24403 I CAR.GAL.GAL.LITE: onChannelOpened: 5
02-23 01:59:05.558 19618 24403 I CAR.GAL.GAL.LITE: onChannelOpened: 6
02-23 01:59:05.559 21855 21896 I GH.ConnLoggerV2: Session 7bdbf25b-9c23-458c-9bb7-27434b9831e6, event 1527, detail OptionalInt.empty, GEARHEAD_ENDPOINTS_STARTING, at 383834606 
02-23 01:59:05.561 19618 24371 I CAR.GAL.GAL.LITE: onChannelOpened: 8
02-23 01:59:05.561 19618 24404 I CAR.GAL.GAL.LITE: onChannelOpened: 2
02-23 01:59:05.561 19618 24385 I CAR.GAL.GAL.LITE: onChannelOpened: 2
02-23 01:59:05.561 19618 24382 I CAR.GAL.GAL.LITE: onChannelOpened: 8
02-23 01:59:05.561 19618 19618 I CAR.LITE.LITE: Car services started
02-23 01:59:05.561 19618 19618 I CAR.BT.LITE: handleTransition: Entering into state STATE_ENABLING BluetoothFsmStateType=BT_FSM_STATE_ENABLING, previous event EVENT_ENDPOINT_READY, BluetoothFsmEventType=BT_FSM_EVENT_ENDPOINT_READY
02-23 01:59:05.563 19618 24381 W CAR.VALIDATOR: Package DENIED; Uses for MEDIA not defined [org.thoughtcrime.securesms]
02-23 01:59:05.564 19618 24381 W CAR.VALIDATOR: Package DENIED; Uses for MEDIA not defined [tv.startupshow.android]
02-23 01:59:05.564 19618 24371 I CAR.GAL.GAL.LITE: onChannelOpened: 14
02-23 01:59:05.564 19618 24405 I CAR.GAL.GAL.LITE: onChannelOpened: 7
02-23 01:59:05.564 19618 19618 I GH.SelectSvcStarter: All services have been started.
02-23 01:59:05.564 19618 19618 I GH.CarConnSession: Service start completed for 7073409503771881321
02-23 01:59:05.564 19618 24403 I CAR.GAL.AUDIO.LITE: Creating MediaSourceFlowController for AUDIO_STREAM_MEDIA stream type with throttling disabled: false, maxHuAudioBufferFrames: 2147483647, maxUnackedFramesAllowed: 1
02-23 01:59:05.564 19618 24403 I CAR.AUDIO.MEDIA.LITE: configMessage, MAX_UNACK: 1
02-23 01:59:05.564 19618 24403 I CAR.AUDIO.MEDIA: Flag that enables save audio developer setting: false
02-23 01:59:05.564 19618 19618 I CAR.CONMAN.LITE: onStartRequiredServicesComplete: success=true
02-23 01:59:05.565 21855 21896 I GH.ConnLoggerV2: Session 7bdbf25b-9c23-458c-9bb7-27434b9831e6, event 1528, detail OptionalInt.empty, GEARHEAD_ENDPOINTS_COMPLETED, at 383834629 
02-23 01:59:05.565 19618 24403 I CAR.AUDIO.CHANNEL: Mark stream ready: MEDIA
02-23 01:59:05.565 19618 24403 I CAR.AUDIO.MEDIA: AudioSourceService is ready with stream type: MEDIA
02-23 01:59:05.565 19618 24403 I CAR.AUDIO.MEDIA: startSystemSoundStreaming MEDIA
02-23 01:59:05.566 19618 24391 I CAR.AUDIO.FOCUS: Handling CarAudioFocusEvent from HU: packageName=null, audioFocusRequestType=null, audioFocusStateType=AUDIO_FOCUS_STATE_LOSS, unsolicitedResponse=false, gearheadForcedResponse=true, pendingRequest=NONE
02-23 01:59:05.566 19618 24391 I CAR.AUDIO.FOCUS: changeAndroidFocus: true
02-23 01:59:05.566 19618 24391 I CAR.AUDIO.CHANNEL: disabling stream: MEDIA, had focus: false
02-23 01:59:05.566 19618 19618 I CAR.SYS : Successfully set automotive projection.
02-23 01:59:05.566 19618 24413 I CAR.AUDIO.MEDIA: Start capturing system audio with sampling rate: 48000, buffer size: 65536, expected frame duration: 42.666667 ms
02-23 01:59:05.566 19618 24391 I CAR.AUDIO.CHANNEL: disabling stream: TTS, had focus: false
02-23 01:59:05.566 19618 24391 I CAR.AUDIO.CHANNEL: handleStreamFocusChange old state media: false tts: false, new state media: false tts: false
02-23 01:59:05.566 19618 24413 I CAR.AUDIO.MEDIA: Creating audio record
02-23 01:59:05.566 19618 24413 I CAR.AUDIO.Policy: Registering audio policy
02-23 01:59:05.566 19618 19618 I CAR.WM.FrameRateLimit: Frame rate change. 0 fps -> 60 fps
02-23 01:59:05.567 19618 24402 I CAR.GAL.VIDEO.LITE: Initialize video source flow controller with max unacked allowed: 10
02-23 01:59:05.567 19618 24402 I CAR.GAL.VIDEO.LITE: configMessage, MAX_UNACK: 10
02-23 01:59:05.567 19618 24391 I CAR.AUDIO.CHANNEL: Audio stream 1 did not request bottom half
02-23 01:59:05.567 19618 24391 I CAR.AUDIO.CHANNEL: Audio stream 0 did not request bottom half
02-23 01:59:05.567 19618 24402 I CAR.VIDEO: AVC Level 0x20000 fps 60 pixel 8294400
02-23 01:59:05.567 19618 24402 I CAR.VIDEO: Choosing codec c2.qti.avc.encoder
02-23 01:59:05.568 19618 24402 I CAR.GAL.VIDEO.LITE: VideoFocus gained unsolicited=false
02-23 01:59:05.568 19618 24402 I CAR.VIDEO: Video focus gained for display type: 0.
02-23 01:59:05.568 19618 24402 I CAR.GAL.VIDEO.LITE: Input Focus Gained
02-23 01:59:05.568 19618 24403 I CAR.GAL.AUDIO.LITE: Creating MediaSourceFlowController for AUDIO_STREAM_GUIDANCE stream type with throttling disabled: false, maxHuAudioBufferFrames: 2147483647, maxUnackedFramesAllowed: 1
02-23 01:59:05.568 19618 24403 I CAR.AUDIO.TTS.LITE: configMessage, MAX_UNACK: 1
02-23 01:59:05.568 19618 24397 I CAR.VIDEO: AVC Level 0x20000 fps 60 pixel 8294400
02-23 01:59:05.568 19618 24397 I CAR.VIDEO: Choosing codec c2.qti.avc.encoder
02-23 01:59:05.568 19618 24403 I CAR.AUDIO.TTS: Flag that enables save audio developer setting: false
02-23 01:59:05.568 19618 24397 I CAR.MEDIA.VIDEO: wait for encoder init [Video EncodingThread.]
02-23 01:59:05.568 19618 24403 I CAR.AUDIO.CHANNEL: Mark stream ready: TTS
02-23 01:59:05.568 19618 24403 I CAR.AUDIO.TTS: AudioSourceService is ready with stream type: TTS
02-23 01:59:05.568 19618 24403 I CAR.AUDIO.TTS: startSystemSoundStreaming TTS
02-23 01:59:05.569 19618 24391 I CAR.AUDIO.FOCUS: Handling CarAudioFocusEvent from HU: packageName=null, audioFocusRequestType=null, audioFocusStateType=AUDIO_FOCUS_STATE_LOSS, unsolicitedResponse=false, gearheadForcedResponse=true, pendingRequest=NONE
02-23 01:59:05.569 19618 24391 I CAR.AUDIO.FOCUS: changeAndroidFocus: true
02-23 01:59:05.569 19618 24391 I CAR.AUDIO.CHANNEL: disabling stream: MEDIA, had focus: false
02-23 01:59:05.569 19618 24391 I CAR.AUDIO.CHANNEL: disabling stream: TTS, had focus: false
02-23 01:59:05.569 19618 24391 I CAR.AUDIO.CHANNEL: handleStreamFocusChange old state media: false tts: false, new state media: false tts: false
02-23 01:59:05.569 19618 24422 I CAR.AUDIO.TTS: Start capturing system audio with sampling rate: 48000, buffer size: 16384, expected frame duration: 42.666667 ms
02-23 01:59:05.569 19618 24422 I CAR.AUDIO.TTS: Creating audio record
02-23 01:59:05.569 19618 24391 I CAR.AUDIO.CHANNEL: Audio stream 1 did not request bottom half
02-23 01:59:05.569 19618 24391 I CAR.AUDIO.CHANNEL: Audio stream 0 did not request bottom half
02-23 01:59:05.569 21855 21896 I GH.ConnLoggerV2: Session 7bdbf25b-9c23-458c-9bb7-27434b9831e6, event 1529, detail OptionalInt.empty, PROJECTION_WINDOW_MANAGER_STARTING, at 383834630 
02-23 01:59:05.571 19618 24403 I CAR.GAL.AUDIO.LITE: Creating MediaSourceFlowController for AUDIO_STREAM_SYSTEM_AUDIO stream type with throttling disabled: false, maxHuAudioBufferFrames: 2147483647, maxUnackedFramesAllowed: 1
02-23 01:59:05.571 19618 24403 I CAR.AUDIO.TTS.LITE: configMessage, MAX_UNACK: 1
02-23 01:59:05.571 19618 24403 I CAR.AUDIO.SYSTEM: Flag that enables save audio developer setting: false
02-23 01:59:05.571 19618 24403 I CAR.AUDIO.CHANNEL: Mark stream ready: SYSTEM
02-23 01:59:05.571 19618 24403 I CAR.AUDIO.SYSTEM: AudioSourceService is ready with stream type: SYSTEM
02-23 01:59:05.571 19618 24391 I CAR.AUDIO.FOCUS: Handling CarAudioFocusEvent from HU: packageName=null, audioFocusRequestType=null, audioFocusStateType=AUDIO_FOCUS_STATE_LOSS, unsolicitedResponse=false, gearheadForcedResponse=true, pendingRequest=NONE
02-23 01:59:05.571 19618 24391 I CAR.AUDIO.FOCUS: changeAndroidFocus: true
02-23 01:59:05.571 19618 24391 I CAR.AUDIO.CHANNEL: disabling stream: MEDIA, had focus: false
02-23 01:59:05.571 19618 24391 I CAR.AUDIO.CHANNEL: disabling stream: TTS, had focus: false
02-23 01:59:05.571 19618 24391 I CAR.AUDIO.CHANNEL: handleStreamFocusChange old state media: false tts: false, new state media: false tts: false
02-23 01:59:05.571 19618 24391 I CAR.AUDIO.CHANNEL: Audio stream 1 did not request bottom half
02-23 01:59:05.571 19618 24391 I CAR.AUDIO.CHANNEL: Audio stream 0 did not request bottom half
02-23 01:59:05.602 19618 24381 W CAR.VALIDATOR: Package DENIED; package is disabled [com.ace.shell.production]; PackageEnabledSetting [4]
02-23 01:59:05.603 19618 24381 W CAR.VALIDATOR: Package DENIED; package is disabled [com.att.mobilesecurity]; PackageEnabledSetting [4]
02-23 01:59:05.604 19618 24381 W CAR.VALIDATOR: Package DENIED; package is disabled [com.creditkarma.mobile]; PackageEnabledSetting [4]
02-23 01:59:05.605 19618 24381 W CAR.VALIDATOR: Package DENIED; package is disabled [com.google.android.apps.docs.editors.sheets]; PackageEnabledSetting [4]
02-23 01:59:05.613 19618 24397 I CAR.MEDIA.VIDEO: encoder init done [Video EncodingThread.]
02-23 01:59:05.617 19618 24381 W CAR.VALIDATOR: Package DENIED; package is disabled [com.google.android.music]; PackageEnabledSetting [4]
02-23 01:59:05.618 19618 24381 W CAR.VALIDATOR: Package DENIED; package is disabled [com.limebike]; PackageEnabledSetting [4]
02-23 01:59:05.619 19618 24381 W CAR.VALIDATOR: Package DENIED; package is disabled [com.neighbfav.neighborfavor]; PackageEnabledSetting [4]
02-23 01:59:05.620 19618 24381 W CAR.VALIDATOR: Package DENIED; package is disabled [com.nytimes.crossword]; PackageEnabledSetting [4]
02-23 01:59:05.620 19618 24381 W CAR.VALIDATOR: Package DENIED; package is disabled [com.paypal.android.p2pmobile]; PackageEnabledSetting [4]
02-23 01:59:05.622 19618 24381 W CAR.VALIDATOR: Package DENIED; package is disabled [com.shazam.android]; PackageEnabledSetting [4]
02-23 01:59:05.623 19618 24377 I CAR.SENSOR: Requested sensor 2 not supported
02-23 01:59:05.623 19618 24377 I CAR.SENSOR: Requested sensor 7 not supported
02-23 01:59:05.623 19618 24377 I CAR.SENSOR: Requested sensor 6 not supported
02-23 01:59:05.623 19618 24381 W CAR.VALIDATOR: Package DENIED; package is disabled [com.spotify.music]; PackageEnabledSetting [4]
02-23 01:59:05.623 19618 24385 W CAR.SENSOR.LITE: sensor event while no listener, sensor:11 [CONTEXT ratelimit_period="1 MINUTES" skipped=1 ]
02-23 01:59:05.624 19618 24381 W CAR.VALIDATOR: Package DENIED; package is disabled [com.squareup.cash]; PackageEnabledSetting [4]
02-23 01:59:05.624 19618 24381 W CAR.VALIDATOR: Package DENIED; package is disabled [com.starbucks.mobilecard]; PackageEnabledSetting [4]
02-23 01:59:05.625 19618 24381 W CAR.VALIDATOR: Package DENIED; package is disabled [com.tinder]; PackageEnabledSetting [4]
02-23 01:59:05.626 19618 24381 W CAR.VALIDATOR: Package DENIED; package is disabled [com.unitedrentals.urtc]; PackageEnabledSetting [4]
02-23 01:59:05.626 19618 24381 W CAR.VALIDATOR: Package DENIED; package is disabled [com.walmart.android]; PackageEnabledSetting [4]
02-23 01:59:05.627 19618 24381 W CAR.VALIDATOR: Package DENIED; package is disabled [com.zocdoc.android]; PackageEnabledSetting [4]
02-23 01:59:05.627 19618 24381 W CAR.VALIDATOR: Package DENIED; package is disabled [leon.android.chs_ydw_dcs480_dsp_408]; PackageEnabledSetting [4]
02-23 01:59:05.628 19618 24381 W CAR.VALIDATOR: Package DENIED; package is disabled [net.nzbget.nzbget]; PackageEnabledSetting [4]
02-23 01:59:05.628 19618 24381 W CAR.VALIDATOR: Package DENIED; package is disabled [reddit.news]; PackageEnabledSetting [4]
02-23 01:59:05.629 19618 24381 W CAR.VALIDATOR: Package DENIED; package is disabled [smartwatchstudios.app.gears3navigation]; PackageEnabledSetting [4]
02-23 01:59:05.631 19618 24381 W CAR.VALIDATOR: Package DENIED; package is disabled [ai.polycam]; PackageEnabledSetting [4]
02-23 01:59:05.632 19618 24381 W CAR.VALIDATOR: Package DENIED; package is disabled [app.aawireless]; PackageEnabledSetting [4]
02-23 01:59:05.632 19618 24381 W CAR.VALIDATOR: Package DENIED; package is disabled [app.instabet.betr]; PackageEnabledSetting [4]
02-23 01:59:05.632 19618 24381 W CAR.VALIDATOR: Package DENIED; package is disabled [app.revanced.manager.flutter]; PackageEnabledSetting [4]
02-23 01:59:05.633 19618 24381 W CAR.VALIDATOR: Package DENIED; package is disabled [br.com.ctncardoso.ctncar]; PackageEnabledSetting [4]
02-23 01:59:05.633 19618 24381 W CAR.VALIDATOR: Package DENIED; package is disabled [com.MonsterCouch.Wingspan]; PackageEnabledSetting [4]
02-23 01:59:05.634 19618 24381 W CAR.VALIDATOR: Package DENIED; package is disabled [com.aatorque.carstats]; PackageEnabledSetting [4]
02-23 01:59:05.634 19618 24381 W CAR.VALIDATOR: Package DENIED; package is disabled [com.acmeandroid.listen]; PackageEnabledSetting [4]
02-23 01:59:05.635 19618 24381 W CAR.VALIDATOR: Package DENIED; package is disabled [com.aetna.aetnahealth]; PackageEnabledSetting [4]
02-23 01:59:05.636 19618 24381 W CAR.VALIDATOR: Package DENIED; package is disabled [com.airbnb.android]; PackageEnabledSetting [4]
02-23 01:59:05.638 19618 24381 W CAR.VALIDATOR: Package DENIED; package is disabled [com.alltrails.alltrails]; PackageEnabledSetting [4]
02-23 01:59:05.638 19618 24381 W CAR.VALIDATOR: Package DENIED; package is disabled [com.amazon.avod.thirdpartyclient]; PackageEnabledSetting [4]
02-23 01:59:05.638 19618 24381 W CAR.VALIDATOR: Package DENIED; package is disabled [com.amazon.kindle]; PackageEnabledSetting [4]
02-23 01:59:05.639 19618 24381 W CAR.VALIDATOR: Package DENIED; package is disabled [com.astech.forscanlite]; PackageEnabledSetting [4]
02-23 01:59:05.640 19618 24381 W CAR.VALIDATOR: Package DENIED; package is disabled [com.axs.android]; PackageEnabledSetting [4]
02-23 01:59:05.643 19618 24381 W CAR.VALIDATOR: Package DENIED; package is disabled [com.clearme.clearapp]; PackageEnabledSetting [4]
02-23 01:59:05.643 19618 24381 W CAR.VALIDATOR: Package DENIED; package is disabled [com.coinbase.android]; PackageEnabledSetting [4]
02-23 01:59:05.644 19618 24381 W CAR.VALIDATOR: Package DENIED; package is disabled [com.cronometer.android.gold]; PackageEnabledSetting [4]
02-23 01:59:05.644 19618 24381 W CAR.VALIDATOR: Package DENIED; package is disabled [com.cxinventor.file.explorer]; PackageEnabledSetting [4]
02-23 01:59:05.645 19618 24381 W CAR.VALIDATOR: Package DENIED; package is disabled [com.czechgames.tta]; PackageEnabledSetting [4]
02-23 01:59:05.645 19618 24381 W CAR.VALIDATOR: Package DENIED; package is disabled [com.daemon.ebookconverter]; PackageEnabledSetting [4]
02-23 01:59:05.645 19618 24381 W CAR.VALIDATOR: Package DENIED; package is disabled [com.dd.doordash]; PackageEnabledSetting [4]
02-23 01:59:05.646 19618 24381 W CAR.VALIDATOR: Package DENIED; package is disabled [com.direwolfdigital.root]; PackageEnabledSetting [4]
02-23 01:59:05.646 19618 24381 W CAR.VALIDATOR: Package DENIED; package is disabled [com.discord]; PackageEnabledSetting [4]
02-23 01:59:05.648 19618 24381 W CAR.VALIDATOR: Package DENIED; package is disabled [com.evernote]; PackageEnabledSetting [4]
02-23 01:59:05.648 19618 24381 W CAR.VALIDATOR: Package DENIED; package is disabled [com.example.kinginstaller]; PackageEnabledSetting [4]
02-23 01:59:05.651 19618 24381 W CAR.VALIDATOR: Package DENIED; package is disabled [com.fitnesskeeper.runkeeper.pro]; PackageEnabledSetting [4]
02-23 01:59:05.651 19618 24381 W CAR.VALIDATOR: Package DENIED; package is disabled [com.foodient.whisk]; PackageEnabledSetting [4]
02-23 01:59:05.653 19618 24381 W CAR.VALIDATOR: Package DENIED; package is disabled [com.gemini.android.app]; PackageEnabledSetting [4]
02-23 01:59:05.656 19618 24381 W CAR.VALIDATOR: Package DENIED; package is disabled [com.google.android.apps.nbu.files]; PackageEnabledSetting [4]
02-23 01:59:05.656 19618 24381 W CAR.VALIDATOR: Package DENIED; package is disabled [com.google.android.apps.paidtasks]; PackageEnabledSetting [4]
02-23 01:59:05.657 19618 24381 W CAR.VALIDATOR: Package DENIED; package is disabled [com.google.android.apps.translate]; PackageEnabledSetting [4]
02-23 01:59:05.657 19618 24381 W CAR.VALIDATOR: Package DENIED; package is disabled [com.google.android.keep]; PackageEnabledSetting [4]
02-23 01:59:05.658 19618 24381 W CAR.VALIDATOR: Package DENIED; package is disabled [com.groundspeak.geocaching.intro]; PackageEnabledSetting [4]
02-23 01:59:05.659 19618 24381 W CAR.VALIDATOR: Package DENIED; package is disabled [com.grundfos.go2]; PackageEnabledSetting [4]
02-23 01:59:05.659 19618 24381 W CAR.VALIDATOR: Package DENIED; package is disabled [com.harborfreight.app]; PackageEnabledSetting [4]
02-23 01:59:05.660 19618 24381 W CAR.VALIDATOR: Package DENIED; package is disabled [com.heb.myheb]; PackageEnabledSetting [4]
02-23 01:59:05.660 19618 24381 W CAR.VALIDATOR: Package DENIED; package is disabled [com.hualai]; PackageEnabledSetting [4]
02-23 01:59:05.660 19618 24381 W CAR.VALIDATOR: Package DENIED; package is disabled [com.ideawork.icrunch]; PackageEnabledSetting [4]
02-23 01:59:05.662 19618 24381 W CAR.VALIDATOR: Package DENIED; package is disabled [com.jamworks.sidekeybuttonremap]; PackageEnabledSetting [4]
02-23 01:59:05.663 19618 24381 W CAR.VALIDATOR: Package DENIED; package is disabled [com.logitech.harmonyhub]; PackageEnabledSetting [4]
02-23 01:59:05.666 19618 24381 W CAR.VALIDATOR: Package DENIED; package is disabled [com.mobileraker.android]; PackageEnabledSetting [4]
02-23 01:59:05.667 19618 24413 I CAR.BT.SVC.LITE: Routing media audio via device type 0
02-23 01:59:05.668 19618 24404 I CAR.SENSOR: getDayNightModeUserSetting DisplaySourceService available
02-23 01:59:05.668 19618 24404 I CAR.SENSOR: getDayNightModeUserSetting getting day night mode from CarServiceSettings: car
02-23 01:59:05.668 19618 24404 I CAR.SENSOR: isNightModeEnabled DAY_NIGHT_MODE_VAL_CAR returning car day night sensor night=false
02-23 01:59:05.668 19618 24404 I CAR.SENSOR: getDayNightModeUserSetting DisplaySourceService available
02-23 01:59:05.668 19618 24404 I CAR.SENSOR: getDayNightModeUserSetting getting day night mode from CarServiceSettings: car
02-23 01:59:05.668 19618 24404 I CAR.SENSOR: updateDayNightMode(source=SENSOR): userSetting=car, isNightMode=false
02-23 01:59:05.668 19618 24404 I CAR.SYS : setting night mode false
02-23 01:59:05.668 19618 24381 W CAR.VALIDATOR: Package DENIED; package is disabled [com.ottplay.ottplay]; PackageEnabledSetting [4]
02-23 01:59:05.668 19618 24381 W CAR.VALIDATOR: Package DENIED; package is disabled [com.ovz.carscanner]; PackageEnabledSetting [4]
02-23 01:59:05.670 19618 24381 W CAR.VALIDATOR: Package DENIED; package is disabled [com.priceline.android.negotiator]; PackageEnabledSetting [4]
02-23 01:59:05.670 19618 24381 W CAR.VALIDATOR: Package DENIED; package is disabled [com.raken]; PackageEnabledSetting [4]
02-23 01:59:05.670 19618 24381 W CAR.VALIDATOR: Package DENIED; package is disabled [com.ravenfeld.nav.garmin]; PackageEnabledSetting [4]
02-23 01:59:05.671 19618 24381 W CAR.VALIDATOR: Package DENIED; package is disabled [com.realvnc.viewer.android]; PackageEnabledSetting [4]
02-23 01:59:05.671 19618 24381 W CAR.VALIDATOR: Package DENIED; package is disabled [com.reveltransit]; PackageEnabledSetting [4]
02-23 01:59:05.671 19618 24381 W CAR.VALIDATOR: Package DENIED; package is disabled [com.riffsy.FBMGIFApp]; PackageEnabledSetting [4]
02-23 01:59:05.672 19618 24381 W CAR.VALIDATOR: Package DENIED; package is disabled [com.robinhood.android]; PackageEnabledSetting [4]
02-23 01:59:05.674 19618 24381 W CAR.VALIDATOR: Package DENIED; package is disabled [com.samsung.android.app.spage]; PackageEnabledSetting [4]
02-23 01:59:05.675 19618 24381 W CAR.VALIDATOR: Package DENIED; package is disabled [com.samsung.android.fast]; PackageEnabledSetting [4]
02-23 01:59:05.676 19618 24381 W CAR.VALIDATOR: Package DENIED; package is disabled [com.samsung.ecomm]; PackageEnabledSetting [4]
02-23 01:59:05.677 19618 24381 W CAR.VALIDATOR: Package DENIED; package is disabled [com.schwab.mobile]; PackageEnabledSetting [4]
02-23 01:59:05.679 19618 24381 W CAR.VALIDATOR: Package DENIED; package is disabled [com.sec.android.app.voicenote]; PackageEnabledSetting [4]
02-23 01:59:05.679 19618 24381 W CAR.VALIDATOR: Package DENIED; package is disabled [com.sec.penup]; PackageEnabledSetting [4]
02-23 01:59:05.680 19618 24381 W CAR.VALIDATOR: Package DENIED; package is disabled [com.sonelli.juicessh]; PackageEnabledSetting [4]
02-23 01:59:05.680 19618 24381 W CAR.VALIDATOR: Package DENIED; package is disabled [com.starlink.mobile]; PackageEnabledSetting [4]
02-23 01:59:05.681 19618 24381 W CAR.VALIDATOR: Package DENIED; package is disabled [com.statefarm.pocketagent]; PackageEnabledSetting [4]
02-23 01:59:05.681 19618 24381 W CAR.VALIDATOR: Package DENIED; package is disabled [com.strava]; PackageEnabledSetting [4]
02-23 01:59:05.681 19618 24381 W CAR.VALIDATOR: Package DENIED; package is disabled [com.stronglifts.app]; PackageEnabledSetting [4]
02-23 01:59:05.683 19618 24381 W CAR.VALIDATOR: Package DENIED; package is disabled [com.tautulli.tautulli_remote]; PackageEnabledSetting [4]
02-23 01:59:05.683 19618 24381 W CAR.VALIDATOR: Package DENIED; package is disabled [com.ticketmaster.mobile.android.na]; PackageEnabledSetting [4]
02-23 01:59:05.684 19618 24381 W CAR.VALIDATOR: Package DENIED; package is disabled [com.todoist]; PackageEnabledSetting [4]
02-23 01:59:05.685 19618 24381 W CAR.VALIDATOR: Package DENIED; package is disabled [com.trainerize.texashealthandracquetclub]; PackageEnabledSetting [4]
02-23 01:59:05.685 19618 24381 W CAR.VALIDATOR: Package DENIED; package is disabled [com.tuya.smartlife]; PackageEnabledSetting [4]
02-23 01:59:05.686 19618 24381 W CAR.VALIDATOR: Package DENIED; package is disabled [com.twentythreeandme.app]; PackageEnabledSetting [4]
02-23 01:59:05.687 19618 24381 W CAR.VALIDATOR: Package DENIED; package is disabled [com.untappdllc.app]; PackageEnabledSetting [4]
02-23 01:59:05.687 19618 24381 W CAR.VALIDATOR: Package DENIED; package is disabled [com.valvesoftware.android.steam.community]; PackageEnabledSetting [4]
02-23 01:59:05.688 19618 24381 W CAR.VALIDATOR: Package DENIED; package is disabled [com.vidure.peztio]; PackageEnabledSetting [4]
02-23 01:59:05.689 19618 24381 W CAR.VALIDATOR: Package DENIED; package is disabled [com.wanderlog.android]; PackageEnabledSetting [4]
02-23 01:59:05.689 19618 24381 W CAR.VALIDATOR: Package DENIED; package is disabled [com.waze]; PackageEnabledSetting [4]
02-23 01:59:05.690 19618 24381 W CAR.VALIDATOR: Package DENIED; package is disabled [com.windyty.android]; PackageEnabledSetting [4]
02-23 01:59:05.691 19618 24381 W CAR.VALIDATOR: Package DENIED; package is disabled [com.wssc.simpleclock]; PackageEnabledSetting [4]
02-23 01:59:05.691 19618 24381 W CAR.VALIDATOR: Package DENIED; package is disabled [com.yahoo.mobile.client.android.fantasyfootball]; PackageEnabledSetting [4]
02-23 01:59:05.692 19618 24381 W CAR.VALIDATOR: Package DENIED; package is disabled [com.yelp.android]; PackageEnabledSetting [4]
02-23 01:59:05.692 19618 24381 W CAR.VALIDATOR: Package DENIED; package is disabled [gov.dhs.tsa.mytsa]; PackageEnabledSetting [4]
02-23 01:59:05.693 19618 24381 W CAR.VALIDATOR: Package DENIED; package is disabled [io.apptitude.premiumparking]; PackageEnabledSetting [4]
02-23 01:59:05.693 19618 24381 W CAR.VALIDATOR: Package DENIED; package is disabled [me.aap.fermata]; PackageEnabledSetting [4]
02-23 01:59:05.694 19618 24381 W CAR.VALIDATOR: Package DENIED; package is disabled [me.aap.fermata.auto.dear.google.why]; PackageEnabledSetting [4]
02-23 01:59:05.694 19618 24381 W CAR.VALIDATOR: Package DENIED; package is disabled [me.dt2dev.uvcpreview]; PackageEnabledSetting [4]
02-23 01:59:05.694 19618 24381 W CAR.VALIDATOR: Package DENIED; package is disabled [me.dt2dev.uvcpreview.free]; PackageEnabledSetting [4]
02-23 01:59:05.695 19618 24381 W CAR.VALIDATOR: Package DENIED; package is disabled [org.intoorbit.spectrum]; PackageEnabledSetting [4]
02-23 01:59:05.695 19618 24381 W CAR.VALIDATOR: Package DENIED; package is disabled [org.mozilla.firefox]; PackageEnabledSetting [4]
02-23 01:59:05.696 19618 24381 W CAR.VALIDATOR: Package DENIED; package is disabled [org.telegram.messenger]; PackageEnabledSetting [4]
02-23 01:59:05.697 19618 24381 W CAR.VALIDATOR: Package DENIED; package is disabled [org.videolan.vlc]; PackageEnabledSetting [4]
02-23 01:59:05.698 19618 19618 I CAR.CAM : Using IME component ComponentInfo{com.google.android.projection.gearhead/com.google.android.projection.gearhead.input.TouchInputMethodService}
02-23 01:59:05.701 21855 21896 I GH.ConnLoggerV2: Session 7bdbf25b-9c23-458c-9bb7-27434b9831e6, event 1530, detail OptionalInt.empty, PROJECTION_WINDOW_MANAGER_STARTED_WIFI, at 383834764 
02-23 01:59:05.701 19618 19618 I CAR.WM.FrameRateLimit: Frame rate change. 60 fps -> 30 fps
02-23 01:59:05.702 19618 19618 I CAR.WM  : Setting display configuration id for CarDisplayId{displayId=0} to f16a55e6-5598-4009-9de9-033c6f348655
02-23 01:59:05.702 19618 19618 I CAR.SERVICE: Car connection state changed: CONNECTING->PREFLIGHT
02-23 01:59:05.703 21855 21896 I GH.ConnLoggerV2: Session 7bdbf25b-9c23-458c-9bb7-27434b9831e6, event 1531, detail OptionalInt.empty, PROJECTION_WINDOW_MANAGER_STARTED, at 383834764 
02-23 01:59:05.703 19618 19618 I CAR.LITE.LITE: Startup complete:true
02-23 01:59:05.704 19618 19618 W CAR.WM  : Input focus gained again
02-23 01:59:05.704 19618 19618 I CAR.AUDIO.AFM: Received onAudioFocusGrant. gainRequest: GAIN, requestResult: GRANTED, clientId: android.media.AudioManager@8fc2020hoo@de39dd9, packageName: com.google.android.projection.gearhead, clientUid: 10253
02-23 01:59:05.704 19618 19618 I CAR.AUDIO.AFM: Received onAudioFocusGrant. gainRequest: GAIN, requestResult: GRANTED, clientId: android.media.AudioManager@8fc2020hoo@de39dd9, packageName: com.google.android.projection.gearhead, clientUid: 10253
02-23 01:59:05.704 19618 19618 I CAR.AUDIO.AFM: Received onAudioFocusGrant. gainRequest: GAIN, requestResult: GRANTED, clientId: android.media.AudioManager@8fc2020hoo@de39dd9, packageName: com.google.android.projection.gearhead, clientUid: 10253
02-23 01:59:05.704 19618 24391 I CAR.AUDIO.AFM: maybeNotifyFocusStackChange: currentFocusGrant: GAIN, oldFocusGrant: NONE, forceNotify: true, mostRecentPackageName: com.google.android.projection.gearhead
02-23 01:59:05.704 19618 19618 I CAR.AUDIO.AFM: Received onAudioFocusGrant. gainRequest: GAIN, requestResult: GRANTED, clientId: android.media.AudioManager@8fc2020hoo@de39dd9, packageName: com.google.android.projection.gearhead, clientUid: 10253
02-23 01:59:05.704 19618 24391 I CAR.AUDIO.FOCUS: Sending AUDIO_FOCUS_GAIN to HU for app com.google.android.projection.gearhead due to Android focus change: GAIN
02-23 01:59:05.704 19618 24391 I CAR.AUDIO.FOCUS: Send focus request to HU: AUDIO_FOCUS_GAIN, attempt#: 1
02-23 01:59:05.704 19618 19618 I CAR.WM  : Updating video configuration. isNightMode: false
02-23 01:59:05.704 19618 24391 I CAR.GAL.AUDIO.LITE: sent audio focus request: AUDIO_FOCUS_GAIN
02-23 01:59:05.704 19618 19618 I CAR.TOKEN: Disconnecting pof@803dc4c (cx attempt: 1).
02-23 01:59:05.704 19618 19618 I GH.GhCarClientCtor: Disconnecting GearheadCarClientConnector.
02-23 01:59:05.704 19618 19618 I GH.GhCarClientCtor: Unbinding service connection.
02-23 01:59:05.704 19618 24391 I CAR.AUDIO.AFM: maybeNotifyFocusStackChange: currentFocusGrant: GAIN, oldFocusGrant: GAIN, forceNotify: false, mostRecentPackageName: com.google.android.projection.gearhead
02-23 01:59:05.704 19618 24391 I CAR.AUDIO.AFM: maybeNotifyFocusStackChange: currentFocusGrant: GAIN, oldFocusGrant: GAIN, forceNotify: false, mostRecentPackageName: com.google.android.projection.gearhead
02-23 01:59:05.704 19618 24391 I CAR.AUDIO.AFM: maybeNotifyFocusStackChange: currentFocusGrant: GAIN, oldFocusGrant: GAIN, forceNotify: false, mostRecentPackageName: com.google.android.projection.gearhead
02-23 01:59:05.705 19618 19618 I CAR.TOKEN: Disconnected pyk@ec4597d using class pye@993706/class pyh@93070485 (cx attempt 1)
02-23 01:59:05.706 19618 19618 I CAR.SERVICE: Process info changed com.google.android.projection.gearhead:projection:imp(0), reason(0), reason_pid(0), lru(0), uid(0)->imp(125), reason(2), reason_pid(19618), lru(0), uid(10253)
02-23 01:59:05.706 19618 19618 I CAR.SERVICE: Process info changed com.google.android.projection.gearhead:car:imp(0), reason(0), reason_pid(0), lru(0), uid(0)->imp(125), reason(2), reason_pid(3048), lru(0), uid(10253)
02-23 01:59:05.706 19618 19618 I CAR.SERVICE: Process info changed com.google.android.projection.gearhead:shared:imp(0), reason(0), reason_pid(0), lru(0), uid(0)->imp(125), reason(2), reason_pid(12010), lru(0), uid(10253)
02-23 01:59:05.706 12010 13233 D CAR.CLIENT.PLS: onProjectionStart on binder thread
02-23 01:59:05.707 12010 12010 D CAR.CLIENT.PLS: Projection start
02-23 01:59:05.707 12010 12010 I GH.GhLifecycleService: onProjectionStart(config:Bundle[{}])
02-23 01:59:05.707 12010 12010 D GH.GhLifecycleService: Get CarWindowManager for CarDisplayId{displayId=0}
02-23 01:59:05.707 21855 21896 I GH.ConnLoggerV2: Session 7bdbf25b-9c23-458c-9bb7-27434b9831e6, event 1532, detail OptionalInt.empty, PROJECTION_START, at 383834767 
02-23 01:59:05.707 12010 12010 I CAR.CLIENT: carModuleFeaturesCache empty, retrieving from car service.
02-23 01:59:05.707 12010 12010 D CAR.CLIENT: Multi-display client enabled. Get ICarWindowManager for: CarDisplayId{displayId=0}
02-23 01:59:05.708 12010 12010 I GH.AppIconCache: forDpi: Creating new app icon cache with DPI=140
02-23 01:59:05.708 12010 12010 I GH.AppIconFactory: AppIconFactory(): iconSize=84, iconDpi=320, displayMetrics=DisplayMetrics{density=0.875, width=1080, height=2340, scaledDensity=0.875, xdpi=375.78082, ydpi=376.17722}
02-23 01:59:05.708 19618 19618 I CAR.SERVICE.LITE: Car connection state changed: CONNECTING->CONNECTED
02-23 01:59:05.708 12010 12010 I CAR.CLIENT: carModuleFeaturesCache empty, retrieving from car service.
02-23 01:59:05.709 12010 12010 D CAR.CLIENT: Multi-display client enabled. Get ICarDisplayManager
02-23 01:59:05.709 12010 12010 D GH.Hero : Setting car control info from getHasPersistentCarControls
02-23 01:59:05.709 12010 12010 I CAR.CLIENT: carModuleFeaturesCache empty, retrieving from car service.
02-23 01:59:05.710 21855 21896 I GH.ConnLoggerV2: Session 7bdbf25b-9c23-458c-9bb7-27434b9831e6, event 1533, detail OptionalInt.empty, PROJECTION_START_WIFI, at 383834768 
02-23 01:59:05.710 12010 12010 D GH.GhLifecycleService: Get CarWindowManager for CarDisplayId{displayId=0}
02-23 01:59:05.710 12010 12010 D CAR.CLIENT: Multi-display client enabled. Get ICarDisplay for: CarDisplayId{displayId=0}
02-23 01:59:05.710 12010 12010 D CAR.CLIENT: Multi-display client enabled. Get ICarDisplay for: CarDisplayId{displayId=0}
02-23 01:59:05.710 12010 12010 D CAR.CLIENT: Multi-display client enabled. Get ICarDisplay for: CarDisplayId{displayId=0}
02-23 01:59:05.710 12010 12010 I GH.DisplayLayout: displayDimensions Point(800, 410), dpi 140, contentInsets: Rect(0, 0 - 0, 0)
02-23 01:59:05.710  8910  5321 D CAR.CLIENT.PLS: onProjectionStart on binder thread
02-23 01:59:05.711  8910  8910 D CAR.CLIENT.PLS: Projection start
02-23 01:59:05.711  8910  8910 D CAR.CLIENT: onClientConnected() pye@c063bab, registering localCarConnectionListener pxx@617b208 with multiplex listener pyn@a856da1
02-23 01:59:05.711  8910  8910 D GH.MultiCarCxnListener: Registering listener. instance: pyn@a856da1, listener: pxx@617b208
02-23 01:59:05.711  8910  8910 D CAR.CLIENT: Registering multiplex listener pyn@a856da1 with car service
02-23 01:59:05.711  8910  5321 D CAR.CLIENT.PLS: onPreflightStart on binder thread
02-23 01:59:05.711  8910  8910 D CAR.CLIENT.PLS: Preflight start
02-23 01:59:05.711  8910  8910 I GH.RecoveryLifecycle: onPreflightStart
02-23 01:59:05.711  8910  8910 D GH.RecoveryLifecycle: Preflight start, connectionType: 2, carProcessPid: 19618
02-23 01:59:05.711  8910  5321 D CAR.CLIENT.PLS: onProjectionReady on binder thread
02-23 01:59:05.711  8910  8910 D CAR.CLIENT.PLS: Projection ready
02-23 01:59:05.711  8910  8910 D GH.RecoveryLifecycle: onProjectionReady
02-23 01:59:05.711  8910  8910 D GH.ResetHandler: Reading timestamp: 0, origin: , recoveryRecorded: false, callerKey: watchdog
02-23 01:59:05.711  8910  8910 I GH.ResetHandler: Couldn't read last USB reset start
02-23 01:59:05.711 21855 21896 I GH.ConnLoggerV2: Session 7bdbf25b-9c23-458c-9bb7-27434b9831e6, event 1534, detail OptionalInt.empty, PROJECTION_STARTED_WIFI, at 383834768 
02-23 01:59:05.712 21855 21896 I GH.StartupMeasure: logEvent PROJECTION_STARTED_WIRELESS=PT106H37M14.768S
02-23 01:59:05.712 19618 24371 I CAR.GAL.AUDIO.LITE: Got audio focus state from car:AUDIO_FOCUS_STATE_GAIN
02-23 01:59:05.712 19618 24371 I CAR.AUDIO.FOCUS: Received focus change from HU: AUDIO_FOCUS_STATE_GAIN, unsolicited: false
02-23 01:59:05.712 19618 24391 I CAR.AUDIO.FOCUS: Handling CarAudioFocusEvent from HU: packageName=com.google.android.projection.gearhead, audioFocusRequestType=AUDIO_FOCUS_GAIN, audioFocusStateType=AUDIO_FOCUS_STATE_GAIN, unsolicitedResponse=false, gearheadForcedResponse=false, pendingRequest=NONE
02-23 01:59:05.712 19618 24391 I CAR.AUDIO.FOCUS: changeAndroidFocus: true
02-23 01:59:05.712 19618 24391 I CAR.AUDIO.CHANNEL: enabling stream: MEDIA, had focus: false
02-23 01:59:05.712 19618 24391 I CAR.AUDIO.CHANNEL: enabling stream: TTS, had focus: false
02-23 01:59:05.712 19618 24391 I CAR.AUDIO.CHANNEL: handleStreamFocusChange old state media: false tts: false, new state media: true tts: true
02-23 01:59:05.712 19618 24391 I CAR.AUDIO.CHANNEL: Audio stream 1 did not request bottom half
02-23 01:59:05.712 19618 24391 I CAR.AUDIO.CHANNEL: Audio stream 0 did not request bottom half
02-23 01:59:05.713 19618 19618 I CAR.AUDIO.AFM: Received onAudioFocusLoss. lossReceived: NONE, wasNotified: false, clientId: android.media.AudioManager@8fc2020hoo@de39dd9, packageName: com.google.android.projection.gearhead, clientUid: 10253
02-23 01:59:05.713 19618 19618 I CAR.AUDIO.AFM: Processing onAudioFocusLoss. currentGrant: GAIN, invalidateByCarAudioFocusChange: false, lossReceived: NONE, packageName: com.google.android.projection.gearhead
02-23 01:59:05.713 12010 12010 I GH.DisplayLayout: contentArea: Rect(0, 0 - 800, 410), DisplayDimensions: Point(800, 410), VD Config: {1.0 310mcc280mnc [en_US] ldltr sw469dp w914dp h469dp 140dpi nrml long hdr widecg land night -touch -keyb/v/h -nav/h winConfig={ mBounds=Rect(0, 0 - 1080, 2340) mAppBounds=Rect(0, 0 - 1080, 2340) mMaxBounds=Rect(0, 0 - 1080, 2340) mDisplayRotation=ROTATION_0 mWindowingMode=fullscreen mActivityType=undefined mAlwaysOnTop=undefined mRotation=ROTATION_0 mStageConfig=undefined mEmbedActivityMode=undefined mPopOver=off mOverlappingWithCutout=false} s.1722 fontWeightAdjustment=0 ff=0 bf=-1 bts=0 cst=1.0 nightDim=0 themeSeq=0}
02-23 01:59:05.713 12010 12010 I GH.DisplayLayout: ProjectionContext: {1.0 310mcc280mnc [en_US] ldltr sw914dp w914dp h468dp 140dpi nrml long hdr widecg land night -touch -keyb/v/h -nav/h winConfig={ mBounds=Rect(0, 0 - 1080, 2340) mAppBounds=Rect(0, 0 - 1080, 2340) mMaxBounds=Rect(0, 0 - 1080, 2340) mDisplayRotation=ROTATION_0 mWindowingMode=fullscreen mActivityType=undefined mAlwaysOnTop=undefined mRotation=ROTATION_0 mStageConfig=undefined mEmbedActivityMode=undefined mPopOver=off mOverlappingWithCutout=false} s.1722 fontWeightAdjustment=0 ff=0 bf=-1 bts=0 cst=1.0 nightDim=0 themeSeq=0}
02-23 01:59:05.714 21855 21896 I GH.ConnLoggerV2: Session 7bdbf25b-9c23-458c-9bb7-27434b9831e6, event 1535, detail OptionalInt.empty, CAR_SERVICE_ENDPOINTS_STARTED, at 383834772 
02-23 01:59:05.714 12010 12010 D GH.DisplayLayout: Will use layout: sys_ui_layout_canonical_lhd for display with (w=914,h=468), 140 dpi, driver on Left or Center
02-23 01:59:05.714 12010 12010 I GH.DisplayLayout: LayoutInfo: LayoutInfo{layoutResourceId=2131624642, displayWidthDp=914, displayHeightDp=468, layoutType=12, isRightHandDrive=false, hasVerticalRail=false, carDisplayUiInfo=qib@b6ac425, isDriverAlignedDashboard=false, isHeroLayout=false}
02-23 01:59:05.716 12010 12010 D GH.DisplayLayout: Type: ROUNDED_CORNER_MASK has bounds of: Rect(0, 0 - 800, 410)
02-23 01:59:05.717 12010 12010 D GH.DisplayLayout: Recording insets for ROUNDED_CORNER_MASK, insets: Rect(0, 0 - 0, 0), bounds: Rect(0, 0 - 800, 410), persistentViewBounds: []
02-23 01:59:05.717 12010 12010 D GH.DisplayLayout: ROUNDED_CORNER_MASK z: 489, region: CarRegionId{regionId=2131429354 carDisplayId=CarDisplayId{displayId=0}}
02-23 01:59:05.717 12010 12010 D GH.DisplayLayout: Type: FULLSCREEN has bounds of: Rect(0, 0 - 800, 410)
02-23 01:59:05.717 12010 12010 D GH.DisplayLayout: Recording insets for FULLSCREEN, insets: Rect(0, 0 - 0, 0), bounds: Rect(0, 0 - 800, 410), persistentViewBounds: []
02-23 01:59:05.717 12010 12010 D GH.DisplayLayout: FULLSCREEN z: 486, region: CarRegionId{regionId=3 carDisplayId=CarDisplayId{displayId=0}}
02-23 01:59:05.717 12010 12010 D GH.DisplayLayout: No window type for com.google.android.projection.gearhead:id/stable_content_area
02-23 01:59:05.717 12010 12010 D GH.DisplayLayout: Type: INTEGRATED_OVERLAY has bounds of: Rect(0, 0 - 800, 340)
02-23 01:59:05.717 12010 12010 D GH.DisplayLayout: Recording insets for INTEGRATED_OVERLAY, insets: Rect(0, 0 - 0, 0), bounds: Rect(0, 0 - 800, 340), persistentViewBounds: []
02-23 01:59:05.717 12010 12010 D GH.DisplayLayout: INTEGRATED_OVERLAY z: 483, region: CarRegionId{regionId=2131428437 carDisplayId=CarDisplayId{displayId=0}}
02-23 01:59:05.717 12010 12010 D GH.DisplayLayout: Type: FRX has bounds of: Rect(0, 0 - 800, 410)
02-23 01:59:05.717 21855 21896 I GH.ConnLoggerV2: Session 7bdbf25b-9c23-458c-9bb7-27434b9831e6, event 1536, detail OptionalInt.empty, WIRELESS_PROJECTING_STAGE_REACHED, at 383834775 
02-23 01:59:05.717 12010 12010 D GH.DisplayLayout: Recording insets for FRX, insets: Rect(0, 0 - 0, 0), bounds: Rect(0, 0 - 800, 410), persistentViewBounds: []
02-23 01:59:05.717 12010 12010 D GH.DisplayLayout: FRX z: 480, region: CarRegionId{regionId=4 carDisplayId=CarDisplayId{displayId=0}}
02-23 01:59:05.717 12010 12010 D GH.DisplayLayout: Type: MAP_IME has bounds of: Rect(0, 147 - 800, 410)
02-23 01:59:05.717 12010 12010 D GH.DisplayLayout: Recording insets for MAP_IME, insets: Rect(0, 0 - 0, 0), bounds: Rect(0, 147 - 800, 410), persistentViewBounds: []
02-23 01:59:05.717 12010 12010 D GH.DisplayLayout: MAP_IME z: 477, region: CarRegionId{regionId=2131428818 carDisplayId=CarDisplayId{displayId=0}}
02-23 01:59:05.717 12010 12010 D GH.DisplayLayout: Type: IME has bounds of: Rect(0, 147 - 800, 410)
02-23 01:59:05.717 12010 12010 D GH.DisplayLayout: Recording insets for IME, insets: Rect(0, 0 - 0, 0), bounds: Rect(0, 147 - 800, 410), persistentViewBounds: []
02-23 01:59:05.717 12010 12010 D GH.DisplayLayout: IME z: 474, region: CarRegionId{regionId=2131428406 carDisplayId=CarDisplayId{displayId=0}}
02-23 01:59:05.717 12010 12010 D GH.DisplayLayout: Type: DEMAND_RAIL has bounds of: Rect(0, 340 - 800, 410)
02-23 01:59:05.717 12010 12010 D GH.DisplayLayout: Recording insets for DEMAND_RAIL, insets: Rect(0, 0 - 0, 0), bounds: Rect(0, 340 - 800, 410), persistentViewBounds: []
02-23 01:59:05.717 12010 12010 D GH.DisplayLayout: DEMAND_RAIL z: 471, region: CarRegionId{regionId=5 carDisplayId=CarDisplayId{displayId=0}}
02-23 01:59:05.717 12010 12010 D GH.DisplayLayout: Type: RAIL has bounds of: Rect(0, 340 - 800, 410)
02-23 01:59:05.717 12010 12010 D GH.DisplayLayout: Recording insets for RAIL, insets: Rect(0, 0 - 0, 0), bounds: Rect(0, 340 - 800, 410), persistentViewBounds: []
02-23 01:59:05.717 12010 12010 D GH.DisplayLayout: RAIL z: 468, region: CarRegionId{regionId=2131429280 carDisplayId=CarDisplayId{displayId=0}}
02-23 01:59:05.717 12010 12010 D GH.DisplayLayout: No window type for com.google.android.projection.gearhead:id/rail_spacer
02-23 01:59:05.717 12010 12010 D GH.DisplayLayout: Type: NOTIFICATION has bounds of: Rect(0, 0 - 800, 339)
02-23 01:59:05.717 12010 12010 D GH.DisplayLayout: Recording insets for NOTIFICATION, insets: Rect(0, 0 - 0, 0), bounds: Rect(0, 0 - 800, 339), persistentViewBounds: []
02-23 01:59:05.717 12010 12010 D GH.DisplayLayout: NOTIFICATION z: 465, region: CarRegionId{regionId=2131429067 carDisplayId=CarDisplayId{displayId=0}}
02-23 01:59:05.717 12010 12010 D GH.DisplayLayout: Type: ASSISTANT_IMMERSIVE_FULLSCREEN has bounds of: Rect(0, 0 - 800, 340)
02-23 01:59:05.717 12010 12010 D GH.DisplayLayout: Recording insets for ASSISTANT_IMMERSIVE_FULLSCREEN, insets: Rect(0, 0 - 0, 0), bounds: Rect(0, 0 - 800, 340), persistentViewBounds: []
02-23 01:59:05.717 12010 12010 D GH.DisplayLayout: Adding CarRegionId{regionId=8 carDisplayId=CarDisplayId{displayId=0}} to group CarRegionGroup{groupId=3, carDisplayId=CarDisplayId{displayId=0}, primaryRegionOfGroup=CarRegionId{regionId=8 carDisplayId=CarDisplayId{displayId=0}}}
02-23 01:59:05.717 12010 12010 D GH.DisplayLayout: ASSISTANT_IMMERSIVE_FULLSCREEN z: 462, region: CarRegionId{regionId=8 carDisplayId=CarDisplayId{displayId=0}}
02-23 01:59:05.717 12010 12010 D GH.DisplayLayout: Type: ASSISTANT_IMMERSIVE_PARTIAL has bounds of: Rect(516, 0 - 800, 340)
02-23 01:59:05.717 12010 12010 D GH.DisplayLayout: Recording insets for ASSISTANT_IMMERSIVE_PARTIAL, insets: Rect(0, 0 - 0, 0), bounds: Rect(516, 0 - 800, 340), persistentViewBounds: []
02-23 01:59:05.717 12010 12010 D GH.DisplayLayout: Adding CarRegionId{regionId=7 carDisplayId=CarDisplayId{displayId=0}} to group CarRegionGroup{groupId=3, carDisplayId=CarDisplayId{displayId=0}, primaryRegionOfGroup=CarRegionId{regionId=8 carDisplayId=CarDisplayId{displayId=0}}}
02-23 01:59:05.717 12010 12010 D GH.DisplayLayout: ASSISTANT_IMMERSIVE_PARTIAL z: 459, region: CarRegionId{regionId=7 carDisplayId=CarDisplayId{displayId=0}}
02-23 01:59:05.717 12010 12010 D GH.DisplayLayout: Type: DEMAND has bounds of: Rect(0, 0 - 800, 340)
02-23 01:59:05.718 12010 12010 D GH.DisplayLayout: Recording insets for DEMAND, insets: Rect(0, 0 - 0, 0), bounds: Rect(0, 0 - 800, 340), persistentViewBounds: []
02-23 01:59:05.718 12010 12010 D GH.DisplayLayout: DEMAND z: 456, region: CarRegionId{regionId=1 carDisplayId=CarDisplayId{displayId=0}}
02-23 01:59:05.718 12010 12010 D GH.DisplayLayout: Type: NOTIFICATION_CENTER has bounds of: Rect(0, 0 - 800, 340)
02-23 01:59:05.718 12010 12010 D GH.DisplayLayout: Recording insets for NOTIFICATION_CENTER, insets: Rect(0, 0 - 0, 0), bounds: Rect(0, 0 - 800, 340), persistentViewBounds: []
02-23 01:59:05.718 12010 12010 D GH.DisplayLayout: NOTIFICATION_CENTER z: 453, region: CarRegionId{regionId=2131429072 carDisplayId=CarDisplayId{displayId=0}}
02-23 01:59:05.718 12010 12010 D GH.DisplayLayout: Type: ACTIVITY has bounds of: Rect(0, 0 - 800, 340)
02-23 01:59:05.718 12010 12010 D GH.DisplayLayout: Recording insets for ACTIVITY, insets: Rect(0, 0 - 0, 0), bounds: Rect(0, 0 - 800, 340), persistentViewBounds: []
02-23 01:59:05.718 12010 12010 D GH.DisplayLayout: ACTIVITY z: 450, region: CarRegionId{regionId=0 carDisplayId=CarDisplayId{displayId=0}}
02-23 01:59:05.718 12010 12010 D GH.DisplayLayout: Type: IMMERSIVE_TOOLBAR_BOTTOM_SCRIM has bounds of: Rect(0, 357 - 800, 410)
02-23 01:59:05.718 12010 12010 D GH.DisplayLayout: Recording insets for IMMERSIVE_TOOLBAR_BOTTOM_SCRIM, insets: Rect(0, 0 - 0, 0), bounds: Rect(0, 357 - 800, 410), persistentViewBounds: []
02-23 01:59:05.718 12010 12010 D GH.DisplayLayout: IMMERSIVE_TOOLBAR_BOTTOM_SCRIM z: 447, region: CarRegionId{regionId=2131428411 carDisplayId=CarDisplayId{displayId=0}}
02-23 01:59:05.718 12010 12010 D GH.DisplayLayout: Type: IMMERSIVE_TOOLBAR has bounds of: Rect(0, 0 - 800, 70)
02-23 01:59:05.718 12010 12010 D GH.DisplayLayout: Recording insets for IMMERSIVE_TOOLBAR, insets: Rect(0, 0 - 0, 0), bounds: Rect(0, 0 - 800, 70), persistentViewBounds: []
02-23 01:59:05.718 12010 12010 D GH.DisplayLayout: IMMERSIVE_TOOLBAR z: 444, region: CarRegionId{regionId=2131428410 carDisplayId=CarDisplayId{displayId=0}}
02-23 01:59:05.718 12010 12010 D GH.DisplayLayout: Type: IMMERSIVE has bounds of: Rect(0, 0 - 800, 410)
02-23 01:59:05.718 12010 12010 D GH.DisplayLayout: Recording insets for IMMERSIVE, insets: Rect(0, 0 - 0, 0), bounds: Rect(0, 0 - 800, 410), persistentViewBounds: []
02-23 01:59:05.718 12010 12010 D GH.DisplayLayout: Adding CarRegionId{regionId=2131428408 carDisplayId=CarDisplayId{displayId=0}} to group CarRegionGroup{groupId=1, carDisplayId=CarDisplayId{displayId=0}, primaryRegionOfGroup=CarRegionId{regionId=0 carDisplayId=CarDisplayId{displayId=0}}}
02-23 01:59:05.718 12010 12010 D GH.DisplayLayout: IMMERSIVE z: 441, region: CarRegionId{regionId=2131428408 carDisplayId=CarDisplayId{displayId=0}}
02-23 01:59:05.718 12010 12010 D GH.DisplayLayout: Type: DASHBOARD has bounds of: Rect(516, 0 - 800, 340)
02-23 01:59:05.718 12010 12010 D GH.DisplayLayout: Recording insets for DASHBOARD, insets: Rect(0, 0 - 0, 0), bounds: Rect(516, 0 - 800, 340), persistentViewBounds: []
02-23 01:59:05.718 12010 12010 D GH.DisplayLayout: DASHBOARD z: 438, region: CarRegionId{regionId=2131427911 carDisplayId=CarDisplayId{displayId=0}}
02-23 01:59:05.718 12010 12010 D GH.DisplayLayout: No window type for com.google.android.projection.gearhead:id/dashboard_spacer
