02-23 01:58:41.050 12010 12010 D CAR.CLIENT: tearDownProjectionSessionState() pye@bf2a51a
02-23 01:58:41.050 12010 12010 D CAR.CLIENT: tearDownCarManagers() pye@bf2a51a
02-23 01:58:41.050 11773 11773 D CAR.CLIENT: localCarConnectionListener received onCarDisconnected()
02-23 01:58:41.050 12010 12010 D CAR.CLIENT: localCarConnectionListener received onCarDisconnected()
02-23 01:58:41.050 12010 12010 D CAR.CLIENT: tearDownProjectionSessionState() pye@31041d
02-23 01:58:41.050 12010 12010 D CAR.CLIENT: tearDownCarManagers() pye@31041d
02-23 01:58:41.050 11773 11773 D CAR.CLIENT: tearDownProjectionSessionState() ccqr@a420bd6
02-23 01:58:41.050 11773 11773 D CAR.CLIENT: tearDownCarManagers() ccqr@a420bd6
02-23 01:58:41.050 12010 12010 D CAR.CLIENT: localCarConnectionListener received onCarDisconnected()
02-23 01:58:41.050 12010 12010 D CAR.CLIENT: tearDownProjectionSessionState() pye@469d35c
02-23 01:58:41.050 12010 12010 D CAR.CLIENT: tearDownCarManagers() pye@469d35c
02-23 01:58:41.050 12010 12010 D CAR.CLIENT: localCarConnectionListener received onCarDisconnected()
02-23 01:58:41.050 12010 12010 D CAR.CLIENT: tearDownProjectionSessionState() pye@a5157c7
02-23 01:58:41.050 12010 12010 D CAR.CLIENT: tearDownCarManagers() pye@a5157c7
02-23 01:58:41.050 12010 12010 D CAR.CLIENT: localCarConnectionListener received onCarDisconnected()
02-23 01:58:41.050 12010 12010 D CAR.CLIENT: tearDownProjectionSessionState() pye@da198e7
02-23 01:58:41.050 12010 12010 D CAR.CLIENT: tearDownCarManagers() pye@da198e7
02-23 01:58:41.050 12010 12010 D CAR.PROJECTION.CAHI: null.onDisconnected()
02-23 01:58:41.050 12010 12010 D CAR.PROJECTION.CAHI: null.finish()
02-23 01:58:41.050 12010 12010 D CAR.PROJECTION.CAHI: Already finishing null, ignoring duplicate finish
02-23 01:58:41.050 12010 12010 D CAR.CLIENT: localCarConnectionListener received onCarDisconnected()
02-23 01:58:41.050 12010 12010 D CAR.CLIENT: tearDownProjectionSessionState() pyt@4161e19
02-23 01:58:41.050 12010 12010 D CAR.CLIENT: tearDownCarManagers() pyt@4161e19
02-23 01:58:41.050 12010 12010 D CAR.CLIENT: localCarConnectionListener received onCarDisconnected()
02-23 01:58:41.050 12010 12010 D CAR.CLIENT: tearDownProjectionSessionState() pye@101a963
02-23 01:58:41.050 12010 12010 D CAR.CLIENT: tearDownCarManagers() pye@101a963
02-23 01:58:41.050 12010 12010 D CAR.PROJECTION.CAHI: null.onDisconnected()
02-23 01:58:41.050 12010 12010 D CAR.PROJECTION.CAHI: null.finish()
02-23 01:58:41.050 12010 12010 D CAR.PROJECTION.CAHI: Already finishing null, ignoring duplicate finish
02-23 01:58:41.050 12010 12010 D CAR.CLIENT: localCarConnectionListener received onCarDisconnected()
02-23 01:58:41.050 12010 12010 D CAR.CLIENT: tearDownProjectionSessionState() pyt@4b6a26b
02-23 01:58:41.050 12010 12010 D CAR.CLIENT: tearDownCarManagers() pyt@4b6a26b
02-23 01:58:41.050 12010 12010 D CAR.CLIENT: localCarConnectionListener received onCarDisconnected()
02-23 01:58:41.050 12010 12010 D CAR.CLIENT: tearDownProjectionSessionState() pye@297f879
02-23 01:58:41.050 12010 12010 D CAR.CLIENT: tearDownCarManagers() pye@297f879
02-23 01:58:41.050 12010 12010 D CAR.CLIENT: localCarConnectionListener received onCarDisconnected()
02-23 01:58:41.050 12010 12010 D CAR.CLIENT: tearDownProjectionSessionState() pye@ac47751
02-23 01:58:41.050 12010 12010 D CAR.CLIENT: tearDownCarManagers() pye@ac47751
02-23 01:58:41.050 12010 12010 D CAR.CLIENT: localCarConnectionListener received onCarDisconnected()
02-23 01:58:41.050 12010 12010 D CAR.CLIENT: tearDownProjectionSessionState() pye@5798651
02-23 01:58:41.050 12010 12010 D CAR.CLIENT: tearDownCarManagers() pye@5798651
02-23 01:58:41.050 12010 12010 D CAR.CLIENT: localCarConnectionListener received onCarDisconnected()
02-23 01:58:41.050 12010 12010 D CAR.CLIENT: tearDownProjectionSessionState() pye@81f590e
02-23 01:58:41.050 12010 12010 D CAR.CLIENT: tearDownCarManagers() pye@81f590e
02-23 01:58:41.050 12010 12010 D CAR.CLIENT: localCarConnectionListener received onCarDisconnected()
02-23 01:58:41.050 12010 12010 D CAR.CLIENT: tearDownProjectionSessionState() pye@5198e19
02-23 01:58:41.050 12010 12010 D CAR.CLIENT: tearDownCarManagers() pye@5198e19
02-23 01:58:41.050 12010 12010 D CAR.PROJECTION.CAHI: null.onDisconnected()
02-23 01:58:41.050 12010 12010 D CAR.PROJECTION.CAHI: null.finish()
02-23 01:58:41.050 12010 12010 D CAR.PROJECTION.CAHI: Already finishing null, ignoring duplicate finish
02-23 01:58:41.050 12010 12010 D CAR.CLIENT: localCarConnectionListener received onCarDisconnected()
02-23 01:58:41.050 12010 12010 D CAR.CLIENT: tearDownProjectionSessionState() pyt@3c7882c
02-23 01:58:41.050 12010 12010 D CAR.CLIENT: tearDownCarManagers() pyt@3c7882c
02-23 01:58:41.050 12010 12010 D CAR.CLIENT: localCarConnectionListener received onCarDisconnected()
02-23 01:58:41.050 12010 12010 D CAR.CLIENT: tearDownProjectionSessionState() pye@30ea960
02-23 01:58:41.050 12010 12010 D CAR.CLIENT: tearDownCarManagers() pye@30ea960
02-23 01:58:41.050 12010 12010 D CAR.CLIENT: localCarConnectionListener received onCarDisconnected()
02-23 01:58:41.050 12010 12010 D CAR.CLIENT: tearDownProjectionSessionState() pye@d2bf2d5
02-23 01:58:41.050 12010 12010 D CAR.CLIENT: tearDownCarManagers() pye@d2bf2d5
02-23 01:58:41.050 12010 12010 D CAR.CLIENT: localCarConnectionListener received onCarDisconnected()
02-23 01:58:41.050 12010 12010 D CAR.CLIENT: tearDownProjectionSessionState() pye@1fcaea
02-23 01:58:41.050 12010 12010 D CAR.CLIENT: tearDownCarManagers() pye@1fcaea
02-23 01:58:41.050 12010 12010 D CAR.CLIENT: localCarConnectionListener received onCarDisconnected()
02-23 01:58:41.050 12010 12010 D CAR.CLIENT: tearDownProjectionSessionState() pye@af1f506
02-23 01:58:41.050 12010 12010 D CAR.CLIENT: tearDownCarManagers() pye@af1f506
02-23 01:58:41.050 12010 12010 D CAR.CLIENT: localCarConnectionListener received onCarDisconnected()
02-23 01:58:41.050 12010 12010 D CAR.CLIENT: tearDownProjectionSessionState() pye@5a64b3e
02-23 01:58:41.050 12010 12010 D CAR.CLIENT: tearDownCarManagers() pye@5a64b3e
02-23 01:58:41.050 12010 12010 D CAR.CLIENT: localCarConnectionListener received onCarDisconnected()
02-23 01:58:41.050 12010 12010 D CAR.CLIENT: tearDownProjectionSessionState() pye@16dffd
02-23 01:58:41.050 12010 12010 D CAR.CLIENT: tearDownCarManagers() pye@16dffd
02-23 01:58:41.050 12010 12010 D CAR.SENSOR: handleCarDisconnection
02-23 01:58:41.050 12010 12010 D CAR.CLIENT: Multi-display client enabled. Get ICarDisplay for: CarDisplayId{displayId=0}
02-23 01:58:41.051  8910 30649 D GH.MultiCarCxnListener: onCarDisconnected() on binder thread. instance: pyn@87a2b22, listener: pxx@83c386
02-23 01:58:41.051 12010 12411 D GH.MultiCarCxnListener: onCarDisconnected() on binder thread. instance: pyn@d7bfc2b, listener: pxx@b1f501e
02-23 01:58:41.051 12010 14725 D GH.MultiCarCxnListener: onCarDisconnected() on binder thread. instance: pyn@8803459, listener: qho@e870982
02-23 01:58:41.051 12010 14725 D GH.MultiCarCxnListener: onCarDisconnected() on binder thread. instance: pyn@8803459, listener: pxx@e07a5ea
02-23 01:58:41.051 19618 19618 I CAR.CAM : Forwarding media key KeyEvent { action=ACTION_UP, keyCode=KEYCODE_MEDIA_PAUSE, scanCode=0, metaState=0, flags=0x0, repeatCount=0, eventTime=0, downTime=0, deviceId=-1, source=0x0, displayId=-1 }
02-23 01:58:41.051 19618 19618 I CAR.SERVICE: Car connection state changed: DISCONNECTING->DISCONNECTED
02-23 01:58:41.051 19618 19618 I CAR.SERVICE: Removing callback requestVideoFocusRunnable
02-23 01:58:41.052 19618 19618 I CAR.SYS : Successfully released automotive projection.
02-23 01:58:41.052 19618 19618 I CAR.CAM : makeBackground for component ComponentInfo{com.google.android.apps.maps/com.google.android.apps.gmm.car.GmmCarProjectionService}
02-23 01:58:41.053  8910  8924 D GH.MultiCarCxnListener: onCarDisconnected() on binder thread. instance: pyn@54a6e0f, listener: pxx@47152a4
02-23 01:58:41.053  8910  5320 D GH.MultiCarCxnListener: onCarDisconnected() on binder thread. instance: pyn@b6e3b70, listener: pxx@3dc2129
02-23 01:58:41.053  8910  8925 D GH.MultiCarCxnListener: onCarDisconnected() on binder thread. instance: pyn@b3d76e, listener: pxx@cbc4c6b
02-23 01:58:41.053  8910  8922 D CAR.CLIENT.PLS: onProjectionTearDown on binder thread
02-23 01:58:41.053  8910  8910 D CAR.CLIENT: localCarConnectionListener received onCarDisconnected()
02-23 01:58:41.053  8910  8910 D CAR.CLIENT: tearDownProjectionSessionState() pye@4ff60a0
02-23 01:58:41.053  8910  8910 D CAR.CLIENT: tearDownCarManagers() pye@4ff60a0
02-23 01:58:41.053  8910  8910 D CAR.CLIENT: localCarConnectionListener received onCarDisconnected()
02-23 01:58:41.053  8910  8910 D CAR.CLIENT: tearDownProjectionSessionState() pye@68ba5a3
02-23 01:58:41.053  8910  8910 D CAR.CLIENT: tearDownCarManagers() pye@68ba5a3
02-23 01:58:41.053  8910  8910 D CAR.CLIENT: localCarConnectionListener received onCarDisconnected()
02-23 01:58:41.053  8910  8910 D CAR.CLIENT: tearDownProjectionSessionState() pye@1da782a
02-23 01:58:41.053  8910  8910 D CAR.CLIENT: tearDownCarManagers() pye@1da782a
02-23 01:58:41.053  8910  8910 D CAR.CLIENT: localCarConnectionListener received onCarDisconnected()
02-23 01:58:41.053  8910  8910 D CAR.CLIENT: tearDownProjectionSessionState() pye@4bcdf5d
02-23 01:58:41.053  8910  8910 D CAR.CLIENT: tearDownCarManagers() pye@4bcdf5d
02-23 01:58:41.053  8910  8910 D CAR.CLIENT: localCarConnectionListener received onCarDisconnected()
02-23 01:58:41.053  8910  8910 D CAR.CLIENT: tearDownProjectionSessionState() pye@8a8f8ff
02-23 01:58:41.053  8910  8910 D CAR.CLIENT: tearDownCarManagers() pye@8a8f8ff
02-23 01:58:41.053  8910  8910 D CAR.CLIENT.PLS: Projection teardown
02-23 01:58:41.053  8910  8910 D CAR.CLIENT.PLS: Projection unlinkToDeath true
02-23 01:58:41.053  8910  5321 D GH.MultiCarCxnListener: onCarDisconnected() on binder thread. instance: pyn@9245bc0, listener: pxx@5c91943
02-23 01:58:41.054 19618 19618 I CAR.CAM : Unbinding from GmmCarProjectionService
02-23 01:58:41.054  8910  8910 D CAR.CLIENT: localCarConnectionListener received onCarDisconnected()
02-23 01:58:41.054  8910  8910 D CAR.CLIENT: tearDownProjectionSessionState() pye@a6a1ef2
02-23 01:58:41.054  8910  8910 D CAR.CLIENT: tearDownCarManagers() pye@a6a1ef2
02-23 01:58:41.055 19618 14821 I CAR.CONMAN.LITE: Tearing down connection
02-23 01:58:41.055 19618 14821 I GH.CAR  : Stopping session: 5460537845246306473
02-23 01:58:41.055 19618 19740 I GH.CarConnSessMgr: Teardown called for session 5460537845246306473, current session is 5460537845246306473
02-23 01:58:41.055  3048  7705 I CDM_AssociationStore: Updating new association=[Association{mId=4, mUserId=0, mPackageName='com.google.android.projection.gearhead', mDeviceMacAddress=null, mDisplayName='Android Auto', mDeviceProfile='android.app.role.SYSTEM_AUTOMOTIVE_PROJECTION', mSelfManaged=true, mAssociatedDevice=null, mNotifyOnDeviceNearby=false, mRevoked=false, mPending=false, mTimeApprovedMs=Wed Apr 23 15:53:34 CDT 2025, mLastTimeConnectedMs=Mon Feb 23 01:58:41 CST 2026, mSystemDataSyncFlags=0, mDeviceId='null}]...
02-23 01:58:41.057 19618 14816 I CAR.GAL.GAL.LITE: Exception received: 
02-23 01:58:41.057 19618 14816 I CAR.GAL.GAL.LITE: java.net.SocketException: Socket closed
02-23 01:58:41.057 19618 14816 I CAR.GAL.GAL.LITE: 	at java.net.SocketOutputStream.socketWrite(SocketOutputStream.java:119)
02-23 01:58:41.057 19618 14816 I CAR.GAL.GAL.LITE: 	at java.net.SocketOutputStream.write(SocketOutputStream.java:156)
02-23 01:58:41.057 19618 14816 I CAR.GAL.GAL.LITE: 	at java.io.BufferedOutputStream.flushBuffer(BufferedOutputStream.java:81)
02-23 01:58:41.057 19618 14816 I CAR.GAL.GAL.LITE: 	at java.io.BufferedOutputStream.flush(BufferedOutputStream.java:142)
02-23 01:58:41.057 19618 14816 I CAR.GAL.GAL.LITE: 	at iac.run(SourceFile:25)
02-23 01:58:41.057 19618 14816 E CAR.GAL.GAL.LITE: WriterThread: exiting due to IO error
02-23 01:58:41.058  3048  7705 I CDM_DevicePresenceProcessor: Enable hint mode for device device profile: android.app.role.SYSTEM_AUTOMOTIVE_PROJECTION
02-23 01:58:41.060 12010 12010 D CAR.CLIENT: Multi-display client enabled. Get ICarDisplay for: CarDisplayId{displayId=0}
02-23 01:58:41.060 12010 12010 D GH.MpCarDispUpdateLstnr: Clearing local CarDisplayLayoutUpdateCompleteListener {rfz@8f04454}
02-23 01:58:41.060 12010 12010 D CAR.CLIENT: localCarConnectionListener received onCarDisconnected()
02-23 01:58:41.060 12010 12010 D CAR.CLIENT: tearDownProjectionSessionState() pye@fc0d1db
02-23 01:58:41.060 12010 12010 D CAR.CLIENT: tearDownCarManagers() pye@fc0d1db
02-23 01:58:41.060 12010 12010 D CAR.PROJECTION.CAHI: null.onDisconnected()
02-23 01:58:41.060 12010 12010 D CAR.PROJECTION.CAHI: null.finish()
02-23 01:58:41.060 12010 12010 D CAR.PROJECTION.CAHI: Already finishing null, ignoring duplicate finish
02-23 01:58:41.060 12010 12010 D CAR.CLIENT: localCarConnectionListener received onCarDisconnected()
02-23 01:58:41.060 12010 12010 D CAR.CLIENT: tearDownProjectionSessionState() pyt@7f4cd1d
02-23 01:58:41.061 12010 12010 D CAR.CLIENT: tearDownCarManagers() pyt@7f4cd1d
02-23 01:58:41.061 12010 12010 D CAR.CLIENT: localCarConnectionListener received onCarDisconnected()
02-23 01:58:41.061 12010 12010 D CAR.CLIENT: tearDownProjectionSessionState() pye@f6c4478
02-23 01:58:41.061 12010 12010 D CAR.CLIENT: tearDownCarManagers() pye@f6c4478
02-23 01:58:41.061 12010 12010 D CAR.CLIENT: localCarConnectionListener received onCarDisconnected()
02-23 01:58:41.061 12010 12010 D CAR.CLIENT: tearDownProjectionSessionState() pye@f10dc9b
02-23 01:58:41.061 12010 12010 D CAR.CLIENT: tearDownCarManagers() pye@f10dc9b
02-23 01:58:41.061 12010 12010 D CAR.PROJECTION.CAHI: null.onDisconnected()
02-23 01:58:41.061 12010 12010 D CAR.PROJECTION.CAHI: null.finish()
02-23 01:58:41.061 12010 12010 D CAR.PROJECTION.CAHI: Already finishing null, ignoring duplicate finish
02-23 01:58:41.061 12010 12010 D CAR.CLIENT: localCarConnectionListener received onCarDisconnected()
02-23 01:58:41.062 21855 21896 I GH.ConnLoggerV2: Session 7bdbf25b-9c23-458c-9bb7-27434b9831e6, event 1417, detail OptionalInt.empty, FRAMER_READ_IO_EXCEPTION_SW_CAUSED_CONNECTION_ABORT, at 383810108 
02-23 01:58:41.065 19618 19618 I CAR.IME : Resetting input manager
02-23 01:58:41.065 12010 12423 D CAR.CLIENT.PLS: onProjectionEnd on binder thread
02-23 01:58:41.068 12010 12010 D CAR.CLIENT: tearDownProjectionSessionState() pyt@84b31f4
02-23 01:58:41.069 12010 12010 D CAR.CLIENT: tearDownCarManagers() pyt@84b31f4
02-23 01:58:41.069 12010 12010 D CAR.CLIENT: localCarConnectionListener received onCarDisconnected()
02-23 01:58:41.069 12010 12010 D CAR.CLIENT: tearDownProjectionSessionState() pye@12ae0fb
02-23 01:58:41.069 12010 12010 D CAR.CLIENT: tearDownCarManagers() pye@12ae0fb
02-23 01:58:41.069 12010 12010 D CAR.CLIENT: localCarConnectionListener received onCarDisconnected()
02-23 01:58:41.069 12010 12010 D CAR.CLIENT: tearDownProjectionSessionState() pye@92e6b5f
02-23 01:58:41.069 12010 12010 D CAR.CLIENT: tearDownCarManagers() pye@92e6b5f
02-23 01:58:41.069 12010 12010 D CAR.PROJECTION.CAHI: null.onDisconnected()
02-23 01:58:41.069 12010 12010 D CAR.PROJECTION.CAHI: null.finish()
02-23 01:58:41.069 12010 12010 D CAR.PROJECTION.CAHI: Already finishing null, ignoring duplicate finish
02-23 01:58:41.069 12010 12010 D CAR.CLIENT: localCarConnectionListener received onCarDisconnected()
02-23 01:58:41.070 12010 12010 D CAR.CLIENT: tearDownProjectionSessionState() pyt@ac5e751
02-23 01:58:41.070 12010 12010 D CAR.CLIENT: tearDownCarManagers() pyt@ac5e751
02-23 01:58:41.070 12010 12010 D CAR.CLIENT: localCarConnectionListener received onCarDisconnected()
02-23 01:58:41.070 12010 12010 D CAR.CLIENT: tearDownProjectionSessionState() pye@d1b9963
02-23 01:58:41.070 12010 12010 D CAR.CLIENT: tearDownCarManagers() pye@d1b9963
02-23 01:58:41.070 12010 12010 D CAR.PROJECTION.CAHI: null.onDisconnected()
02-23 01:58:41.070 12010 12010 D CAR.PROJECTION.CAHI: null.finish()
02-23 01:58:41.070 12010 12010 D CAR.PROJECTION.CAHI: Already finishing null, ignoring duplicate finish
02-23 01:58:41.070 12010 12010 D CAR.CLIENT: localCarConnectionListener received onCarDisconnected()
02-23 01:58:41.070 12010 12010 D CAR.CLIENT: tearDownProjectionSessionState() pyt@5717aea
02-23 01:58:41.070 12010 12010 D CAR.CLIENT: tearDownCarManagers() pyt@5717aea
02-23 01:58:41.070 12010 12010 D CAR.PROJECTION.CAHI: null.onDisconnected()
02-23 01:58:41.070 12010 12010 D CAR.PROJECTION.CAHI: null.finish()
02-23 01:58:41.070 12010 12010 D CAR.PROJECTION.CAHI: Already finishing null, ignoring duplicate finish
02-23 01:58:41.070 12010 12010 D CAR.CLIENT: localCarConnectionListener received onCarDisconnected()
02-23 01:58:41.070 12010 12010 D CAR.CLIENT: tearDownProjectionSessionState() pyt@eaf86b9
02-23 01:58:41.070 12010 12010 D CAR.CLIENT: tearDownCarManagers() pyt@eaf86b9
02-23 01:58:41.070 12010 12010 D CAR.CLIENT: localCarConnectionListener received onCarDisconnected()
02-23 01:58:41.070 12010 12010 D CAR.CLIENT: tearDownProjectionSessionState() pye@d6ec948
02-23 01:58:41.070 12010 12010 D CAR.CLIENT: tearDownCarManagers() pye@d6ec948
02-23 01:58:41.070 12010 12010 D CAR.CLIENT: localCarConnectionListener received onCarDisconnected()
02-23 01:58:41.070 12010 12010 D CAR.CLIENT: tearDownProjectionSessionState() pye@8a4fb8c
02-23 01:58:41.070 12010 12010 D CAR.CLIENT: tearDownCarManagers() pye@8a4fb8c
02-23 01:58:41.070 12010 12010 D CAR.CLIENT: localCarConnectionListener received onCarDisconnected()
02-23 01:58:41.070 12010 12010 D CAR.CLIENT: tearDownProjectionSessionState() pye@ec891da
02-23 01:58:41.070 12010 12010 D CAR.CLIENT: tearDownCarManagers() pye@ec891da
02-23 01:58:41.070 12010 12010 D CAR.PROJECTION.CAHI: null.onDisconnected()
02-23 01:58:41.070 12010 12010 D CAR.PROJECTION.CAHI: null.finish()
02-23 01:58:41.070 12010 12010 D CAR.PROJECTION.CAHI: Already finishing null, ignoring duplicate finish
02-23 01:58:41.070 12010 12010 D CAR.CLIENT: localCarConnectionListener received onCarDisconnected()
02-23 01:58:41.070 12010 12010 D CAR.CLIENT: tearDownProjectionSessionState() pyt@858e1db
02-23 01:58:41.070 12010 12010 D CAR.CLIENT: tearDownCarManagers() pyt@858e1db
02-23 01:58:41.070 12010 12010 D CAR.PROJECTION.CAHI: null.onDisconnected()
02-23 01:58:41.070 12010 12010 D CAR.PROJECTION.CAHI: null.finish()
02-23 01:58:41.070 12010 12010 D CAR.PROJECTION.CAHI: Already finishing null, ignoring duplicate finish
02-23 01:58:41.070 12010 12010 D CAR.CLIENT: localCarConnectionListener received onCarDisconnected()
02-23 01:58:41.070 12010 12010 D CAR.CLIENT: tearDownProjectionSessionState() pyt@76182d5
02-23 01:58:41.070 12010 12010 D CAR.CLIENT: tearDownCarManagers() pyt@76182d5
02-23 01:58:41.070 12010 12010 D CAR.CLIENT: localCarConnectionListener received onCarDisconnected()
02-23 01:58:41.070 12010 12010 D CAR.CLIENT: tearDownProjectionSessionState() pye@aec9ede
02-23 01:58:41.070 12010 12010 D CAR.CLIENT: tearDownCarManagers() pye@aec9ede
02-23 01:58:41.070 12010 12010 D CAR.CLIENT: localCarConnectionListener received onCarDisconnected()
02-23 01:58:41.070 12010 12010 D CAR.CLIENT: tearDownProjectionSessionState() pye@d0b1478
02-23 01:58:41.070 12010 12010 D CAR.CLIENT: tearDownCarManagers() pye@d0b1478
02-23 01:58:41.070 12010 12010 D CAR.CLIENT: localCarConnectionListener received onCarDisconnected()
02-23 01:58:41.070 12010 12010 D CAR.CLIENT: tearDownProjectionSessionState() pye@4e37960
02-23 01:58:41.070 12010 12010 D CAR.CLIENT: tearDownCarManagers() pye@4e37960
02-23 01:58:41.070 12010 12010 D CAR.CLIENT: localCarConnectionListener received onCarDisconnected()
02-23 01:58:41.070 12010 12010 D CAR.CLIENT: tearDownProjectionSessionState() pye@5834ede
02-23 01:58:41.070 12010 12010 D CAR.CLIENT: tearDownCarManagers() pye@5834ede
02-23 01:58:41.071 21855 21896 I GH.ConnLoggerV2: Session 7bdbf25b-9c23-458c-9bb7-27434b9831e6, event 1418, detail OptionalInt.empty, WIRELESS_GAL_SOCKET_DISCONNECTED, at 383810110 
02-23 01:58:41.074 12010 12010 D CAR.PROJECTION.CAHI: null.onDisconnected()
02-23 01:58:41.074 12010 12010 D CAR.PROJECTION.CAHI: null.finish()
02-23 01:58:41.074 12010 12010 D CAR.PROJECTION.CAHI: Already finishing null, ignoring duplicate finish
02-23 01:58:41.074 12010 12010 D CAR.CLIENT: localCarConnectionListener received onCarDisconnected()
02-23 01:58:41.074 12010 12010 D CAR.CLIENT: tearDownProjectionSessionState() pye@feb7c35
02-23 01:58:41.074 12010 12010 D CAR.CLIENT: tearDownCarManagers() pye@feb7c35
02-23 01:58:41.074 12010 12010 D CAR.CLIENT: localCarConnectionListener received onCarDisconnected()
02-23 01:58:41.074 12010 12010 D CAR.CLIENT: tearDownProjectionSessionState() pyt@af6cb8c
02-23 01:58:41.074 12010 12010 D CAR.CLIENT: tearDownCarManagers() pyt@af6cb8c
02-23 01:58:41.074 12010 12010 D CAR.CLIENT: localCarConnectionListener received onCarDisconnected()
02-23 01:58:41.074 12010 12010 D CAR.CLIENT: tearDownProjectionSessionState() pye@8a468bf
02-23 01:58:41.074 12010 12010 D CAR.CLIENT: tearDownCarManagers() pye@8a468bf
02-23 01:58:41.074 12010 12010 D CAR.CLIENT: localCarConnectionListener received onCarDisconnected()
02-23 01:58:41.074 12010 12010 D CAR.CLIENT: tearDownProjectionSessionState() pye@17843c2
02-23 01:58:41.074 12010 12010 D CAR.CLIENT: tearDownCarManagers() pye@17843c2
02-23 01:58:41.074 12010 12010 D CAR.CLIENT: localCarConnectionListener received onCarDisconnected()
02-23 01:58:41.074 12010 12010 D CAR.CLIENT: tearDownProjectionSessionState() pye@e0b71fc
02-23 01:58:41.074 12010 12010 D CAR.CLIENT: tearDownCarManagers() pye@e0b71fc
02-23 01:58:41.074 12010 12010 D CAR.CLIENT: localCarConnectionListener received onCarDisconnected()
02-23 01:58:41.074 12010 12010 D CAR.CLIENT: tearDownProjectionSessionState() pye@7ee9e3e
02-23 01:58:41.074 12010 12010 D CAR.CLIENT: tearDownCarManagers() pye@7ee9e3e
02-23 01:58:41.074 12010 12010 D CAR.CLIENT: localCarConnectionListener received onCarDisconnected()
02-23 01:58:41.074 12010 12010 D CAR.CLIENT: tearDownProjectionSessionState() pye@e190024
02-23 01:58:41.074 12010 12010 D CAR.CLIENT: tearDownCarManagers() pye@e190024
02-23 01:58:41.074 12010 12010 D CAR.CLIENT: localCarConnectionListener received onCarDisconnected()
02-23 01:58:41.074 12010 12010 D CAR.CLIENT: tearDownProjectionSessionState() pye@ba7abb6
02-23 01:58:41.074 12010 12010 D CAR.CLIENT: tearDownCarManagers() pye@ba7abb6
02-23 01:58:41.074 12010 12010 D CAR.CLIENT: localCarConnectionListener received onCarDisconnected()
02-23 01:58:41.074 12010 12010 D CAR.CLIENT: tearDownProjectionSessionState() pye@179c0b7
02-23 01:58:41.074 12010 12010 D CAR.CLIENT: tearDownCarManagers() pye@179c0b7
02-23 01:58:41.074 12010 12010 D CAR.CLIENT: localCarConnectionListener received onCarDisconnected()
02-23 01:58:41.074 12010 12010 D CAR.CLIENT: tearDownProjectionSessionState() pye@672e540
02-23 01:58:41.074 12010 12010 D CAR.CLIENT: tearDownCarManagers() pye@672e540
02-23 01:58:41.074 12010 12010 D CAR.CLIENT: localCarConnectionListener received onCarDisconnected()
02-23 01:58:41.074 12010 12010 D CAR.CLIENT: tearDownProjectionSessionState() pye@4facd42
02-23 01:58:41.074 12010 12010 D CAR.CLIENT: tearDownCarManagers() pye@4facd42
02-23 01:58:41.074 12010 12010 D CAR.CLIENT: localCarConnectionListener received onCarDisconnected()
02-23 01:58:41.074 12010 12010 D CAR.CLIENT: tearDownProjectionSessionState() pye@fbb6a94
02-23 01:58:41.074 12010 12010 D CAR.CLIENT: tearDownCarManagers() pye@fbb6a94
02-23 01:58:41.074 12010 12010 D CAR.CLIENT: localCarConnectionListener received onCarDisconnected()
02-23 01:58:41.074 12010 12010 D CAR.CLIENT: tearDownProjectionSessionState() pye@f4a185c
02-23 01:58:41.074 12010 12010 D CAR.CLIENT: tearDownCarManagers() pye@f4a185c
02-23 01:58:41.074 12010 12010 D CAR.CLIENT: localCarConnectionListener received onCarDisconnected()
02-23 01:58:41.074 12010 12010 D CAR.CLIENT: tearDownProjectionSessionState() pye@c5fb153
02-23 01:58:41.074 12010 12010 D CAR.CLIENT: tearDownCarManagers() pye@c5fb153
02-23 01:58:41.074 12010 12010 D CAR.CLIENT: localCarConnectionListener received onCarDisconnected()
02-23 01:58:41.074 12010 12010 D CAR.CLIENT: tearDownProjectionSessionState() pye@ea4b524
02-23 01:58:41.074 12010 12010 D CAR.CLIENT: tearDownCarManagers() pye@ea4b524
02-23 01:58:41.074 12010 12010 D CAR.CLIENT: localCarConnectionListener received onCarDisconnected()
02-23 01:58:41.074 12010 12010 D CAR.CLIENT: tearDownProjectionSessionState() pye@44dbf89
02-23 01:58:41.074 12010 12010 D CAR.CLIENT: tearDownCarManagers() pye@44dbf89
02-23 01:58:41.076  8910  5321 D CAR.CLIENT.PLS: onProjectionEnd on binder thread
02-23 01:58:41.077  8910  8910 D CAR.CLIENT.PLS: Projection end
02-23 01:58:41.077 19618 19618 I CAR.AUDIO.FOCUS: Stop audio focus handler
02-23 01:58:41.077 19618 19618 I CAR.AUDIO.CHANNEL: disabling stream: MEDIA, had focus: false
02-23 01:58:41.077 19618 19618 I CAR.AUDIO.CHANNEL: disabling stream: TTS, had focus: false
02-23 01:58:41.077 19618 14884 I CAR.AUDIO.AFM: Request android audio focus on exit
02-23 01:58:41.077 19618 19618 I CAR.AUDIO.CHANNEL: disabling stream: SYSTEM, had focus: true
02-23 01:58:41.080 12010 12010 D CAR.CLIENT: localCarConnectionListener received onCarDisconnected()
02-23 01:58:41.080 12010 12010 D CAR.CLIENT: tearDownProjectionSessionState() pye@417441f
02-23 01:58:41.080 12010 12010 D CAR.CLIENT: tearDownCarManagers() pye@417441f
02-23 01:58:41.080 12010 12010 D CAR.CLIENT: localCarConnectionListener received onCarDisconnected()
02-23 01:58:41.080 12010 12010 D CAR.CLIENT: tearDownProjectionSessionState() pye@26c7b8e
02-23 01:58:41.080 12010 12010 D CAR.CLIENT: tearDownCarManagers() pye@26c7b8e
02-23 01:58:41.080 12010 12010 D CAR.CLIENT: localCarConnectionListener received onCarDisconnected()
02-23 01:58:41.080 12010 12010 D CAR.CLIENT: tearDownProjectionSessionState() pye@5f7fa90
02-23 01:58:41.080 12010 12010 D CAR.CLIENT: tearDownCarManagers() pye@5f7fa90
02-23 01:58:41.080 12010 12010 D CAR.CLIENT: localCarConnectionListener received onCarDisconnected()
02-23 01:58:41.080 12010 12010 D CAR.CLIENT: tearDownProjectionSessionState() pye@e88378d
02-23 01:58:41.080 12010 12010 D CAR.CLIENT: tearDownCarManagers() pye@e88378d
02-23 01:58:41.080 12010 12010 D CAR.CLIENT.PLS: Projection teardown
02-23 01:58:41.080 12010 12010 D CAR.CLIENT.PLS: Projection unlinkToDeath true
02-23 01:58:41.081 12010 12010 I GH.GhLifecycleService: onProjectionTearDown()
02-23 01:58:41.081 12010 12010 I GH.CarClientManager: onCarDisconnectedViaLifecycle
02-23 01:58:41.081 12010 12010 I GH.CarClientManager: CarClientToken is in state CLIENT_CONNECTED_AND_CAR_CONNECTED; running onCarDisconnected()
02-23 01:58:41.081 12010 12010 I GH.CarClientManager: car disconnected. isProjected: true
02-23 01:58:41.081 12010 12010 W GH.CarClientManager: Illegal state transition from CLIENT_CONNECTED_AND_CAR_CONNECTED to CLIENT_CONNECTED_AND_CAR_DISCONNECTED! Allowing anyway.
02-23 01:58:41.081 12010 12010 I GH.CarClientManager: Transition from CLIENT_CONNECTED_AND_CAR_CONNECTED to CLIENT_CONNECTED_AND_CAR_DISCONNECTED.
02-23 01:58:41.081 12010 12010 D GH.CarClientManager: notifyListenersOnCarDisconnected entered
02-23 01:58:41.081 12010 12010 D GH.CarClientManager: calling onCarDisconnected on jhl@9baba55
02-23 01:58:41.081 12010 12010 D GH.CarClientManager: calling onCarDisconnected on ncl@c056c6a
02-23 01:58:41.081 12010 12010 D GH.CarClientManager: calling onCarDisconnected on ndf@34f476f
02-23 01:58:41.081 12010 12010 D GH.CarClientManager: calling onCarDisconnected on iqx@7e6ca36
02-23 01:58:41.081 12010 12010 D GH.CarClientManager: calling onCarDisconnected on jhp@ff5b557
02-23 01:58:41.081 12010 12010 D GH.MdPlayerCardStateLD: cardState: NO_APP
02-23 01:58:41.081 12010 12010 D GH.MediaSugPvdr: Use Assistant media suggestions
02-23 01:58:41.081 12010 12010 D GH.MediaSugPvdr: Use Assistant media suggestions
02-23 01:58:41.081 12010 12010 D GH.MdPlayerCardStateLD: isMediaSuggestionAvailable: false
02-23 01:58:41.082 12010 12010 D GH.MdPlayerCardStateLD: cardState: NO_APP
02-23 01:58:41.082 12010 12010 D GH.MediaSugPvdr: Use Assistant media suggestions
02-23 01:58:41.083 12010 12010 D GH.MediaSugPvdr: Use Assistant media suggestions
02-23 01:58:41.083 12010 12010 D GH.MdPlayerCardStateLD: isMediaSuggestionAvailable: false
02-23 01:58:41.083 12010 12010 D GH.MdPlayerCardStateLD: cardState: NO_APP
02-23 01:58:41.083 12010 12010 D GH.MediaSugPvdr: Use Assistant media suggestions
02-23 01:58:41.083 12010 12010 D GH.MediaSugPvdr: Use Assistant media suggestions
02-23 01:58:41.083 12010 12010 D GH.MdPlayerCardStateLD: isMediaSuggestionAvailable: false
02-23 01:58:41.083 12010 12010 D GH.MdPlayerCardStateLD: cardState: NO_APP
02-23 01:58:41.083 12010 12010 D GH.MediaSugPvdr: Use Assistant media suggestions
02-23 01:58:41.083 12010 12010 D GH.MediaSugPvdr: Use Assistant media suggestions
02-23 01:58:41.083 12010 12010 D GH.MdPlayerCardStateLD: isMediaSuggestionAvailable: false
02-23 01:58:41.083 12010 12010 D GH.MdPlayerCardStateLD: cardState: NO_APP
02-23 01:58:41.083 12010 12010 D GH.MediaSugPvdr: Use Assistant media suggestions
02-23 01:58:41.083 12010 12010 D GH.MediaSugPvdr: Use Assistant media suggestions
02-23 01:58:41.083 12010 12010 D GH.MdPlayerCardStateLD: isMediaSuggestionAvailable: false
02-23 01:58:41.083 12010 12010 D GH.MdPlayerCardStateLD: cardState: NO_APP
02-23 01:58:41.083 12010 12010 D GH.MediaSugPvdr: Use Assistant media suggestions
02-23 01:58:41.083 12010 12010 D GH.MediaSugPvdr: Use Assistant media suggestions
02-23 01:58:41.083 12010 12010 D GH.MdPlayerCardStateLD: isMediaSuggestionAvailable: false
02-23 01:58:41.083 12010 12010 D GH.MdPlayerCardStateLD: cardState: NO_APP
02-23 01:58:41.083 12010 12010 D GH.MediaSugPvdr: Use Assistant media suggestions
02-23 01:58:41.083 12010 12010 D GH.MediaSugPvdr: Use Assistant media suggestions
02-23 01:58:41.083 12010 12010 D GH.MdPlayerCardStateLD: isMediaSuggestionAvailable: false
02-23 01:58:41.083 12010 12010 D GH.MdPlayerCardStateLD: cardState: NO_APP
02-23 01:58:41.083 12010 12010 D GH.MediaSugPvdr: Use Assistant media suggestions
02-23 01:58:41.083 12010 12010 D GH.MediaSugPvdr: Use Assistant media suggestions
02-23 01:58:41.083 12010 12010 D GH.MdPlayerCardStateLD: isMediaSuggestionAvailable: false
02-23 01:58:41.083 12010 12010 D GH.MdPlayerCardStateLD: cardState: NO_APP
02-23 01:58:41.083 12010 12010 D GH.MediaSugPvdr: Use Assistant media suggestions
02-23 01:58:41.083 12010 12010 D GH.MediaSugPvdr: Use Assistant media suggestions
02-23 01:58:41.083 12010 12010 D GH.MdPlayerCardStateLD: isMediaSuggestionAvailable: false
02-23 01:58:41.083 12010 12010 D GH.MdPlayerCardStateLD: cardState: NO_APP
02-23 01:58:41.083 12010 12010 D GH.MediaSugPvdr: Use Assistant media suggestions
02-23 01:58:41.084 12010 12010 D GH.MediaSugPvdr: Use Assistant media suggestions
02-23 01:58:41.084 12010 12010 D GH.MdPlayerCardStateLD: isMediaSuggestionAvailable: false
02-23 01:58:41.084 12010 12010 D GH.MdPlayerCardStateLD: cardState: NO_APP
02-23 01:58:41.084 12010 12010 D GH.MediaSugPvdr: Use Assistant media suggestions
02-23 01:58:41.084 12010 12010 D GH.MediaSugPvdr: Use Assistant media suggestions
02-23 01:58:41.084 12010 12010 D GH.MdPlayerCardStateLD: isMediaSuggestionAvailable: false
02-23 01:58:41.084 12010 12010 D GH.MdPlayerCardStateLD: cardState: NO_APP
02-23 01:58:41.084 12010 12010 D GH.MediaSugPvdr: Use Assistant media suggestions
02-23 01:58:41.084 12010 12010 D GH.MediaSugPvdr: Use Assistant media suggestions
02-23 01:58:41.084 12010 12010 D GH.MdPlayerCardStateLD: isMediaSuggestionAvailable: false
02-23 01:58:41.084 12010 12010 D GH.MdPlayerCardStateLD: cardState: NO_APP
02-23 01:58:41.084 12010 12010 D GH.MediaSugPvdr: Use Assistant media suggestions
02-23 01:58:41.084 12010 12010 D GH.MediaSugPvdr: Use Assistant media suggestions
02-23 01:58:41.084 12010 12010 D GH.MdPlayerCardStateLD: isMediaSuggestionAvailable: false
02-23 01:58:41.084 12010 12010 D GH.MdPlayerCardStateLD: cardState: NO_APP
02-23 01:58:41.084 12010 12010 D GH.MediaSugPvdr: Use Assistant media suggestions
02-23 01:58:41.084 12010 12010 D GH.MediaSugPvdr: Use Assistant media suggestions
02-23 01:58:41.084 12010 12010 D GH.MdPlayerCardStateLD: isMediaSuggestionAvailable: false
02-23 01:58:41.084 12010 12010 D GH.MdPlayerCardStateLD: cardState: NO_APP
02-23 01:58:41.084 12010 12010 D GH.MediaSugPvdr: Use Assistant media suggestions
02-23 01:58:41.084 12010 12010 D GH.MediaSugPvdr: Use Assistant media suggestions
02-23 01:58:41.085 12010 12010 D GH.MdPlayerCardStateLD: isMediaSuggestionAvailable: false
02-23 01:58:41.085 12010 12010 D GH.MdPlayerCardStateLD: cardState: NO_APP
02-23 01:58:41.085 12010 12010 D GH.MediaSugPvdr: Use Assistant media suggestions
02-23 01:58:41.085 12010 12010 D GH.MediaSugPvdr: Use Assistant media suggestions
02-23 01:58:41.085 12010 12010 D GH.MdPlayerCardStateLD: isMediaSuggestionAvailable: false
02-23 01:58:41.085 12010 12010 D GH.MdPlayerCardStateLD: cardState: NO_APP
02-23 01:58:41.085 12010 12010 D GH.MediaSugPvdr: Use Assistant media suggestions
02-23 01:58:41.085 12010 12010 D GH.MediaSugPvdr: Use Assistant media suggestions
02-23 01:58:41.085 12010 12010 D GH.MdPlayerCardStateLD: isMediaSuggestionAvailable: false
02-23 01:58:41.085 12010 12010 D GH.MdPlayerCardStateLD: cardState: NO_APP
02-23 01:58:41.085 12010 12010 D GH.MediaSugPvdr: Use Assistant media suggestions
02-23 01:58:41.085 12010 12010 D GH.MediaSugPvdr: Use Assistant media suggestions
02-23 01:58:41.085 12010 12010 D GH.MdPlayerCardStateLD: isMediaSuggestionAvailable: false
02-23 01:58:41.085 12010 12010 D GH.MdPlayerCardStateLD: cardState: NO_APP
02-23 01:58:41.085 12010 12010 D GH.MediaSugPvdr: Use Assistant media suggestions
02-23 01:58:41.085 12010 12010 D GH.MediaSugPvdr: Use Assistant media suggestions
02-23 01:58:41.085 12010 12010 D GH.MdPlayerCardStateLD: isMediaSuggestionAvailable: false
02-23 01:58:41.088 12010 12010 E GH.MediaLiveDataFns: createIsBrowserSearchableData indicated car token disconnect
02-23 01:58:41.089 12010 12010 D GH.MediaModel: Controller in state DISCONNECTED_OUT_OF_CONNECTION_LIFECYCLE. Not notifying listeners
02-23 01:58:41.091 12010 12010 D GH.MediaModel: Browser in state DISCONNECTED_OUT_OF_CONNECTION_LIFECYCLE. Not notifying listeners
02-23 01:58:41.093 12010 12010 D GH.MdPlayerCardStateLD: isMediaSessionValid: false
02-23 01:58:41.093 12010 12010 D GH.MdPlayerCardStateLD: connectionTimeoutHasElapsed: false
02-23 01:58:41.093 12010 12010 D GH.MdPlayerCardStateLD: timedOutAfterPlaybackStateChange: false
02-23 01:58:41.094 19618 17530 W CAR.CAM : Ignoring unexpected message continuation in GmmCarProjectionService: head null; got FINISH null
02-23 01:58:41.095 12010 12010 D GH.MdPlayerCardStateLD: isMediaSessionValid: false
02-23 01:58:41.095 12010 12010 D GH.MdPlayerCardStateLD: connectionTimeoutHasElapsed: false
02-23 01:58:41.095 12010 12010 D GH.MdPlayerCardStateLD: timedOutAfterPlaybackStateChange: false
02-23 01:58:41.095 21855 21896 I GH.ConnLoggerV2: Session 7bdbf25b-9c23-458c-9bb7-27434b9831e6, event 1419, detail OptionalInt.empty, PROJECTION_ENDED_WIFI, at 383810140 
02-23 01:58:41.096 12010 12010 D GH.MdPlayerCardStateLD: isMediaSessionValid: false
02-23 01:58:41.096 12010 12010 D GH.MdPlayerCardStateLD: connectionTimeoutHasElapsed: false
02-23 01:58:41.096 12010 12010 D GH.MdPlayerCardStateLD: timedOutAfterPlaybackStateChange: false
02-23 01:58:41.097 12010 12010 D GH.MdPlayerCardStateLD: isMediaSessionValid: false
02-23 01:58:41.097 12010 12010 D GH.MdPlayerCardStateLD: connectionTimeoutHasElapsed: false
02-23 01:58:41.097 12010 12010 D GH.MdPlayerCardStateLD: timedOutAfterPlaybackStateChange: false
02-23 01:58:41.099 12010 12010 D GH.MdPlayerCardStateLD: isMediaSessionValid: false
02-23 01:58:41.099 12010 12010 D GH.MdPlayerCardStateLD: connectionTimeoutHasElapsed: false
02-23 01:58:41.099 12010 12010 D GH.MdPlayerCardStateLD: timedOutAfterPlaybackStateChange: false
02-23 01:58:41.100 12010 12010 D GH.MdPlayerCardStateLD: isMediaSessionValid: false
02-23 01:58:41.100 12010 12010 D GH.MdPlayerCardStateLD: connectionTimeoutHasElapsed: false
02-23 01:58:41.100 12010 12010 D GH.MdPlayerCardStateLD: timedOutAfterPlaybackStateChange: false
02-23 01:58:41.101 12010 12010 D GH.MdPlayerCardStateLD: isMediaSessionValid: false
02-23 01:58:41.101 12010 12010 D GH.MdPlayerCardStateLD: connectionTimeoutHasElapsed: false
02-23 01:58:41.101 12010 12010 D GH.MdPlayerCardStateLD: timedOutAfterPlaybackStateChange: false
02-23 01:58:41.102 12010 12010 D GH.MdPlayerCardStateLD: isMediaSessionValid: false
02-23 01:58:41.102 12010 12010 D GH.MdPlayerCardStateLD: connectionTimeoutHasElapsed: false
02-23 01:58:41.102 12010 12010 D GH.MdPlayerCardStateLD: timedOutAfterPlaybackStateChange: false
02-23 01:58:41.103 12010 12010 D GH.MdPlayerCardStateLD: isMediaSessionValid: false
02-23 01:58:41.103 12010 12010 D GH.MdPlayerCardStateLD: connectionTimeoutHasElapsed: false
02-23 01:58:41.103 12010 12010 D GH.MdPlayerCardStateLD: timedOutAfterPlaybackStateChange: false
02-23 01:58:41.104 12010 12010 D GH.MdPlayerCardStateLD: isMediaSessionValid: false
02-23 01:58:41.104 12010 12010 D GH.MdPlayerCardStateLD: connectionTimeoutHasElapsed: false
02-23 01:58:41.104 12010 12010 D GH.MdPlayerCardStateLD: timedOutAfterPlaybackStateChange: false
02-23 01:58:41.108 12010 12010 D GH.MdPlayerCardStateLD: isMediaSessionValid: false
02-23 01:58:41.108 12010 12010 D GH.MdPlayerCardStateLD: connectionTimeoutHasElapsed: false
02-23 01:58:41.108 12010 12010 D GH.MdPlayerCardStateLD: timedOutAfterPlaybackStateChange: false
02-23 01:58:41.109 12010 12010 D GH.MdPlayerCardStateLD: isMediaSessionValid: false
02-23 01:58:41.109 12010 12010 D GH.MdPlayerCardStateLD: connectionTimeoutHasElapsed: false
02-23 01:58:41.110 12010 12010 D GH.MdPlayerCardStateLD: timedOutAfterPlaybackStateChange: false
02-23 01:58:41.110 12010 12010 D GH.MdPlayerCardStateLD: isMediaSessionValid: false
02-23 01:58:41.110 12010 12010 D GH.MdPlayerCardStateLD: connectionTimeoutHasElapsed: false
02-23 01:58:41.110 12010 12010 D GH.MdPlayerCardStateLD: timedOutAfterPlaybackStateChange: false
02-23 01:58:41.113 12010 12010 D GH.MdPlayerCardStateLD: isMediaSessionValid: false
02-23 01:58:41.113 12010 12010 D GH.MdPlayerCardStateLD: connectionTimeoutHasElapsed: false
02-23 01:58:41.114 12010 12010 D GH.MdPlayerCardStateLD: timedOutAfterPlaybackStateChange: false
02-23 01:58:41.114 12010 12010 D GH.MdPlayerCardStateLD: isMediaSessionValid: false
02-23 01:58:41.114 12010 12010 D GH.MdPlayerCardStateLD: connectionTimeoutHasElapsed: false
02-23 01:58:41.114 12010 12010 D GH.MdPlayerCardStateLD: timedOutAfterPlaybackStateChange: false
02-23 01:58:41.115 12010 12010 D GH.MdPlayerCardStateLD: isMediaSessionValid: false
02-23 01:58:41.115 12010 12010 D GH.MdPlayerCardStateLD: connectionTimeoutHasElapsed: false
02-23 01:58:41.115 12010 12010 D GH.MdPlayerCardStateLD: timedOutAfterPlaybackStateChange: false
02-23 01:58:41.116 12010 12010 D GH.MdPlayerCardStateLD: isMediaSessionValid: false
02-23 01:58:41.116 12010 12010 D GH.MdPlayerCardStateLD: connectionTimeoutHasElapsed: false
02-23 01:58:41.116 12010 12010 D GH.MdPlayerCardStateLD: timedOutAfterPlaybackStateChange: false
02-23 01:58:41.117 12010 12010 D GH.MdPlayerCardStateLD: isMediaSessionValid: false
02-23 01:58:41.117 12010 12010 D GH.MdPlayerCardStateLD: connectionTimeoutHasElapsed: false
02-23 01:58:41.117 12010 12010 D GH.MdPlayerCardStateLD: timedOutAfterPlaybackStateChange: false
02-23 01:58:41.118 12010 12010 D GH.MdPlayerCardStateLD: isMediaSessionValid: false
02-23 01:58:41.118 12010 12010 D GH.MdPlayerCardStateLD: connectionTimeoutHasElapsed: false
02-23 01:58:41.118 12010 12010 D GH.MdPlayerCardStateLD: timedOutAfterPlaybackStateChange: false
02-23 01:58:41.118 12010 12010 D GH.MediaModel: Controller in state DISCONNECTED_OUT_OF_CONNECTION_LIFECYCLE. Not notifying listeners
02-23 01:58:41.119 12010 12010 D GH.MediaModel: Browser in state DISCONNECTED_OUT_OF_CONNECTION_LIFECYCLE. Not notifying listeners
02-23 01:58:41.119 12010 12010 D GH.MediaModel: Controller in state DISCONNECTED_OUT_OF_CONNECTION_LIFECYCLE. Not notifying listeners
02-23 01:58:41.119 12010 12010 D GH.MediaModel: Browser in state DISCONNECTED_OUT_OF_CONNECTION_LIFECYCLE. Not notifying listeners
02-23 01:58:41.121 12010 12010 D GH.MediaModel: Controller in state DISCONNECTED_OUT_OF_CONNECTION_LIFECYCLE. Not notifying listeners
02-23 01:58:41.121 12010 12010 D GH.MediaModel: Browser in state DISCONNECTED_OUT_OF_CONNECTION_LIFECYCLE. Not notifying listeners
02-23 01:58:41.122 12010 12010 D GH.MediaModel: Controller in state DISCONNECTED_OUT_OF_CONNECTION_LIFECYCLE. Not notifying listeners
02-23 01:58:41.123 12010 12010 D GH.MediaModel: Browser in state DISCONNECTED_OUT_OF_CONNECTION_LIFECYCLE. Not notifying listeners
02-23 01:58:41.126 12010 12010 D GH.MediaModel: Controller in state DISCONNECTED_OUT_OF_CONNECTION_LIFECYCLE. Not notifying listeners
02-23 01:58:41.126 12010 12010 D GH.MediaModel: Browser in state DISCONNECTED_OUT_OF_CONNECTION_LIFECYCLE. Not notifying listeners
02-23 01:58:41.127 12010 12010 D GH.MediaModel: Controller in state DISCONNECTED_OUT_OF_CONNECTION_LIFECYCLE. Not notifying listeners
02-23 01:58:41.128 12010 12010 D GH.MediaModel: Browser in state DISCONNECTED_OUT_OF_CONNECTION_LIFECYCLE. Not notifying listeners
02-23 01:58:41.128 12010 12010 D GH.MediaModel: Controller in state DISCONNECTED_OUT_OF_CONNECTION_LIFECYCLE. Not notifying listeners
02-23 01:58:41.128 12010 12010 D GH.MediaModel: Browser in state DISCONNECTED_OUT_OF_CONNECTION_LIFECYCLE. Not notifying listeners
02-23 01:58:41.128 12010 12010 D GH.MediaModel: Controller in state DISCONNECTED_OUT_OF_CONNECTION_LIFECYCLE. Not notifying listeners
02-23 01:58:41.129 12010 12010 D GH.MediaModel: Browser in state DISCONNECTED_OUT_OF_CONNECTION_LIFECYCLE. Not notifying listeners
02-23 01:58:41.129 12010 12010 D GH.MediaModel: Controller in state DISCONNECTED_OUT_OF_CONNECTION_LIFECYCLE. Not notifying listeners
02-23 01:58:41.129 12010 12010 D GH.MediaModel: Browser in state DISCONNECTED_OUT_OF_CONNECTION_LIFECYCLE. Not notifying listeners
02-23 01:58:41.130 12010 12010 D GH.MediaModel: Controller in state DISCONNECTED_OUT_OF_CONNECTION_LIFECYCLE. Not notifying listeners
02-23 01:58:41.130 12010 12010 D GH.MediaModel: Browser in state DISCONNECTED_OUT_OF_CONNECTION_LIFECYCLE. Not notifying listeners
02-23 01:58:41.130 12010 12010 D GH.MediaModel: Controller in state DISCONNECTED_OUT_OF_CONNECTION_LIFECYCLE. Not notifying listeners
02-23 01:58:41.130 12010 12010 D GH.MediaModel: Browser in state DISCONNECTED_OUT_OF_CONNECTION_LIFECYCLE. Not notifying listeners
02-23 01:58:41.131 12010 12010 D GH.MediaSugPvdr: Returning 0 Assistant media suggestions, componentName: ComponentInfo{au.com.shiftyjelly.pocketcasts/au.com.shiftyjelly.pocketcasts.repositories.playback.PlaybackService}
02-23 01:58:41.134 12010 12010 D GH.MediaActiveBrowsConn: unsubscribe componentName=au.com.shiftyjelly.pocketcasts/.repositories.playback.PlaybackService id=__ROOT__
02-23 01:58:41.134 12010 12010 D GH.Assistant.SignalLD: buildMbsComponentName: component=ComponentInfo{au.com.shiftyjelly.pocketcasts/au.com.shiftyjelly.pocketcasts.repositories.playback.PlaybackService}
02-23 01:58:41.135 12010 12010 D GH.Assistant.SignalLD: Car client token is null, returning same component=ComponentInfo{au.com.shiftyjelly.pocketcasts/au.com.shiftyjelly.pocketcasts.repositories.playback.PlaybackService}
02-23 01:58:41.135 12010 12010 D GH.MediaBCConnection: onInactive component=ComponentInfo{au.com.shiftyjelly.pocketcasts/au.com.shiftyjelly.pocketcasts.repositories.playback.PlaybackService}
02-23 01:58:41.147 12010 12010 D GH.MediaBCConnection: disconnectFromBrowser component=ComponentInfo{au.com.shiftyjelly.pocketcasts/au.com.shiftyjelly.pocketcasts.repositories.playback.PlaybackService}
02-23 01:58:41.147 12010 12010 D GH.MediaBCConnection: onActive component=ComponentInfo{au.com.shiftyjelly.pocketcasts/au.com.shiftyjelly.pocketcasts.repositories.playback.PlaybackService}
02-23 01:58:41.147 12010 12010 D GH.MediaBCConnection: connectToBrowser component=ComponentInfo{au.com.shiftyjelly.pocketcasts/au.com.shiftyjelly.pocketcasts.repositories.playback.PlaybackService}
02-23 01:58:41.147 12010 12010 D GH.MediaSugPvdr: Returning 0 Assistant media suggestions, componentName: null
02-23 01:58:41.147 12010 12010 D GH.MediaSugPvdr: Returning 0 Assistant media suggestions, componentName: null
02-23 01:58:41.147 12010 12010 D GH.MediaSugPvdr: Returning 0 Assistant media suggestions, componentName: null
02-23 01:58:41.147 12010 12010 D GH.MediaSugPvdr: Returning 0 Assistant media suggestions, componentName: null
02-23 01:58:41.147 12010 12010 D GH.MediaSugPvdr: Returning 0 Assistant media suggestions, componentName: null
02-23 01:58:41.147 12010 12010 D GH.MediaSugPvdr: Returning 0 Assistant media suggestions, componentName: null
02-23 01:58:41.147 12010 12010 D GH.MediaSugPvdr: Returning 0 Assistant media suggestions, componentName: null
02-23 01:58:41.147 12010 12010 D GH.MediaSugPvdr: Returning 0 Assistant media suggestions, componentName: null
02-23 01:58:41.147 12010 12010 D GH.MediaSugPvdr: Returning 0 Assistant media suggestions, componentName: null
02-23 01:58:41.147 12010 12010 D GH.MediaSugPvdr: Returning 0 Assistant media suggestions, componentName: null
02-23 01:58:41.147 12010 12010 D GH.MediaSugPvdr: Returning 0 Assistant media suggestions, componentName: null
02-23 01:58:41.148 12010 12010 D GH.MediaSugPvdr: Returning 0 Assistant media suggestions, componentName: null
02-23 01:58:41.148 12010 12010 D GH.MediaSugPvdr: Returning 0 Assistant media suggestions, componentName: null
02-23 01:58:41.148 12010 12010 D GH.MediaSugPvdr: Returning 0 Assistant media suggestions, componentName: null
02-23 01:58:41.148 12010 12010 D GH.MediaSugPvdr: Returning 0 Assistant media suggestions, componentName: null
02-23 01:58:41.148 12010 12010 D GH.MediaSugPvdr: Returning 0 Assistant media suggestions, componentName: null
02-23 01:58:41.148 12010 12010 D GH.MediaSugPvdr: Returning 0 Assistant media suggestions, componentName: null
02-23 01:58:41.148 12010 12010 D GH.MediaSugPvdr: Returning 0 Assistant media suggestions, componentName: null
02-23 01:58:41.148 12010 12010 D GH.MediaSugPvdr: Returning 0 Assistant media suggestions, componentName: null
02-23 01:58:41.151 12010 12010 D GH.MediaBCConnection: onInactive component=ComponentInfo{au.com.shiftyjelly.pocketcasts/au.com.shiftyjelly.pocketcasts.repositories.playback.PlaybackService}
02-23 01:58:41.151 12010 12010 D GH.MediaBCConnection: disconnectFromBrowser component=ComponentInfo{au.com.shiftyjelly.pocketcasts/au.com.shiftyjelly.pocketcasts.repositories.playback.PlaybackService}
02-23 01:58:41.151 12010 12010 D GH.CarClientManager: calling onCarDisconnected on iqx@c3f2c0f
02-23 01:58:41.151 12010 12010 D GH.CarClientManager: calling onCarDisconnected on iqx@e1ffc1b
02-23 01:58:41.151 12010 12010 D GH.CarClientManager: calling onCarDisconnected on iqx@482b1fb
02-23 01:58:41.151 12010 12010 D GH.CarClientManager: calling onCarDisconnected on iqx@251b966
02-23 01:58:41.151 12010 12010 D GH.CarClientManager: calling onCarDisconnected on iqx@3189231
02-23 01:58:41.151 12010 12010 D GH.CarClientManager: calling onCarDisconnected on iqx@4ba10a0
02-23 01:58:41.151 12010 12010 D GH.CarClientManager: calling onCarDisconnected on iqx@9f26717
02-23 01:58:41.151 12010 12010 D GH.CarClientManager: calling onCarDisconnected on iqx@c271479
02-23 01:58:41.151 12010 12010 D GH.CarClientManager: calling onCarDisconnected on iqx@c00f0de
02-23 01:58:41.151 12010 12010 D GH.CarClientManager: calling onCarDisconnected on iqx@37dbd1e
02-23 01:58:41.152 12010 12010 D GH.CarClientManager: calling onCarDisconnected on iqx@3921311
02-23 01:58:41.152 12010 12010 D GH.CarClientManager: calling onCarDisconnected on iqx@2ea264e
02-23 01:58:41.152 12010 12010 D GH.CarClientManager: calling onCarDisconnected on iqx@cbd27c0
02-23 01:58:41.152 12010 12010 D GH.CarClientManager: calling onCarDisconnected on iqx@62b48a8
02-23 01:58:41.152 12010 12010 D GH.CarClientManager: calling onCarDisconnected on iqx@d4734a7
02-23 01:58:41.152 12010 12010 D GH.CarClientManager: calling onCarDisconnected on iqx@96e5723
02-23 01:58:41.152 12010 12010 D GH.CarClientManager: calling onCarDisconnected on iqx@79f5a49
02-23 01:58:41.152 12010 12010 D GH.CarClientManager: calling onCarDisconnected on iqx@6126100
02-23 01:58:41.152 12010 12010 D GH.CarClientManager: calling onCarDisconnected on iqx@8391a51
02-23 01:58:41.152 12010 12010 D GH.CarClientManager: calling onCarDisconnected on khn@752a6c8
02-23 01:58:41.152 12010 12010 I GH.LifetimeManager: Disconnected from Android Auto car
02-23 01:58:41.152 12010 12010 D GH.GHLifetimeManager: onCarConnectedUpdate, isPhysicalCarConnected: false, isPhysicalCarConnectedStateChanged: true
02-23 01:58:41.152 12010 12010 I GH.LifetimeManager: stop(transitionToProjected=false, disconnectFromCarService=true)
02-23 01:58:41.152 12010 12010 D GH.Assistant.Suggestion: cancelAllNotifications(): notificationIdMap={}
02-23 01:58:41.236 12010 12010 D GH.LifetimeManager: Stopping lifetime services
02-23 01:58:41.236 12010 12010 D GH.LifetimeManager: Stopping lzv@3c10188
02-23 01:58:41.236 12010 12010 D GH.LifetimeManager: Stopping mnd@f1d079c
02-23 01:58:41.236 12010 12010 D GH.LifetimeManager: Stopping mdi@6bc3c04
02-23 01:58:41.236 12010 12010 D GH.LifetimeManager: Stopping mlz@82c9dca
02-23 01:58:41.237 12010 12010 D GH.LifetimeManager: Stopping lns@b11eb6c
02-23 01:58:41.237 12010 12010 D GH.LifetimeManager: Stopping lcv@12966c3
02-23 01:58:41.238 12010 12010 D GH.LifetimeManager: Stopping mty@f5d337d
02-23 01:58:41.238 12010 12010 D GH.LifetimeManager: Stopping com.google.android.apps.auto.components.firstdrive.HelloFromAutoManager@5e5ff27
02-23 01:58:41.238 12010 12010 W GH.StreamItemManager: Listener was not registered: kyl@33e0135
