02-23 01:58:46.741 19618 19618 I GH.GhCarClientCtor: Unbinding service connection.
02-23 01:58:46.742 19618 19618 I CAR.TOKEN: Disconnected pyk@45dd115 using class pye@60472755/class pyh@84070178 (cx attempt 1)
02-23 01:58:46.743 19618 19618 I CAR.SERVICE.USBMON.LITE: Stopped USB monitor
02-23 01:58:46.743 21855 21896 I GH.ConnLoggerV2: Session 7bdbf25b-9c23-458c-9bb7-27434b9831e6, event 1428, detail OptionalInt.empty, USB_MONITOR_STOPPED, at 383815807 
02-23 01:58:46.757 19618 19618 I GH.CarCmpDvcSvc: onUnbind()
02-23 01:58:46.758 19618 19618 I GH.CarCmpDvcSvc: onDestroy()
02-23 01:59:00.905 21855 21855 I GH.WifiBluetoothRcvr: Connection action: android.bluetooth.device.action.ACL_CONNECTED, device XX:XX:XX:XX:5A:FF
02-23 01:59:00.906 21855 21855 I GH.WifiBluetoothRcvr: Wireless projection is available on this phone.
02-23 01:59:00.906 21855 13955 I GH.CarSvcDataStorage: Using DB version: 13
02-23 01:59:00.907 21855 23516 I CAR.BTCapsStore: Checking device with address DC:A6:32:E7:5A:FF
02-23 01:59:00.907 21855 23516 I CAR.BTCapsStore: This device previously has known UUID.
02-23 01:59:00.907 21855 21896 I GH.ConnLoggerV2: Session 7bdbf25b-9c23-458c-9bb7-27434b9831e6, event 1429, detail OptionalInt[2240], WIRELESS_SDP_MANAGER_PREVIOULSY_KNOWN_UUID, at 383829971 
02-23 01:59:00.907 21855 23516 I GH.WifiBluetoothRcvr: Bluetooth device XX:XX:XX:XX:5A:FF is previously known to have Android Auto UUID
02-23 01:59:00.907 21855 23516 I CAR.BTCapsStore: AAW status (SUPPORTED).
02-23 01:59:00.908 21855 13955 I CAR.BTCapsStore: Checking device with address DC:A6:32:E7:5A:FF
02-23 01:59:00.908 21855 13955 I CAR.BTCapsStore: This device previously has known UUID.
02-23 01:59:00.908 21855 13955 I CAR.BTCapsStore: AAW status (SUPPORTED).
02-23 01:59:00.909 21855 21896 I GH.ConnLoggerV2: Session 7bdbf25b-9c23-458c-9bb7-27434b9831e6, event 1430, detail OptionalInt.empty, ANDROID_AUTO_BLUETOOTH_CONNECTED, at 383829973 
02-23 01:59:00.909 21855 21896 I GH.ConnLoggerV2: Session 7bdbf25b-9c23-458c-9bb7-27434b9831e6, event 1431, detail OptionalInt.empty, ANDROID_AUTO_WIRELESS_CAPABLE_BLUETOOTH_CONNECTED, at 383829973 
02-23 01:59:00.910 19618 19618 I CAR.BT_RCVR.LITE: Do not start CarStartupService
02-23 01:59:00.910 21855 23516 I GH.WifiBluetoothRcvr: Connected: OpenAutoProdigy
02-23 01:59:00.910 21855 22270 I GH.ConnBroadcast: Internet connected
02-23 01:59:00.910 21855 21896 I GH.ConnLoggerV2: Session 7bdbf25b-9c23-458c-9bb7-27434b9831e6, event 1432, detail OptionalInt[-1123722562], WIRELESS_SETUP_START, at 383829975 
02-23 01:59:00.910 21855 21896 I GH.ConnLoggerV2: Session 7bdbf25b-9c23-458c-9bb7-27434b9831e6, event 1433, detail OptionalInt[-1123722562], WIRELESS_SETUP_SHARED_ACTION_ACL_CONNECTED, at 383829975 
02-23 01:59:00.911 21855 23516 I GH.WifiBluetoothRcvr: Bluetooth XX:XX:XX:XX:5A:FF device battery level -1
02-23 01:59:00.911 21855 23516 I GH.WirelessClient: Connecting to wireless setup shared service: XX:XX:XX:XX:5A:FF
02-23 01:59:00.923 19618 19618 I GH.WirelessShared: WirelessSetupSharedService starting up: android.bluetooth.device.action.ACL_CONNECTED, startId: 1
02-23 01:59:00.925 19618 19618 I CAR.TOKEN: Connecting pof@b1488ce using class pye@133177084/class pyh@113325039 (cx attempt 1)
02-23 01:59:00.926 21855 21896 I GH.ConnLoggerV2: Session 7bdbf25b-9c23-458c-9bb7-27434b9831e6, event 1434, detail OptionalInt.empty, WIRELESS_SETUP_SHARED_SERVICE_CREATED, at 383829982 
02-23 01:59:00.926 21855 21896 I GH.StartupMeasure: logEvent GEARHEAD_WIRELESS_WARM_STARTUP_STARTED=PT106H37M9.982S
02-23 01:59:00.928 19618 19618 I GH.WirelessShared: Creating foreground notification, already active: false
02-23 01:59:00.928 19618 19618 I GH.WirelessShared: Combined foreground service type: 24
02-23 01:59:00.929 19618 24219 I GH.BtConnectionTracker: acl connection added. device = XX:XX:XX:XX:E4:48
02-23 01:59:00.929 19618 24219 I GH.BtConnectionTracker: acl connection added. device = XX:XX:XX:XX:5A:FF
02-23 01:59:00.929 21855 21896 I GH.ConnLoggerV2: Session 7bdbf25b-9c23-458c-9bb7-27434b9831e6, event 1435, detail OptionalInt.empty, WIRELESS_SETUP_BLUETOOTH_TRACKER_STARTED, at 383829986 
02-23 01:59:00.929 19618 19618 I GH.WirelessShared: started foreground service
02-23 01:59:00.930 21855 21896 I GH.ConnLoggerV2: Session 7bdbf25b-9c23-458c-9bb7-27434b9831e6, event 1436, detail OptionalInt.empty, WIRELESS_SETUP_SHARED_SERVICE_STARTED, at 383829987 
02-23 01:59:00.932 19618 19618 I GH.WIRELESS.CDM: Dispatching appear request to CDM
02-23 01:59:00.932 19618 24252 I GH.GhCarClientCtor: Bound to startup service, got Car Service: ipb@aa187de
02-23 01:59:00.933  3048  3088 I CDM_AssociationStore: Updating new association=[Association{mId=3, mUserId=0, mPackageName='com.google.android.projection.gearhead', mDeviceMacAddress=null, mDisplayName='AA-Wireless', mDeviceProfile='android.app.role.SYSTEM_AUTOMOTIVE_PROJECTION', mSelfManaged=true, mAssociatedDevice=null, mNotifyOnDeviceNearby=false, mRevoked=false, mPending=false, mTimeApprovedMs=Wed Apr 23 15:53:26 CDT 2025, mLastTimeConnectedMs=Mon Feb 23 01:59:00 CST 2026, mSystemDataSyncFlags=0, mDeviceId='null}]...
02-23 01:59:00.934 21855 21896 I GH.ConnLoggerV2: Session 7bdbf25b-9c23-458c-9bb7-27434b9831e6, event 1437, detail OptionalInt.empty, WIRELESS_SETUP_BLUETOOTH_TRACKER_STARTED_WITH_NO_DEVICES, at 383829987 
02-23 01:59:00.935  3048  3088 I CDM_DevicePresenceProcessor: Enable hint mode for device device profile: android.app.role.SYSTEM_AUTOMOTIVE_PROJECTION
02-23 01:59:00.935 19618 19618 I GH.BtConnectionTracker: profile service connected. profile = 1
02-23 01:59:00.935 19618 19618 I GH.BtConnectionTracker: profile service connected. profile = 2
02-23 01:59:00.935 19618 19618 I CAR.TOKEN: Successfully connected pyj@8b2a739 using class pye@133177084/class pyh@113325039 (cx attempt 1)
02-23 01:59:00.935 19618 19618 W CAR.TOKEN: Not allowing logging client connection event
02-23 01:59:00.936 19618 19618 I GH.CarCmpDvcSvc: onCreate()
02-23 01:59:00.936 19618 19618 I GH.CarCmpDvcSvc: onBind()
02-23 01:59:00.936 21855 21896 I GH.ConnLoggerV2: Session 7bdbf25b-9c23-458c-9bb7-27434b9831e6, event 1438, detail OptionalInt.empty, WIRELESS_CDM_REQUESTED, at 383829996 
02-23 01:59:00.936 19618 19618 I GH.CarClientManager: CarClientToken connected.
02-23 01:59:00.936 19618 19618 I GH.CarClientManager: Transition from UNINITIALIZED to CLIENT_CONNECTED.
02-23 01:59:00.936 19618 19618 I GH.CmpnDvcCtrlImpl: onDeviceAppeared: AA-Wireless (3)
02-23 01:59:00.936 19618 19618 I GH.WIRELESS.CDM: CDM confirmed wireless device appeared. ID = 3
02-23 01:59:00.938 21855 21896 I GH.ConnLoggerV2: Session 7bdbf25b-9c23-458c-9bb7-27434b9831e6, event 1439, detail OptionalInt[-1123722562], WIRELESS_SETUP_HU_TRACKER_READY, at 383829999 
02-23 01:59:00.939 21855 21896 I GH.ConnLoggerV2: Session 7bdbf25b-9c23-458c-9bb7-27434b9831e6, event 1440, detail OptionalInt.empty, WIRELESS_CDM_APPROVED, at 383830001 
02-23 01:59:00.941 21855 21896 I GH.ConnLoggerV2: Session 7bdbf25b-9c23-458c-9bb7-27434b9831e6, event 1441, detail OptionalInt[-1123722562], WIRELESS_SETUP_CDM_READY, at 383830001 
02-23 01:59:00.942 21855 21896 I GH.ConnLoggerV2: Session 7bdbf25b-9c23-458c-9bb7-27434b9831e6, event 1442, detail OptionalInt[-1123722562], WIRELESS_SETUP_CDM_AND_HU_TRACKER_READY, at 383830001 
02-23 01:59:00.992 21855 21855 I GH.WifiBluetoothRcvr: Connection action: android.bluetooth.a2dp.profile.action.CONNECTION_STATE_CHANGED, device XX:XX:XX:XX:5A:FF
02-23 01:59:00.993 21855 21855 I GH.WifiBluetoothRcvr: Wireless projection is available on this phone.
02-23 01:59:00.993 21855 21855 I GH.WifiBluetoothRcvr: Processing connection state change for XX:XX:XX:XX:5A:FF. Action android.bluetooth.a2dp.profile.action.CONNECTION_STATE_CHANGED has state 1
02-23 01:59:00.993 21855 13955 I CAR.BTCapsStore: Checking device with address DC:A6:32:E7:5A:FF
02-23 01:59:00.993 21855 13955 I CAR.BTCapsStore: This device previously has known UUID.
02-23 01:59:00.993 21855 13955 I GH.WifiBluetoothRcvr: Bluetooth device XX:XX:XX:XX:5A:FF is previously known to have Android Auto UUID
02-23 01:59:00.993 21855 13955 I CAR.BTCapsStore: AAW status (SUPPORTED).
02-23 01:59:00.994 21855 21896 I GH.ConnLoggerV2: Session 7bdbf25b-9c23-458c-9bb7-27434b9831e6, event 1443, detail OptionalInt[2240], WIRELESS_SDP_MANAGER_PREVIOULSY_KNOWN_UUID, at 383830058 
02-23 01:59:00.994 21855 13955 I GH.WifiBluetoothRcvr: Connected: OpenAutoProdigy
02-23 01:59:00.995 21855 21896 I GH.ConnLoggerV2: Session 7bdbf25b-9c23-458c-9bb7-27434b9831e6, event 1444, detail OptionalInt[-1056728777], WIRELESS_SETUP_START, at 383830059 
02-23 01:59:00.996 21855 21896 I GH.ConnLoggerV2: Session 7bdbf25b-9c23-458c-9bb7-27434b9831e6, event 1445, detail OptionalInt[-1056728777], WIRELESS_SETUP_SHARED_A2DP_CONNECTING, at 383830059 
02-23 01:59:00.996 21855 13955 I GH.WifiBluetoothRcvr: Bluetooth XX:XX:XX:XX:5A:FF device battery level -1
02-23 01:59:00.996 21855 13955 I GH.WirelessClient: Connecting to wireless setup shared service: XX:XX:XX:XX:5A:FF
02-23 01:59:01.001 19618 19618 I GH.WirelessShared: WirelessSetupSharedService starting up: android.bluetooth.a2dp.profile.action.CONNECTION_STATE_CHANGED, startId: 2
02-23 01:59:01.001 19618 19618 I GH.WirelessShared: Creating foreground notification, already active: true
02-23 01:59:01.001 19618 19618 I GH.WirelessShared: Combined foreground service type: 24
02-23 01:59:01.003 19618 19618 I GH.WirelessShared: started foreground service
02-23 01:59:01.003 21855 21896 I GH.ConnLoggerV2: Session 7bdbf25b-9c23-458c-9bb7-27434b9831e6, event 1446, detail OptionalInt.empty, WIRELESS_SETUP_SHARED_SERVICE_STARTED, at 383830062 
02-23 01:59:01.007 21855 21896 I GH.ConnLoggerV2: Session 7bdbf25b-9c23-458c-9bb7-27434b9831e6, event 1447, detail OptionalInt[-1056728777], WIRELESS_SETUP_CDM_READY, at 383830069 
02-23 01:59:01.010 21855 21896 I GH.ConnLoggerV2: Session 7bdbf25b-9c23-458c-9bb7-27434b9831e6, event 1448, detail OptionalInt[-1056728777], WIRELESS_SETUP_HU_TRACKER_READY, at 383830069 
02-23 01:59:01.011 19618 24219 I GH.BtConnectionTracker: profile connection added. device = XX:XX:XX:XX:5A:FF
02-23 01:59:01.012 21855 21896 I GH.ConnLoggerV2: Session 7bdbf25b-9c23-458c-9bb7-27434b9831e6, event 1449, detail OptionalInt[-1056728777], WIRELESS_SETUP_CDM_AND_HU_TRACKER_READY, at 383830069 
02-23 01:59:01.014 19618 19618 I GH.WPP.TCP: Initializing WPP TCP manager...
02-23 01:59:01.014 21855 21896 I GH.ConnLoggerV2: Session 7bdbf25b-9c23-458c-9bb7-27434b9831e6, event 1450, detail OptionalInt[-1123722562], WIRELESS_SETUP_HU_PRESENCE_EVALUATED, at 383830076 
02-23 01:59:01.015 21855 21896 I GH.ConnLoggerV2: Session 7bdbf25b-9c23-458c-9bb7-27434b9831e6, event 1451, detail OptionalInt[-1056728777], WIRELESS_SETUP_HU_PRESENCE_EVALUATED, at 383830076 
02-23 01:59:01.016 21855 21896 I GH.ConnLoggerV2: Session 7bdbf25b-9c23-458c-9bb7-27434b9831e6, event 1452, detail OptionalInt.empty, WIRELESS_SETUP_METADATA_DEVICE_TYPE_CARKIT, at 383830079 
02-23 01:59:01.017 19618 19618 I GH.WIRELESS.SETUP: Received startWirelessSetup for XX:XX:XX:XX:5A:FF. Current state: IDLE
02-23 01:59:01.017 19618 19618 I GH.CarSvcDataStorage: Using DB version: 13
02-23 01:59:01.018 19618 19618 I GH.WIRELESS.SETUP: getCarInfoInternal for BT device: Optional[com.google.android.gms.carsetup.CarInfoInternal[dbId=4,manufacturer=OpenAuto Project,model=Universal,headUnitProtocolVersion=1.7,modelYear=2026,vehicleId=e29d78b9cfad803b,bluetoothAllowed=true,hideProjectedClock=false,driverPosition=0,headUnitMake=OpenAuto Project,headUnitModel=Raspberry Pi 4,headUnitSoftwareBuild=b6a5995,headUnitSoftwareVersion=0.3.0,canPlayNativeMediaDuringVr=false,hidePhoneSignal=false,hideBatteryLevel=false,bluetoothaddress=DC:A6:32:E7:5A:FF,wifiSsid=null,wifiBssid=null,wifiSecurityMode=-1,sslSubjectName=null,wifiVersionMajor=0,wifiVersionMinor=0,wifiFrequencyMHz=0,known=true,projectionAllowed=true,sslSerialNumber=-1,wifiProjectionProtocolOnTcp=false,wifiProjectionProtocolIpAddress=,wifiProjectionProtocolTcpPort=-1,hashedVehicleId=[REDACTED]]]
02-23 01:59:01.018 21855 21896 I GH.ConnLoggerV2: Session 7bdbf25b-9c23-458c-9bb7-27434b9831e6, event 1453, detail OptionalInt.empty, WIRELESS_SETUP_SHARED_SERVICE_START_SETUP, at 383830079 
02-23 01:59:01.019 19618 19618 I GH.CarSvcDataStorage: Using DB version: 13
02-23 01:59:01.019 21855 21896 I GH.ConnLoggerV2: Session 7bdbf25b-9c23-458c-9bb7-27434b9831e6, event 1454, detail OptionalInt.empty, WIRELESS_WIFI_CREDENTIALS_CACHE_NOT_FOUND, at 383830083 
02-23 01:59:01.020 19618 19618 I GH.WIRELESS.SETUP: No WPP on TCP configuration found in storage for the head unit, will not start WPP on TCP.
02-23 01:59:01.020 19618 19618 I GH.WIRELESS.SETUP: Starting manager of type: RFCOMM
02-23 01:59:01.020 19618 19618 I GH.WIRELESS.SETUP: State changed to CONNECTING_RFCOMM
02-23 01:59:01.021 19618 19618 I GH.WirelessShared: Creating foreground notification, already active: true
02-23 01:59:01.021 19618 19618 I GH.WirelessShared: Combined foreground service type: 24
02-23 01:59:01.021 21855 21896 I GH.ConnLoggerV2: Session 7bdbf25b-9c23-458c-9bb7-27434b9831e6, event 1455, detail OptionalInt.empty, WIRELESS_WIFI_PROJECTION_PROTOCOL_RFCOMM_CONNECTION_ATTEMPT_STARTING, at 383830085 
02-23 01:59:01.021 21855 21896 I GH.StartupMeasure: logEvent GEARHEAD_WIRELESS_CONTROL_CHANNEL_CONNECT_ATTEMPT_RFCOMM=PT106H37M10.085S
02-23 01:59:01.021 19618 24261 I GH.WPP.RFCOMM: Connecting the socket
02-23 01:59:01.021 19618 24261 I GH.WIRELESS.BT: Creating rfcomm socket for device: DC:A6:32:E7:5A:FF and uuid: 4de17a00-52cb-11e6-bdf4-0800200c9a66
02-23 01:59:01.022 19618 19618 I GH.WirelessShared: started foreground service
02-23 01:59:01.022 19618 19618 I GH.WirelessShared: Ready to stop service if required? bindCount=0 isWirelessSetupManagerActive=true
02-23 01:59:01.023 19618 19618 I GH.WIRELESS.SETUP: Received startWirelessSetup for XX:XX:XX:XX:5A:FF. Current state: CONNECTING_RFCOMM
02-23 01:59:01.023 19618 19618 I GH.CarSvcDataStorage: Using DB version: 13
02-23 01:59:01.024 21855 21896 I GH.ConnLoggerV2: Session 7bdbf25b-9c23-458c-9bb7-27434b9831e6, event 1456, detail OptionalInt.empty, WIRELESS_RFCOMM_CONNECTION_RUNNABLE_DEQUEUED, at 383830085 
02-23 01:59:01.024 19618 19618 I GH.WIRELESS.SETUP: getCarInfoInternal for BT device: Optional[com.google.android.gms.carsetup.CarInfoInternal[dbId=4,manufacturer=OpenAuto Project,model=Universal,headUnitProtocolVersion=1.7,modelYear=2026,vehicleId=e29d78b9cfad803b,bluetoothAllowed=true,hideProjectedClock=false,driverPosition=0,headUnitMake=OpenAuto Project,headUnitModel=Raspberry Pi 4,headUnitSoftwareBuild=b6a5995,headUnitSoftwareVersion=0.3.0,canPlayNativeMediaDuringVr=false,hidePhoneSignal=false,hideBatteryLevel=false,bluetoothaddress=DC:A6:32:E7:5A:FF,wifiSsid=null,wifiBssid=null,wifiSecurityMode=-1,sslSubjectName=null,wifiVersionMajor=0,wifiVersionMinor=0,wifiFrequencyMHz=0,known=true,projectionAllowed=true,sslSerialNumber=-1,wifiProjectionProtocolOnTcp=false,wifiProjectionProtocolIpAddress=,wifiProjectionProtocolTcpPort=-1,hashedVehicleId=[REDACTED]]]
02-23 01:59:01.024 19618 19618 W GH.WIRELESS.SETUP: Wireless setup already started using HU presence checker, request ignored.
02-23 01:59:01.025 19618 19618 I GH.WirelessShared: Creating foreground notification, already active: true
02-23 01:59:01.025 19618 19618 I GH.WirelessShared: Combined foreground service type: 24
02-23 01:59:01.026 19618 19618 I GH.WirelessShared: started foreground service
02-23 01:59:01.027 19618 19618 I CAR.TOKEN: Connecting pof@36d651d using class pye@15204707/class pyh@198251410 (cx attempt 1)
02-23 01:59:01.027 19618 19618 I GH.WirelessShared: Ready to stop service if required? bindCount=0 isWirelessSetupManagerActive=true
02-23 01:59:01.028 19618 24267 I GH.GhCarClientCtor: Bound to startup service, got Car Service: ipb@aa187de
02-23 01:59:01.028 21855 21896 I GH.ConnLoggerV2: Session 7bdbf25b-9c23-458c-9bb7-27434b9831e6, event 1457, detail OptionalInt[-1123722562], WIRELESS_SETUP_STARTED_OR_RESUMED, at 383830085 
02-23 01:59:01.028 19618 19618 I CAR.TOKEN: Successfully connected pyj@6551ad5 using class pye@15204707/class pyh@198251410 (cx attempt 1)
02-23 01:59:01.028 19618 19618 I CAR.TOKEN: Token caller not specified, so skipping telemetry logging. Process: com.google.android.projection.gearhead:car
02-23 01:59:01.030 21855 21896 I GH.ConnLoggerV2: Session 7bdbf25b-9c23-458c-9bb7-27434b9831e6, event 1458, detail OptionalInt[-1123722562], WIRELESS_SETUP_STARTED, at 383830085 
02-23 01:59:01.031 21855 21896 I GH.ConnLoggerV2: Session 7bdbf25b-9c23-458c-9bb7-27434b9831e6, event 1459, detail OptionalInt.empty, WIRELESS_CONNECTING_RFCOMM, at 383830087 
02-23 01:59:01.033 21855 21896 I GH.ConnLoggerV2: Session 7bdbf25b-9c23-458c-9bb7-27434b9831e6, event 1460, detail OptionalInt.empty, WIRELESS_SETUP_SHARED_SERVICE_START_SETUP, at 383830087 
02-23 01:59:01.035 21855 21896 I GH.ConnLoggerV2: Session 7bdbf25b-9c23-458c-9bb7-27434b9831e6, from STARTING, to BT_SETUP, reason RFCOMM_CONNECTING at time 383830099.
02-23 01:59:01.037 21855 21896 I GH.ConnLoggerV2: Session 7bdbf25b-9c23-458c-9bb7-27434b9831e6, event 1461, detail OptionalInt[-1056728777], WIRELESS_SETUP_CANCELLED, at 383830089 
02-23 01:59:01.037 21855 21896 I GH.ConnLoggerV2: Session 7bdbf25b-9c23-458c-9bb7-27434b9831e6, event 1462, detail OptionalInt[-1056728777], WIRELESS_SETUP_CANCELLED_ALREADY_STARTED, at 383830089 
02-23 01:59:01.038 21855 21896 I GH.ConnLoggerV2: Session 7bdbf25b-9c23-458c-9bb7-27434b9831e6, event 1463, detail OptionalInt.empty, WIRELESS_WIFI_STATE_ENABLED, at 383830091 
02-23 01:59:01.054 21855 21855 I GH.WifiBluetoothRcvr: Connection action: android.bluetooth.a2dp.profile.action.CONNECTION_STATE_CHANGED, device XX:XX:XX:XX:5A:FF
02-23 01:59:01.055 21855 21855 I GH.WifiBluetoothRcvr: Wireless projection is available on this phone.
02-23 01:59:01.056 21855 21855 I GH.WifiBluetoothRcvr: Processing connection state change for XX:XX:XX:XX:5A:FF. Action android.bluetooth.a2dp.profile.action.CONNECTION_STATE_CHANGED has state 2
02-23 01:59:01.057 21855 13955 I CAR.BTCapsStore: Checking device with address DC:A6:32:E7:5A:FF
02-23 01:59:01.057 21855 13955 I CAR.BTCapsStore: This device previously has known UUID.
02-23 01:59:01.057 21855 13955 I GH.WifiBluetoothRcvr: Bluetooth device XX:XX:XX:XX:5A:FF is previously known to have Android Auto UUID
02-23 01:59:01.057 21855 13955 I CAR.BTCapsStore: AAW status (SUPPORTED).
02-23 01:59:01.057 21855 21896 I GH.ConnLoggerV2: Session 7bdbf25b-9c23-458c-9bb7-27434b9831e6, event 1464, detail OptionalInt[2240], WIRELESS_SDP_MANAGER_PREVIOULSY_KNOWN_UUID, at 383830121 
02-23 01:59:01.058 21855 13955 I GH.WifiBluetoothRcvr: Connected: OpenAutoProdigy
02-23 01:59:01.059 21855 13955 I GH.WifiBluetoothRcvr: Bluetooth XX:XX:XX:XX:5A:FF device battery level -1
02-23 01:59:01.059 21855 13955 I GH.WirelessClient: Connecting to wireless setup shared service: XX:XX:XX:XX:5A:FF
02-23 01:59:01.059 21855 21896 I GH.ConnLoggerV2: Session 7bdbf25b-9c23-458c-9bb7-27434b9831e6, event 1465, detail OptionalInt[1174701243], WIRELESS_SETUP_START, at 383830123 
02-23 01:59:01.059 21855 21896 I GH.ConnLoggerV2: Session 7bdbf25b-9c23-458c-9bb7-27434b9831e6, event 1466, detail OptionalInt[1174701243], WIRELESS_SETUP_SHARED_A2DP_CONNECTED, at 383830123 
02-23 01:59:01.059 21855 21896 I GH.ConnLoggerV2: Session 7bdbf25b-9c23-458c-9bb7-27434b9831e6, event 1467, detail OptionalInt.empty, ANDROID_AUTO_BLUETOOTH_A2DP_CONNECTED, at 383830123 
02-23 01:59:01.059 19618 19618 I CAR.BT_RCVR.LITE: Do not start CarStartupService
02-23 01:59:01.061 19618 19618 I GH.WirelessShared: WirelessSetupSharedService starting up: android.bluetooth.a2dp.profile.action.CONNECTION_STATE_CHANGED, startId: 3
02-23 01:59:01.061 19618 19618 I GH.WirelessShared: Creating foreground notification, already active: true
02-23 01:59:01.061 19618 19618 I GH.WirelessShared: Combined foreground service type: 24
02-23 01:59:01.062 19618 19618 I GH.WirelessShared: started foreground service
02-23 01:59:01.066 19618 19618 I GH.WIRELESS.SETUP: Received startWirelessSetup for XX:XX:XX:XX:5A:FF. Current state: CONNECTING_RFCOMM
02-23 01:59:01.066 19618 19618 I GH.CarSvcDataStorage: Using DB version: 13
02-23 01:59:01.067 21855 21896 I GH.ConnLoggerV2: Session 7bdbf25b-9c23-458c-9bb7-27434b9831e6, event 1468, detail OptionalInt.empty, WIRELESS_SETUP_SHARED_SERVICE_STARTED, at 383830125 
02-23 01:59:01.067 19618 19618 I GH.WIRELESS.SETUP: getCarInfoInternal for BT device: Optional[com.google.android.gms.carsetup.CarInfoInternal[dbId=4,manufacturer=OpenAuto Project,model=Universal,headUnitProtocolVersion=1.7,modelYear=2026,vehicleId=e29d78b9cfad803b,bluetoothAllowed=true,hideProjectedClock=false,driverPosition=0,headUnitMake=OpenAuto Project,headUnitModel=Raspberry Pi 4,headUnitSoftwareBuild=b6a5995,headUnitSoftwareVersion=0.3.0,canPlayNativeMediaDuringVr=false,hidePhoneSignal=false,hideBatteryLevel=false,bluetoothaddress=DC:A6:32:E7:5A:FF,wifiSsid=null,wifiBssid=null,wifiSecurityMode=-1,sslSubjectName=null,wifiVersionMajor=0,wifiVersionMinor=0,wifiFrequencyMHz=0,known=true,projectionAllowed=true,sslSerialNumber=-1,wifiProjectionProtocolOnTcp=false,wifiProjectionProtocolIpAddress=,wifiProjectionProtocolTcpPort=-1,hashedVehicleId=[REDACTED]]]
02-23 01:59:01.067 19618 19618 W GH.WIRELESS.SETUP: Wireless setup already started using HU presence checker, request ignored.
02-23 01:59:01.067 21855 21896 I GH.ConnLoggerV2: Session 7bdbf25b-9c23-458c-9bb7-27434b9831e6, event 1469, detail OptionalInt[1174701243], WIRELESS_SETUP_CDM_READY, at 383830127 
02-23 01:59:01.068 19618 19618 I GH.WirelessShared: Creating foreground notification, already active: true
02-23 01:59:01.068 19618 19618 I GH.WirelessShared: Combined foreground service type: 24
02-23 01:59:01.071 19618 19618 I GH.WirelessShared: started foreground service
02-23 01:59:01.072 19618 19618 I GH.WirelessShared: Ready to stop service if required? bindCount=0 isWirelessSetupManagerActive=true
02-23 01:59:01.078 21855 21896 I GH.ConnLoggerV2: Session 7bdbf25b-9c23-458c-9bb7-27434b9831e6, event 1470, detail OptionalInt[1174701243], WIRELESS_SETUP_HU_TRACKER_READY, at 383830128 
02-23 01:59:01.083 21855 21896 I GH.ConnLoggerV2: Session 7bdbf25b-9c23-458c-9bb7-27434b9831e6, event 1471, detail OptionalInt[1174701243], WIRELESS_SETUP_CDM_AND_HU_TRACKER_READY, at 383830128 
02-23 01:59:01.089 21855 21896 I GH.ConnLoggerV2: Session 7bdbf25b-9c23-458c-9bb7-27434b9831e6, event 1472, detail OptionalInt[1174701243], WIRELESS_SETUP_HU_PRESENCE_EVALUATED, at 383830129 
02-23 01:59:01.098 21855 21896 I GH.ConnLoggerV2: Session 7bdbf25b-9c23-458c-9bb7-27434b9831e6, event 1473, detail OptionalInt.empty, WIRELESS_SETUP_SHARED_SERVICE_START_SETUP, at 383830130 
02-23 01:59:01.104 21855 21896 I GH.ConnLoggerV2: Session 7bdbf25b-9c23-458c-9bb7-27434b9831e6, event 1474, detail OptionalInt[1174701243], WIRELESS_SETUP_CANCELLED, at 383830132 
02-23 01:59:01.109 21855 21896 I GH.ConnLoggerV2: Session 7bdbf25b-9c23-458c-9bb7-27434b9831e6, event 1475, detail OptionalInt[1174701243], WIRELESS_SETUP_CANCELLED_ALREADY_STARTED, at 383830132 
02-23 01:59:01.116 19618 19618 I GH.WPP.CONN: Creating the transport in order to start listening
02-23 01:59:01.116 19618 19618 I GH.WPP.RFCOMM: Creating the IO stream
02-23 01:59:01.116 19618 19618 I GH.WPP.RFCOMM: IO stream will sleep for 10 ms instead of flushing after each write.  SDK: 36
02-23 01:59:01.116 19618 19618 I GH.WPP.RFCOMM: Creating the transport
02-23 01:59:01.116 19618 24276 I GH.WPP.TRANSPORT: Transport starting
02-23 01:59:01.116 19618 19618 I GH.WIRELESS.SETUP: State changed to CONNECTED_RFCOMM
02-23 01:59:01.117 19618 19618 I GH.WIRELESS.SETUP: Scheduling WPP first message timeout trigger to execute in 12000 milliseconds, attempt: 0
02-23 01:59:01.119 21855 21896 I GH.ConnLoggerV2: Session 7bdbf25b-9c23-458c-9bb7-27434b9831e6, event 1476, detail OptionalInt.empty, WIRELESS_WIFI_PROJECTION_PROTOCOL_RFCOMM_SOCKET_CONNECTED, at 383830179 
02-23 01:59:01.123 21855 21896 I GH.ConnLoggerV2: Session 7bdbf25b-9c23-458c-9bb7-27434b9831e6, event 1477, detail OptionalInt.empty, WIRELESS_CONNECTED_RFCOMM, at 383830181 
02-23 01:59:01.124 19618 19618 I GH.WIRELESS.SETUP: Received WifiStartRequest, reason=n/a
02-23 01:59:01.124 19618 19618 I GH.WIRELESS.SETUP: Start request received, setting user intention.
02-23 01:59:01.124 19618 19618 W GH.WIRELESS.SETUP: Trying to proceed with WifiStartRequest before we received WifiVersionRequest
02-23 01:59:01.125 19618 19618 I GH.WIRELESS.SETUP: State changed to WIFI_PROJECTION_START_REQUESTED
02-23 01:59:01.125 19618 19618 I GH.WIRELESS.SETUP: Send WifiStartResponse, protocol=RFCOMM, status=STATUS_SUCCESS
02-23 01:59:01.125 19618 24262 I GH.WifiPreflight: Sending Close Broadcast
02-23 01:59:01.128 21855 21896 I GH.ConnLoggerV2: Session 7bdbf25b-9c23-458c-9bb7-27434b9831e6, event 1478, detail OptionalInt.empty, WIRELESS_WIFI_PROJECTION_PROTOCOL_RFCOMM_START_REQUEST_RECEIVED, at 383830188 
02-23 01:59:01.128 21855 21896 I GH.StartupMeasure: logEvent GEARHEAD_WIRELESS_START_REQUEST_RECEIVED_RFCOMM=PT106H37M10.188S
02-23 01:59:01.132 21855 21896 I GH.ConnLoggerV2: Session 7bdbf25b-9c23-458c-9bb7-27434b9831e6, event 1479, detail OptionalInt.empty, WIRELESS_WIFI_VERSION_NOT_REQUESTED, at 383830188 
02-23 01:59:01.133 21855 21896 I GH.ConnLoggerV2: Session 7bdbf25b-9c23-458c-9bb7-27434b9831e6, event 1480, detail OptionalInt.empty, WIRELESS_WIFI_PROJECTION_REQUESTED_BY_HU_WITHOUT_REASON, at 383830189 
02-23 01:59:01.134 21855 21896 I GH.ConnLoggerV2: Session 7bdbf25b-9c23-458c-9bb7-27434b9831e6, event 1481, detail OptionalInt.empty, WIRELESS_WIFI_PROJECTION_PROTOCOL_RFCOMM_INFO_REQUEST_SENT, at 383830189 
02-23 01:59:01.139 21855 21896 I GH.ConnLoggerV2: Session 7bdbf25b-9c23-458c-9bb7-27434b9831e6, event 1482, detail OptionalInt.empty, WIRELESS_WIFI_PROJECTION_PROTOCOL_RFCOMM_START_RESPONSE_SENT, at 383830190 
02-23 01:59:01.141 21855 21896 I GH.ConnLoggerV2: Session 7bdbf25b-9c23-458c-9bb7-27434b9831e6, event 1483, detail OptionalInt.empty, WIRELESS_WIFI_PROJECTION_REQUESTED, at 383830191 
02-23 01:59:01.141 19618 19618 I GH.WIRELESS.SETUP: Info response received. Received credentials=WifiConfiguration(ssid=OpenAutoProdigy, bssid=DC:A6:32:E7:5A:FE, securityMode=WPA2_PERSONAL, mostRecentlyUsedFrequenciesMhz=[]), cached credentials=Optional.empty, networkState=DISCONNECTED
02-23 01:59:01.142 19618 19618 I GH.WirelessNetRequest: MD supports WPA3-Personal SAE security mode.
02-23 01:59:01.142 19618 19618 I GH.WirelessNetRequest: Add callback key=nck@d418542 value=WSEM.Callback@e8c0953
02-23 01:59:01.142 19618 19618 I GH.WIRELESS.SETUP: State changed to CONNECTING_WIFI
02-23 01:59:01.143 19618 19618 I GH.WirelessNetRequest: HU is using WPA2 security mode.
02-23 01:59:01.143 21855 21896 I GH.ConnLoggerV2: Session 7bdbf25b-9c23-458c-9bb7-27434b9831e6, from BT_SETUP, to WIFI_SETUP, reason WIFI_START_REQUEST_RECEIVED at time 383830207.
02-23 01:59:01.144 21855 21896 I GH.ConnLoggerV2: Session 7bdbf25b-9c23-458c-9bb7-27434b9831e6, event 1484, detail OptionalInt.empty, WIRELESS_WIFI_PROJECTION_PROTOCOL_RFCOMM_INFO_RESPONSE_RECEIVED, at 383830205 
02-23 01:59:01.145 21855 21896 I GH.ConnLoggerV2: Session 7bdbf25b-9c23-458c-9bb7-27434b9831e6, event 1485, detail OptionalInt.empty, WIRELESS_RFCOMM_INFO_RESPONSE_RECEIVED, at 383830206 
02-23 01:59:01.146 21855 21896 I GH.ConnLoggerV2: Session 7bdbf25b-9c23-458c-9bb7-27434b9831e6, event 1486, detail OptionalInt.empty, WIRELESS_WIFI_MD_WPA3_SECURITY_SUPPORTED, at 383830206 
02-23 01:59:01.148 21855 21896 I GH.ConnLoggerV2: Session 7bdbf25b-9c23-458c-9bb7-27434b9831e6, event 1487, detail OptionalInt.empty, WIRELESS_CONNECTING_WIFI, at 383830207 
02-23 01:59:01.150 21855 21896 I GH.ConnLoggerV2: Session 7bdbf25b-9c23-458c-9bb7-27434b9831e6, event 1488, detail OptionalInt.empty, WIRELESS_WIFI_USING_WPA2_SECURITY, at 383830207 
02-23 01:59:01.152 21855 21896 I GH.ConnLoggerV2: Session 7bdbf25b-9c23-458c-9bb7-27434b9831e6, event 1489, detail OptionalInt[7000], WIRELESS_CONNECTING_WIFI_WITH_TIMEOUT, at 383830208 
02-23 01:59:01.396 21855 22270 I GH.ConnBroadcast: Internet disconnected
02-23 01:59:04.066 21855 21896 I GH.ConnLoggerV2: connectivity state updated: true
02-23 01:59:05.239 21855 21896 I GH.ConnLoggerV2: Session 7bdbf25b-9c23-458c-9bb7-27434b9831e6, event 1490, detail OptionalInt.empty, WIRELESS_WIFI_ON_LINK_PROPERTIES_CHANGED_CALLBACK_INVOKED, at 383834300 
02-23 01:59:05.252 19618 19618 I GH.WIRELESS.SETUP: State changed to CONNECTED_WIFI
02-23 01:59:05.252 19618 19618 I GH.WIRELESS.SETUP: Send WifiConnectStatus, status=STATUS_SUCCESS, errorMessage=Optional.empty
02-23 01:59:05.253 19618 19618 I GH.WIRELESS.SETUP: State changed to PROJECTION_INITIATED
02-23 01:59:05.253 19618 19618 I GH.WIRELESS.SETUP: Processing projection network
02-23 01:59:05.253 19618 19618 W GH.WIRELESS.SETUP: Not persisting Wi-Fi configuration.
02-23 01:59:05.253 19618 24262 I GH.WirelessNotify: Hiding wifi disabled issue from WirelessSetupNotificationManager after WiFi connected.
02-23 01:59:05.253 19618 19618 W GH.WIRELESS.SETUP: Wi-Fi frequency is not persisted: config is removed.
02-23 01:59:05.253 19618 19618 I GH.WIRELESS.SETUP: Handing off to begin TCP connection
02-23 01:59:05.254 19618 19618 I GH.CarSvcDataStorage: Using DB version: 13
02-23 01:59:05.255 21855 21896 I GH.ConnLoggerV2: Session 7bdbf25b-9c23-458c-9bb7-27434b9831e6, event 1491, detail OptionalInt.empty, WIRELESS_WIFI_PROJECTION_PROTOCOL_RFCOMM_CONNECT_STATUS_SENT, at 383834317 
02-23 01:59:05.257 19618 19618 I GH.WIRELESS.SETUP: Requesting GAL socket, callback=0
02-23 01:59:05.259 19618 24262 I CAR.STARTUP: Checking handoff interest for component com.google.android.projection.gearhead/com.google.android.apps.auto.carservice.service.impl.GearheadCarStartupService
02-23 01:59:05.259 21855 21896 I GH.ConnLoggerV2: Session 7bdbf25b-9c23-458c-9bb7-27434b9831e6, event 1492, detail OptionalInt.empty, WIRELESS_CONNECTED_WIFI, at 383834318 
02-23 01:59:05.261 19618 19618 I CAR.STARTUP: Service available
02-23 01:59:05.261 19618 24262 I CAR.STARTUP: Successfully bound to component com.google.android.projection.gearhead/com.google.android.apps.auto.carservice.service.impl.GearheadCarStartupService
02-23 01:59:05.261 19618 24262 I GH.CAR  : isInterestedInHandoff - initialized
02-23 01:59:05.261 19618 24262 I GH.CAR  : Interested in handoff 7073409503771881321: true
02-23 01:59:05.261 19618 24262 I CAR.STARTUP: onStartupServiceAvailable - IStartup interest is true for ComponentInfo{com.google.android.projection.gearhead/com.google.android.apps.auto.carservice.service.impl.GearheadCarStartupService}
02-23 01:59:05.261 19618 24262 I GH.WirelessStartup: Interested in handoff com.google.android.projection.gearhead/com.google.android.apps.auto.carservice.service.impl.GearheadCarStartupService true
02-23 01:59:05.261 19618 24262 I GH.WirelessStartup: Interested in handoff - start handoff
02-23 01:59:05.261 19618 24262 I CAR.STARTUP: Handing off session 7073409503771881321 (2)
02-23 01:59:05.261 19618 24262 I GH.CAR  : Handoff session 7073409503771881321 (connection type: 2)
02-23 01:59:05.261 19618 24262 I GH.CAR  : Projection runs in proxy. Update iCar to the proxy.
02-23 01:59:05.261 19618 24262 I GH.CAR  : Handling wifi handoff 10.0.0.1:5288 (SSID: <unknown ssid>, BSSID: 02:00:00:00:00:00, MAC: 02:00:00:00:00:00, IP: /10.0.0.26, Security type: 2, Supplicant state: COMPLETED, Wi-Fi standard: 11ac, RSSI: -49, Link speed: 52Mbps, Tx Link speed: 52Mbps, Max Supported Tx Link speed: 96Mbps, Rx Link speed: 52Mbps, Max Supported Rx Link speed: 96Mbps, Frequency: 5180MHz, Net ID: -1, Metered hint: false, score: 0, isUsable: true, CarrierMerged: false, SubscriptionId: -1, IsPrimary: -1, Trusted: true, Restricted: false, Ephemeral: true, OEM paid: false, OEM private: false, OSU AP: false, FQDN: <none>, Provider friendly name: <none>, Requesting package name: <none><none>MLO Information: , Is TID-To-Link negotiation supported by the AP: false, AP MLD Address: <none>, AP MLO Link Id: <none>, AP MLO Affiliated links: <none>, Vendor Data: <none>)
02-23 01:59:05.263 19618 24367 I CAR.SETUP.WIFI: Creating socket, attempt 0
02-23 01:59:05.263 19618 24367 I CAR.SETUP.WIFI: Creating socket.
02-23 01:59:05.263 21855 21896 I GH.ConnLoggerV2: Session 7bdbf25b-9c23-458c-9bb7-27434b9831e6, event 1493, detail OptionalInt[-49], WIRELESS_WIFI_STARTUP_MANAGER_DIRECT_HANDOFF_STARTED, at 383834322 
02-23 01:59:05.264 21855 21896 I GH.ConnLoggerV2: Session 7bdbf25b-9c23-458c-9bb7-27434b9831e6, event 1494, detail OptionalInt.empty, WIRELESS_WIFI_PROJECTION_INITIATED, at 383834323 
02-23 01:59:05.265 21855 21896 I GH.ConnLoggerV2: Session 7bdbf25b-9c23-458c-9bb7-27434b9831e6, event 1495, detail OptionalInt[5180], WIRELESS_WIFI_CHANNEL_FREQUENCY_USED, at 383834323 
02-23 01:59:05.267 21855 21896 I GH.ConnLoggerV2: Session 7bdbf25b-9c23-458c-9bb7-27434b9831e6, from WIFI_SETUP, to LAUNCHING_PROJECTION, reason PROJECTION_INITIATED at time 383834331.
02-23 01:59:05.269 21855 21896 I GH.ConnLoggerV2: Session 7bdbf25b-9c23-458c-9bb7-27434b9831e6, event 1496, detail OptionalInt.empty, WIRELESS_WIFI_STARTUP_MANAGER_ON_INTERESTED_IN_HANDOFF, at 383834325 
02-23 01:59:05.270 19618 24367 I CAR.SETUP.WIFI: Socket connected to 10.0.0.1:5288
02-23 01:59:05.270 19618 24367 I GH.CAR  : Wifi socket connect event: status = 1, socket retry count = 0, network retry count = 0, error code = 0, connection time = 8 ms
02-23 01:59:05.271 21855 21896 I GH.ConnLoggerV2: Session 7bdbf25b-9c23-458c-9bb7-27434b9831e6, event 1497, detail OptionalInt.empty, CONNECTION_HANDOFF_TO_GEARHEAD_STARTED, at 383834326 
02-23 01:59:05.271 19618 19618 I GH.CAR  : Starting wifi connection: Socket[address=/10.0.0.1,port=5288,localPort=40144]
02-23 01:59:05.271 19618 19740 I GH.CarConnSessMgr: Starting car connection for session 7073409503771881321 of type 2
02-23 01:59:05.272  3048  5054 I CDM_AssociationStore: Updating new association=[Association{mId=4, mUserId=0, mPackageName='com.google.android.projection.gearhead', mDeviceMacAddress=null, mDisplayName='Android Auto', mDeviceProfile='android.app.role.SYSTEM_AUTOMOTIVE_PROJECTION', mSelfManaged=true, mAssociatedDevice=null, mNotifyOnDeviceNearby=false, mRevoked=false, mPending=false, mTimeApprovedMs=Wed Apr 23 15:53:34 CDT 2025, mLastTimeConnectedMs=Mon Feb 23 01:59:05 CST 2026, mSystemDataSyncFlags=0, mDeviceId='null}]...
02-23 01:59:05.273 21855 21896 I GH.ConnLoggerV2: Session 7bdbf25b-9c23-458c-9bb7-27434b9831e6, event 1498, detail OptionalInt.empty, WIRELESS_WIFI_CAR_WIFI_SETUP_INITIALIZED, at 383834326 
02-23 01:59:05.275 21855 21896 I GH.ConnLoggerV2: Session 7bdbf25b-9c23-458c-9bb7-27434b9831e6, event 1499, detail OptionalInt.empty, WIRELESS_WIFI_SOCKET_CONNECTING, at 383834327 
02-23 01:59:05.275  3048  5054 I CDM_DevicePresenceProcessor: Enable hint mode for device device profile: android.app.role.SYSTEM_AUTOMOTIVE_PROJECTION
02-23 01:59:05.276 19618 19618 I GH.CmpnDvcCtrlImpl: onDeviceAppeared: Android Auto (4)
02-23 01:59:05.276 19618 19740 I GH.CarConnSession: canCarServiceLiteHandleMigration true; isMigrationFlagEnabled true
02-23 01:59:05.277 21855 21896 I GH.ConnLoggerV2: Session 7bdbf25b-9c23-458c-9bb7-27434b9831e6, event 1500, detail OptionalInt.empty, WIRELESS_WIFI_SOCKET_CONNECTED, at 383834334 
02-23 01:59:05.280 19618 19740 I CAR.GAL.SECURITY.LITE: Successfully initialized SSL context for protocol: TLSv1.2 using provider: GmsCore_OpenSSL
02-23 01:59:05.280 21855 21896 I GH.ConnLoggerV2: Session 7bdbf25b-9c23-458c-9bb7-27434b9831e6, event 1501, detail OptionalInt.empty, CAR_CONNECTION_CDM_REQUESTED, at 383834335 
02-23 01:59:05.280 19618 19740 I CAR.GAL.GAL.LITE: Creating per-channel priority writer thread.
02-23 01:59:05.281 12010 12010 D GH.GhLifetimeService: registerProjectionLifetimeCallback(callback:qjc@ca6fdbb)
02-23 01:59:05.281 19618 19740 I CAR.GAL.GAL.LITE: Creating PerChannelQueue for channel 0
02-23 01:59:05.281 19618 19740 I GH.CAR.ProxyEP.LITE: Proxy created for channel 0
02-23 01:59:05.282 19618 19618 I CAR.STARTUP: Handoff status true
02-23 01:59:05.282 19618 24262 I GH.WirelessStartup: handoff initiated: true
02-23 01:59:05.283 21855 21896 I GH.ConnLoggerV2: Session 7bdbf25b-9c23-458c-9bb7-27434b9831e6, event 1502, detail OptionalInt.empty, CAR_CONNECTION_CDM_APPROVED, at 383834340 
02-23 01:59:05.284 21855 21896 I GH.ConnLoggerV2: Session 7bdbf25b-9c23-458c-9bb7-27434b9831e6, event 1503, detail OptionalInt.empty, CONNECTION_HANDOFF_COMPLETE, at 383834346 
02-23 01:59:05.285 21855 21896 I GH.ConnLoggerV2: Session 7bdbf25b-9c23-458c-9bb7-27434b9831e6, event 1504, detail OptionalInt.empty, FRAMER_STARTED, at 383834346 
02-23 01:59:05.287 21855 21896 I GH.ConnLoggerV2: Session 7bdbf25b-9c23-458c-9bb7-27434b9831e6, event 1505, detail OptionalInt.empty, WIRELESS_WIFI_CAR_WIFI_SETUP_TORN_DOWN, at 383834347 
02-23 01:59:05.447 19618 24371 I CAR.GAL.GAL.LITE: Car requests protocol version ian[majorVersion=1, minorVersion=7]
02-23 01:59:05.447 19618 24371 I CAR.GAL.GAL.LITE: Requested protocol version ian[majorVersion=1, minorVersion=7], negotiated protocol version ian[majorVersion=1, minorVersion=7] (STATUS_SUCCESS)
02-23 01:59:05.447 21855 21896 I GH.ConnLoggerV2: Session 7bdbf25b-9c23-458c-9bb7-27434b9831e6, event 1506, detail OptionalInt.empty, VERSION_NEGOTIATION_STARTED, at 383834510 
02-23 01:59:05.450 21855 21896 I GH.ConnLoggerV2: Session 7bdbf25b-9c23-458c-9bb7-27434b9831e6, event 1507, detail OptionalInt.empty, VERSION_NEGOTIATION_SUCCESS_WIFI, at 383834511 
02-23 01:59:05.453 21855 21896 I GH.ConnLoggerV2: Session 7bdbf25b-9c23-458c-9bb7-27434b9831e6, event 1508, detail OptionalInt.empty, VERSION_NEGOTIATION_SUCCESS, at 383834513 
02-23 01:59:05.463 19618 24371 W CAR.GAL.SECURITY.LITE: Phone will wait for car to send more SSL handshake data
02-23 01:59:05.463 19618 24371 I CAR.GAL.SECURITY.LITE: Final result: java.nio.HeapByteBuffer[pos=0 lim=2348 cap=2348]
02-23 01:59:05.481 19618 24371 I CAR.GAL.SECURITY.LITE: Peer certificate subject name: OU=01,O=JVC Kenwood,L=Hachioji,ST=Tokyo,C=JP
02-23 01:59:05.481 19618 24371 I CAR.GAL.SECURITY.LITE: Peer certificate serial number: 27 (0x1b)
02-23 01:59:05.481 19618 24371 I CAR.GAL.SECURITY.LITE: Valid Times:
02-23 01:59:05.481 19618 24371 I CAR.GAL.SECURITY.LITE:     notBefore= Thu Jul 03 19:00:00 CDT 2014
02-23 01:59:05.481 19618 24371 I CAR.GAL.SECURITY.LITE:     notAfter= Sat Apr 29 09:28:38 CDT 2045
02-23 01:59:05.488 21855 21896 I GH.ConnLoggerV2: Session 7bdbf25b-9c23-458c-9bb7-27434b9831e6, event 1509, detail OptionalInt.empty, SSL_NEGOTIATION_SUCCESS_WIFI, at 383834551 
02-23 01:59:05.490 21855 21896 I GH.ConnLoggerV2: Session 7bdbf25b-9c23-458c-9bb7-27434b9831e6, event 1510, detail OptionalInt.empty, SSL_SUCCESS, at 383834552 
02-23 01:59:05.493 21855 21896 I GH.ConnLoggerV2: Session 7bdbf25b-9c23-458c-9bb7-27434b9831e6, event 1511, detail OptionalInt.empty, SDP_REQUEST_SENT, at 383834553 
02-23 01:59:05.499 21855 21896 I GH.ConnLoggerV2: Session 7bdbf25b-9c23-458c-9bb7-27434b9831e6, event 1512, detail OptionalInt.empty, SDP_RESPONSE_RECEIVED_WIFI, at 383834563 
02-23 01:59:05.500 19618 19618 I GH.CarSvcDataStorage: Using DB version: 13
02-23 01:59:05.501 21855 21896 I GH.ConnLoggerV2: Session 7bdbf25b-9c23-458c-9bb7-27434b9831e6, event 1513, detail OptionalInt.empty, SDP_RESPONSE_RECEIVED, at 383834563 
02-23 01:59:05.511 19618 19618 I CAR.FRX.CHECKS: shouldSkipLegacyFrxForCakewalk false, frx not required, exiting early
02-23 01:59:05.511 19618 19618 I GH.CarConnSession: Putting shouldSkipLegacyFrxForCakewalk=false into metadata bundle
02-23 01:59:05.511 19618 19618 I CAR.FRX.CHECKS: Deciding where to run FRX (GMS vs. GH):
02-23 01:59:05.511 19618 19618 I CAR.FRX.CHECKS: isFrxRequired=false
02-23 01:59:05.511 19618 19618 I CAR.FRX.CHECKS: shouldRunLegacyFrx=true
02-23 01:59:05.511 19618 19618 I CAR.FRX.CHECKS: isOsCompatible=true
02-23 01:59:05.511 19618 19618 I CAR.FRX.CHECKS: areApplicationsFullyUpdated=true
02-23 01:59:05.511 19618 19618 I GH.CarConnSession: Hand off FRX
02-23 01:59:05.512 19618 19618 I CAR.STARTUP: Handoff service discovery complete 9
02-23 01:59:05.513 21855 21896 I GH.ConnLoggerV2: Session 7bdbf25b-9c23-458c-9bb7-27434b9831e6, event 1514, detail OptionalInt.empty, GEARHEAD_PROJECTION_ENABLED, at 383834575 
02-23 01:59:05.513 21855 21896 I GH.StartupMeasure: logEvent GEARHEAD_PROJECTION_ENABLED=PT106H37M14.575S
02-23 01:59:05.513 21855 21896 I GH.StartupMeasure: logEvent GEARHEAD_PROJECTION_ENABLED=PT106H37M14.575S
02-23 01:59:05.514 19618 24262 I GH.WIRELESS.SETUP: Received GAL socket result, callback=0, result=INSTANCE
02-23 01:59:05.514 21855 21896 I GH.ConnLoggerV2: Session 7bdbf25b-9c23-458c-9bb7-27434b9831e6, event 1515, detail OptionalInt[-49], WIRELESS_WIFI_STARTUP_MANAGER_ON_HANDOFF_COMPLETE, at 383834577 
02-23 01:59:05.516 21855 21896 I GH.ConnLoggerV2: Session 7bdbf25b-9c23-458c-9bb7-27434b9831e6, event 1516, detail OptionalInt.empty, WIRELESS_GAL_SOCKET_CONNECTED, at 383834578 
02-23 01:59:05.516 19618 24262 I GH.WirelessStartup: Socket completed. Success: true. SocketResult needed additional handling: true
02-23 01:59:05.516 19618 24262 I GH.WirelessStartup: Handoff complete. Interested component: com.google.android.projection.gearhead/com.google.android.apps.auto.carservice.service.impl.GearheadCarStartupService. Success: true.
02-23 01:59:05.516 19618 24262 I GH.WirelessStartup: Handoff success with 9 services
02-23 01:59:05.516 19618 24262 I GH.WirelessStartup: Starting transfer for handoff.
02-23 01:59:05.517 19618 19618 I GH.CarConnSession: Transfer for handoff with userAuthorized (true)
02-23 01:59:05.519 21855 21896 I GH.ConnLoggerV2: Session 7bdbf25b-9c23-458c-9bb7-27434b9831e6, event 1517, detail OptionalInt.empty, AUTHORIZATION_STARTED, at 383834580 
02-23 01:59:05.521 19618 19618 I CAR.SERVICE: Car connection state changed: DISCONNECTED->CONNECTING
02-23 01:59:05.521 19618 19618 I CAR.POOL_VIDEO: Initializing managed buffer pools with direct buffers
02-23 01:59:05.523 19618 19618 I CAR.AUTH: Package com.google.android.projection.gearhead for uid 10253: isGoogleSigned = [INVALID: format=%b, type=xto, value=true], isPackageAllowed = [INVALID: format=%b, type=xto, value=false]
02-23 01:59:05.523 19618 19618 E CAR.AUTH: Call from UID 10253 is not allowed.
02-23 01:59:05.524 19618 19618 I CAR.SERVICE.LITE: Overriding delegate with new Lite CarServiceBinder, sessionId: 7073409503771881321, connectionType: 2
02-23 01:59:05.524 19618 19618 I CAR.SERVICE.LITE: Updating receiver callback and sessionId for connectionType: 2
02-23 01:59:05.526 19618 24380 I GH.CAR  : Resume session 7073409503771881321
02-23 01:59:05.526 19618 19618 I CAR.STARTUP: Resume complete with status true
02-23 01:59:05.526 19618 24262 I GH.WirelessStartup: Car setup no longer needed
02-23 01:59:05.526 19618 24262 I GH.WirelessStartup: Connection handoff complete
02-23 01:59:05.527 19618 19618 I CAR.GAL.SECURITY.LITE: Successfully initialized SSL context for protocol: TLSv1.2 using provider: GmsCore_OpenSSL
02-23 01:59:05.527 21855 21896 I GH.ConnLoggerV2: Session 7bdbf25b-9c23-458c-9bb7-27434b9831e6, event 1518, detail OptionalInt.empty, WIRELESS_WIFI_STARTUP_MANAGER_ON_CAR_SERVICE_STARTED, at 383834590 
02-23 01:59:05.528 19618 19618 I CAR.GAL.GAL.LITE: Adding service (Service id=2 type=SensorSourceService {sensors=[type=10,type=13,type=1,] locationCharacterization=0 fuelType=[] evConnectorType=[]} )
02-23 01:59:05.528 19618 19618 I CAR.GAL.GAL.LITE: Adding service (Service id=8 type=BluetoothService { carAddress=DC:A6:32:E7:5A:FF supportedPairingMethods=[4,]})
02-23 01:59:05.528 19618 19618 I CAR.GAL.GAL.LITE: onChannelOpened: 0
02-23 01:59:05.530 19618 19618 I CAR.SERVICE.LITE: started foreground service
02-23 01:59:05.530 19618 19618 I CAR.SERVICE.LITE: Car connection state changed: DISCONNECTED->CONNECTING
02-23 01:59:05.531 19618 19618 I CAR.SERVICE.USBMON.LITE: Starting USB monitor
02-23 01:59:05.532 19618 19618 I CAR.TOKEN: Connecting pof@803dc4c using class pye@993706/class pyh@93070485 (cx attempt 1)
02-23 01:59:05.533 19618 19618 I CAR.SERVICE.USBMON.LITE: Port status changed for UsbPort{id=port0, supportedModes=dual, audio_acc, supportedContaminantProtectionModes=0, supportsEnableContaminantPresenceProtection=false, supportsEnableContaminantPresenceDetection=false, supportsComplianceWarnings=false: UsbPortStatus{connected=true, currentDataRole=2, currentPowerRole=2, supportedRoleCombinations=272, currentMode=1}
02-23 01:59:05.534 19618 19618 I CAR.SERVICE.USBMON.LITE: Usb status changed to: UsbState{configured=true, connected=true, dataUnlocked=true, functionAccessory=false, functionAdb=true, functionAudioSource=false, functionMtp=true, functionPtp=false}
02-23 01:59:05.534 21855 21896 I GH.ConnLoggerV2: Session 7bdbf25b-9c23-458c-9bb7-27434b9831e6, event 1519, detail OptionalInt.empty, USB_MONITOR_STARTED, at 383834597 
02-23 01:59:05.538 19618 19618 I CAR.BT.LITE: Registered key missing receiver
02-23 01:59:05.538 19618 19618 I CAR.BT.LITE: handleTransition: Entering into state STATE_WAITING_FOR_ENDPOINT_READY BluetoothFsmStateType=BT_FSM_STATE_WAITING_FOR_ENDPOINT_READY, previous event EVENT_SERVICE_INITIALIZED, BluetoothFsmEventType=BT_FSM_EVENT_SERVICE_INITIALIZED
02-23 01:59:05.538 19618 19618 W CAR.BT.SVC.LITE: disabling A2dp route while in projection
02-23 01:59:05.538 19618 19618 I CAR.BT.SVC.LITE: Routing media audio via device type 0
02-23 01:59:05.539 19618 24381 W CAR.VALIDATOR: Package DENIED; Uses for TEMPLATE not defined [com.google.android.googlequicksearchbox]
02-23 01:59:05.539 19618 19618 I CAR.BT.SVC.LITE: setting device metadata for DC:A6:32:E7:5A:FF
02-23 01:59:05.539 21855 21896 I GH.ConnLoggerV2: Session 7bdbf25b-9c23-458c-9bb7-27434b9831e6, event 1520, detail OptionalInt.empty, USB_PORT_CONNECTED, at 383834597 
02-23 01:59:05.540 19618 19618 I CAR.LITE.LITE: Start required services in lite 2
02-23 01:59:05.540 19618 24380 I CAR.CONMAN.LITE: Connection start services in conman
02-23 01:59:05.541 19618 24380 I CAR.XFER.LITE: CAR_SERVICE_LITE Start executor and read messages
02-23 01:59:05.541 19618 24386 I GH.GhCarClientCtor: Bound to startup service, got Car Service: ipb@aa187de
02-23 01:59:05.541 19618 19618 I CAR.TOKEN: Successfully connected pyj@7a0d314 using class pye@993706/class pyh@93070485 (cx attempt 1)
02-23 01:59:05.541 19618 19618 I CAR.TOKEN: Token caller not specified, so skipping telemetry logging. Process: com.google.android.projection.gearhead:car
02-23 01:59:05.541 19618 24380 I GH.CAR  : Start required services with types 7073409503771881321
02-23 01:59:05.542 19618 19740 I GH.CarConnSessMgr: Start required services
02-23 01:59:05.542 21855 21896 I GH.ConnLoggerV2: Session 7bdbf25b-9c23-458c-9bb7-27434b9831e6, event 1521, detail OptionalInt.empty, USB_CONNECTED, at 383834597 
02-23 01:59:05.542 19618 19618 I GH.CarConnSession: Start required services in background 7073409503771881321, session is active true
02-23 01:59:05.543 19618 19618 I CAR.AUDIO: force single channel capturing:false
02-23 01:59:05.543 19618 19618 I CAR.AUDIO: Select audio config: 0 for channel: MEDIA
02-23 01:59:05.543 19618 19618 I CAR.AUDIO.CHANNEL: enabling stream: SYSTEM, had focus: false
02-23 01:59:05.544 19618 24391 I CAR.AUDIO.AFM: Requesting initial Android audio focus
02-23 01:59:05.545 19618 24389 I CAR.AUDIO.CHANNEL: waitForStreamToStop: MEDIA, wait for ack: true
02-23 01:59:05.545 19618 24389 I CAR.AUDIO.CHANNEL: waitForStreamToStop: TTS, wait for ack: true
02-23 01:59:05.545 19618 24391 I CAR.AUDIO.FOCUS: Sending AUDIO_FOCUS_RELEASE to HU for app null due to Android focus change: LOSS
02-23 01:59:05.545 19618 24391 I CAR.AUDIO.FOCUS: Send focus request to HU: AUDIO_FOCUS_RELEASE, attempt#: 1
02-23 01:59:05.545 19618 24391 I CAR.GAL.AUDIO.LITE: sent audio focus request: AUDIO_FOCUS_RELEASE
02-23 01:59:05.546 19618 19618 I CAR.AUDIO: Select audio config: 0 for channel: TTS
02-23 01:59:05.546 19618 19618 I CAR.AUDIO.CHANNEL: enabling stream: SYSTEM, had focus: true
02-23 01:59:05.546 19618 19618 W CAR.AUDIO: Unsupported stream type: 1
02-23 01:59:05.546 19618 19618 W CAR.AUDIO: Failed to find 48kHz guidance config, fallback to 16KHz
02-23 01:59:05.546 19618 19618 I CAR.AUDIO: Select audio config: 0 for channel: SYSTEM
02-23 01:59:05.546 19618 19618 W CAR.AUDIO.Policy: Unsupported stream type: 1
02-23 01:59:05.546 19618 19618 I CAR.AUDIO.CHANNEL: enabling stream: SYSTEM, had focus: true
02-23 01:59:05.546 21855 21896 I GH.ConnLoggerV2: Session 7bdbf25b-9c23-458c-9bb7-27434b9831e6, event 1522, detail OptionalInt.empty, USB_CONFIGURED, at 383834598 
02-23 01:59:05.546 19618 19618 I GH.CAR.VIDEO: The videoCodecType to be used is: 3
02-23 01:59:05.547 19618 19618 W CAR.INPUT: No touchpad found. Using default threshold.
02-23 01:59:05.547 19618 19618 W CAR.INPUT: No touchpad found. Using default threshold.
02-23 01:59:05.547 19618 19618 I CAR.INPUT: Discovered input for display 0 with service 1: CarUiInfo (hasRotaryController: false, touchscreenType: 1, hasSearchButton: true, hasTouchpadForUiNavigation: false, hasDpad: false, isTouchpadUiAbsolute: false, touchpadMoveThresholdPx: 48, touchpadMultimoveThresholdPx: 64)
02-23 01:59:05.547 19618 19618 I CAR.SENSOR: setDisplaySourceService Setting DisplaySourceService for DefaultSensorListener
02-23 01:59:05.547 19618 19618 I CAR.XFER.LITE: CAR_SERVICE_PROXY Start executor and read messages
02-23 01:59:05.547 19618 19618 I GH.CarConnSession: Create proxy end points for 8 with service type: 9
02-23 01:59:05.547 19618 19618 I GH.CarConnSession: Start services 7073409503771881321
02-23 01:59:05.547 19618 19618 I GH.CarConnSession: Start services in proxy -([3, 4, 5, 6, 1, 2, 14, 7])
02-23 01:59:05.547 19618 19618 I GH.CarConnSession: Start services in lite -([8])
02-23 01:59:05.547 19618 19618 I GH.SelectSvcStarter: Ok to start service 3
